$ pdfinfo matrix-functions-and-stability/MF-22/problem.pdf
Title:           MF-22 - Polynomial conditioning of the cubic C1 spline Schrödinger Toeplitz family
Author:          Open Problems in Numerical Linear Algebra
Creator:         LaTeX with hyperref
Producer:        xdvipdfmx (20250205)
CreationDate:    Wed Sep 16 00:17:48 2026 EDT
Custom Metadata: no
Metadata Stream: no
Tagged:          no
UserProperties:  no
Suspects:        no
Form:            none
JavaScript:      no
Pages:           3
Encrypted:       no
Page size:       595.28 x 841.89 pts (A4)
Page rot:        0
File size:       52567 bytes
Optimized:       no
PDF version:     1.5

EXIT_STATUS=0
