✔ [3629/3641] Built NLA.IE15.Definitions (3.6s)
✔ [3630/3641] Built NLA.IE15.Basic (2.6s)
✔ [3631/3641] Built NLA.IE15.Permutation (2.7s)
✔ [3632/3641] Built NLA.IE15.Normalization (3.0s)
✔ [3633/3641] Built NLA.IE15.Coordinates (2.0s)
✔ [3634/3641] Built NLA.IE15.Witnesses (5.1s)
✔ [3635/3641] Built NLA.IE15.Reduction (2.3s)
✔ [3636/3641] Built NLA.IE15.Scalar (15s)
✔ [3637/3641] Built NLA.IE15.FourthScalar (2.3s)
✔ [3638/3641] Built NLA.IE15.NormalizedBounds (2.8s)
ℹ [3639/3641] Built NLA.IE15.Proof (6.6s)
info: NLA/IE15/Proof.lean:97:0: 'NLA.IE15.four_le_fourteen_thirds' depends on axioms: [propext, Classical.choice, Quot.sound]
info: NLA/IE15/Proof.lean:98:0: 'NLA.IE15.entryMax_semantics' depends on axioms: [propext, Classical.choice, Quot.sound]
info: NLA/IE15/Proof.lean:99:0: 'NLA.IE15.all_entries_bound_three' depends on axioms: [propext, Classical.choice, Quot.sound]
info: NLA/IE15/Proof.lean:100:0: 'NLA.IE15.all_entries_bound_four' depends on axioms: [propext, Classical.choice, Quot.sound]
info: NLA/IE15/Proof.lean:101:0: 'NLA.IE15.witness_three' depends on axioms: [propext, Classical.choice, Quot.sound]
info: NLA/IE15/Proof.lean:102:0: 'NLA.IE15.witness_four' depends on axioms: [propext, Classical.choice, Quot.sound]
info: NLA/IE15/Proof.lean:103:0: 'NLA.IE15.greatest_growth_three' depends on axioms: [propext, Classical.choice, Quot.sound]
info: NLA/IE15/Proof.lean:104:0: 'NLA.IE15.greatest_growth_four' depends on axioms: [propext, Classical.choice, Quot.sound]
info: NLA/IE15/Proof.lean:105:0: 'NLA.IE15.exact_rook_growth' depends on axioms: [propext, Classical.choice, Quot.sound]
✔ [3640/3641] Built Solution (4.4s)
Build completed successfully (3641 jobs).
