$ systemd-run --user --quiet --wait --pipe --collect -p 'RestrictAddressFamilies=~AF_UNIX' --working-directory /home/runner/work/_temp/nla-lean-tools/.verification-tmp/nla-fresh-proof-2eb_o8cf/project /usr/bin/env -i PATH=/home/runner/.elan/toolchains/leanprover--lean4---v4.33.1/bin:/home/runner/.elan/bin:/home/runner/go/bin:/opt/hostedtoolcache/go/1.27.1/x64/bin:/snap/bin:/home/runner/.local/bin:/opt/pipx_bin:/home/runner/.cargo/bin:/home/runner/.config/composer/vendor/bin:/usr/local/.ghcup/bin:/home/runner/.dotnet/tools:/usr/local/sbin:/usr/local/bin:/usr/sbin:/usr/bin:/sbin:/bin:/usr/games:/usr/local/games:/snap/bin HOME=/home/runner LANG=C.UTF-8 XDG_RUNTIME_DIR=/run/user/1001 DBUS_SESSION_BUS_ADDRESS=unix:path=/run/user/1001/bus GIT_TERMINAL_PROMPT=0 GIT_CONFIG_NOSYSTEM=1 GIT_CONFIG_GLOBAL=/dev/null COMPARATOR_BIN=/home/runner/work/_temp/nla-lean-tools/.tools/comparator/.lake/build/bin/comparator COMPARATOR_LEAN4EXPORT=/home/runner/work/_temp/nla-lean-tools/.tools/lean4export/.lake/build/bin/lean4export COMPARATOR_LANDRUN=/home/runner/work/_temp/nla-lean-tools/scripts/strict_landrun.py XDG_CACHE_HOME=/home/runner/work/_temp/nla-lean-tools/.tools/cache TMPDIR=/home/runner/work/_temp/nla-lean-tools/.verification-tmp lake env /home/runner/work/_temp/nla-lean-tools/.tools/comparator/.lake/build/bin/comparator comparator.json
Building Challenge
✔ [3006/3008] Built NLA.IE13.Definitions (2.4s)
⚠ [3007/3008] Built Challenge (2.2s)
warning: Challenge.lean:16:8: declaration uses `sorry`
warning: Challenge.lean:27:8: declaration uses `sorry`
warning: Challenge.lean:31:8: declaration uses `sorry`
warning: Challenge.lean:36:8: declaration uses `sorry`
warning: Challenge.lean:44:8: declaration uses `sorry`
warning: Challenge.lean:48:8: declaration uses `sorry`
warning: Challenge.lean:55:8: declaration uses `sorry`
warning: Challenge.lean:65:8: declaration uses `sorry`
warning: Challenge.lean:73:8: declaration uses `sorry`
warning: Challenge.lean:81:8: declaration uses `sorry`
warning: Challenge.lean:86:8: declaration uses `sorry`
warning: Challenge.lean:90:8: declaration uses `sorry`
warning: Challenge.lean:95:8: declaration uses `sorry`
warning: Challenge.lean:99:8: declaration uses `sorry`
warning: Challenge.lean:108:8: declaration uses `sorry`
warning: Challenge.lean:115:8: declaration uses `sorry`
warning: Challenge.lean:122:8: declaration uses `sorry`
warning: Challenge.lean:127:8: declaration uses `sorry`
warning: Challenge.lean:132:8: declaration uses `sorry`
warning: Challenge.lean:136:8: declaration uses `sorry`
warning: Challenge.lean:140:8: declaration uses `sorry`
warning: Challenge.lean:147:8: declaration uses `sorry`
warning: Challenge.lean:153:8: declaration uses `sorry`
warning: Challenge.lean:156:8: declaration uses `sorry`
warning: Challenge.lean:161:8: declaration uses `sorry`
warning: Challenge.lean:164:8: declaration uses `sorry`
warning: Challenge.lean:170:8: declaration uses `sorry`
warning: Challenge.lean:176:8: declaration uses `sorry`
Build completed successfully (3008 jobs).
Exporting #[Quot, Quot.mk, Quot.lift, Quot.ind, NLA.IE13.gepp_model_semantics, NLA.IE13.entryMax_semantics, NLA.IE13.activeMax_semantics, NLA.IE13.growth_semantics, NLA.IE13.admissiblePath_exists, NLA.IE13.admissiblePrefix_extension, NLA.IE13.originalRow_update, NLA.IE13.multiplier_bounds, NLA.IE13.front_structure, NLA.IE13.front_transition, NLA.IE13.recurrence_history, NLA.IE13.sequence_recurrence, NLA.IE13.sequence_properties, NLA.IE13.envelope_recurrence, NLA.IE13.late_column_zero, NLA.IE13.column_front_bound, NLA.IE13.all_active_entries_bound, NLA.IE13.zero_lower_bandwidth, NLA.IE13.universal_growth, NLA.IE13.witness_scale, NLA.IE13.witness_structure, NLA.IE13.witness_prefix_order, NLA.IE13.witness_prefix_admissible, NLA.IE13.witness_target_value, NLA.IE13.witness_nonsingular, NLA.IE13.witness_attainment, NLA.IE13.identity_attainment, NLA.IE13.sharp_growth, propext, Classical.choice, Quot.sound, Nat.add, Nat.sub, Nat.mul, Nat.pow, Nat.gcd, Nat.div, Nat.mod, Nat.beq, Nat.ble, Nat.land, Nat.lor, Nat.xor, Nat.shiftLeft, Nat.shiftRight, String.ofList, Char.ofNat, List, eagerReduce, Nat, String, String.mk, Char, optParam, autoParam, semiOutParam, outParam] from Challenge
Building Solution
✔ [3441/3474] Built LeanCert.Core.Interval (4.1s)
✔ [3442/3474] Built LeanCert.Core.DerivativeIntervals (4.5s)
✔ [3443/3481] Built LeanCert.Contrib.Sinc (6.2s)
✔ [3444/3481] Built LeanCert.Core.Expr (7.4s)
✔ [3445/3485] Built LeanCert.Core.Dyadic (6.8s)
✔ [3446/3485] Built LeanCert.Tactic.Verification (7.4s)
✔ [3447/3485] Built LeanCert.Core.Taylor (11s)
✔ [3448/3486] Built LeanCert.Core.IntervalRat.Basic (12s)
✔ [3449/3486] Built LeanCert.Core.Support (4.8s)
✔ [3450/3486] Built LeanCert.Core.IntervalRat.LogReduction (6.7s)
✔ [3451/3486] Built LeanCert.Tactic.LeanCert.Bridge.Environment (3.8s)
✔ [3452/3486] Built LeanCert.Meta.Numeral (4.8s)
✔ [3453/3486] Built LeanCert.Engine.Eval.Result (3.3s)
✔ [3454/3486] Built LeanCert.Core.TrigReduction (3.0s)
✔ [3455/3486] Built LeanCert.Tactic.NumericalRefinement (951ms)
✔ [3456/3486] Built LeanCert.Tactic.IntervalAuto.Types (4.4s)
✔ [3457/3486] Built LeanCert.Core.IntervalRat.Transcendental (6.0s)
✔ [3458/3524] Built LeanCert.Tactic.IntervalAuto.Extract (3.0s)
✔ [3509/3589] Built LeanCert.Tactic.IntervalAuto.Norm (5.8s)
✔ [3510/3590] Built LeanCert.Tactic.VecUtil (5.2s)
✔ [3511/3593] Built LeanCert.Meta.ToExpr (8.2s)
✔ [3512/3593] Built LeanCert.Tactic.FinsetParse (5.6s)
✔ [3513/3593] Built LeanCert.Tactic.FinSumExpand (4.5s)
✔ [3514/3595] Built LeanCert.Tactic.BridgeNative (3.3s)
✔ [3515/3595] Built LeanCert.Tactic.IntervalAuto.Parse (8.6s)
✔ [3516/3597] Built LeanCert.Tactic.LeanCert.Normalize (5.4s)
✔ [3517/3601] Built LeanCert.Validity.Eventual (3.7s)
✔ [3518/3604] Built LeanCert.Tactic.LeanCert.Semantic.Domain (1.9s)
✔ [3519/3604] Built LeanCert.Tactic.IntervalAuto.Diagnostic (3.9s)
✔ [3520/3604] Built LeanCert.Tactic.LeanCert.Semantic.Goal (2.6s)
✔ [3521/3608] Built LeanCert.Tactic.VecSimp (2.2s)
✔ [3522/3609] Built LeanCert.Core.IntervalRat.Taylor (25s)
✔ [3523/3609] Built LeanCert.Tactic.LeanCert.Semantic.Parse.Comparison (1.9s)
✔ [3524/3609] Built LeanCert.Tactic.EventualBound (5.0s)
✔ [3525/3612] Built LeanCert.Tactic.Extension.Protocol (3.4s)
✔ [3526/3612] Built LeanCert.Core.IntervalReal (2.9s)
✔ [3527/3612] Built LeanCert.Core.IntervalRat.TrigReduced (3.4s)
✔ [3528/3612] Built LeanCert.Tactic.LeanCert.Diagnostic.Evidence (3.6s)
✔ [3529/3612] Built LeanCert.Tactic.LeanCert.Config (2.2s)
✔ [3530/3612] Built LeanCert.Tactic.LeanCert.Semantic.Parse.Bound (3.8s)
✔ [3531/3616] Built LeanCert.Tactic.Extension.Registry (3.8s)
✔ [3533/3617] Built LeanCert.Core.IntervalRealEndpoints (7.1s)
✔ [3534/3617] Built LeanCert.Engine.Algebra.QPoly (7.1s)
✔ [3535/3619] Built LeanCert.Engine.Affine.Basic (9.0s)
✔ [3536/3625] Built LeanCert.Core.IntervalDyadic (11s)
✔ [3537/3625] Built LeanCert.Engine.Algebra.QPolyIntegral (5.3s)
✔ [3538/3631] Built LeanCert.Engine.Affine.Nonlinear (7.2s)
✔ [3539/3633] Built LeanCert.Engine.FloatEval (4.9s)
✔ [3540/3637] Built LeanCert.Engine.Eval.Core (11s)
✔ [3541/3640] Built LeanCert.Core.DyadicCell (7.1s)
✔ [3542/3641] Built LeanCert.Tactic.Extension.Command (3.7s)
ℹ [3543/3641] Built NLA.IE13.Recurrence (4.3s)
info: NLA/IE13/Recurrence.lean:84:0: 'NLA.IE13.recurrence_history' depends on axioms: [propext, Classical.choice, Quot.sound]
info: NLA/IE13/Recurrence.lean:86:0: 'NLA.IE13.sequence_recurrence' depends on axioms: [propext, Classical.choice, Quot.sound]
info: NLA/IE13/Recurrence.lean:88:0: 'NLA.IE13.sequence_properties' depends on axioms: [propext, Classical.choice, Quot.sound]
ℹ [3544/3643] Built NLA.IE13.Basic (4.5s)
info: NLA/IE13/Basic.lean:115:0: 'NLA.IE13.norm_le_entryMax' depends on axioms: [propext, Classical.choice, Quot.sound]
info: NLA/IE13/Basic.lean:117:0: 'NLA.IE13.entryMax_attained_basic' depends on axioms: [propext, Classical.choice, Quot.sound]
info: NLA/IE13/Basic.lean:119:0: 'NLA.IE13.multiplier_bound' depends on axioms: [propext, Classical.choice, Quot.sound]
✔ [3545/3643] Built LeanCert.Engine.Eval.Extended (4.9s)
✔ [3546/3643] Built LeanCert.Core.DyadicFrontier (3.7s)
✔ [3547/3652] Built LeanCert.Tactic.Extension (2.8s)
⚠ [3549/3656] Built NLA.IE13.Origin (3.9s)
warning: NLA/IE13/Origin.lean:46:4: Try `simp at hi` instead of `simpa using hi`

Note: This linter can be disabled with `set_option linter.unnecessarySimpa false`
warning: NLA/IE13/Origin.lean:132:56: Variable name `hA` is not explicitly referenced.

Hint: The binding can be removed (if unused) or named `_` (if used implicitly). Alternatively, prefix the name with `_` to silence this warning:
  [apply] _hA

Note: This linter can be disabled with `set_option linter.unusedVariables false`
info: NLA/IE13/Origin.lean:138:0: 'NLA.IE13.originalRow_update' depends on axioms: [propext, Classical.choice, Quot.sound]
info: NLA/IE13/Origin.lean:140:0: 'NLA.IE13.multiplier_bounds' depends on axioms: [propext, Classical.choice, Quot.sound]
info: NLA/IE13/Origin.lean:142:0: 'NLA.IE13.front_transition' depends on axioms: [propext, Classical.choice, Quot.sound]
✔ [3550/3656] Built LeanCert.Engine.Bounds.Lemmas (3.4s)
⚠ [3551/3656] Built NLA.IE13.GEPP (4.9s)
warning: NLA/IE13/GEPP.lean:170:39: Variable name `hn` is not explicitly referenced.

Hint: The binding can be removed (if unused) or named `_` (if used implicitly). Alternatively, prefix the name with `_` to silence this warning:
  [apply] _hn

Note: This linter can be disabled with `set_option linter.unusedVariables false`
info: NLA/IE13/GEPP.lean:175:0: 'NLA.IE13.activeInjective_schur' depends on axioms: [propext, Classical.choice, Quot.sound]
info: NLA/IE13/GEPP.lean:177:0: 'NLA.IE13.admissiblePath_exists' depends on axioms: [propext, Classical.choice, Quot.sound]
⚠ [3552/3656] Built NLA.IE13.Envelope (4.6s)
warning: NLA/IE13/Envelope.lean:161:15: This simp argument is unused:
  Fin.val_mk

Hint: Omit it from the simp argument list.
  [apply] simp only [Nat.succ_mul]

Note: This linter can be disabled with `set_option linter.unusedSimpArgs false`
info: NLA/IE13/Envelope.lean:164:0: 'NLA.IE13.envelope_recurrence' depends on axioms: [propext, Classical.choice, Quot.sound]
info: NLA/IE13/Envelope.lean:166:0: 'NLA.IE13.envelopeSum_step' depends on axioms: [propext, Classical.choice, Quot.sound]
ℹ [3553/3656] Built NLA.IE13.Front (4.3s)
info: NLA/IE13/Front.lean:135:0: 'NLA.IE13.front_structure' depends on axioms: [propext, Classical.choice, Quot.sound]
⚠ [3554/3656] Built NLA.IE13.Maxima (4.7s)
warning: NLA/IE13/Maxima.lean:36:2: Try this: 
  letI̵

The goal is a proposition, so `let` is preferred over `letI`.
The difference between `let` and `letI` is that `letI` inlines the value.
But this is not relevant for proofs because of proof irrelevance.

Note: This linter can be disabled with `set_option linter.style.haveILetI false`
info: NLA/IE13/Maxima.lean:113:0: 'NLA.IE13.gepp_model_semantics' depends on axioms: [propext, Classical.choice, Quot.sound]
info: NLA/IE13/Maxima.lean:115:0: 'NLA.IE13.entryMax_semantics' depends on axioms: [propext, Classical.choice, Quot.sound]
info: NLA/IE13/Maxima.lean:117:0: 'NLA.IE13.activeMax_semantics' depends on axioms: [propext, Classical.choice, Quot.sound]
info: NLA/IE13/Maxima.lean:119:0: 'NLA.IE13.growth_semantics' depends on axioms: [propext, Classical.choice, Quot.sound]
⚠ [3555/3656] Built NLA.IE13.TailAlgebra (4.9s)
warning: NLA/IE13/TailAlgebra.lean:114:39: this tactic is never executed

Note: This linter can be disabled with `set_option linter.unreachableTactic false`
warning: NLA/IE13/TailAlgebra.lean:114:39: Unused tactic linter: `rfl` does nothing

Note: This linter can be disabled with `set_option linter.unusedTactic false`
info: NLA/IE13/TailAlgebra.lean:159:0: 'NLA.IE13.relabeled_LU_prefix_trajectory' depends on axioms: [propext, Classical.choice, Quot.sound]
info: NLA/IE13/TailAlgebra.lean:161:0: 'NLA.IE13.relabeled_LU_prefix_admissible' depends on axioms: [propext, Classical.choice, Quot.sound]
info: NLA/IE13/TailAlgebra.lean:163:0: 'NLA.IE13.relabeled_LU_nonsingular' depends on axioms: [propext, Classical.choice, Quot.sound]
⚠ [3556/3656] Built NLA.IE13.WitnessOrder (6.7s)
warning: NLA/IE13/WitnessOrder.lean:30:15: This simp argument is unused:
  Fin.val_mk

Hint: Omit it from the simp argument list.
  [apply] simp only

Note: This linter can be disabled with `set_option linter.unusedSimpArgs false`
warning: NLA/IE13/WitnessOrder.lean:35:6: Variable name `hk` is not explicitly referenced.

Hint: The binding can be removed (if unused) or named `_` (if used implicitly). Alternatively, prefix the name with `_` to silence this warning:
  [apply] _hk

Note: This linter can be disabled with `set_option linter.unusedVariables false`
warning: NLA/IE13/WitnessOrder.lean:42:68: This simp argument is unused:
  if_pos rfl

Hint: Omit it from the simp argument list.
  [apply] simp only [origin, Equiv.refl_apply, Nat.not_lt_zero, if_false]

Note: This linter can be disabled with `set_option linter.unusedSimpArgs false`
warning: NLA/IE13/WitnessOrder.lean:58:23: This simp argument is unused:
  Fin.val_mk

Hint: Omit it from the simp argument list.
  [apply] simp only [z, f]

Note: This linter can be disabled with `set_option linter.unusedSimpArgs false`
warning: NLA/IE13/WitnessOrder.lean:42:80: Used `tac1 <;> tac2` where `(tac1; tac2)` would suffice

Note: This linter can be disabled with `set_option linter.unnecessarySeqFocus false`
warning: NLA/IE13/WitnessOrder.lean:51:52: Used `tac1 <;> tac2` where `(tac1; tac2)` would suffice

Note: This linter can be disabled with `set_option linter.unnecessarySeqFocus false`
warning: NLA/IE13/WitnessOrder.lean:101:38: This simp argument is unused:
  Fin.val_mk

Hint: Omit it from the simp argument list.
  [apply] simp only at hv

Note: This linter can be disabled with `set_option linter.unusedSimpArgs false`
warning: NLA/IE13/WitnessOrder.lean:114:32: This simp argument is unused:
  Fin.val_mk

Hint: Omit it from the simp argument list.
  [apply] simp only

Note: This linter can be disabled with `set_option linter.unusedSimpArgs false`
info: NLA/IE13/WitnessOrder.lean:149:0: 'NLA.IE13.witness_prefix_order' depends on axioms: [propext, Classical.choice, Quot.sound]
info: NLA/IE13/WitnessOrder.lean:151:0: 'NLA.IE13.witness_factor_pivot' depends on axioms: [propext, Classical.choice, Quot.sound]
✔ [3557/3656] Built LeanCert.Engine.IntervalEval (3.4s)
⚠ [3558/3656] Built NLA.IE13.Prefix (4.6s)
warning: NLA/IE13/Prefix.lean:100:44: Variable name `hn` is not explicitly referenced.

Hint: The binding can be removed (if unused) or named `_` (if used implicitly). Alternatively, prefix the name with `_` to silence this warning:
  [apply] _hn

Note: This linter can be disabled with `set_option linter.unusedVariables false`
warning: NLA/IE13/Prefix.lean:101:51: Variable name `ht` is not explicitly referenced.

Hint: The binding can be removed (if unused) or named `_` (if used implicitly). Alternatively, prefix the name with `_` to silence this warning:
  [apply] _ht

Note: This linter can be disabled with `set_option linter.unusedVariables false`
info: NLA/IE13/Prefix.lean:110:0: 'NLA.IE13.trajectory_agree_before' depends on axioms: [propext, Classical.choice, Quot.sound]
info: NLA/IE13/Prefix.lean:112:0: 'NLA.IE13.admissiblePrefix_extension' depends on axioms: [propext, Classical.choice, Quot.sound]
ℹ [3559/3656] Built NLA.IE13.LateColumn (4.3s)
info: NLA/IE13/LateColumn.lean:89:0: 'NLA.IE13.late_column_zero' depends on axioms: [propext, Classical.choice, Quot.sound]
✔ [3560/3656] Built LeanCert.Engine.Affine.Transcendental (4.0s)
⚠ [3561/3656] Built NLA.IE13.SubsetAlgebra (5.5s)
warning: NLA/IE13/SubsetAlgebra.lean:90:27: Variable name `hM` is not explicitly referenced.

Hint: The binding can be removed (if unused) or named `_` (if used implicitly). Alternatively, prefix the name with `_` to silence this warning:
  [apply] _hM

Note: This linter can be disabled with `set_option linter.unusedVariables false`
info: NLA/IE13/SubsetAlgebra.lean:159:0: 'NLA.IE13.subset_update_bound' depends on axioms: [propext, Classical.choice, Quot.sound]
✔ [3562/3656] Built LeanCert.Validity.Bounds.Checked (4.0s)
✔ [3563/3656] Built LeanCert.Validity.Bounds.Core (4.4s)
✔ [3564/3656] Built LeanCert.Engine.IntervalEvalDyadic (8.4s)
✔ [3565/3656] Built LeanCert.Engine.RootFinding.Basic (6.4s)
✔ [3566/3656] Built LeanCert.Engine.Optimization.Box (3.8s)
✔ [3567/3656] Built LeanCert.Engine.AD.Basic (4.7s)
✔ [3568/3656] Built LeanCert.Engine.Integrate (8.3s)
✔ [3569/3656] Built LeanCert.Engine.IntervalEvalAffine (9.2s)
✔ [3570/3656] Built LeanCert.Engine.TaylorModel.Core (11s)
ℹ [3571/3656] Built NLA.IE13.FrontBounds (5.2s)
info: NLA/IE13/FrontBounds.lean:143:0: 'NLA.IE13.old_column_advance_positive' depends on axioms: [propext, Classical.choice, Quot.sound]
info: NLA/IE13/FrontBounds.lean:145:0: 'NLA.IE13.old_column_advance_zero' depends on axioms: [propext, Classical.choice, Quot.sound]
✔ [3572/3656] Built LeanCert.Engine.FinSumDyadic (6.3s)
✔ [3573/3656] Built LeanCert.Validity.DyadicBounds (3.8s)
✔ [3574/3656] Built LeanCert.Engine.Search.Heuristic (4.1s)
✔ [3575/3656] Built LeanCert.Engine.RootFinding.Bisection (6.9s)
✔ [3576/3656] Built LeanCert.Engine.AD.Transcendental (5.9s)
✔ [3577/3656] Built LeanCert.Engine.Affine.Environment (4.0s)
✔ [3578/3656] Built LeanCert.Engine.TaylorModel.Integral (4.4s)
✔ [3579/3656] Built LeanCert.Engine.TaylorModel.Special (3.3s)
ℹ [3580/3656] Built NLA.IE13.ColumnBounds (8.6s)
info: NLA/IE13/ColumnBounds.lean:106:0: 'NLA.IE13.column_front_bound' depends on axioms: [propext, Classical.choice, Quot.sound]
✔ [3581/3656] Built LeanCert.Engine.TaylorModel.ExpLog (11s)
✔ [3582/3656] Built LeanCert.Engine.AD.Eval (3.7s)
✔ [3583/3656] Built LeanCert.Engine.WitnessSum (4.8s)
✔ [3584/3656] Built LeanCert.Engine.TaylorModel.Trig (15s)
✔ [3585/3656] Built LeanCert.Engine.TaylorModel.Hyperbolic (17s)
ℹ [3586/3656] Built NLA.IE13.UpperBound (3.5s)
info: NLA/IE13/UpperBound.lean:112:0: 'NLA.IE13.all_active_entries_bound' depends on axioms: [propext, Classical.choice, Quot.sound]
info: NLA/IE13/UpperBound.lean:114:0: 'NLA.IE13.zero_lower_bandwidth' depends on axioms: [propext, Classical.choice, Quot.sound]
info: NLA/IE13/UpperBound.lean:116:0: 'NLA.IE13.universal_growth' depends on axioms: [propext, Classical.choice, Quot.sound]
✔ [3587/3656] Built LeanCert.Engine.AD.Correctness (3.8s)
✔ [3588/3656] Built LeanCert.Engine.TaylorModel.Functions (2.8s)
ℹ [3589/3656] Built NLA.IE13.Identity (3.9s)
info: NLA/IE13/Identity.lean:75:0: 'NLA.IE13.identity_attainment' depends on axioms: [propext, Classical.choice, Quot.sound]
✔ [3590/3656] Built LeanCert.Engine.AD.Computable (4.6s)
✔ [3591/3656] Built LeanCert.Engine.TaylorModel.Expr (6.3s)
✔ [3592/3656] Built LeanCert.Engine.AD.PartialCorrectness (7.4s)
✔ [3593/3656] Built LeanCert.Engine.AD.DomainChecked (3.7s)
✔ [3594/3656] Built LeanCert.Engine.TaylorModel (2.1s)
✔ [3595/3656] Built LeanCert.Engine.AD.Dyadic (3.1s)
✔ [3596/3656] Built LeanCert.Engine.AD (1.7s)
✔ [3597/3656] Built LeanCert.Validity.Bounds.Smart (3.0s)
✔ [3598/3656] Built LeanCert.Meta.ProveSupported (4.9s)
✔ [3599/3656] Built LeanCert.Engine.IntervalEvalRefined (5.2s)
✔ [3600/3656] Built LeanCert.Engine.Optimize (7.3s)
✔ [3601/3656] Built LeanCert.Validity.Bounds.Bridge (4.2s)
✔ [3602/3656] Built LeanCert.Meta.ProveContinuous (5.7s)
✔ [3603/3656] Built LeanCert.Tactic.IntervalAuto.ProveCommon (6.9s)
✔ [3604/3656] Built LeanCert.Validity.Bounds.Basic (3.5s)
✔ [3605/3656] Built LeanCert.Engine.RootFinding.Newton (6.5s)
✔ [3606/3656] Built LeanCert.Engine.Optimization.Gradient (7.8s)
✔ [3607/3656] Built LeanCert.Tactic.LeanCert.Bridge.ReifiedFunction (3.9s)
✔ [3608/3656] Built LeanCert.Tactic.IntervalAuto.Basic (3.7s)
✔ [3609/3656] Built LeanCert.Validity.Integration (7.7s)
✔ [3610/3656] Built LeanCert.Engine.RootFinding.MVTBounds (12s)
✔ [3611/3656] Built LeanCert.Engine.RootFinding.Krawczyk (9.9s)
✔ [3612/3656] Built LeanCert.Tactic.LeanCert.Semantic.Prepare (8.9s)
✔ [3613/3656] Built LeanCert.Engine.RootFinding.KrawczykCandidate (7.2s)
✔ [3614/3656] Built LeanCert.Engine.RootFinding.Contraction (9.8s)
✔ [3615/3656] Built LeanCert.Tactic.LeanCert.Integral (12s)
✔ [3616/3656] Built LeanCert.Validity.Krawczyk (4.5s)
✔ [3617/3656] Built LeanCert.Engine.RootFinding.Main (4.1s)
✔ [3618/3656] Built LeanCert.Tactic.Extension.Execute (8.7s)
✔ [3619/3656] Built LeanCert.Tactic.LeanCert.Solver.Protocol (6.9s)
✔ [3620/3656] Built LeanCert.Engine.Optimization.Global (31s)
✔ [3621/3656] Built LeanCert.Tactic.LeanCert.Diagnostic.Render (3.6s)
✔ [3622/3656] Built LeanCert.Tactic.Enclosure (4.2s)
✔ [3623/3656] Built LeanCert.Validity.Types (3.5s)
✔ [3624/3656] Built LeanCert.Engine.Optimization.Guided (4.2s)
✔ [3625/3656] Built LeanCert.Engine.Search.CounterExample (4.1s)
✔ [3626/3656] Built LeanCert.Validity.Bounds (7.6s)
✔ [3627/3656] Built LeanCert.Engine.Optimization.BoundVerify (4.2s)
✔ [3628/3656] Built LeanCert.Discovery.Find (3.9s)
✔ [3629/3656] Built LeanCert.Tactic.IntervalAuto.OptBound (4.7s)
✔ [3630/3656] Built LeanCert.Tactic.IntervalAuto.Multivariate (6.8s)
✔ [3631/3656] Built LeanCert.Tactic.IntervalAuto.RootBound (3.9s)
✔ [3632/3656] Built LeanCert.Tactic.IntervalAuto.Bound (16s)
✔ [3633/3656] Built LeanCert.Tactic.IntervalAuto.Subdiv (4.3s)
✔ [3634/3656] Built LeanCert.Tactic.IntervalAuto.Adaptive (7.9s)
✔ [3635/3656] Built LeanCert.Tactic.IntervalAuto.PointIneq (9.4s)
✔ [3636/3656] Built LeanCert.Tactic.IntervalAuto (2.4s)
✔ [3637/3656] Built LeanCert.Tactic.Refute (4.1s)
✔ [3638/3656] Built LeanCert.Tactic.FinSumWitness (5.2s)
✔ [3639/3656] Built LeanCert.Tactic.FinSumBound (4.3s)
✔ [3640/3656] Built LeanCert.Tactic.LeanCert.Semantic.Parse (3.3s)
✔ [3641/3656] Built LeanCert.Tactic.Discovery (13s)
✔ [3642/3656] Built LeanCert.Tactic.Krawczyk (3.2s)
✔ [3643/3656] Built LeanCert.Tactic.LeanCert.Router (7.4s)
✔ [3644/3656] Built LeanCert.Tactic.LeanCert (2.4s)
✔ [3645/3656] Built LeanCert.Tactic (2.4s)
ℹ [3646/3656] Built NLA.IE13.WitnessScale (2.7s)
info: NLA/IE13/WitnessScale.lean:39:0: 'NLA.IE13.half_bounds_certificate' depends on axioms: [propext, Classical.choice, Quot.sound]
info: NLA/IE13/WitnessScale.lean:41:0: 'NLA.IE13.witness_scale' depends on axioms: [propext, Classical.choice, Quot.sound]
⚠ [3647/3656] Built NLA.IE13.WitnessColumns (3.1s)
warning: NLA/IE13/WitnessColumns.lean:84:15: This simp argument is unused:
  if_pos hr

Hint: Omit it from the simp argument list.
  [apply] simp only [hr, Nat.zero_le, if_true]

Note: This linter can be disabled with `set_option linter.unusedSimpArgs false`
⚠ [3648/3656] Built NLA.IE13.WitnessEntries (3.2s)
warning: NLA/IE13/WitnessEntries.lean:44:33: This simp argument is unused:
  Fin.val_mk

Hint: Omit it from the simp argument list.
  [apply] simp only

Note: This linter can be disabled with `set_option linter.unusedSimpArgs false`
warning: NLA/IE13/WitnessEntries.lean:109:37: This simp argument is unused:
  if_pos rfl

Hint: Omit it from the simp argument list.
  [apply] simp only [witnessMatrix, witnessRational, i, j, witnessTarget, Fin.val_mk, lt_self_iff_false, if_false,
    le_refl, if_true, Rat.cast_one]

Note: This linter can be disabled with `set_option linter.unusedSimpArgs false`
info: NLA/IE13/WitnessEntries.lean:127:0: 'NLA.IE13.witness_structure' depends on axioms: [propext, Classical.choice, Quot.sound]
⚠ [3649/3656] Built NLA.IE13.WitnessForward (3.4s)
warning: NLA/IE13/WitnessForward.lean:43:67: This simp argument is unused:
  Fin.val_mk

Hint: Omit it from the simp argument list.
  [apply] simp only [T, Finset.mem_filter, Finset.mem_univ, true_and, g]

Note: This linter can be disabled with `set_option linter.unusedSimpArgs false`
warning: NLA/IE13/WitnessForward.lean:58:69: This simp argument is unused:
  Fin.val_mk

Hint: Omit it from the simp argument list.
  [apply] simp only [S, Finset.mem_filter, Finset.mem_univ, true_and, r]

Note: This linter can be disabled with `set_option linter.unusedSimpArgs false`
info: NLA/IE13/WitnessForward.lean:152:0: 'NLA.IE13.forward_lower_action' depends on axioms: [propext, Classical.choice, Quot.sound]
✔ [3650/3656] Built NLA.IE13.WitnessFactors (2.8s)
⚠ [3651/3656] Built NLA.IE13.WitnessProduct (2.8s)
warning: NLA/IE13/WitnessProduct.lean:63:20: This simp argument is unused:
  if_pos rfl

Hint: Omit it from the simp argument list.
  [apply] simp only [witnessTarget, Fin.val_mk, le_refl, if_true, lt_self_iff_false, if_false, zero_add]

Note: This linter can be disabled with `set_option linter.unusedSimpArgs false`
info: NLA/IE13/WitnessProduct.lean:130:0: 'NLA.IE13.witness_factorization' depends on axioms: [propext, Classical.choice, Quot.sound]
⚠ [3652/3656] Built NLA.IE13.WitnessDynamics (2.6s)
warning: NLA/IE13/WitnessDynamics.lean:19:45: Variable name `hp` is not explicitly referenced.

Hint: The binding can be removed (if unused) or named `_` (if used implicitly). Alternatively, prefix the name with `_` to silence this warning:
  [apply] _hp

Note: This linter can be disabled with `set_option linter.unusedVariables false`
warning: NLA/IE13/WitnessDynamics.lean:54:39: Variable name `hp` is not explicitly referenced.

Hint: The binding can be removed (if unused) or named `_` (if used implicitly). Alternatively, prefix the name with `_` to silence this warning:
  [apply] _hp

Note: This linter can be disabled with `set_option linter.unusedVariables false`
info: NLA/IE13/WitnessDynamics.lean:65:0: 'NLA.IE13.witness_prefix_admissible' depends on axioms: [propext, Classical.choice, Quot.sound]
info: NLA/IE13/WitnessDynamics.lean:67:0: 'NLA.IE13.witness_target_value' depends on axioms: [propext, Classical.choice, Quot.sound]
info: NLA/IE13/WitnessDynamics.lean:69:0: 'NLA.IE13.witness_nonsingular' depends on axioms: [propext, Classical.choice, Quot.sound]
ℹ [3653/3656] Built NLA.IE13.Attainment (2.7s)
info: NLA/IE13/Attainment.lean:45:0: 'NLA.IE13.witness_attainment' depends on axioms: [propext, Classical.choice, Quot.sound]
⚠ [3654/3656] Built NLA.IE13.Sharp (2.6s)
warning: NLA/IE13/Sharp.lean:39:32: Variable name `hne` is not explicitly referenced.

Hint: The binding can be removed (if unused) or named `_` (if used implicitly). Alternatively, prefix the name with `_` to silence this warning:
  [apply] _hne

Note: This linter can be disabled with `set_option linter.unusedVariables false`
info: NLA/IE13/Sharp.lean:46:0: 'NLA.IE13.sharp_growth' depends on axioms: [propext, Classical.choice, Quot.sound]
ℹ [3655/3656] Built Solution (2.5s)
info: Solution.lean:18:0: 'NLA.IE13.gepp_model_semantics' depends on axioms: [propext, Classical.choice, Quot.sound]
info: Solution.lean:20:0: 'NLA.IE13.entryMax_semantics' depends on axioms: [propext, Classical.choice, Quot.sound]
info: Solution.lean:22:0: 'NLA.IE13.activeMax_semantics' depends on axioms: [propext, Classical.choice, Quot.sound]
info: Solution.lean:24:0: 'NLA.IE13.growth_semantics' depends on axioms: [propext, Classical.choice, Quot.sound]
info: Solution.lean:26:0: 'NLA.IE13.admissiblePath_exists' depends on axioms: [propext, Classical.choice, Quot.sound]
info: Solution.lean:28:0: 'NLA.IE13.admissiblePrefix_extension' depends on axioms: [propext, Classical.choice, Quot.sound]
info: Solution.lean:30:0: 'NLA.IE13.originalRow_update' depends on axioms: [propext, Classical.choice, Quot.sound]
info: Solution.lean:32:0: 'NLA.IE13.multiplier_bounds' depends on axioms: [propext, Classical.choice, Quot.sound]
info: Solution.lean:34:0: 'NLA.IE13.front_structure' depends on axioms: [propext, Classical.choice, Quot.sound]
info: Solution.lean:36:0: 'NLA.IE13.front_transition' depends on axioms: [propext, Classical.choice, Quot.sound]
info: Solution.lean:38:0: 'NLA.IE13.recurrence_history' depends on axioms: [propext, Classical.choice, Quot.sound]
info: Solution.lean:40:0: 'NLA.IE13.sequence_recurrence' depends on axioms: [propext, Classical.choice, Quot.sound]
info: Solution.lean:42:0: 'NLA.IE13.sequence_properties' depends on axioms: [propext, Classical.choice, Quot.sound]
info: Solution.lean:44:0: 'NLA.IE13.envelope_recurrence' depends on axioms: [propext, Classical.choice, Quot.sound]
info: Solution.lean:46:0: 'NLA.IE13.late_column_zero' depends on axioms: [propext, Classical.choice, Quot.sound]
info: Solution.lean:48:0: 'NLA.IE13.column_front_bound' depends on axioms: [propext, Classical.choice, Quot.sound]
info: Solution.lean:50:0: 'NLA.IE13.all_active_entries_bound' depends on axioms: [propext, Classical.choice, Quot.sound]
info: Solution.lean:52:0: 'NLA.IE13.zero_lower_bandwidth' depends on axioms: [propext, Classical.choice, Quot.sound]
info: Solution.lean:54:0: 'NLA.IE13.universal_growth' depends on axioms: [propext, Classical.choice, Quot.sound]
info: Solution.lean:56:0: 'NLA.IE13.witness_scale' depends on axioms: [propext, Classical.choice, Quot.sound]
info: Solution.lean:58:0: 'NLA.IE13.witness_structure' depends on axioms: [propext, Classical.choice, Quot.sound]
info: Solution.lean:60:0: 'NLA.IE13.witness_prefix_order' depends on axioms: [propext, Classical.choice, Quot.sound]
info: Solution.lean:62:0: 'NLA.IE13.witness_prefix_admissible' depends on axioms: [propext, Classical.choice, Quot.sound]
info: Solution.lean:64:0: 'NLA.IE13.witness_target_value' depends on axioms: [propext, Classical.choice, Quot.sound]
info: Solution.lean:66:0: 'NLA.IE13.witness_nonsingular' depends on axioms: [propext, Classical.choice, Quot.sound]
info: Solution.lean:68:0: 'NLA.IE13.witness_attainment' depends on axioms: [propext, Classical.choice, Quot.sound]
info: Solution.lean:70:0: 'NLA.IE13.identity_attainment' depends on axioms: [propext, Classical.choice, Quot.sound]
info: Solution.lean:72:0: 'NLA.IE13.sharp_growth' depends on axioms: [propext, Classical.choice, Quot.sound]
Build completed successfully (3656 jobs).
Exporting #[Quot, Quot.mk, Quot.lift, Quot.ind, NLA.IE13.gepp_model_semantics, NLA.IE13.entryMax_semantics, NLA.IE13.activeMax_semantics, NLA.IE13.growth_semantics, NLA.IE13.admissiblePath_exists, NLA.IE13.admissiblePrefix_extension, NLA.IE13.originalRow_update, NLA.IE13.multiplier_bounds, NLA.IE13.front_structure, NLA.IE13.front_transition, NLA.IE13.recurrence_history, NLA.IE13.sequence_recurrence, NLA.IE13.sequence_properties, NLA.IE13.envelope_recurrence, NLA.IE13.late_column_zero, NLA.IE13.column_front_bound, NLA.IE13.all_active_entries_bound, NLA.IE13.zero_lower_bandwidth, NLA.IE13.universal_growth, NLA.IE13.witness_scale, NLA.IE13.witness_structure, NLA.IE13.witness_prefix_order, NLA.IE13.witness_prefix_admissible, NLA.IE13.witness_target_value, NLA.IE13.witness_nonsingular, NLA.IE13.witness_attainment, NLA.IE13.identity_attainment, NLA.IE13.sharp_growth, propext, Classical.choice, Quot.sound, Nat.add, Nat.sub, Nat.mul, Nat.pow, Nat.gcd, Nat.div, Nat.mod, Nat.beq, Nat.ble, Nat.land, Nat.lor, Nat.xor, Nat.shiftLeft, Nat.shiftRight, String.ofList, Char.ofNat, List, eagerReduce, Nat, String, String.mk, Char, optParam, autoParam, semiOutParam, outParam] from Solution
Running Lean default kernel on solution.
Lean default kernel accepts the solution
Your solution is okay!

EXIT_STATUS=0
