PASS integer-only certificate types
PASS scalar-intersection hypothesis: diagonal negative control
PASS U: all-parameter action minors, kernels, scalar pair intersections
PASS F: all-parameter action minors, kernels, scalar pair intersections
PASS Q: all-parameter action minors, kernels, scalar pair intersections
PASS F: exceptional parameter -1
PASS Q: exceptional parameter -1
PASS grouped action and trace ranks: U U
PASS grouped action and trace ranks: F2 F2
PASS grouped action and trace ranks: F2 F3
PASS grouped action and trace ranks: Q2 Q2
PASS grouped action and trace ranks: Q1 Q1
PASS grouped action and trace ranks: F2 Q3
PASS grouped action and trace ranks: U F3
PASS grouped action and trace ranks: F-1 F-1
PASS grouped action and trace ranks: Q-1 Q-1
PASS grouped action and trace ranks: F2 F2 F2
PASS grouped action and trace ranks: U U U
PASS grouped action and trace ranks: Q2 Q2 Q2
PASS grouped action and trace ranks: F2 Q3 U
PASS F: explicit reciprocal equivalence
PASS F: 1-factor cycle ratios with arbitrary grouped diagonal gauges
PASS F: 2-factor cycle ratios with arbitrary grouped diagonal gauges
PASS F: 3-factor cycle ratios with arbitrary grouped diagonal gauges
PASS Q: explicit reciprocal equivalence
PASS Q: 1-factor cycle ratios with arbitrary grouped diagonal gauges
PASS Q: 2-factor cycle ratios with arbitrary grouped diagonal gauges
PASS Q: 3-factor cycle ratios with arbitrary grouped diagonal gauges
PASS balanced representative and three scalar marginals
PASS special-linear F-to-Q limit and U nullcone weights
PASS exact commutators and balanced-ternary all-power anchors
PASS 27-coefficient trace lift
PASS exhaustive two-dimensional cube automorphisms
PASS exhaustive three-dimensional cube automorphisms
PASS exhaustive product-of-two-triangles automorphisms
PASS four deliberately damaged certificates rejected
{"status": "PASS", "check_groups": 36, "elapsed_seconds": 1.291}
