PASS symbolic minor U full 24 12
PASS symbolic minor U [0, 1] 17 -1
PASS symbolic minor U [0, 2] 17 1
PASS symbolic minor U [1, 2] 17 -1
PASS exact symbolic slice commutator U detS= 1 detK= 0
PASS symbolic minor F full 24 (lambda + 1)**6
PASS symbolic minor F [0, 1] 17 lambda
PASS symbolic minor F [0, 2] 17 1
PASS symbolic minor F [1, 2] 17 -lambda
PASS exact symbolic slice commutator F detS= -1 detK= lambda*(lambda - 1)
PASS symbolic minor Q full 23 (lambda + 1)**6
PASS symbolic minor Q [0, 1] 17 -lambda
PASS symbolic minor Q [0, 2] 17 1
PASS symbolic minor Q [1, 2] 17 -lambda
PASS exact symbolic slice commutator Q detS= lambda + 1 detK= lambda*(lambda - 1)/(lambda + 1)**3
PASS independently reconstructed Koszul minor 2 2 det 15 BR lower 2 duplicate-row rejected
PASS independently reconstructed Koszul minor 3 8 det 8503 BR lower 4 duplicate-row rejected
PASS independently reconstructed Koszul minor 4 15 det 21348 BR lower 5 duplicate-row rejected
PASS independently reconstructed Koszul minor 5 45 det 56204 BR lower 8 duplicate-row rejected
PASS independently reconstructed Koszul minor 6 84 det 40810 BR lower 9 duplicate-row rejected
PASS independently reconstructed Koszul minor 7 224 det 58620 BR lower 12 duplicate-row rejected
PASS independently reconstructed Koszul minor 8 420 det 38143 BR lower 12 duplicate-row rejected
PASS independently reconstructed Koszul minor 9 1050 det 63006 BR lower 15 duplicate-row rejected
PASS independent CRT/interpolation all 702 detected polynomials; 30 coprime base families; unsafe base-two control; exterior blocks through n=59
PASS. Scope: symbolic local algebra and finite certificates; the written proofs supply all-power assertions. AC05 and AC06 remain Open.
