$ systemd-run --user --quiet --wait --pipe --collect -p 'RestrictAddressFamilies=~AF_UNIX' --working-directory /home/runner/work/_temp/nla-lean-tools/.verification-tmp/nla-fresh-proof-cyosgld7/project /usr/bin/env -i PATH=/home/runner/.elan/toolchains/leanprover--lean4---v4.33.1/bin:/home/runner/.elan/bin:/home/runner/go/bin:/opt/hostedtoolcache/go/1.27.1/x64/bin:/snap/bin:/home/runner/.local/bin:/opt/pipx_bin:/home/runner/.cargo/bin:/home/runner/.config/composer/vendor/bin:/usr/local/.ghcup/bin:/home/runner/.dotnet/tools:/usr/local/sbin:/usr/local/bin:/usr/sbin:/usr/bin:/sbin:/bin:/usr/games:/usr/local/games:/snap/bin HOME=/home/runner LANG=C.UTF-8 XDG_RUNTIME_DIR=/run/user/1001 DBUS_SESSION_BUS_ADDRESS=unix:path=/run/user/1001/bus GIT_TERMINAL_PROMPT=0 GIT_CONFIG_NOSYSTEM=1 GIT_CONFIG_GLOBAL=/dev/null COMPARATOR_BIN=/home/runner/work/_temp/nla-lean-tools/.tools/comparator/.lake/build/bin/comparator COMPARATOR_LEAN4EXPORT=/home/runner/work/_temp/nla-lean-tools/.tools/lean4export/.lake/build/bin/lean4export COMPARATOR_LANDRUN=/home/runner/work/_temp/nla-lean-tools/scripts/strict_landrun.py XDG_CACHE_HOME=/home/runner/work/_temp/nla-lean-tools/.tools/cache TMPDIR=/home/runner/work/_temp/nla-lean-tools/.verification-tmp lake env /home/runner/work/_temp/nla-lean-tools/.tools/comparator/.lake/build/bin/comparator comparator.json
Building Challenge
✔ [2377/2379] Built NLA.IE17.Definitions (2.3s)
⚠ [2378/2379] Built Challenge (1.7s)
warning: Challenge.lean:14:8: declaration uses `sorry`
warning: Challenge.lean:20:8: declaration uses `sorry`
warning: Challenge.lean:24:8: declaration uses `sorry`
warning: Challenge.lean:30:8: declaration uses `sorry`
warning: Challenge.lean:39:8: declaration uses `sorry`
warning: Challenge.lean:51:8: declaration uses `sorry`
warning: Challenge.lean:57:8: declaration uses `sorry`
warning: Challenge.lean:71:8: declaration uses `sorry`
Build completed successfully (2379 jobs).
Exporting #[Quot, Quot.mk, Quot.lift, Quot.ind, NLA.IE17.spectralNorm_semantics, NLA.IE17.witness_full_column_rank, NLA.IE17.exact_lsmr_run, NLA.IE17.optimal_errors, NLA.IE17.approximation_values, NLA.IE17.terminal_errors_zero, NLA.IE17.both_errors_increase, NLA.IE17.canonical_counterexamples, propext, Classical.choice, Quot.sound, Nat.add, Nat.sub, Nat.mul, Nat.pow, Nat.gcd, Nat.div, Nat.mod, Nat.beq, Nat.ble, Nat.land, Nat.lor, Nat.xor, Nat.shiftLeft, Nat.shiftRight, String.ofList, Char.ofNat, List, eagerReduce, Nat, String, String.mk, Char, optParam, autoParam, semiOutParam, outParam] from Challenge
Building Solution
✔ [3434/3448] Built LeanCert.Core.Interval (3.2s)
✔ [3435/3473] Built NLA.IE17.NumericData (5.2s)
✔ [3449/3474] Built NLA.IE17.Norms (6.0s)
✔ [3452/3477] Built LeanCert.Core.Expr (5.8s)
✔ [3454/3477] Built LeanCert.Core.DerivativeIntervals (3.4s)
✔ [3455/3477] Built NLA.IE17.Geometry (5.3s)
✔ [3456/3482] Built LeanCert.Core.IntervalRat.Basic (8.4s)
✔ [3457/3482] Built LeanCert.Core.IntervalRat.LogReduction (5.7s)
✔ [3460/3482] Built LeanCert.Core.Support (3.8s)
✔ [3461/3482] Built LeanCert.Meta.Numeral (3.5s)
✔ [3462/3482] Built LeanCert.Engine.Eval.Result (2.0s)
✔ [3463/3483] Built LeanCert.Core.TrigReduction (3.4s)
✔ [3464/3484] Built NLA.IE17.BackwardError (4.2s)
✔ [3465/3484] Built LeanCert.Tactic.IntervalAuto.Types (3.8s)
✔ [3466/3485] Built LeanCert.Tactic.IntervalAuto.Extract (4.1s)
✔ [3467/3489] Built LeanCert.Core.IntervalRat.Transcendental (5.6s)
✔ [3469/3490] Built LeanCert.Core.Taylor (6.9s)
✔ [3470/3497] Built LeanCert.Tactic.IntervalAuto.Norm (4.2s)
✔ [3471/3497] Built LeanCert.Meta.ToExpr (6.5s)
✔ [3472/3501] Built LeanCert.Contrib.Sinc (4.9s)
✔ [3473/3501] Built LeanCert.Core.Dyadic (4.3s)
✔ [3474/3502] Built LeanCert.Tactic.Verification (4.6s)
✔ [3475/3502] Built LeanCert.Tactic.NumericalRefinement (950ms)
✔ [3525/3604] Built LeanCert.Tactic.LeanCert.Bridge.Environment (4.4s)
✔ [3526/3604] Built LeanCert.Tactic.IntervalAuto.Parse (8.6s)
✔ [3527/3604] Built LeanCert.Tactic.VecUtil (3.5s)
✔ [3528/3605] Built LeanCert.Tactic.LeanCert.Normalize (4.3s)
✔ [3529/3608] Built LeanCert.Tactic.IntervalAuto.Diagnostic (3.4s)
✔ [3530/3610] Built LeanCert.Tactic.FinsetParse (3.9s)
✔ [3531/3612] Built LeanCert.Tactic.BridgeNative (1.5s)
✔ [3532/3619] Built LeanCert.Tactic.FinSumExpand (2.4s)
✔ [3533/3619] Built LeanCert.Core.IntervalRat.Taylor (18s)
✔ [3534/3619] Built LeanCert.Validity.Eventual (3.0s)
✔ [3535/3623] Built LeanCert.Tactic.LeanCert.Semantic.Domain (1.8s)
✔ [3536/3623] Built LeanCert.Tactic.VecSimp (1.7s)
✔ [3537/3623] Built LeanCert.Tactic.LeanCert.Semantic.Goal (1.8s)
✔ [3538/3624] Built LeanCert.Core.IntervalReal (2.3s)
✔ [3539/3624] Built LeanCert.Core.IntervalRat.TrigReduced (2.8s)
✔ [3540/3624] Built LeanCert.Tactic.LeanCert.Semantic.Parse.Comparison (1.6s)
✔ [3541/3624] Built LeanCert.Tactic.EventualBound (4.6s)
✔ [3542/3624] Built LeanCert.Tactic.Extension.Protocol (2.8s)
✔ [3543/3626] Built LeanCert.Engine.Affine.Basic (7.2s)
✔ [3544/3627] Built LeanCert.Tactic.LeanCert.Diagnostic.Evidence (5.2s)
✔ [3545/3627] Built LeanCert.Core.IntervalRealEndpoints (5.4s)
✔ [3546/3627] Built LeanCert.Core.IntervalDyadic (7.9s)
✔ [3547/3627] Built LeanCert.Tactic.LeanCert.Semantic.Parse.Bound (3.8s)
✔ [3548/3627] Built LeanCert.Tactic.Extension.Registry (3.6s)
✔ [3549/3631] Built LeanCert.Tactic.LeanCert.Config (2.0s)
✔ [3551/3640] Built LeanCert.Engine.Affine.Nonlinear (4.4s)
✔ [3552/3646] Built LeanCert.Engine.Algebra.QPoly (4.3s)
✔ [3553/3646] Built LeanCert.Engine.FloatEval (3.6s)
✔ [3555/3651] Built LeanCert.Core.DyadicCell (5.0s)
✔ [3556/3651] Built LeanCert.Tactic.Extension.Command (3.3s)
✔ [3557/3651] Built LeanCert.Engine.Eval.Core (8.2s)
✔ [3558/3651] Built LeanCert.Engine.Algebra.QPolyIntegral (3.9s)
✔ [3559/3651] Built LeanCert.Core.DyadicFrontier (3.4s)
✔ [3560/3651] Built LeanCert.Tactic.Extension (1.8s)
✔ [3561/3651] Built LeanCert.Engine.Eval.Extended (2.5s)
✔ [3562/3651] Built LeanCert.Engine.Bounds.Lemmas (1.8s)
✔ [3563/3651] Built LeanCert.Engine.IntervalEval (1.6s)
✔ [3564/3651] Built LeanCert.Validity.Bounds.Core (2.8s)
✔ [3565/3651] Built LeanCert.Validity.Bounds.Checked (2.9s)
✔ [3566/3651] Built LeanCert.Engine.Affine.Transcendental (4.2s)
✔ [3567/3651] Built LeanCert.Engine.IntervalEvalDyadic (6.3s)
✔ [3568/3651] Built LeanCert.Engine.Optimization.Box (3.8s)
✔ [3569/3651] Built LeanCert.Engine.RootFinding.Basic (5.3s)
✔ [3570/3651] Built LeanCert.Engine.AD.Basic (3.6s)
✔ [3571/3651] Built LeanCert.Engine.Integrate (6.6s)
✔ [3572/3651] Built LeanCert.Engine.IntervalEvalAffine (6.6s)
✔ [3573/3651] Built LeanCert.Validity.DyadicBounds (4.3s)
✔ [3574/3651] Built LeanCert.Engine.TaylorModel.Core (9.2s)
✔ [3575/3651] Built LeanCert.Engine.FinSumDyadic (5.5s)
✔ [3576/3651] Built LeanCert.Engine.Search.Heuristic (2.9s)
✔ [3577/3651] Built LeanCert.Engine.Affine.Environment (3.8s)
✔ [3578/3651] Built LeanCert.Engine.RootFinding.Bisection (4.8s)
✔ [3579/3651] Built LeanCert.Engine.AD.Transcendental (4.4s)
✔ [3580/3651] Built LeanCert.Engine.TaylorModel.Integral (3.5s)
✔ [3581/3651] Built LeanCert.Engine.TaylorModel.Special (2.7s)
✔ [3582/3651] Built LeanCert.Engine.TaylorModel.ExpLog (8.7s)
✔ [3583/3651] Built LeanCert.Engine.WitnessSum (6.5s)
✔ [3584/3651] Built LeanCert.Engine.AD.Eval (2.6s)
✔ [3585/3651] Built LeanCert.Engine.TaylorModel.Hyperbolic (11s)
✔ [3586/3651] Built LeanCert.Engine.TaylorModel.Trig (10s)
✔ [3587/3651] Built LeanCert.Engine.TaylorModel.Functions (1.8s)
✔ [3588/3651] Built LeanCert.Engine.AD.Correctness (2.5s)
✔ [3589/3651] Built LeanCert.Engine.AD.Computable (3.9s)
✔ [3590/3651] Built LeanCert.Engine.TaylorModel.Expr (4.7s)
✔ [3591/3651] Built LeanCert.Engine.AD.PartialCorrectness (4.9s)
✔ [3592/3651] Built LeanCert.Engine.AD.DomainChecked (2.6s)
✔ [3593/3651] Built LeanCert.Engine.TaylorModel (1.9s)
✔ [3594/3651] Built LeanCert.Engine.AD.Dyadic (2.6s)
✔ [3595/3651] Built LeanCert.Engine.AD (1.6s)
✔ [3596/3651] Built LeanCert.Validity.Bounds.Smart (3.2s)
✔ [3597/3651] Built LeanCert.Engine.IntervalEvalRefined (4.0s)
✔ [3598/3651] Built LeanCert.Meta.ProveSupported (4.1s)
✔ [3599/3651] Built LeanCert.Engine.Optimize (5.8s)
✔ [3600/3651] Built LeanCert.Validity.Bounds.Bridge (3.5s)
✔ [3601/3651] Built LeanCert.Meta.ProveContinuous (4.5s)
✔ [3602/3651] Built LeanCert.Tactic.IntervalAuto.ProveCommon (5.5s)
✔ [3603/3651] Built LeanCert.Engine.RootFinding.Newton (4.9s)
✔ [3604/3651] Built LeanCert.Validity.Bounds.Basic (3.0s)
✔ [3605/3651] Built LeanCert.Engine.Optimization.Gradient (6.1s)
✔ [3606/3651] Built LeanCert.Tactic.LeanCert.Bridge.ReifiedFunction (3.5s)
✔ [3607/3651] Built LeanCert.Tactic.IntervalAuto.Basic (3.6s)
✔ [3608/3651] Built LeanCert.Validity.Integration (6.2s)
✔ [3609/3651] Built LeanCert.Engine.RootFinding.MVTBounds (6.0s)
✔ [3610/3651] Built LeanCert.Tactic.LeanCert.Semantic.Prepare (5.4s)
✔ [3611/3651] Built LeanCert.Engine.RootFinding.Krawczyk (7.4s)
✔ [3612/3651] Built LeanCert.Engine.RootFinding.Contraction (8.2s)
✔ [3613/3651] Built LeanCert.Tactic.LeanCert.Integral (10s)
✔ [3614/3651] Built LeanCert.Tactic.Extension.Execute (9.1s)
✔ [3615/3651] Built LeanCert.Engine.RootFinding.KrawczykCandidate (4.0s)
✔ [3616/3651] Built LeanCert.Validity.Krawczyk (2.0s)
✔ [3617/3651] Built LeanCert.Tactic.LeanCert.Solver.Protocol (5.7s)
✔ [3618/3651] Built LeanCert.Engine.Optimization.Global (21s)
✔ [3619/3651] Built LeanCert.Engine.RootFinding.Main (2.8s)
✔ [3620/3651] Built LeanCert.Tactic.Enclosure (3.4s)
✔ [3621/3651] Built LeanCert.Tactic.LeanCert.Diagnostic.Render (3.6s)
✔ [3622/3651] Built LeanCert.Validity.Types (3.0s)
✔ [3623/3651] Built LeanCert.Engine.Optimization.Guided (2.0s)
✔ [3624/3651] Built LeanCert.Engine.Search.CounterExample (2.4s)
✔ [3625/3651] Built LeanCert.Engine.Optimization.BoundVerify (2.7s)
✔ [3626/3651] Built LeanCert.Validity.Bounds (4.2s)
✔ [3627/3651] Built LeanCert.Discovery.Find (3.4s)
✔ [3628/3651] Built LeanCert.Tactic.IntervalAuto.OptBound (3.7s)
✔ [3629/3651] Built LeanCert.Tactic.IntervalAuto.Multivariate (5.3s)
✔ [3630/3651] Built LeanCert.Tactic.IntervalAuto.RootBound (2.9s)
✔ [3631/3651] Built LeanCert.Tactic.IntervalAuto.Bound (12s)
✔ [3632/3651] Built LeanCert.Tactic.IntervalAuto.Subdiv (4.8s)
✔ [3633/3651] Built LeanCert.Tactic.IntervalAuto.Adaptive (5.9s)
✔ [3634/3651] Built LeanCert.Tactic.IntervalAuto.PointIneq (6.0s)
✔ [3635/3651] Built LeanCert.Tactic.IntervalAuto (2.1s)
✔ [3636/3651] Built LeanCert.Tactic.Refute (3.4s)
✔ [3637/3651] Built LeanCert.Tactic.FinSumWitness (4.6s)
✔ [3638/3651] Built LeanCert.Tactic.FinSumBound (3.7s)
✔ [3639/3651] Built LeanCert.Tactic.Discovery (10s)
✔ [3640/3651] Built LeanCert.Tactic.LeanCert.Semantic.Parse (2.9s)
✔ [3641/3651] Built LeanCert.Tactic.Krawczyk (2.7s)
✔ [3642/3651] Built LeanCert.Tactic.LeanCert.Router (5.0s)
✔ [3643/3651] Built LeanCert.Tactic.LeanCert (2.2s)
✔ [3644/3651] Built LeanCert.Tactic (2.2s)
✔ [3645/3651] Built NLA.IE17.Certificates (5.7s)
✔ [3646/3651] Built NLA.IE17.LSMR (6.1s)
ℹ [3647/3651] Built NLA.IE17.Optimal (3.5s)
info: NLA/IE17/Optimal.lean:63:0: 'NLA.IE17.optimal_error_bounds' depends on axioms: [propext, Classical.choice, Quot.sound]
ℹ [3648/3651] Built NLA.IE17.Approximation (3.8s)
info: NLA/IE17/Approximation.lean:166:0: 'NLA.IE17.penrose_projection_unique' depends on axioms: [propext, Classical.choice, Quot.sound]
info: NLA/IE17/Approximation.lean:167:0: 'NLA.IE17.penroseAt_correct' depends on axioms: [propext, Classical.choice, Quot.sound]
info: NLA/IE17/Approximation.lean:168:0: 'NLA.IE17.approximation_error_values' depends on axioms: [propext, Classical.choice, Quot.sound]
ℹ [3649/3651] Built NLA.IE17.Proof (2.5s)
info: NLA/IE17/Proof.lean:115:0: 'NLA.IE17.spectralNorm_semantics' depends on axioms: [propext, Classical.choice, Quot.sound]
info: NLA/IE17/Proof.lean:116:0: 'NLA.IE17.witness_full_column_rank' depends on axioms: [propext, Classical.choice, Quot.sound]
info: NLA/IE17/Proof.lean:117:0: 'NLA.IE17.exact_lsmr_run' depends on axioms: [propext, Classical.choice, Quot.sound]
info: NLA/IE17/Proof.lean:118:0: 'NLA.IE17.optimal_errors' depends on axioms: [propext, Classical.choice, Quot.sound]
info: NLA/IE17/Proof.lean:119:0: 'NLA.IE17.approximation_values' depends on axioms: [propext, Classical.choice, Quot.sound]
info: NLA/IE17/Proof.lean:120:0: 'NLA.IE17.terminal_errors_zero' depends on axioms: [propext, Classical.choice, Quot.sound]
info: NLA/IE17/Proof.lean:121:0: 'NLA.IE17.both_errors_increase' depends on axioms: [propext, Classical.choice, Quot.sound]
info: NLA/IE17/Proof.lean:122:0: 'NLA.IE17.canonical_counterexamples' depends on axioms: [propext, Classical.choice, Quot.sound]
✔ [3650/3651] Built Solution (2.2s)
Build completed successfully (3651 jobs).
Exporting #[Quot, Quot.mk, Quot.lift, Quot.ind, NLA.IE17.spectralNorm_semantics, NLA.IE17.witness_full_column_rank, NLA.IE17.exact_lsmr_run, NLA.IE17.optimal_errors, NLA.IE17.approximation_values, NLA.IE17.terminal_errors_zero, NLA.IE17.both_errors_increase, NLA.IE17.canonical_counterexamples, propext, Classical.choice, Quot.sound, Nat.add, Nat.sub, Nat.mul, Nat.pow, Nat.gcd, Nat.div, Nat.mod, Nat.beq, Nat.ble, Nat.land, Nat.lor, Nat.xor, Nat.shiftLeft, Nat.shiftRight, String.ofList, Char.ofNat, List, eagerReduce, Nat, String, String.mk, Char, optParam, autoParam, semiOutParam, outParam] from Solution
Running Lean default kernel on solution.
Lean default kernel accepts the solution
Your solution is okay!

EXIT_STATUS=0
