$ systemd-run --user --quiet --wait --pipe --collect -p 'RestrictAddressFamilies=~AF_UNIX' --working-directory /home/runner/work/_temp/nla-lean-tools/.verification-tmp/nla-fresh-proof-3mjd9b27/project /usr/bin/env -i PATH=/home/runner/.elan/toolchains/leanprover--lean4---v4.33.1/bin:/home/runner/.elan/bin:/home/runner/go/bin:/opt/hostedtoolcache/go/1.27.1/x64/bin:/snap/bin:/home/runner/.local/bin:/opt/pipx_bin:/home/runner/.cargo/bin:/home/runner/.config/composer/vendor/bin:/usr/local/.ghcup/bin:/home/runner/.dotnet/tools:/usr/local/sbin:/usr/local/bin:/usr/sbin:/usr/bin:/sbin:/bin:/usr/games:/usr/local/games:/snap/bin HOME=/home/runner LANG=C.UTF-8 XDG_RUNTIME_DIR=/run/user/1001 DBUS_SESSION_BUS_ADDRESS=unix:path=/run/user/1001/bus GIT_TERMINAL_PROMPT=0 GIT_CONFIG_NOSYSTEM=1 GIT_CONFIG_GLOBAL=/dev/null COMPARATOR_BIN=/home/runner/work/_temp/nla-lean-tools/.tools/comparator/.lake/build/bin/comparator COMPARATOR_LEAN4EXPORT=/home/runner/work/_temp/nla-lean-tools/.tools/lean4export/.lake/build/bin/lean4export COMPARATOR_LANDRUN=/home/runner/work/_temp/nla-lean-tools/scripts/strict_landrun.py XDG_CACHE_HOME=/home/runner/work/_temp/nla-lean-tools/.tools/cache TMPDIR=/home/runner/work/_temp/nla-lean-tools/.verification-tmp lake env /home/runner/work/_temp/nla-lean-tools/.tools/comparator/.lake/build/bin/comparator comparator.json
Building Challenge
✔ [2721/2723] Built NLA.MI13.Definitions (2.9s)
⚠ [2722/2723] Built Challenge (2.8s)
warning: Challenge.lean:15:8: declaration uses `sorry`
warning: Challenge.lean:21:8: declaration uses `sorry`
warning: Challenge.lean:26:8: declaration uses `sorry`
warning: Challenge.lean:32:8: declaration uses `sorry`
warning: Challenge.lean:37:8: declaration uses `sorry`
warning: Challenge.lean:41:8: declaration uses `sorry`
warning: Challenge.lean:45:8: declaration uses `sorry`
warning: Challenge.lean:50:8: declaration uses `sorry`
warning: Challenge.lean:55:8: declaration uses `sorry`
warning: Challenge.lean:62:8: declaration uses `sorry`
warning: Challenge.lean:67:8: declaration uses `sorry`
warning: Challenge.lean:72:8: declaration uses `sorry`
warning: Challenge.lean:78:8: declaration uses `sorry`
warning: Challenge.lean:83:8: declaration uses `sorry`
warning: Challenge.lean:90:8: declaration uses `sorry`
warning: Challenge.lean:96:8: declaration uses `sorry`
warning: Challenge.lean:104:8: declaration uses `sorry`
warning: Challenge.lean:110:8: declaration uses `sorry`
warning: Challenge.lean:118:8: declaration uses `sorry`
warning: Challenge.lean:124:8: declaration uses `sorry`
warning: Challenge.lean:129:8: declaration uses `sorry`
warning: Challenge.lean:134:8: declaration uses `sorry`
warning: Challenge.lean:139:8: declaration uses `sorry`
warning: Challenge.lean:147:8: declaration uses `sorry`
warning: Challenge.lean:152:8: declaration uses `sorry`
warning: Challenge.lean:155:8: declaration uses `sorry`
warning: Challenge.lean:160:8: declaration uses `sorry`
warning: Challenge.lean:164:8: declaration uses `sorry`
warning: Challenge.lean:169:8: declaration uses `sorry`
warning: Challenge.lean:176:8: declaration uses `sorry`
warning: Challenge.lean:182:8: declaration uses `sorry`
warning: Challenge.lean:188:8: declaration uses `sorry`
warning: Challenge.lean:193:8: declaration uses `sorry`
warning: Challenge.lean:200:8: declaration uses `sorry`
warning: Challenge.lean:205:8: declaration uses `sorry`
warning: Challenge.lean:212:8: declaration uses `sorry`
Build completed successfully (2723 jobs).
Exporting #[Quot, Quot.mk, Quot.lift, Quot.ind, NLA.MI13.frobenius_semantics, NLA.MI13.frobenius_linear_bounds, NLA.MI13.operator_norm_semantics, NLA.MI13.singular_values_semantics, NLA.MI13.singular_values_gram, NLA.MI13.ordered_gram_basis, NLA.MI13.positive_image_orthonormal, NLA.MI13.zero_singular_image, NLA.MI13.positive_image_extension, NLA.MI13.full_singular_vector_bases, NLA.MI13.full_svd, NLA.MI13.unitary_norm_invariance, NLA.MI13.unitary_singular_invariance, NLA.MI13.hilbert_schmidt_semantics, NLA.MI13.commutator_adjoint, NLA.MI13.commutator_conjugate_symmetry, NLA.MI13.commutator_spectral_maximum, NLA.MI13.positive_eigenvector_pair, NLA.MI13.eigenspace_functional_kernel, NLA.MI13.two_coordinate_bound, NLA.MI13.off_corner_coefficient_bound, NLA.MI13.svd_corner_functional, NLA.MI13.cancelled_svd_bound, NLA.MI13.refined_commutator_bound, NLA.MI13.half_certificate, NLA.MI13.unit_circle_lift, NLA.MI13.two_unitary_average, NLA.MI13.frobenius_average_bound, NLA.MI13.unitary_middle_bound, NLA.MI13.contraction_middle_bound, NLA.MI13.square_middle_bound, NLA.MI13.padding_product, NLA.MI13.padding_norms, NLA.MI13.padding_singular_values, NLA.MI13.canonical_rectangular_bound, NLA.MI13.sharpness_example, propext, Quot.sound, Classical.choice, Nat.add, Nat.sub, Nat.mul, Nat.pow, Nat.gcd, Nat.div, Nat.mod, Nat.beq, Nat.ble, Nat.land, Nat.lor, Nat.xor, Nat.shiftLeft, Nat.shiftRight, String.ofList, Char.ofNat, List, eagerReduce, Nat, String, String.mk, Char, optParam, autoParam, semiOutParam, outParam] from Challenge
Building Solution
✔ [3020/3053] Built LeanCert.Core.Interval (4.2s)
✔ [3021/3053] Built LeanCert.Core.DerivativeIntervals (4.7s)
✔ [3022/3060] Built LeanCert.Contrib.Sinc (6.7s)
✔ [3023/3060] Built LeanCert.Core.Expr (7.5s)
✔ [3024/3064] Built LeanCert.Core.Dyadic (7.0s)
✔ [3025/3064] Built LeanCert.Tactic.Verification (7.4s)
✔ [3026/3064] Built LeanCert.Core.Taylor (11s)
✔ [3027/3065] Built LeanCert.Core.IntervalRat.Basic (12s)
✔ [3028/3065] Built LeanCert.Core.Support (4.3s)
✔ [3029/3065] Built LeanCert.Core.IntervalRat.LogReduction (6.3s)
✔ [3030/3065] Built LeanCert.Tactic.LeanCert.Bridge.Environment (3.5s)
✔ [3031/3065] Built LeanCert.Meta.Numeral (4.8s)
✔ [3032/3065] Built LeanCert.Engine.Eval.Result (3.2s)
✔ [3033/3065] Built LeanCert.Tactic.NumericalRefinement (853ms)
✔ [3034/3065] Built LeanCert.Core.TrigReduction (3.9s)
✔ [3035/3065] Built LeanCert.Tactic.IntervalAuto.Types (4.4s)
✔ [3036/3065] Built LeanCert.Core.IntervalRat.Transcendental (5.9s)
✔ [3037/3168] Built LeanCert.Tactic.IntervalAuto.Extract (3.9s)
✔ [3089/3170] Built LeanCert.Tactic.IntervalAuto.Norm (6.3s)
✔ [3091/3174] Built LeanCert.Meta.ToExpr (7.8s)
✔ [3092/3174] Built LeanCert.Tactic.VecUtil (5.8s)
✔ [3093/3174] Built LeanCert.Tactic.FinsetParse (6.0s)
✔ [3094/3174] Built LeanCert.Tactic.LeanCert.Normalize (6.9s)
✔ [3095/3176] Built LeanCert.Tactic.BridgeNative (2.8s)
✔ [3614/3694] Built LeanCert.Tactic.IntervalAuto.Parse (9.2s)
✔ [3615/3696] Built LeanCert.Tactic.FinSumExpand (2.8s)
✔ [3616/3700] Built LeanCert.Validity.Eventual (3.4s)
✔ [3617/3703] Built LeanCert.Tactic.LeanCert.Semantic.Domain (1.9s)
✔ [3618/3703] Built LeanCert.Tactic.IntervalAuto.Diagnostic (3.8s)
✔ [3619/3703] Built LeanCert.Tactic.LeanCert.Semantic.Goal (2.4s)
✔ [3620/3707] Built LeanCert.Tactic.VecSimp (2.1s)
✔ [3621/3708] Built LeanCert.Core.IntervalRat.Taylor (24s)
✔ [3622/3708] Built LeanCert.Tactic.LeanCert.Semantic.Parse.Comparison (1.8s)
✔ [3623/3708] Built LeanCert.Tactic.EventualBound (6.0s)
✔ [3624/3710] Built LeanCert.Tactic.Extension.Protocol (3.2s)
✔ [3625/3711] Built LeanCert.Core.IntervalReal (3.0s)
✔ [3626/3711] Built LeanCert.Core.IntervalRat.TrigReduced (3.5s)
✔ [3627/3711] Built LeanCert.Tactic.LeanCert.Diagnostic.Evidence (3.6s)
✔ [3628/3711] Built LeanCert.Tactic.LeanCert.Semantic.Parse.Bound (3.7s)
✔ [3629/3711] Built LeanCert.Tactic.Extension.Registry (3.7s)
✔ [3630/3716] Built LeanCert.Tactic.LeanCert.Config (2.2s)
✔ [3632/3718] Built LeanCert.Core.IntervalRealEndpoints (6.4s)
✔ [3633/3718] Built LeanCert.Engine.Algebra.QPoly (6.7s)
✔ [3634/3724] Built LeanCert.Engine.Affine.Basic (9.8s)
✔ [3635/3724] Built LeanCert.Core.IntervalDyadic (12s)
✔ [3636/3726] Built LeanCert.Engine.Algebra.QPolyIntegral (6.1s)
✔ [3637/3729] Built LeanCert.Engine.Affine.Nonlinear (7.2s)
✔ [3639/3750] Built LeanCert.Engine.FloatEval (4.6s)
✔ [3640/3750] Built LeanCert.Engine.Eval.Core (10s)
✔ [3641/3750] Built LeanCert.Core.DyadicCell (5.7s)
✔ [3642/3750] Built LeanCert.Tactic.Extension.Command (2.6s)
✔ [3643/3750] Built LeanCert.Engine.Eval.Extended (4.4s)
✔ [3644/3750] Built LeanCert.Tactic.Extension (2.4s)
✔ [3645/3750] Built LeanCert.Core.DyadicFrontier (3.1s)
✔ [3646/3750] Built LeanCert.Engine.Bounds.Lemmas (2.1s)
✔ [3647/3750] Built LeanCert.Engine.IntervalEval (1.8s)
✔ [3648/3750] Built LeanCert.Validity.Bounds.Core (3.4s)
✔ [3649/3750] Built LeanCert.Validity.Bounds.Checked (3.5s)
✔ [3650/3750] Built LeanCert.Engine.Affine.Transcendental (5.2s)
✔ [3651/3750] Built LeanCert.Engine.Optimization.Box (4.2s)
✔ [3652/3750] Built LeanCert.Engine.IntervalEvalDyadic (8.3s)
✔ [3653/3750] Built LeanCert.Engine.RootFinding.Basic (7.3s)
✔ [3654/3750] Built LeanCert.Engine.AD.Basic (3.7s)
✔ [3655/3750] Built LeanCert.Engine.Integrate (8.0s)
✔ [3656/3750] Built LeanCert.Engine.Search.Heuristic (5.5s)
✔ [3657/3750] Built LeanCert.Engine.IntervalEvalAffine (8.4s)
✔ [3658/3750] Built LeanCert.Engine.TaylorModel.Core (12s)
✔ [3659/3750] Built LeanCert.Engine.FinSumDyadic (6.5s)
✔ [3660/3750] Built LeanCert.Validity.DyadicBounds (4.4s)
✔ [3661/3750] Built LeanCert.Engine.AD.Transcendental (5.5s)
✔ [3662/3750] Built LeanCert.Engine.RootFinding.Bisection (6.9s)
✔ [3663/3750] Built LeanCert.Engine.Affine.Environment (5.3s)
✔ [3664/3750] Built LeanCert.Engine.TaylorModel.Integral (4.6s)
✔ [3665/3750] Built LeanCert.Engine.TaylorModel.Special (3.2s)
✔ [3666/3750] Built LeanCert.Engine.WitnessSum (9.0s)
✔ [3667/3750] Built LeanCert.Engine.TaylorModel.ExpLog (12s)
✔ [3668/3750] Built LeanCert.Engine.AD.Eval (3.3s)
✔ [3669/3750] Built LeanCert.Engine.TaylorModel.Trig (14s)
✔ [3670/3750] Built LeanCert.Engine.TaylorModel.Hyperbolic (15s)
✔ [3671/3750] Built LeanCert.Engine.AD.Correctness (3.0s)
✔ [3672/3750] Built LeanCert.Engine.TaylorModel.Functions (2.3s)
✔ [3673/3750] Built LeanCert.Engine.AD.Computable (4.9s)
✔ [3674/3750] Built LeanCert.Engine.TaylorModel.Expr (6.0s)
✔ [3675/3750] Built LeanCert.Engine.AD.PartialCorrectness (6.8s)
✔ [3676/3750] Built LeanCert.Engine.AD.DomainChecked (3.4s)
✔ [3677/3750] Built LeanCert.Engine.TaylorModel (2.3s)
✔ [3678/3750] Built LeanCert.Engine.AD.Dyadic (3.3s)
✔ [3679/3750] Built LeanCert.Engine.AD (1.8s)
✔ [3680/3750] Built LeanCert.Validity.Bounds.Smart (4.2s)
✔ [3681/3750] Built LeanCert.Engine.IntervalEvalRefined (5.3s)
✔ [3682/3750] Built LeanCert.Meta.ProveSupported (5.4s)
✔ [3683/3750] Built LeanCert.Engine.Optimize (7.9s)
✔ [3684/3750] Built LeanCert.Validity.Bounds.Bridge (4.1s)
✔ [3685/3750] Built LeanCert.Meta.ProveContinuous (5.6s)
✔ [3686/3750] Built LeanCert.Tactic.IntervalAuto.ProveCommon (7.2s)
✔ [3687/3750] Built LeanCert.Validity.Bounds.Basic (3.0s)
✔ [3688/3750] Built LeanCert.Engine.RootFinding.Newton (6.6s)
✔ [3689/3750] Built LeanCert.Engine.Optimization.Gradient (8.0s)
✔ [3690/3750] Built LeanCert.Tactic.IntervalAuto.Basic (4.0s)
✔ [3691/3750] Built LeanCert.Tactic.LeanCert.Bridge.ReifiedFunction (4.4s)
✔ [3692/3750] Built LeanCert.Validity.Integration (8.1s)
✔ [3693/3750] Built LeanCert.Engine.RootFinding.MVTBounds (11s)
✔ [3694/3750] Built LeanCert.Engine.RootFinding.Krawczyk (10s)
✔ [3695/3750] Built LeanCert.Tactic.LeanCert.Semantic.Prepare (9.7s)
✔ [3696/3750] Built LeanCert.Engine.RootFinding.KrawczykCandidate (7.5s)
✔ [3697/3750] Built LeanCert.Engine.RootFinding.Contraction (10s)
✔ [3698/3750] Built LeanCert.Tactic.LeanCert.Integral (12s)
✔ [3699/3750] Built LeanCert.Validity.Krawczyk (3.9s)
✔ [3700/3750] Built LeanCert.Engine.RootFinding.Main (4.6s)
✔ [3701/3750] Built LeanCert.Tactic.LeanCert.Solver.Protocol (6.9s)
✔ [3702/3750] Built LeanCert.Tactic.Extension.Execute (8.4s)
✔ [3703/3750] Built LeanCert.Engine.Optimization.Global (30s)
✔ [3704/3750] Built LeanCert.Tactic.LeanCert.Diagnostic.Render (3.5s)
✔ [3705/3750] Built LeanCert.Tactic.Enclosure (4.1s)
✔ [3706/3750] Built LeanCert.Validity.Types (3.6s)
✔ [3707/3750] Built LeanCert.Engine.Optimization.Guided (4.0s)
✔ [3708/3750] Built LeanCert.Engine.Search.CounterExample (4.0s)
✔ [3709/3750] Built LeanCert.Validity.Bounds (7.7s)
✔ [3710/3750] Built LeanCert.Engine.Optimization.BoundVerify (4.1s)
✔ [3711/3750] Built LeanCert.Discovery.Find (3.9s)
✔ [3712/3750] Built LeanCert.Tactic.IntervalAuto.OptBound (4.7s)
✔ [3713/3750] Built LeanCert.Tactic.IntervalAuto.RootBound (4.6s)
✔ [3714/3750] Built LeanCert.Tactic.IntervalAuto.Multivariate (6.3s)
✔ [3715/3750] Built LeanCert.Tactic.IntervalAuto.Bound (13s)
✔ [3716/3750] Built LeanCert.Tactic.IntervalAuto.Subdiv (6.2s)
✔ [3717/3750] Built LeanCert.Tactic.IntervalAuto.Adaptive (7.8s)
✔ [3718/3750] Built LeanCert.Tactic.IntervalAuto.PointIneq (9.3s)
✔ [3719/3750] Built LeanCert.Tactic.IntervalAuto (2.4s)
✔ [3720/3750] Built LeanCert.Tactic.Refute (3.4s)
✔ [3721/3750] Built LeanCert.Tactic.FinSumWitness (5.8s)
✔ [3722/3750] Built LeanCert.Tactic.FinSumBound (4.4s)
✔ [3723/3750] Built LeanCert.Tactic.LeanCert.Semantic.Parse (3.2s)
✔ [3724/3750] Built LeanCert.Tactic.Discovery (14s)
✔ [3725/3750] Built LeanCert.Tactic.Krawczyk (3.3s)
✔ [3726/3750] Built LeanCert.Tactic.LeanCert.Router (7.9s)
✔ [3727/3750] Built LeanCert.Tactic.LeanCert (2.5s)
✔ [3728/3750] Built LeanCert.Tactic (2.5s)
ℹ [3729/3750] Built NLA.MI13.Frobenius (3.6s)
info: NLA/MI13/Frobenius.lean:113:0: 'NLA.MI13.frobenius_semantics' depends on axioms: [propext, Classical.choice, Quot.sound]
info: NLA/MI13/Frobenius.lean:115:0: 'NLA.MI13.frobenius_linear_bounds' depends on axioms: [propext, Classical.choice, Quot.sound]
info: NLA/MI13/Frobenius.lean:117:0: 'NLA.MI13.hilbert_schmidt_semantics' depends on axioms: [propext, Classical.choice, Quot.sound]
ℹ [3730/3750] Built NLA.MI13.Numerical (3.9s)
info: NLA/MI13/Numerical.lean:23:0: 'NLA.MI13.half_certificate' depends on axioms: [propext, Classical.choice, Quot.sound]
ℹ [3731/3750] Built NLA.MI13.SingularSemantics (4.1s)
info: NLA/MI13/SingularSemantics.lean:31:0: 'NLA.MI13.singular_values_semantics' depends on axioms: [propext, Classical.choice, Quot.sound]
info: NLA/MI13/SingularSemantics.lean:33:0: 'NLA.MI13.singular_values_gram' depends on axioms: [propext, Classical.choice, Quot.sound]
ℹ [3732/3750] Built NLA.MI13.GramBasis (5.0s)
info: NLA/MI13/GramBasis.lean:35:0: 'NLA.MI13.ordered_gram_basis' depends on axioms: [propext, Classical.choice, Quot.sound]
info: NLA/MI13/GramBasis.lean:37:0: 'NLA.MI13.positive_image_extension' depends on axioms: [propext, Classical.choice, Quot.sound]
ℹ [3733/3750] Built NLA.MI13.CommutatorAlgebra (5.7s)
info: NLA/MI13/CommutatorAlgebra.lean:85:0: 'NLA.MI13.commutator_adjoint' depends on axioms: [propext, Classical.choice, Quot.sound]
info: NLA/MI13/CommutatorAlgebra.lean:87:0: 'NLA.MI13.commutator_conjugate_symmetry' depends on axioms: [propext, Classical.choice, Quot.sound]
ℹ [3734/3750] Built NLA.MI13.ElementaryBounds (5.9s)
info: NLA/MI13/ElementaryBounds.lean:76:0: 'NLA.MI13.two_coordinate_bound' depends on axioms: [propext, Classical.choice, Quot.sound]
info: NLA/MI13/ElementaryBounds.lean:78:0: 'NLA.MI13.off_corner_coefficient_bound' depends on axioms: [propext, Classical.choice, Quot.sound]
info: NLA/MI13/ElementaryBounds.lean:80:0: 'NLA.MI13.unit_circle_lift' depends on axioms: [propext, Classical.choice, Quot.sound]
info: NLA/MI13/ElementaryBounds.lean:82:0: 'NLA.MI13.frobenius_average_bound' depends on axioms: [propext, Classical.choice, Quot.sound]
ℹ [3735/3750] Built NLA.MI13.OperatorNorm (8.5s)
info: NLA/MI13/OperatorNorm.lean:112:0: 'NLA.MI13.operator_norm_semantics' depends on axioms: [propext, Classical.choice, Quot.sound]
ℹ [3736/3750] Built NLA.MI13.NormalizedImages (4.7s)
info: NLA/MI13/NormalizedImages.lean:78:0: 'NLA.MI13.positive_image_orthonormal' depends on axioms: [propext, Classical.choice, Quot.sound]
info: NLA/MI13/NormalizedImages.lean:80:0: 'NLA.MI13.zero_singular_image' depends on axioms: [propext, Classical.choice, Quot.sound]
info: NLA/MI13/NormalizedImages.lean:82:0: 'NLA.MI13.full_singular_vector_bases' depends on axioms: [propext, Classical.choice, Quot.sound]
ℹ [3737/3750] Built NLA.MI13.CommutatorEigenspaces (5.4s)
info: NLA/MI13/CommutatorEigenspaces.lean:103:0: 'NLA.MI13.positive_eigenvector_pair' depends on axioms: [propext, Classical.choice, Quot.sound]
info: NLA/MI13/CommutatorEigenspaces.lean:105:0: 'NLA.MI13.eigenspace_functional_kernel' depends on axioms: [propext, Classical.choice, Quot.sound]
ℹ [3738/3750] Built NLA.MI13.CommutatorMaximum (6.8s)
info: NLA/MI13/CommutatorMaximum.lean:80:0: 'NLA.MI13.commutator_spectral_maximum' depends on axioms: [propext, Classical.choice, Quot.sound]
ℹ [3739/3750] Built NLA.MI13.NormScaling (4.6s)
info: NLA/MI13/NormScaling.lean:27:0: 'NLA.MI13.spectralNorm_smul' depends on axioms: [propext, Classical.choice, Quot.sound]
ℹ [3740/3750] Built NLA.MI13.UnitaryInvariance (4.9s)
info: NLA/MI13/UnitaryInvariance.lean:75:0: 'NLA.MI13.unitary_singular_invariance' depends on axioms: [propext, Classical.choice, Quot.sound]
info: NLA/MI13/UnitaryInvariance.lean:77:0: 'NLA.MI13.unitary_norm_invariance' depends on axioms: [propext, Classical.choice, Quot.sound]
ℹ [3741/3750] Built NLA.MI13.SVD (3.5s)
info: NLA/MI13/SVD.lean:61:0: 'NLA.MI13.full_svd' depends on axioms: [propext, Classical.choice, Quot.sound]
ℹ [3742/3750] Built NLA.MI13.TwoUnitaryAverage (4.5s)
info: NLA/MI13/TwoUnitaryAverage.lean:85:0: 'NLA.MI13.two_unitary_average' depends on axioms: [propext, Classical.choice, Quot.sound]
ℹ [3743/3750] Built NLA.MI13.CancelledSVD (4.7s)
info: NLA/MI13/CancelledSVD.lean:147:0: 'NLA.MI13.svd_corner_functional' depends on axioms: [propext, Classical.choice, Quot.sound]
info: NLA/MI13/CancelledSVD.lean:149:0: 'NLA.MI13.cancelled_svd_bound' depends on axioms: [propext, Classical.choice, Quot.sound]
ℹ [3744/3750] Built NLA.MI13.Padding (4.9s)
info: NLA/MI13/Padding.lean:203:0: 'NLA.MI13.padding_product' depends on axioms: [propext, Classical.choice, Quot.sound]
info: NLA/MI13/Padding.lean:205:0: 'NLA.MI13.padding_norms' depends on axioms: [propext, Classical.choice, Quot.sound]
info: NLA/MI13/Padding.lean:207:0: 'NLA.MI13.padding_singular_values' depends on axioms: [propext, Classical.choice, Quot.sound]
ℹ [3745/3750] Built NLA.MI13.RefinedCommutator (2.8s)
info: NLA/MI13/RefinedCommutator.lean:49:0: 'NLA.MI13.refined_commutator_bound' depends on axioms: [propext, Classical.choice, Quot.sound]
ℹ [3746/3750] Built NLA.MI13.Sharpness (3.6s)
info: NLA/MI13/Sharpness.lean:57:0: 'NLA.MI13.sharpness_example' depends on axioms: [propext, Classical.choice, Quot.sound]
ℹ [3747/3750] Built NLA.MI13.MiddleBounds (3.3s)
info: NLA/MI13/MiddleBounds.lean:96:0: 'NLA.MI13.unitary_middle_bound' depends on axioms: [propext, Classical.choice, Quot.sound]
info: NLA/MI13/MiddleBounds.lean:98:0: 'NLA.MI13.contraction_middle_bound' depends on axioms: [propext, Classical.choice, Quot.sound]
info: NLA/MI13/MiddleBounds.lean:100:0: 'NLA.MI13.square_middle_bound' depends on axioms: [propext, Classical.choice, Quot.sound]
ℹ [3748/3750] Built NLA.MI13.Complete (2.6s)
info: NLA/MI13/Complete.lean:30:0: 'NLA.MI13.canonical_rectangular_bound' depends on axioms: [propext, Classical.choice, Quot.sound]
ℹ [3749/3750] Built Solution (2.5s)
info: Solution.lean:18:0: 'NLA.MI13.frobenius_semantics' depends on axioms: [propext, Classical.choice, Quot.sound]
info: Solution.lean:20:0: 'NLA.MI13.frobenius_linear_bounds' depends on axioms: [propext, Classical.choice, Quot.sound]
info: Solution.lean:22:0: 'NLA.MI13.operator_norm_semantics' depends on axioms: [propext, Classical.choice, Quot.sound]
info: Solution.lean:24:0: 'NLA.MI13.singular_values_semantics' depends on axioms: [propext, Classical.choice, Quot.sound]
info: Solution.lean:26:0: 'NLA.MI13.singular_values_gram' depends on axioms: [propext, Classical.choice, Quot.sound]
info: Solution.lean:28:0: 'NLA.MI13.ordered_gram_basis' depends on axioms: [propext, Classical.choice, Quot.sound]
info: Solution.lean:30:0: 'NLA.MI13.positive_image_orthonormal' depends on axioms: [propext, Classical.choice, Quot.sound]
info: Solution.lean:32:0: 'NLA.MI13.zero_singular_image' depends on axioms: [propext, Classical.choice, Quot.sound]
info: Solution.lean:34:0: 'NLA.MI13.positive_image_extension' depends on axioms: [propext, Classical.choice, Quot.sound]
info: Solution.lean:36:0: 'NLA.MI13.full_singular_vector_bases' depends on axioms: [propext, Classical.choice, Quot.sound]
info: Solution.lean:38:0: 'NLA.MI13.full_svd' depends on axioms: [propext, Classical.choice, Quot.sound]
info: Solution.lean:40:0: 'NLA.MI13.unitary_norm_invariance' depends on axioms: [propext, Classical.choice, Quot.sound]
info: Solution.lean:42:0: 'NLA.MI13.unitary_singular_invariance' depends on axioms: [propext, Classical.choice, Quot.sound]
info: Solution.lean:44:0: 'NLA.MI13.hilbert_schmidt_semantics' depends on axioms: [propext, Classical.choice, Quot.sound]
info: Solution.lean:46:0: 'NLA.MI13.commutator_adjoint' depends on axioms: [propext, Classical.choice, Quot.sound]
info: Solution.lean:48:0: 'NLA.MI13.commutator_conjugate_symmetry' depends on axioms: [propext, Classical.choice, Quot.sound]
info: Solution.lean:50:0: 'NLA.MI13.commutator_spectral_maximum' depends on axioms: [propext, Classical.choice, Quot.sound]
info: Solution.lean:52:0: 'NLA.MI13.positive_eigenvector_pair' depends on axioms: [propext, Classical.choice, Quot.sound]
info: Solution.lean:54:0: 'NLA.MI13.eigenspace_functional_kernel' depends on axioms: [propext, Classical.choice, Quot.sound]
info: Solution.lean:56:0: 'NLA.MI13.two_coordinate_bound' depends on axioms: [propext, Classical.choice, Quot.sound]
info: Solution.lean:58:0: 'NLA.MI13.off_corner_coefficient_bound' depends on axioms: [propext, Classical.choice, Quot.sound]
info: Solution.lean:60:0: 'NLA.MI13.svd_corner_functional' depends on axioms: [propext, Classical.choice, Quot.sound]
info: Solution.lean:62:0: 'NLA.MI13.cancelled_svd_bound' depends on axioms: [propext, Classical.choice, Quot.sound]
info: Solution.lean:64:0: 'NLA.MI13.refined_commutator_bound' depends on axioms: [propext, Classical.choice, Quot.sound]
info: Solution.lean:66:0: 'NLA.MI13.half_certificate' depends on axioms: [propext, Classical.choice, Quot.sound]
info: Solution.lean:68:0: 'NLA.MI13.unit_circle_lift' depends on axioms: [propext, Classical.choice, Quot.sound]
info: Solution.lean:70:0: 'NLA.MI13.two_unitary_average' depends on axioms: [propext, Classical.choice, Quot.sound]
info: Solution.lean:72:0: 'NLA.MI13.frobenius_average_bound' depends on axioms: [propext, Classical.choice, Quot.sound]
info: Solution.lean:74:0: 'NLA.MI13.unitary_middle_bound' depends on axioms: [propext, Classical.choice, Quot.sound]
info: Solution.lean:76:0: 'NLA.MI13.contraction_middle_bound' depends on axioms: [propext, Classical.choice, Quot.sound]
info: Solution.lean:78:0: 'NLA.MI13.square_middle_bound' depends on axioms: [propext, Classical.choice, Quot.sound]
info: Solution.lean:80:0: 'NLA.MI13.padding_product' depends on axioms: [propext, Classical.choice, Quot.sound]
info: Solution.lean:82:0: 'NLA.MI13.padding_norms' depends on axioms: [propext, Classical.choice, Quot.sound]
info: Solution.lean:84:0: 'NLA.MI13.padding_singular_values' depends on axioms: [propext, Classical.choice, Quot.sound]
info: Solution.lean:86:0: 'NLA.MI13.canonical_rectangular_bound' depends on axioms: [propext, Classical.choice, Quot.sound]
info: Solution.lean:88:0: 'NLA.MI13.sharpness_example' depends on axioms: [propext, Classical.choice, Quot.sound]
Build completed successfully (3750 jobs).
Exporting #[Quot, Quot.mk, Quot.lift, Quot.ind, NLA.MI13.frobenius_semantics, NLA.MI13.frobenius_linear_bounds, NLA.MI13.operator_norm_semantics, NLA.MI13.singular_values_semantics, NLA.MI13.singular_values_gram, NLA.MI13.ordered_gram_basis, NLA.MI13.positive_image_orthonormal, NLA.MI13.zero_singular_image, NLA.MI13.positive_image_extension, NLA.MI13.full_singular_vector_bases, NLA.MI13.full_svd, NLA.MI13.unitary_norm_invariance, NLA.MI13.unitary_singular_invariance, NLA.MI13.hilbert_schmidt_semantics, NLA.MI13.commutator_adjoint, NLA.MI13.commutator_conjugate_symmetry, NLA.MI13.commutator_spectral_maximum, NLA.MI13.positive_eigenvector_pair, NLA.MI13.eigenspace_functional_kernel, NLA.MI13.two_coordinate_bound, NLA.MI13.off_corner_coefficient_bound, NLA.MI13.svd_corner_functional, NLA.MI13.cancelled_svd_bound, NLA.MI13.refined_commutator_bound, NLA.MI13.half_certificate, NLA.MI13.unit_circle_lift, NLA.MI13.two_unitary_average, NLA.MI13.frobenius_average_bound, NLA.MI13.unitary_middle_bound, NLA.MI13.contraction_middle_bound, NLA.MI13.square_middle_bound, NLA.MI13.padding_product, NLA.MI13.padding_norms, NLA.MI13.padding_singular_values, NLA.MI13.canonical_rectangular_bound, NLA.MI13.sharpness_example, propext, Quot.sound, Classical.choice, Nat.add, Nat.sub, Nat.mul, Nat.pow, Nat.gcd, Nat.div, Nat.mod, Nat.beq, Nat.ble, Nat.land, Nat.lor, Nat.xor, Nat.shiftLeft, Nat.shiftRight, String.ofList, Char.ofNat, List, eagerReduce, Nat, String, String.mk, Char, optParam, autoParam, semiOutParam, outParam] from Solution
Running Lean default kernel on solution.
Lean default kernel accepts the solution
Your solution is okay!

EXIT_STATUS=0
