{
  "python": "3.12.14",
  "sympy": "1.14.0",
  "symbolic_matching_polynomials": [
    {
      "m": 2,
      "N": 9,
      "monomials": 141,
      "all_eta_rho_t_squared_Laurent_coefficients_equal": true
    },
    {
      "m": 3,
      "N": 16,
      "monomials": 662,
      "all_eta_rho_t_squared_Laurent_coefficients_equal": true
    },
    {
      "m": 4,
      "N": 25,
      "monomials": 2163,
      "all_eta_rho_t_squared_Laurent_coefficients_equal": true
    },
    {
      "m": 5,
      "N": 36,
      "monomials": 5648,
      "all_eta_rho_t_squared_Laurent_coefficients_equal": true
    },
    {
      "m": 6,
      "N": 49,
      "monomials": 12661,
      "all_eta_rho_t_squared_Laurent_coefficients_equal": true
    },
    {
      "m": 7,
      "N": 64,
      "monomials": 25406,
      "all_eta_rho_t_squared_Laurent_coefficients_equal": true
    },
    {
      "m": 8,
      "N": 81,
      "monomials": 46867,
      "all_eta_rho_t_squared_Laurent_coefficients_equal": true
    }
  ],
  "direct_exact_complex_gram_determinants": 24,
  "independent_sylvester_norm_certificates": [
    {
      "m": 4,
      "t": 4,
      "positive_principal_minors": 25,
      "smallest_principal_minor": "361",
      "strict_ratio_lower_bound": "32/19"
    },
    {
      "m": 9,
      "t": 9,
      "positive_principal_minors": 100,
      "smallest_principal_minor": "7921",
      "strict_ratio_lower_bound": "243/89"
    }
  ],
  "full_exact_polynomial_matrices": 6,
  "controls": {
    "misplaced_bridge_same_weight_multiset": "rejected",
    "concrete_shift_z1_eta1_bad_minus_good": "2321634375/64",
    "semidefinite_positive_definite_confusion": "rejected",
    "highest_degree_omission": "detected",
    "coincident_t1": "passed for m=2,...,8"
  },
  "result": "PASS",
  "limits": "Finite-dimensional exact checks, including symbolic t and complex-shift invariants; all-m quantifiers and unboundedness require the separately reviewed written proof."
}
