{
  "source_files": 14,
  "source_unchanged": true,
  "runs": [
    {
      "log": "original-exact.log",
      "seconds": 2.1156122910324484,
      "exit_code": 0
    },
    {
      "log": "original-numeric.log",
      "seconds": 0.41170008399058133,
      "exit_code": 0
    },
    {
      "log": "submitted-independent.json",
      "seconds": 1.6893536249990575,
      "exit_code": 0
    },
    {
      "log": "maintainer-check.log",
      "seconds": 1.6599461250007153,
      "exit_code": 0
    }
  ]
}
