✔ [2655/2666] Built NLA.IE17.Definitions (1.6s)
✔ [2656/2666] Built NLA.IE17.Geometry (1.8s)
ℹ [2657/2666] Built NLA.IE17.Attainment (2.1s)
info: NLA/IE17/Attainment.lean:51:0: 'NLA.IE17.backwardError_isLeast' depends on axioms: [propext, Classical.choice, Quot.sound]
⚠ [2658/2666] Built NLA.IE17.ProjectionAlgebra (3.2s)
warning: NLA/IE17/ProjectionAlgebra.lean:76:67: This simp argument is unused:
  Matrix.one_apply

Hint: Omit it from the simp argument list.
  [apply] simp [augmentedMatrix, Matrix.mul_apply, Fintype.sum_sum_type, pow_two]

Note: This linter can be disabled with `set_option linter.unusedSimpArgs false`
warning: NLA/IE17/ProjectionAlgebra.lean:78:67: This simp argument is unused:
  Matrix.one_apply

Hint: Omit it from the simp argument list.
  [apply] simp [augmentedMatrix, Matrix.mul_apply, Fintype.sum_sum_type, hij, Ne.symm hij]

Note: This linter can be disabled with `set_option linter.unusedSimpArgs false`
✔ [2659/2666] Built NLA.IE17.ExactData (3.4s)
⚠ [2660/2666] Built NLA.IE17.Projection (3.1s)
warning: NLA/IE17/Projection.lean:60:14: This simp argument is unused:
  mul_left_comm

Hint: Omit it from the simp argument list.
  [apply] simp [realDot, Matrix.smul_mulVec, Finset.mul_sum, div_eq_mul_inv, mul_comm, mul_assoc]

Note: This linter can be disabled with `set_option linter.unusedSimpArgs false`
warning: NLA/IE17/Projection.lean:69:10: This simp argument is unused:
  Matrix.diagonal_apply

Hint: Omit it from the simp argument list.
  [apply] simp [hd]

Note: This linter can be disabled with `set_option linter.unusedSimpArgs false`
warning: NLA/IE17/Projection.lean:70:10: This simp argument is unused:
  Matrix.diagonal_apply

Hint: Omit it from the simp argument list.
  [apply] simp [Matrix.one_apply, hij]

Note: This linter can be disabled with `set_option linter.unusedSimpArgs false`
warning: NLA/IE17/Projection.lean:70:33: This simp argument is unused:
  Matrix.one_apply

Hint: Omit it from the simp argument list.
  [apply] simp [Matrix.diagonal_apply, hij]

Note: This linter can be disabled with `set_option linter.unusedSimpArgs false`
warning: NLA/IE17/Projection.lean:96:45: This simp argument is unused:
  Matrix.diagonal_apply

Hint: Omit it from the simp argument list.
  [apply] simp [d, Matrix.one_apply]

Note: This linter can be disabled with `set_option linter.unusedSimpArgs false`
warning: NLA/IE17/Projection.lean:96:68: This simp argument is unused:
  Matrix.one_apply

Hint: Omit it from the simp argument list.
  [apply] simp [d, Matrix.diagonal_apply]

Note: This linter can be disabled with `set_option linter.unusedSimpArgs false`
info: NLA/IE17/Projection.lean:123:0: 'NLA.IE17.projectionError_sq_formula' depends on axioms: [propext, Classical.choice, Quot.sound]
ℹ [2661/2666] Built NLA.IE17.Quadratic (3.4s)
info: NLA/IE17/Quadratic.lean:103:0: 'NLA.IE17.spectralNorm_sq_le_of_gram_posSemidef' depends on axioms: [propext, Classical.choice, Quot.sound]
ℹ [2662/2666] Built NLA.IE17.Iterates (3.8s)
info: NLA/IE17/Iterates.lean:184:0: 'NLA.IE17.witness_iterates' depends on axioms: [propext, Classical.choice, Quot.sound]
✖ [2663/2666] Building NLA.IE17.Certificates (9.8s)
trace: .> LEAN_PATH=/home/runner/work/OpenProblemsInNLA/OpenProblemsInNLA/.lean-development/.lake/packages/Cli/.lake/build/lib/lean:/home/runner/work/OpenProblemsInNLA/OpenProblemsInNLA/.lean-development/.lake/packages/batteries/.lake/build/lib/lean:/home/runner/work/OpenProblemsInNLA/OpenProblemsInNLA/.lean-development/.lake/packages/Qq/.lake/build/lib/lean:/home/runner/work/OpenProblemsInNLA/OpenProblemsInNLA/.lean-development/.lake/packages/aesop/.lake/build/lib/lean:/home/runner/work/OpenProblemsInNLA/OpenProblemsInNLA/.lean-development/.lake/packages/proofwidgets/.lake/build/lib/lean:/home/runner/work/OpenProblemsInNLA/OpenProblemsInNLA/.lean-development/.lake/packages/importGraph/.lake/build/lib/lean:/home/runner/work/OpenProblemsInNLA/OpenProblemsInNLA/.lean-development/.lake/packages/LeanSearchClient/.lake/build/lib/lean:/home/runner/work/OpenProblemsInNLA/OpenProblemsInNLA/.lean-development/.lake/packages/plausible/.lake/build/lib/lean:/home/runner/work/OpenProblemsInNLA/OpenProblemsInNLA/.lean-development/.lake/packages/mathlib/.lake/build/lib/lean:/home/runner/work/OpenProblemsInNLA/OpenProblemsInNLA/.lean-development/.lake/packages/leancert/.lake/build/lib/lean:/home/runner/work/OpenProblemsInNLA/OpenProblemsInNLA/.lean-development/.lake/build/lib/lean /home/runner/.elan/toolchains/leanprover--lean4---v4.33.1/bin/lean /home/runner/work/OpenProblemsInNLA/OpenProblemsInNLA/.lean-development/NLA/IE17/Certificates.lean -o /home/runner/work/OpenProblemsInNLA/OpenProblemsInNLA/.lean-development/.lake/build/lib/lean/NLA/IE17/Certificates.olean -i /home/runner/work/OpenProblemsInNLA/OpenProblemsInNLA/.lean-development/.lake/build/lib/lean/NLA/IE17/Certificates.ilean -c /home/runner/work/OpenProblemsInNLA/OpenProblemsInNLA/.lean-development/.lake/build/ir/NLA/IE17/Certificates.c --setup /home/runner/work/OpenProblemsInNLA/OpenProblemsInNLA/.lean-development/.lake/build/ir/NLA/IE17/Certificates.setup.json --json
error: NLA/IE17/Certificates.lean:29:71: unsolved goals
case «0».«0»
⊢ -(62500 / 63231) +
        973502401 / 189724262 *
          ((11 -
                (Matrix.vecHead ((11231 / 31201) • Matrix.vecHead ∘ ![![1, 0, 0], ![0, 6, 0], ![0, 0, 5], ![0, 0, 0]]) +
                  (Matrix.vecHead
                      ((6126 / 31201) •
                        Matrix.vecHead ∘ Matrix.vecTail ∘ ![![1, 0, 0], ![0, 6, 0], ![0, 0, 5], ![0, 0, 0]]) +
                    Matrix.vecHead
                      ((5105 / 31201) •
                        Matrix.vecHead ∘
                          Matrix.vecTail ∘ Matrix.vecTail ∘ ![![1, 0, 0], ![0, 6, 0], ![0, 0, 5], ![0, 0, 0]]))) -
              20962164500 / 1972870431) *
            (11231 / 31201)) +
      28486513000 / 1322224458913 *
        ((11 -
              (Matrix.vecHead ((11231 / 31201) • Matrix.vecHead ∘ ![![1, 0, 0], ![0, 6, 0], ![0, 0, 5], ![0, 0, 0]]) +
                (Matrix.vecHead
                    ((6126 / 31201) •
                      Matrix.vecHead ∘ Matrix.vecTail ∘ ![![1, 0, 0], ![0, 6, 0], ![0, 0, 5], ![0, 0, 0]]) +
                  Matrix.vecHead
                    ((5105 / 31201) •
                      Matrix.vecHead ∘
                        Matrix.vecTail ∘ Matrix.vecTail ∘ ![![1, 0, 0], ![0, 6, 0], ![0, 0, 5], ![0, 0, 0]]))) -
            20962164500 / 1972870431) *
          (-Matrix.vecHead (!![1, 0, 0; 0, 6, 0; 0, 0, 5; 0, 0, 0].transpose.mulVec ![250, -1, 1, 27]) + 30129 / 182)) =
    -(82605007467565780 / 83605574761527903)

case «0».«1»
⊢ 500 / 21077 +
        973502401 / 189724262 *
          ((11 -
                (Matrix.vecHead ((11231 / 31201) • Matrix.vecHead ∘ ![![1, 0, 0], ![0, 6, 0], ![0, 0, 5], ![0, 0, 0]]) +
                  (Matrix.vecHead
                      ((6126 / 31201) •
                        Matrix.vecHead ∘ Matrix.vecTail ∘ ![![1, 0, 0], ![0, 6, 0], ![0, 0, 5], ![0, 0, 0]]) +
                    Matrix.vecHead
                      ((5105 / 31201) •
                        Matrix.vecHead ∘
                          Matrix.vecTail ∘ Matrix.vecTail ∘ ![![1, 0, 0], ![0, 6, 0], ![0, 0, 5], ![0, 0, 0]]))) -
              20962164500 / 1972870431) *
            (6126 / 31201)) +
      28486513000 / 1322224458913 *
        ((11 -
              (Matrix.vecHead ((11231 / 31201) • Matrix.vecHead ∘ ![![1, 0, 0], ![0, 6, 0], ![0, 0, 5], ![0, 0, 0]]) +
                (Matrix.vecHead
                    ((6126 / 31201) •
                      Matrix.vecHead ∘ Matrix.vecTail ∘ ![![1, 0, 0], ![0, 6, 0], ![0, 0, 5], ![0, 0, 0]]) +
                  Matrix.vecHead
                    ((5105 / 31201) •
                      Matrix.vecHead ∘
                        Matrix.vecTail ∘ Matrix.vecTail ∘ ![![1, 0, 0], ![0, 6, 0], ![0, 0, 5], ![0, 0, 0]]))) -
            20962164500 / 1972870431) *
          (-Matrix.vecHead
                (Matrix.vecTail (!![1, 0, 0; 0, 6, 0; 0, 0, 5; 0, 0, 0].transpose.mulVec ![250, -1, 1, 27])) +
            8217 / 91)) =
    1935141443699540 / 27868524920509301

case «0».«2»
⊢ -(1250 / 63231) +
        973502401 / 189724262 *
          ((11 -
                (Matrix.vecHead ((11231 / 31201) • Matrix.vecHead ∘ ![![1, 0, 0], ![0, 6, 0], ![0, 0, 5], ![0, 0, 0]]) +
                  (Matrix.vecHead
                      ((6126 / 31201) •
                        Matrix.vecHead ∘ Matrix.vecTail ∘ ![![1, 0, 0], ![0, 6, 0], ![0, 0, 5], ![0, 0, 0]]) +
                    Matrix.vecHead
                      ((5105 / 31201) •
                        Matrix.vecHead ∘
                          Matrix.vecTail ∘ Matrix.vecTail ∘ ![![1, 0, 0], ![0, 6, 0], ![0, 0, 5], ![0, 0, 0]]))) -
              20962164500 / 1972870431) *
            (5105 / 31201)) +
      28486513000 / 1322224458913 *
        ((11 -
              (Matrix.vecHead ((11231 / 31201) • Matrix.vecHead ∘ ![![1, 0, 0], ![0, 6, 0], ![0, 0, 5], ![0, 0, 0]]) +
                (Matrix.vecHead
                    ((6126 / 31201) •
                      Matrix.vecHead ∘ Matrix.vecTail ∘ ![![1, 0, 0], ![0, 6, 0], ![0, 0, 5], ![0, 0, 0]]) +
                  Matrix.vecHead
                    ((5105 / 31201) •
                      Matrix.vecHead ∘
                        Matrix.vecTail ∘ Matrix.vecTail ∘ ![![1, 0, 0], ![0, 6, 0], ![0, 0, 5], ![0, 0, 0]]))) -
            20962164500 / 1972870431) *
          (-Matrix.vecHead
                (Matrix.vecTail
                  (Matrix.vecTail (!![1, 0, 0; 0, 6, 0; 0, 0, 5; 0, 0, 0].transpose.mulVec ![250, -1, 1, 27]))) +
            13695 / 182)) =
    421707455855450 / 27868524920509301

case «1».«0»
⊢ 250 / 63231 +
        973502401 / 189724262 *
          ((1 -
                (Matrix.vecHead
                    (Matrix.vecTail
                      ((11231 / 31201) • Matrix.vecHead ∘ ![![1, 0, 0], ![0, 6, 0], ![0, 0, 5], ![0, 0, 0]])) +
                  (Matrix.vecHead
                      (Matrix.vecTail
                        ((6126 / 31201) •
                          Matrix.vecHead ∘ Matrix.vecTail ∘ ![![1, 0, 0], ![0, 6, 0], ![0, 0, 5], ![0, 0, 0]])) +
                    Matrix.vecHead
                      (Matrix.vecTail
                        ((5105 / 31201) •
                          Matrix.vecHead ∘
                            Matrix.vecTail ∘ Matrix.vecTail ∘ ![![1, 0, 0], ![0, 6, 0], ![0, 0, 5], ![0, 0, 0]])))) +
              83848658 / 1972870431) *
            (11231 / 31201)) +
      28486513000 / 1322224458913 *
        ((1 -
              (Matrix.vecHead
                  (Matrix.vecTail
                    ((11231 / 31201) • Matrix.vecHead ∘ ![![1, 0, 0], ![0, 6, 0], ![0, 0, 5], ![0, 0, 0]])) +
                (Matrix.vecHead
                    (Matrix.vecTail
                      ((6126 / 31201) •
                        Matrix.vecHead ∘ Matrix.vecTail ∘ ![![1, 0, 0], ![0, 6, 0], ![0, 0, 5], ![0, 0, 0]])) +
                  Matrix.vecHead
                    (Matrix.vecTail
                      ((5105 / 31201) •
                        Matrix.vecHead ∘
                          Matrix.vecTail ∘ Matrix.vecTail ∘ ![![1, 0, 0], ![0, 6, 0], ![0, 0, 5], ![0, 0, 0]])))) +
            83848658 / 1972870431) *
          (-Matrix.vecHead (!![1, 0, 0; 0, 6, 0; 0, 0, 5; 0, 0, 0].transpose.mulVec ![250, -1, 1, 27]) + 30129 / 182)) =
    39351326577989 / 167211149523055806

case «1».«1»
⊢ -(2 / 21077) +
        973502401 / 189724262 *
          ((1 -
                (Matrix.vecHead
                    (Matrix.vecTail
                      ((11231 / 31201) • Matrix.vecHead ∘ ![![1, 0, 0], ![0, 6, 0], ![0, 0, 5], ![0, 0, 0]])) +
                  (Matrix.vecHead
                      (Matrix.vecTail
                        ((6126 / 31201) •
                          Matrix.vecHead ∘ Matrix.vecTail ∘ ![![1, 0, 0], ![0, 6, 0], ![0, 0, 5], ![0, 0, 0]])) +
                    Matrix.vecHead
                      (Matrix.vecTail
                        ((5105 / 31201) •
                          Matrix.vecHead ∘
                            Matrix.vecTail ∘ Matrix.vecTail ∘ ![![1, 0, 0], ![0, 6, 0], ![0, 0, 5], ![0, 0, 0]])))) +
              83848658 / 1972870431) *
            (6126 / 31201)) +
      28486513000 / 1322224458913 *
        ((1 -
              (Matrix.vecHead
                  (Matrix.vecTail
                    ((11231 / 31201) • Matrix.vecHead ∘ ![![1, 0, 0], ![0, 6, 0], ![0, 0, 5], ![0, 0, 0]])) +
                (Matrix.vecHead
                    (Matrix.vecTail
                      ((6126 / 31201) •
                        Matrix.vecHead ∘ Matrix.vecTail ∘ ![![1, 0, 0], ![0, 6, 0], ![0, 0, 5], ![0, 0, 0]])) +
                  Matrix.vecHead
                    (Matrix.vecTail
                      ((5105 / 31201) •
                        Matrix.vecHead ∘
                          Matrix.vecTail ∘ Matrix.vecTail ∘ ![![1, 0, 0], ![0, 6, 0], ![0, 0, 5], ![0, 0, 0]])))) +
            83848658 / 1972870431) *
          (-Matrix.vecHead
                (Matrix.vecTail (!![1, 0, 0; 0, 6, 0; 0, 0, 5; 0, 0, 0].transpose.mulVec ![250, -1, 1, 27])) +
            8217 / 91)) =
    -(11644520940683327 / 27868524920509301)

case «1».«2»
⊢ 5 / 63231 +
        973502401 / 189724262 *
          ((1 -
                (Matrix.vecHead
                    (Matrix.vecTail
                      ((11231 / 31201) • Matrix.vecHead ∘ ![![1, 0, 0], ![0, 6, 0], ![0, 0, 5], ![0, 0, 0]])) +
                  (Matrix.vecHead
                      (Matrix.vecTail
                        ((6126 / 31201) •
                          Matrix.vecHead ∘ Matrix.vecTail ∘ ![![1, 0, 0], ![0, 6, 0], ![0, 0, 5], ![0, 0, 0]])) +
                    Matrix.vecHead
                      (Matrix.vecTail
                        ((5105 / 31201) •
                          Matrix.vecHead ∘
                            Matrix.vecTail ∘ Matrix.vecTail ∘ ![![1, 0, 0], ![0, 6, 0], ![0, 0, 5], ![0, 0, 0]])))) +
              83848658 / 1972870431) *
            (5105 / 31201)) +
      28486513000 / 1322224458913 *
        ((1 -
              (Matrix.vecHead
                  (Matrix.vecTail
                    ((11231 / 31201) • Matrix.vecHead ∘ ![![1, 0, 0], ![0, 6, 0], ![0, 0, 5], ![0, 0, 0]])) +
                (Matrix.vecHead
                    (Matrix.vecTail
                      ((6126 / 31201) •
                        Matrix.vecHead ∘ Matrix.vecTail ∘ ![![1, 0, 0], ![0, 6, 0], ![0, 0, 5], ![0, 0, 0]])) +
                  Matrix.vecHead
                    (Matrix.vecTail
                      ((5105 / 31201) •
                        Matrix.vecHead ∘
                          Matrix.vecTail ∘ Matrix.vecTail ∘ ![![1, 0, 0], ![0, 6, 0], ![0, 0, 5], ![0, 0, 0]])))) +
            83848658 / 1972870431) *
          (-Matrix.vecHead
                (Matrix.vecTail
                  (Matrix.vecTail (!![1, 0, 0; 0, 6, 0; 0, 0, 5; 0, 0, 0].transpose.mulVec ![250, -1, 1, 27]))) +
            13695 / 182)) =
    -(17771148162006125 / 55737049841018602)

case «2».«0»
⊢ -(250 / 63231) +
        973502401 / 189724262 *
          ((1 -
                (Matrix.vecHead
                    (Matrix.vecTail
                      (Matrix.vecTail
                        ((11231 / 31201) • Matrix.vecHead ∘ ![![1, 0, 0], ![0, 6, 0], ![0, 0, 5], ![0, 0, 0]]))) +
                  (Matrix.vecHead
                      (Matrix.vecTail
                        (Matrix.vecTail
                          ((6126 / 31201) •
                            Matrix.vecHead ∘ Matrix.vecTail ∘ ![![1, 0, 0], ![0, 6, 0], ![0, 0, 5], ![0, 0, 0]]))) +
                    Matrix.vecHead
                      (Matrix.vecTail
                        (Matrix.vecTail
                          ((5105 / 31201) •
                            Matrix.vecHead ∘
                              Matrix.vecTail ∘ Matrix.vecTail ∘ ![![1, 0, 0], ![0, 6, 0], ![0, 0, 5], ![0, 0, 0]]))))) -
              83848658 / 1972870431) *
            (11231 / 31201)) +
      28486513000 / 1322224458913 *
        ((1 -
              (Matrix.vecHead
                  (Matrix.vecTail
                    (Matrix.vecTail
                      ((11231 / 31201) • Matrix.vecHead ∘ ![![1, 0, 0], ![0, 6, 0], ![0, 0, 5], ![0, 0, 0]]))) +
                (Matrix.vecHead
                    (Matrix.vecTail
                      (Matrix.vecTail
                        ((6126 / 31201) •
                          Matrix.vecHead ∘ Matrix.vecTail ∘ ![![1, 0, 0], ![0, 6, 0], ![0, 0, 5], ![0, 0, 0]]))) +
                  Matrix.vecHead
                    (Matrix.vecTail
                      (Matrix.vecTail
                        ((5105 / 31201) •
                          Matrix.vecHead ∘
                            Matrix.vecTail ∘ Matrix.vecTail ∘ ![![1, 0, 0], ![0, 6, 0], ![0, 0, 5], ![0, 0, 0]]))))) -
            83848658 / 1972870431) *
          (-Matrix.vecHead (!![1, 0, 0; 0, 6, 0; 0, 0, 5; 0, 0, 0].transpose.mulVec ![250, -1, 1, 27]) + 30129 / 182)) =
    -(10780617925213 / 83605574761527903)

case «2».«1»
⊢ 2 / 21077 +
        973502401 / 189724262 *
          ((1 -
                (Matrix.vecHead
                    (Matrix.vecTail
                      (Matrix.vecTail
                        ((11231 / 31201) • Matrix.vecHead ∘ ![![1, 0, 0], ![0, 6, 0], ![0, 0, 5], ![0, 0, 0]]))) +
                  (Matrix.vecHead
                      (Matrix.vecTail
                        (Matrix.vecTail
                          ((6126 / 31201) •
                            Matrix.vecHead ∘ Matrix.vecTail ∘ ![![1, 0, 0], ![0, 6, 0], ![0, 0, 5], ![0, 0, 0]]))) +
                    Matrix.vecHead
                      (Matrix.vecTail
                        (Matrix.vecTail
                          ((5105 / 31201) •
                            Matrix.vecHead ∘
                              Matrix.vecTail ∘ Matrix.vecTail ∘ ![![1, 0, 0], ![0, 6, 0], ![0, 0, 5], ![0, 0, 0]]))))) -
              83848658 / 1972870431) *
            (6126 / 31201)) +
      28486513000 / 1322224458913 *
        ((1 -
              (Matrix.vecHead
                  (Matrix.vecTail
                    (Matrix.vecTail
                      ((11231 / 31201) • Matrix.vecHead ∘ ![![1, 0, 0], ![0, 6, 0], ![0, 0, 5], ![0, 0, 0]]))) +
                (Matrix.vecHead
                    (Matrix.vecTail
                      (Matrix.vecTail
                        ((6126 / 31201) •
                          Matrix.vecHead ∘ Matrix.vecTail ∘ ![![1, 0, 0], ![0, 6, 0], ![0, 0, 5], ![0, 0, 0]]))) +
                  Matrix.vecHead
                    (Matrix.vecTail
                      (Matrix.vecTail
                        ((5105 / 31201) •
                          Matrix.vecHead ∘
                            Matrix.vecTail ∘ Matrix.vecTail ∘ ![![1, 0, 0], ![0, 6, 0], ![0, 0, 5], ![0, 0, 0]]))))) -
            83848658 / 1972870431) *
          (-Matrix.vecHead
                (Matrix.vecTail (!![1, 0, 0; 0, 6, 0; 0, 0, 5; 0, 0, 0].transpose.mulVec ![250, -1, 1, 27])) +
            8217 / 91)) =
    11977623324684560 / 27868524920509301

case «2».«2»
⊢ -(5 / 63231) +
        973502401 / 189724262 *
          ((1 -
                (Matrix.vecHead
                    (Matrix.vecTail
                      (Matrix.vecTail
                        ((11231 / 31201) • Matrix.vecHead ∘ ![![1, 0, 0], ![0, 6, 0], ![0, 0, 5], ![0, 0, 0]]))) +
                  (Matrix.vecHead
                      (Matrix.vecTail
                        (Matrix.vecTail
                          ((6126 / 31201) •
                            Matrix.vecHead ∘ Matrix.vecTail ∘ ![![1, 0, 0], ![0, 6, 0], ![0, 0, 5], ![0, 0, 0]]))) +
                    Matrix.vecHead
                      (Matrix.vecTail
                        (Matrix.vecTail
                          ((5105 / 31201) •
                            Matrix.vecHead ∘
                              Matrix.vecTail ∘ Matrix.vecTail ∘ ![![1, 0, 0], ![0, 6, 0], ![0, 0, 5], ![0, 0, 0]]))))) -
              83848658 / 1972870431) *
            (5105 / 31201)) +
      28486513000 / 1322224458913 *
        ((1 -
              (Matrix.vecHead
                  (Matrix.vecTail
                    (Matrix.vecTail
                      ((11231 / 31201) • Matrix.vecHead ∘ ![![1, 0, 0], ![0, 6, 0], ![0, 0, 5], ![0, 0, 0]]))) +
                (Matrix.vecHead
                    (Matrix.vecTail
                      (Matrix.vecTail
                        ((6126 / 31201) •
                          Matrix.vecHead ∘ Matrix.vecTail ∘ ![![1, 0, 0], ![0, 6, 0], ![0, 0, 5], ![0, 0, 0]]))) +
                  Matrix.vecHead
                    (Matrix.vecTail
                      (Matrix.vecTail
                        ((5105 / 31201) •
                          Matrix.vecHead ∘
                            Matrix.vecTail ∘ Matrix.vecTail ∘ ![![1, 0, 0], ![0, 6, 0], ![0, 0, 5], ![0, 0, 0]]))))) -
            83848658 / 1972870431) *
          (-Matrix.vecHead
                (Matrix.vecTail
                  (Matrix.vecTail (!![1, 0, 0; 0, 6, 0; 0, 0, 5; 0, 0, 0].transpose.mulVec ![250, -1, 1, 27]))) +
            13695 / 182)) =
    9139875006794090 / 27868524920509301

case «3».«0»
⊢ -(2250 / 21077) +
        973502401 / 189724262 *
          ((1 -
                (Matrix.vecHead
                    (Matrix.vecTail
                      (Matrix.vecTail
                        (Matrix.vecTail
                          ((11231 / 31201) • Matrix.vecHead ∘ ![![1, 0, 0], ![0, 6, 0], ![0, 0, 5], ![0, 0, 0]])))) +
                  (Matrix.vecHead
                      (Matrix.vecTail
                        (Matrix.vecTail
                          (Matrix.vecTail
                            ((6126 / 31201) •
                              Matrix.vecHead ∘ Matrix.vecTail ∘ ![![1, 0, 0], ![0, 6, 0], ![0, 0, 5], ![0, 0, 0]])))) +
                    Matrix.vecHead
                      (Matrix.vecTail
                        (Matrix.vecTail
                          (Matrix.vecTail
                            ((5105 / 31201) •
                              Matrix.vecHead ∘
                                Matrix.vecTail ∘
                                  Matrix.vecTail ∘ ![![1, 0, 0], ![0, 6, 0], ![0, 0, 5], ![0, 0, 0]])))))) -
              754637922 / 657623477) *
            (11231 / 31201)) +
      28486513000 / 1322224458913 *
        ((1 -
              (Matrix.vecHead
                  (Matrix.vecTail
                    (Matrix.vecTail
                      (Matrix.vecTail
                        ((11231 / 31201) • Matrix.vecHead ∘ ![![1, 0, 0], ![0, 6, 0], ![0, 0, 5], ![0, 0, 0]])))) +
                (Matrix.vecHead
                    (Matrix.vecTail
                      (Matrix.vecTail
                        (Matrix.vecTail
                          ((6126 / 31201) •
                            Matrix.vecHead ∘ Matrix.vecTail ∘ ![![1, 0, 0], ![0, 6, 0], ![0, 0, 5], ![0, 0, 0]])))) +
                  Matrix.vecHead
                    (Matrix.vecTail
                      (Matrix.vecTail
                        (Matrix.vecTail
                          ((5105 / 31201) •
                            Matrix.vecHead ∘
                              Matrix.vecTail ∘
                                Matrix.vecTail ∘ ![![1, 0, 0], ![0, 6, 0], ![0, 0, 5], ![0, 0, 0]])))))) -
            754637922 / 657623477) *
          (-Matrix.vecHead (!![1, 0, 0; 0, 6, 0; 0, 0, 5; 0, 0, 0].transpose.mulVec ![250, -1, 1, 27]) + 30129 / 182)) =
    -(6175589313810285 / 55737049841018602)

case «3».«1»
⊢ 54 / 21077 +
        973502401 / 189724262 *
          ((1 -
                (Matrix.vecHead
                    (Matrix.vecTail
                      (Matrix.vecTail
                        (Matrix.vecTail
                          ((11231 / 31201) • Matrix.vecHead ∘ ![![1, 0, 0], ![0, 6, 0], ![0, 0, 5], ![0, 0, 0]])))) +
                  (Matrix.vecHead
                      (Matrix.vecTail
                        (Matrix.vecTail
                          (Matrix.vecTail
                            ((6126 / 31201) •
                              Matrix.vecHead ∘ Matrix.vecTail ∘ ![![1, 0, 0], ![0, 6, 0], ![0, 0, 5], ![0, 0, 0]])))) +
                    Matrix.vecHead
                      (Matrix.vecTail
                        (Matrix.vecTail
                          (Matrix.vecTail
                            ((5105 / 31201) •
                              Matrix.vecHead ∘
                                Matrix.vecTail ∘
                                  Matrix.vecTail ∘ ![![1, 0, 0], ![0, 6, 0], ![0, 0, 5], ![0, 0, 0]])))))) -
              754637922 / 657623477) *
            (6126 / 31201)) +
      28486513000 / 1322224458913 *
        ((1 -
              (Matrix.vecHead
                  (Matrix.vecTail
                    (Matrix.vecTail
                      (Matrix.vecTail
                        ((11231 / 31201) • Matrix.vecHead ∘ ![![1, 0, 0], ![0, 6, 0], ![0, 0, 5], ![0, 0, 0]])))) +
                (Matrix.vecHead
                    (Matrix.vecTail
                      (Matrix.vecTail
                        (Matrix.vecTail
                          ((6126 / 31201) •
                            Matrix.vecHead ∘ Matrix.vecTail ∘ ![![1, 0, 0], ![0, 6, 0], ![0, 0, 5], ![0, 0, 0]])))) +
                  Matrix.vecHead
                    (Matrix.vecTail
                      (Matrix.vecTail
                        (Matrix.vecTail
                          ((5105 / 31201) •
                            Matrix.vecHead ∘
                              Matrix.vecTail ∘
                                Matrix.vecTail ∘ ![![1, 0, 0], ![0, 6, 0], ![0, 0, 5], ![0, 0, 0]])))))) -
            754637922 / 657623477) *
          (-Matrix.vecHead
                (Matrix.vecTail (!![1, 0, 0; 0, 6, 0; 0, 0, 5; 0, 0, 0].transpose.mulVec ![250, -1, 1, 27])) +
            8217 / 91)) =
    -(12599865024711003 / 27868524920509301)

case «3».«2»
⊢ -(45 / 21077) +
        973502401 / 189724262 *
          ((1 -
                (Matrix.vecHead
                    (Matrix.vecTail
                      (Matrix.vecTail
                        (Matrix.vecTail
                          ((11231 / 31201) • Matrix.vecHead ∘ ![![1, 0, 0], ![0, 6, 0], ![0, 0, 5], ![0, 0, 0]])))) +
                  (Matrix.vecHead
                      (Matrix.vecTail
                        (Matrix.vecTail
                          (Matrix.vecTail
                            ((6126 / 31201) •
                              Matrix.vecHead ∘ Matrix.vecTail ∘ ![![1, 0, 0], ![0, 6, 0], ![0, 0, 5], ![0, 0, 0]])))) +
                    Matrix.vecHead
                      (Matrix.vecTail
                        (Matrix.vecTail
                          (Matrix.vecTail
                            ((5105 / 31201) •
                              Matrix.vecHead ∘
                                Matrix.vecTail ∘
                                  Matrix.vecTail ∘ ![![1, 0, 0], ![0, 6, 0], ![0, 0, 5], ![0, 0, 0]])))))) -
              754637922 / 657623477) *
            (5105 / 31201)) +
      28486513000 / 1322224458913 *
        ((1 -
              (Matrix.vecHead
                  (Matrix.vecTail
                    (Matrix.vecTail
                      (Matrix.vecTail
                        ((11231 / 31201) • Matrix.vecHead ∘ ![![1, 0, 0], ![0, 6, 0], ![0, 0, 5], ![0, 0, 0]])))) +
                (Matrix.vecHead
                    (Matrix.vecTail
                      (Matrix.vecTail
                        (Matrix.vecTail
                          ((6126 / 31201) •
                            Matrix.vecHead ∘ Matrix.vecTail ∘ ![![1, 0, 0], ![0, 6, 0], ![0, 0, 5], ![0, 0, 0]])))) +
                  Matrix.vecHead
                    (Matrix.vecTail
                      (Matrix.vecTail
                        (Matrix.vecTail
                          ((5105 / 31201) •
                            Matrix.vecHead ∘
                              Matrix.vecTail ∘
                                Matrix.vecTail ∘ ![![1, 0, 0], ![0, 6, 0], ![0, 0, 5], ![0, 0, 0]])))))) -
            754637922 / 657623477) *
          (-Matrix.vecHead
                (Matrix.vecTail
                  (Matrix.vecTail (!![1, 0, 0; 0, 6, 0; 0, 0, 5; 0, 0, 0].transpose.mulVec ![250, -1, 1, 27]))) +
            13695 / 182)) =
    -(19466291678089345 / 55737049841018602)
error: NLA/IE17/Certificates.lean:126:4: linarith failed to find a contradiction
case «3».h1
x y : Fin 4 → ℝ
h : Matrix.mulVec lowerFactor x = Matrix.mulVec lowerFactor y
h0 :
  x 0 +
      (-(50293465200 / 206417059721 * x 1) +
        (1125984433750 / 206417059721 * x 2 + -(1435003762500 / 206417059721 * x (Fin.succ 2)))) =
    y 0 +
      (-(50293465200 / 206417059721 * y 1) +
        (1125984433750 / 206417059721 * y 2 + -(1435003762500 / 206417059721 * y (Fin.succ 2))))
h1 :
  x 1 +
      (99201725357988443265000 / 17265994657467102998545591 * x 2 +
        -(11093809772663000556250 / 2466570665352443285506513 * x (Fin.succ 2))) =
    y 1 +
      (99201725357988443265000 / 17265994657467102998545591 * y 2 +
        -(11093809772663000556250 / 2466570665352443285506513 * y (Fin.succ 2)))
h2 :
  x 2 + 459864005326774119875642590032577100 / 3235492675893873171022706549421165963 * x (Fin.succ 2) =
    y 2 + 459864005326774119875642590032577100 / 3235492675893873171022706549421165963 * y (Fin.succ 2)
h3 : x (Fin.succ 2) = y (Fin.succ 2)
a✝ : x 3 < y 3
⊢ False
failed
error: NLA/IE17/Certificates.lean:146:2: unsolved goals
case left.«0».«0»
⊢ 5 / 6 * Matrix.vecMul ![1, 0, 0] !![1, 0, 0; 0, 6, 0; 0, 0, 5; 0, 0, 0].transpose 0 +
        (1 / 6 *
            (3049137961 / 8026273307 *
              (274129000322 / 3049137961 -
                (11 -
                    (Matrix.vecHead
                        ((87659 / 55219) • Matrix.vecHead ∘ ![![1, 0, 0], ![0, 6, 0], ![0, 0, 5], ![0, 0, 0]]) +
                      (Matrix.vecHead
                          ((7599 / 55219) •
                            Matrix.vecHead ∘ Matrix.vecTail ∘ ![![1, 0, 0], ![0, 6, 0], ![0, 0, 5], ![0, 0, 0]]) +
                        Matrix.vecHead
                          ((16865 / 55219) •
                            Matrix.vecHead ∘
                              Matrix.vecTail ∘ Matrix.vecTail ∘ ![![1, 0, 0], ![0, 6, 0], ![0, 0, 5], ![0, 0, 0]])))) *
                  (11 -
                    (Matrix.vecHead
                        ((87659 / 55219) • Matrix.vecHead ∘ ![![1, 0, 0], ![0, 6, 0], ![0, 0, 5], ![0, 0, 0]]) +
                      (Matrix.vecHead
                          ((7599 / 55219) •
                            Matrix.vecHead ∘ Matrix.vecTail ∘ ![![1, 0, 0], ![0, 6, 0], ![0, 0, 5], ![0, 0, 0]]) +
                        Matrix.vecHead
                          ((16865 / 55219) •
                            Matrix.vecHead ∘
                              Matrix.vecTail ∘
                                Matrix.vecTail ∘ ![![1, 0, 0], ![0, 6, 0], ![0, 0, 5], ![0, 0, 0]])))))) +
          591084637 / 3704433834) -
      99 / 100 =
    206417059721 / 2407881992100

case left.«0».«1»
⊢ 5 / 6 * Matrix.vecMul ![1, 0, 0] !![1, 0, 0; 0, 6, 0; 0, 0, 5; 0, 0, 0].transpose 1 +
      (-(1 / 6 *
            (3049137961 / 8026273307 *
              ((11 -
                  (Matrix.vecHead
                      ((87659 / 55219) • Matrix.vecHead ∘ ![![1, 0, 0], ![0, 6, 0], ![0, 0, 5], ![0, 0, 0]]) +
                    (Matrix.vecHead
                        ((7599 / 55219) •
                          Matrix.vecHead ∘ Matrix.vecTail ∘ ![![1, 0, 0], ![0, 6, 0], ![0, 0, 5], ![0, 0, 0]]) +
                      Matrix.vecHead
                        ((16865 / 55219) •
                          Matrix.vecHead ∘
                            Matrix.vecTail ∘ Matrix.vecTail ∘ ![![1, 0, 0], ![0, 6, 0], ![0, 0, 5], ![0, 0, 0]])))) *
                (1 -
                  (Matrix.vecHead
                      (Matrix.vecTail
                        ((87659 / 55219) • Matrix.vecHead ∘ ![![1, 0, 0], ![0, 6, 0], ![0, 0, 5], ![0, 0, 0]])) +
                    (Matrix.vecHead
                        (Matrix.vecTail
                          ((7599 / 55219) •
                            Matrix.vecHead ∘ Matrix.vecTail ∘ ![![1, 0, 0], ![0, 6, 0], ![0, 0, 5], ![0, 0, 0]])) +
                      Matrix.vecHead
                        (Matrix.vecTail
                          ((16865 / 55219) •
                            Matrix.vecHead ∘
                              Matrix.vecTail ∘
                                Matrix.vecTail ∘ ![![1, 0, 0], ![0, 6, 0], ![0, 0, 5], ![0, 0, 0]])))))))) +
        51240057 / 617405639) =
    -(167644884 / 8026273307)

case left.«0».«2»
⊢ 5 / 6 * Matrix.vecMul ![1, 0, 0] !![1, 0, 0; 0, 6, 0; 0, 0, 5; 0, 0, 0].transpose ⟨2, ⋯⟩ +
      (-(1 / 6 *
            (3049137961 / 8026273307 *
              ((11 -
                  (Matrix.vecHead
                      ((87659 / 55219) • Matrix.vecHead ∘ ![![1, 0, 0], ![0, 6, 0], ![0, 0, 5], ![0, 0, 0]]) +
                    (Matrix.vecHead
                        ((7599 / 55219) •
                          Matrix.vecHead ∘ Matrix.vecTail ∘ ![![1, 0, 0], ![0, 6, 0], ![0, 0, 5], ![0, 0, 0]]) +
                      Matrix.vecHead
                        ((16865 / 55219) •
                          Matrix.vecHead ∘
                            Matrix.vecTail ∘ Matrix.vecTail ∘ ![![1, 0, 0], ![0, 6, 0], ![0, 0, 5], ![0, 0, 0]])))) *
                (1 -
                  (Matrix.vecHead
                      (Matrix.vecTail
                        (Matrix.vecTail
                          ((87659 / 55219) • Matrix.vecHead ∘ ![![1, 0, 0], ![0, 6, 0], ![0, 0, 5], ![0, 0, 0]]))) +
                    (Matrix.vecHead
                        (Matrix.vecTail
                          (Matrix.vecTail
                            ((7599 / 55219) •
                              Matrix.vecHead ∘ Matrix.vecTail ∘ ![![1, 0, 0], ![0, 6, 0], ![0, 0, 5], ![0, 0, 0]]))) +
                      Matrix.vecHead
                        (Matrix.vecTail
                          (Matrix.vecTail
                            ((16865 / 55219) •
                              Matrix.vecHead ∘
                                Matrix.vecTail ∘
                                  Matrix.vecTail ∘ ![![1, 0, 0], ![0, 6, 0], ![0, 0, 5], ![0, 0, 0]]))))))))) +
        568603475 / 3704433834) =
    22519688675 / 48157639842

case left.«0».«3»
⊢ 5 / 6 * Matrix.vecMul ![1, 0, 0] !![1, 0, 0; 0, 6, 0; 0, 0, 5; 0, 0, 0].transpose ⟨3, ⋯⟩ +
      -(1 / 6 *
          (3049137961 / 8026273307 *
            ((11 -
                (Matrix.vecHead ((87659 / 55219) • Matrix.vecHead ∘ ![![1, 0, 0], ![0, 6, 0], ![0, 0, 5], ![0, 0, 0]]) +
                  (Matrix.vecHead
                      ((7599 / 55219) •
                        Matrix.vecHead ∘ Matrix.vecTail ∘ ![![1, 0, 0], ![0, 6, 0], ![0, 0, 5], ![0, 0, 0]]) +
                    Matrix.vecHead
                      ((16865 / 55219) •
                        Matrix.vecHead ∘
                          Matrix.vecTail ∘ Matrix.vecTail ∘ ![![1, 0, 0], ![0, 6, 0], ![0, 0, 5], ![0, 0, 0]])))) *
              (1 -
                (Matrix.vecHead
                    (Matrix.vecTail
                      (Matrix.vecTail
                        (Matrix.vecTail
                          ((87659 / 55219) • Matrix.vecHead ∘ ![![1, 0, 0], ![0, 6, 0], ![0, 0, 5], ![0, 0, 0]])))) +
                  (Matrix.vecHead
                      (Matrix.vecTail
                        (Matrix.vecTail
                          (Matrix.vecTail
                            ((7599 / 55219) •
                              Matrix.vecHead ∘ Matrix.vecTail ∘ ![![1, 0, 0], ![0, 6, 0], ![0, 0, 5], ![0, 0, 0]])))) +
                    Matrix.vecHead
                      (Matrix.vecTail
                        (Matrix.vecTail
                          (Matrix.vecTail
                            ((16865 / 55219) •
                              Matrix.vecHead ∘
                                Matrix.vecTail ∘
                                  Matrix.vecTail ∘ ![![1, 0, 0], ![0, 6, 0], ![0, 0, 5], ![0, 0, 0]])))))))))) =
    -(4783345875 / 8026273307)

case left.«1».«0»
⊢ 5 / 6 * Matrix.vecMul ![0, 6, 0] !![1, 0, 0; 0, 6, 0; 0, 0, 5; 0, 0, 0].transpose 0 +
      (-(1 / 6 *
            (3049137961 / 8026273307 *
              ((1 -
                  (Matrix.vecHead
                      (Matrix.vecTail
                        ((87659 / 55219) • Matrix.vecHead ∘ ![![1, 0, 0], ![0, 6, 0], ![0, 0, 5], ![0, 0, 0]])) +
                    (Matrix.vecHead
                        (Matrix.vecTail
                          ((7599 / 55219) •
                            Matrix.vecHead ∘ Matrix.vecTail ∘ ![![1, 0, 0], ![0, 6, 0], ![0, 0, 5], ![0, 0, 0]])) +
                      Matrix.vecHead
                        (Matrix.vecTail
                          ((16865 / 55219) •
                            Matrix.vecHead ∘
                              Matrix.vecTail ∘ Matrix.vecTail ∘ ![![1, 0, 0], ![0, 6, 0], ![0, 0, 5], ![0, 0, 0]]))))) *
                (11 -
                  (Matrix.vecHead
                      ((87659 / 55219) • Matrix.vecHead ∘ ![![1, 0, 0], ![0, 6, 0], ![0, 0, 5], ![0, 0, 0]]) +
                    (Matrix.vecHead
                        ((7599 / 55219) •
                          Matrix.vecHead ∘ Matrix.vecTail ∘ ![![1, 0, 0], ![0, 6, 0], ![0, 0, 5], ![0, 0, 0]]) +
                      Matrix.vecHead
                        ((16865 / 55219) •
                          Matrix.vecHead ∘
                            Matrix.vecTail ∘ Matrix.vecTail ∘ ![![1, 0, 0], ![0, 6, 0], ![0, 0, 5], ![0, 0, 0]]))))))) +
        51240057 / 617405639) =
    -(167644884 / 8026273307)

case left.«1».«1»
⊢ 5 / 6 * Matrix.vecMul ![0, 6, 0] !![1, 0, 0; 0, 6, 0; 0, 0, 5; 0, 0, 0].transpose 1 +
        (1 / 6 *
            (3049137961 / 8026273307 *
              (274129000322 / 3049137961 -
                (1 -
                    (Matrix.vecHead
                        (Matrix.vecTail
                          ((87659 / 55219) • Matrix.vecHead ∘ ![![1, 0, 0], ![0, 6, 0], ![0, 0, 5], ![0, 0, 0]])) +
                      (Matrix.vecHead
                          (Matrix.vecTail
                            ((7599 / 55219) •
                              Matrix.vecHead ∘ Matrix.vecTail ∘ ![![1, 0, 0], ![0, 6, 0], ![0, 0, 5], ![0, 0, 0]])) +
                        Matrix.vecHead
                          (Matrix.vecTail
                            ((16865 / 55219) •
                              Matrix.vecHead ∘
                                Matrix.vecTail ∘
                                  Matrix.vecTail ∘ ![![1, 0, 0], ![0, 6, 0], ![0, 0, 5], ![0, 0, 0]]))))) *
                  (1 -
                    (Matrix.vecHead
                        (Matrix.vecTail
                          ((87659 / 55219) • Matrix.vecHead ∘ ![![1, 0, 0], ![0, 6, 0], ![0, 0, 5], ![0, 0, 0]])) +
                      (Matrix.vecHead
                          (Matrix.vecTail
                            ((7599 / 55219) •
                              Matrix.vecHead ∘ Matrix.vecTail ∘ ![![1, 0, 0], ![0, 6, 0], ![0, 0, 5], ![0, 0, 0]])) +
                        Matrix.vecHead
                          (Matrix.vecTail
                            ((16865 / 55219) •
                              Matrix.vecHead ∘
                                Matrix.vecTail ∘
                                  Matrix.vecTail ∘ ![![1, 0, 0], ![0, 6, 0], ![0, 0, 5], ![0, 0, 0]]))))))) +
          346468806 / 8026273307) -
      99 / 100 =
    83658415217471 / 2407881992100

case left.«1».«2»
⊢ 5 / 6 * Matrix.vecMul ![0, 6, 0] !![1, 0, 0; 0, 6, 0; 0, 0, 5; 0, 0, 0].transpose ⟨2, ⋯⟩ +
      (-(1 / 6 *
            (3049137961 / 8026273307 *
              ((1 -
                  (Matrix.vecHead
                      (Matrix.vecTail
                        ((87659 / 55219) • Matrix.vecHead ∘ ![![1, 0, 0], ![0, 6, 0], ![0, 0, 5], ![0, 0, 0]])) +
                    (Matrix.vecHead
                        (Matrix.vecTail
                          ((7599 / 55219) •
                            Matrix.vecHead ∘ Matrix.vecTail ∘ ![![1, 0, 0], ![0, 6, 0], ![0, 0, 5], ![0, 0, 0]])) +
                      Matrix.vecHead
                        (Matrix.vecTail
                          ((16865 / 55219) •
                            Matrix.vecHead ∘
                              Matrix.vecTail ∘ Matrix.vecTail ∘ ![![1, 0, 0], ![0, 6, 0], ![0, 0, 5], ![0, 0, 0]]))))) *
                (1 -
                  (Matrix.vecHead
                      (Matrix.vecTail
                        (Matrix.vecTail
                          ((87659 / 55219) • Matrix.vecHead ∘ ![![1, 0, 0], ![0, 6, 0], ![0, 0, 5], ![0, 0, 0]]))) +
                    (Matrix.vecHead
                        (Matrix.vecTail
                          (Matrix.vecTail
                            ((7599 / 55219) •
                              Matrix.vecHead ∘ Matrix.vecTail ∘ ![![1, 0, 0], ![0, 6, 0], ![0, 0, 5], ![0, 0, 0]]))) +
                      Matrix.vecHead
                        (Matrix.vecTail
                          (Matrix.vecTail
                            ((16865 / 55219) •
                              Matrix.vecHead ∘
                                Matrix.vecTail ∘
                                  Matrix.vecTail ∘ ![![1, 0, 0], ![0, 6, 0], ![0, 0, 5], ![0, 0, 0]]))))))))) +
        640785675 / 8026273307) =
    687476550 / 8026273307

case left.«1».«3»
⊢ 5 / 6 * Matrix.vecMul ![0, 6, 0] !![1, 0, 0; 0, 6, 0; 0, 0, 5; 0, 0, 0].transpose ⟨3, ⋯⟩ +
      -(1 / 6 *
          (3049137961 / 8026273307 *
            ((1 -
                (Matrix.vecHead
                    (Matrix.vecTail
                      ((87659 / 55219) • Matrix.vecHead ∘ ![![1, 0, 0], ![0, 6, 0], ![0, 0, 5], ![0, 0, 0]])) +
                  (Matrix.vecHead
                      (Matrix.vecTail
                        ((7599 / 55219) •
                          Matrix.vecHead ∘ Matrix.vecTail ∘ ![![1, 0, 0], ![0, 6, 0], ![0, 0, 5], ![0, 0, 0]])) +
                    Matrix.vecHead
                      (Matrix.vecTail
                        ((16865 / 55219) •
                          Matrix.vecHead ∘
                            Matrix.vecTail ∘ Matrix.vecTail ∘ ![![1, 0, 0], ![0, 6, 0], ![0, 0, 5], ![0, 0, 0]]))))) *
              (1 -
                (Matrix.vecHead
                    (Matrix.vecTail
                      (Matrix.vecTail
                        (Matrix.vecTail
                          ((87659 / 55219) • Matrix.vecHead ∘ ![![1, 0, 0], ![0, 6, 0], ![0, 0, 5], ![0, 0, 0]])))) +
                  (Matrix.vecHead
                      (Matrix.vecTail
                        (Matrix.vecTail
                          (Matrix.vecTail
                            ((7599 / 55219) •
                              Matrix.vecHead ∘ Matrix.vecTail ∘ ![![1, 0, 0], ![0, 6, 0], ![0, 0, 5], ![0, 0, 0]])))) +
                    Matrix.vecHead
                      (Matrix.vecTail
                        (Matrix.vecTail
                          (Matrix.vecTail
                            ((16865 / 55219) •
                              Matrix.vecHead ∘
                                Matrix.vecTail ∘
                                  Matrix.vecTail ∘ ![![1, 0, 0], ![0, 6, 0], ![0, 0, 5], ![0, 0, 0]])))))))))) =
    -(531482875 / 48157639842)

case left.«2».«0»
⊢ 5 / 6 * Matrix.vecMul ![0, 0, 5] !![1, 0, 0; 0, 6, 0; 0, 0, 5; 0, 0, 0].transpose 0 +
      (-(1 / 6 *
            (3049137961 / 8026273307 *
              ((1 -
                  (Matrix.vecHead
                      (Matrix.vecTail
                        (Matrix.vecTail
                          ((87659 / 55219) • Matrix.vecHead ∘ ![![1, 0, 0], ![0, 6, 0], ![0, 0, 5], ![0, 0, 0]]))) +
                    (Matrix.vecHead
                        (Matrix.vecTail
                          (Matrix.vecTail
                            ((7599 / 55219) •
                              Matrix.vecHead ∘ Matrix.vecTail ∘ ![![1, 0, 0], ![0, 6, 0], ![0, 0, 5], ![0, 0, 0]]))) +
                      Matrix.vecHead
                        (Matrix.vecTail
                          (Matrix.vecTail
                            ((16865 / 55219) •
                              Matrix.vecHead ∘
                                Matrix.vecTail ∘
                                  Matrix.vecTail ∘ ![![1, 0, 0], ![0, 6, 0], ![0, 0, 5], ![0, 0, 0]])))))) *
                (11 -
                  (Matrix.vecHead
                      ((87659 / 55219) • Matrix.vecHead ∘ ![![1, 0, 0], ![0, 6, 0], ![0, 0, 5], ![0, 0, 0]]) +
                    (Matrix.vecHead
                        ((7599 / 55219) •
                          Matrix.vecHead ∘ Matrix.vecTail ∘ ![![1, 0, 0], ![0, 6, 0], ![0, 0, 5], ![0, 0, 0]]) +
                      Matrix.vecHead
                        ((16865 / 55219) •
                          Matrix.vecHead ∘
                            Matrix.vecTail ∘ Matrix.vecTail ∘ ![![1, 0, 0], ![0, 6, 0], ![0, 0, 5], ![0, 0, 0]]))))))) +
        568603475 / 3704433834) =
    22519688675 / 48157639842

case left.«2».«1»
⊢ 5 / 6 * Matrix.vecMul ![0, 0, 5] !![1, 0, 0; 0, 6, 0; 0, 0, 5; 0, 0, 0].transpose 1 +
      (-(1 / 6 *
            (3049137961 / 8026273307 *
              ((1 -
                  (Matrix.vecHead
                      (Matrix.vecTail
                        (Matrix.vecTail
                          ((87659 / 55219) • Matrix.vecHead ∘ ![![1, 0, 0], ![0, 6, 0], ![0, 0, 5], ![0, 0, 0]]))) +
                    (Matrix.vecHead
                        (Matrix.vecTail
                          (Matrix.vecTail
                            ((7599 / 55219) •
                              Matrix.vecHead ∘ Matrix.vecTail ∘ ![![1, 0, 0], ![0, 6, 0], ![0, 0, 5], ![0, 0, 0]]))) +
                      Matrix.vecHead
                        (Matrix.vecTail
                          (Matrix.vecTail
                            ((16865 / 55219) •
                              Matrix.vecHead ∘
                                Matrix.vecTail ∘
                                  Matrix.vecTail ∘ ![![1, 0, 0], ![0, 6, 0], ![0, 0, 5], ![0, 0, 0]])))))) *
                (1 -
                  (Matrix.vecHead
                      (Matrix.vecTail
                        ((87659 / 55219) • Matrix.vecHead ∘ ![![1, 0, 0], ![0, 6, 0], ![0, 0, 5], ![0, 0, 0]])) +
                    (Matrix.vecHead
                        (Matrix.vecTail
                          ((7599 / 55219) •
                            Matrix.vecHead ∘ Matrix.vecTail ∘ ![![1, 0, 0], ![0, 6, 0], ![0, 0, 5], ![0, 0, 0]])) +
                      Matrix.vecHead
                        (Matrix.vecTail
                          ((16865 / 55219) •
                            Matrix.vecHead ∘
                              Matrix.vecTail ∘
                                Matrix.vecTail ∘ ![![1, 0, 0], ![0, 6, 0], ![0, 0, 5], ![0, 0, 0]])))))))) +
        640785675 / 8026273307) =
    687476550 / 8026273307

case left.«2».«2»
⊢ 5 / 6 * Matrix.vecMul ![0, 0, 5] !![1, 0, 0; 0, 6, 0; 0, 0, 5; 0, 0, 0].transpose ⟨2, ⋯⟩ +
        (1 / 6 *
            (3049137961 / 8026273307 *
              (274129000322 / 3049137961 -
                (1 -
                    (Matrix.vecHead
                        (Matrix.vecTail
                          (Matrix.vecTail
                            ((87659 / 55219) • Matrix.vecHead ∘ ![![1, 0, 0], ![0, 6, 0], ![0, 0, 5], ![0, 0, 0]]))) +
                      (Matrix.vecHead
                          (Matrix.vecTail
                            (Matrix.vecTail
                              ((7599 / 55219) •
                                Matrix.vecHead ∘ Matrix.vecTail ∘ ![![1, 0, 0], ![0, 6, 0], ![0, 0, 5], ![0, 0, 0]]))) +
                        Matrix.vecHead
                          (Matrix.vecTail
                            (Matrix.vecTail
                              ((16865 / 55219) •
                                Matrix.vecHead ∘
                                  Matrix.vecTail ∘
                                    Matrix.vecTail ∘ ![![1, 0, 0], ![0, 6, 0], ![0, 0, 5], ![0, 0, 0]])))))) *
                  (1 -
                    (Matrix.vecHead
                        (Matrix.vecTail
                          (Matrix.vecTail
                            ((87659 / 55219) • Matrix.vecHead ∘ ![![1, 0, 0], ![0, 6, 0], ![0, 0, 5], ![0, 0, 0]]))) +
                      (Matrix.vecHead
                          (Matrix.vecTail
                            (Matrix.vecTail
                              ((7599 / 55219) •
                                Matrix.vecHead ∘ Matrix.vecTail ∘ ![![1, 0, 0], ![0, 6, 0], ![0, 0, 5], ![0, 0, 0]]))) +
                        Matrix.vecHead
                          (Matrix.vecTail
                            (Matrix.vecTail
                              ((16865 / 55219) •
                                Matrix.vecHead ∘
                                  Matrix.vecTail ∘
                                    Matrix.vecTail ∘ ![![1, 0, 0], ![0, 6, 0], ![0, 0, 5], ![0, 0, 0]])))))))) +
          7110705625 / 48157639842) -
      99 / 100 =
    61800032332121 / 2407881992100

case left.«2».«3»
⊢ 5 / 6 * Matrix.vecMul ![0, 0, 5] !![1, 0, 0; 0, 6, 0; 0, 0, 5; 0, 0, 0].transpose ⟨3, ⋯⟩ +
      -(1 / 6 *
          (3049137961 / 8026273307 *
            ((1 -
                (Matrix.vecHead
                    (Matrix.vecTail
                      (Matrix.vecTail
                        ((87659 / 55219) • Matrix.vecHead ∘ ![![1, 0, 0], ![0, 6, 0], ![0, 0, 5], ![0, 0, 0]]))) +
                  (Matrix.vecHead
                      (Matrix.vecTail
                        (Matrix.vecTail
                          ((7599 / 55219) •
                            Matrix.vecHead ∘ Matrix.vecTail ∘ ![![1, 0, 0], ![0, 6, 0], ![0, 0, 5], ![0, 0, 0]]))) +
                    Matrix.vecHead
                      (Matrix.vecTail
                        (Matrix.vecTail
                          ((16865 / 55219) •
                            Matrix.vecHead ∘
                              Matrix.vecTail ∘
                                Matrix.vecTail ∘ ![![1, 0, 0], ![0, 6, 0], ![0, 0, 5], ![0, 0, 0]])))))) *
              (1 -
                (Matrix.vecHead
                    (Matrix.vecTail
                      (Matrix.vecTail
                        (Matrix.vecTail
                          ((87659 / 55219) • Matrix.vecHead ∘ ![![1, 0, 0], ![0, 6, 0], ![0, 0, 5], ![0, 0, 0]])))) +
                  (Matrix.vecHead
                      (Matrix.vecTail
                        (Matrix.vecTail
                          (Matrix.vecTail
                            ((7599 / 55219) •
                              Matrix.vecHead ∘ Matrix.vecTail ∘ ![![1, 0, 0], ![0, 6, 0], ![0, 0, 5], ![0, 0, 0]])))) +
                    Matrix.vecHead
                      (Matrix.vecTail
                        (Matrix.vecTail
                          (Matrix.vecTail
                            ((16865 / 55219) •
                              Matrix.vecHead ∘
                                Matrix.vecTail ∘
                                  Matrix.vecTail ∘ ![![1, 0, 0], ![0, 6, 0], ![0, 0, 5], ![0, 0, 0]])))))))))) =
    267867369 / 8026273307

case left.«3».«0»
⊢ 5 / 6 * Matrix.vecMul ![0, 0, 0] !![1, 0, 0; 0, 6, 0; 0, 0, 5; 0, 0, 0].transpose 0 +
      -(1 / 6 *
          (3049137961 / 8026273307 *
            ((1 -
                (Matrix.vecHead
                    (Matrix.vecTail
                      (Matrix.vecTail
                        (Matrix.vecTail
                          ((87659 / 55219) • Matrix.vecHead ∘ ![![1, 0, 0], ![0, 6, 0], ![0, 0, 5], ![0, 0, 0]])))) +
                  (Matrix.vecHead
                      (Matrix.vecTail
                        (Matrix.vecTail
                          (Matrix.vecTail
                            ((7599 / 55219) •
                              Matrix.vecHead ∘ Matrix.vecTail ∘ ![![1, 0, 0], ![0, 6, 0], ![0, 0, 5], ![0, 0, 0]])))) +
                    Matrix.vecHead
                      (Matrix.vecTail
                        (Matrix.vecTail
                          (Matrix.vecTail
                            ((16865 / 55219) •
                              Matrix.vecHead ∘
                                Matrix.vecTail ∘
                                  Matrix.vecTail ∘ ![![1, 0, 0], ![0, 6, 0], ![0, 0, 5], ![0, 0, 0]]))))))) *
              (11 -
                (Matrix.vecHead ((87659 / 55219) • Matrix.vecHead ∘ ![![1, 0, 0], ![0, 6, 0], ![0, 0, 5], ![0, 0, 0]]) +
                  (Matrix.vecHead
                      ((7599 / 55219) •
                        Matrix.vecHead ∘ Matrix.vecTail ∘ ![![1, 0, 0], ![0, 6, 0], ![0, 0, 5], ![0, 0, 0]]) +
                    Matrix.vecHead
                      ((16865 / 55219) •
                        Matrix.vecHead ∘
                          Matrix.vecTail ∘ Matrix.vecTail ∘ ![![1, 0, 0], ![0, 6, 0], ![0, 0, 5], ![0, 0, 0]]))))))) =
    -(4783345875 / 8026273307)

case left.«3».«1»
⊢ 5 / 6 * Matrix.vecMul ![0, 0, 0] !![1, 0, 0; 0, 6, 0; 0, 0, 5; 0, 0, 0].transpose 1 +
      -(1 / 6 *
          (3049137961 / 8026273307 *
            ((1 -
                (Matrix.vecHead
                    (Matrix.vecTail
                      (Matrix.vecTail
                        (Matrix.vecTail
                          ((87659 / 55219) • Matrix.vecHead ∘ ![![1, 0, 0], ![0, 6, 0], ![0, 0, 5], ![0, 0, 0]])))) +
                  (Matrix.vecHead
                      (Matrix.vecTail
                        (Matrix.vecTail
                          (Matrix.vecTail
                            ((7599 / 55219) •
                              Matrix.vecHead ∘ Matrix.vecTail ∘ ![![1, 0, 0], ![0, 6, 0], ![0, 0, 5], ![0, 0, 0]])))) +
                    Matrix.vecHead
                      (Matrix.vecTail
                        (Matrix.vecTail
                          (Matrix.vecTail
                            ((16865 / 55219) •
                              Matrix.vecHead ∘
                                Matrix.vecTail ∘
                                  Matrix.vecTail ∘ ![![1, 0, 0], ![0, 6, 0], ![0, 0, 5], ![0, 0, 0]]))))))) *
              (1 -
                (Matrix.vecHead
                    (Matrix.vecTail
                      ((87659 / 55219) • Matrix.vecHead ∘ ![![1, 0, 0], ![0, 6, 0], ![0, 0, 5], ![0, 0, 0]])) +
                  (Matrix.vecHead
                      (Matrix.vecTail
                        ((7599 / 55219) •
                          Matrix.vecHead ∘ Matrix.vecTail ∘ ![![1, 0, 0], ![0, 6, 0], ![0, 0, 5], ![0, 0, 0]])) +
                    Matrix.vecHead
                      (Matrix.vecTail
                        ((16865 / 55219) •
                          Matrix.vecHead ∘
                            Matrix.vecTail ∘
                              Matrix.vecTail ∘ ![![1, 0, 0], ![0, 6, 0], ![0, 0, 5], ![0, 0, 0]])))))))) =
    -(531482875 / 48157639842)

case left.«3».«2»
⊢ 5 / 6 * Matrix.vecMul ![0, 0, 0] !![1, 0, 0; 0, 6, 0; 0, 0, 5; 0, 0, 0].transpose ⟨2, ⋯⟩ +
      -(1 / 6 *
          (3049137961 / 8026273307 *
            ((1 -
                (Matrix.vecHead
                    (Matrix.vecTail
                      (Matrix.vecTail
                        (Matrix.vecTail
                          ((87659 / 55219) • Matrix.vecHead ∘ ![![1, 0, 0], ![0, 6, 0], ![0, 0, 5], ![0, 0, 0]])))) +
                  (Matrix.vecHead
                      (Matrix.vecTail
                        (Matrix.vecTail
                          (Matrix.vecTail
                            ((7599 / 55219) •
                              Matrix.vecHead ∘ Matrix.vecTail ∘ ![![1, 0, 0], ![0, 6, 0], ![0, 0, 5], ![0, 0, 0]])))) +
                    Matrix.vecHead
                      (Matrix.vecTail
                        (Matrix.vecTail
                          (Matrix.vecTail
                            ((16865 / 55219) •
                              Matrix.vecHead ∘
                                Matrix.vecTail ∘
                                  Matrix.vecTail ∘ ![![1, 0, 0], ![0, 6, 0], ![0, 0, 5], ![0, 0, 0]]))))))) *
              (1 -
                (Matrix.vecHead
                    (Matrix.vecTail
                      (Matrix.vecTail
                        ((87659 / 55219) • Matrix.vecHead ∘ ![![1, 0, 0], ![0, 6, 0], ![0, 0, 5], ![0, 0, 0]]))) +
                  (Matrix.vecHead
                      (Matrix.vecTail
                        (Matrix.vecTail
                          ((7599 / 55219) •
                            Matrix.vecHead ∘ Matrix.vecTail ∘ ![![1, 0, 0], ![0, 6, 0], ![0, 0, 5], ![0, 0, 0]]))) +
                    Matrix.vecHead
                      (Matrix.vecTail
                        (Matrix.vecTail
                          ((16865 / 55219) •
                            Matrix.vecHead ∘
                              Matrix.vecTail ∘
                                Matrix.vecTail ∘ ![![1, 0, 0], ![0, 6, 0], ![0, 0, 5], ![0, 0, 0]]))))))))) =
    267867369 / 8026273307

case left.«3».«3»
⊢ 5 / 6 * Matrix.vecMul ![0, 0, 0] !![1, 0, 0; 0, 6, 0; 0, 0, 5; 0, 0, 0].transpose ⟨3, ⋯⟩ +
        1 / 6 *
          (3049137961 / 8026273307 *
            (274129000322 / 3049137961 -
              (1 -
                  (Matrix.vecHead
                      (Matrix.vecTail
                        (Matrix.vecTail
                          (Matrix.vecTail
                            ((87659 / 55219) • Matrix.vecHead ∘ ![![1, 0, 0], ![0, 6, 0], ![0, 0, 5], ![0, 0, 0]])))) +
                    (Matrix.vecHead
                        (Matrix.vecTail
                          (Matrix.vecTail
                            (Matrix.vecTail
                              ((7599 / 55219) •
                                Matrix.vecHead ∘
                                  Matrix.vecTail ∘ ![![1, 0, 0], ![0, 6, 0], ![0, 0, 5], ![0, 0, 0]])))) +
                      Matrix.vecHead
                        (Matrix.vecTail
                          (Matrix.vecTail
                            (Matrix.vecTail
                              ((16865 / 55219) •
                                Matrix.vecHead ∘
                                  Matrix.vecTail ∘
                                    Matrix.vecTail ∘ ![![1, 0, 0], ![0, 6, 0], ![0, 0, 5], ![0, 0, 0]]))))))) *
                (1 -
                  (Matrix.vecHead
                      (Matrix.vecTail
                        (Matrix.vecTail
                          (Matrix.vecTail
                            ((87659 / 55219) • Matrix.vecHead ∘ ![![1, 0, 0], ![0, 6, 0], ![0, 0, 5], ![0, 0, 0]])))) +
                    (Matrix.vecHead
                        (Matrix.vecTail
                          (Matrix.vecTail
                            (Matrix.vecTail
                              ((7599 / 55219) •
                                Matrix.vecHead ∘
                                  Matrix.vecTail ∘ ![![1, 0, 0], ![0, 6, 0], ![0, 0, 5], ![0, 0, 0]])))) +
                      Matrix.vecHead
                        (Matrix.vecTail
                          (Matrix.vecTail
                            (Matrix.vecTail
                              ((16865 / 55219) •
                                Matrix.vecHead ∘
                                  Matrix.vecTail ∘
                                    Matrix.vecTail ∘ ![![1, 0, 0], ![0, 6, 0], ![0, 0, 5], ![0, 0, 0]]))))))))) -
      99 / 100 =
    11170189945871 / 2407881992100
error: NLA/IE17/Certificates.lean:160:21: #assert_trust: 'NLA.IE17.upperPerturbation_explicit' depends on sorry or unrecognized axioms
  foundational: propext, Classical.choice, Quot.sound
  sorryAx: sorryAx
error: NLA/IE17/Certificates.lean:161:21: #assert_trust: 'NLA.IE17.upperPerturbation_certificate' depends on sorry or unrecognized axioms
  foundational: propext, Classical.choice, Quot.sound
  sorryAx: sorryAx
error: NLA/IE17/Certificates.lean:162:21: #assert_trust: 'NLA.IE17.lowerCertificate_positive' depends on sorry or unrecognized axioms
  foundational: propext, Classical.choice, Quot.sound
  sorryAx: sorryAx
info: NLA/IE17/Certificates.lean:163:0: 'NLA.IE17.upperPerturbation_certificate' depends on axioms: [propext, sorryAx, Classical.choice, Quot.sound]
info: NLA/IE17/Certificates.lean:164:0: 'NLA.IE17.lowerCertificate_positive' depends on axioms: [propext, sorryAx, Classical.choice, Quot.sound]
error: Lean exited with code 1
Some required targets logged failures:
- NLA.IE17.Certificates
error: build failed
