✔ [1/5] Built Cache.Cli (244ms)
✔ [2/5] Built Cache.Lean (286ms)
✔ [6/26] Built Cache.Cli:c.o (138ms)
✔ [7/26] Built Cache.Lean:c.o (145ms)
✔ [8/26] Built Cache.Infra (328ms)
✔ [9/26] Built Cache.Infra:c.o (147ms)
✔ [10/26] Built Batteries.Tactic.OpenPrivate (664ms)
✔ [11/26] Built Batteries.Tactic.OpenPrivate:c.o (812ms)
✔ [12/26] Built Cache.IO (954ms)
✔ [13/26] Built Cache.Hashing (590ms)
✔ [14/26] Built Cache.Hashing:c.o (294ms)
✔ [15/26] Built Cache.IO:c.o (1.0s)
✔ [16/26] Built Cache.Requests (1.3s)
✔ [17/26] Built Cache.Marker (450ms)
✔ [18/26] Built Cache.Marker:c.o (95ms)
✔ [19/26] Built Cache.Query (545ms)
✔ [20/26] Built Cache.Query:c.o (262ms)
✔ [21/26] Built Cache.Warning (531ms)
✔ [22/26] Built Cache.Warning:c.o (206ms)
✔ [23/26] Built Cache.Requests:c.o (1.8s)
✔ [24/26] Built Cache.Main (841ms)
✔ [25/26] Built Cache.Main:c.o (508ms)
✔ [26/26] Built cache:exe (577ms)
Current branch: HEAD
Using cache from origin: (some leanprover-community/mathlib4)
Attempting to download 8690 file(s) from leanprover-community/mathlib4 cache at https://lakecache.blob.core.windows.net/mathlib4-master

Downloaded: 1 file(s) [attempted 1/8690 = 0%, 43 KB/s], Decompressed: 0
Downloaded: 157 file(s) [attempted 157/8690 = 1%, 1781 KB/s], Decompressed: 25
Downloaded: 538 file(s) [attempted 538/8690 = 6%, 8929 KB/s], Decompressed: 25
Downloaded: 963 file(s) [attempted 963/8690 = 11%, 3809 KB/s], Decompressed: 105
Downloaded: 1274 file(s) [attempted 1274/8690 = 14%, 7268 KB/s], Decompressed: 105
Downloaded: 1612 file(s) [attempted 1612/8690 = 18%, 12656 KB/s], Decompressed: 105
Downloaded: 1971 file(s) [attempted 1971/8690 = 22%, 14488 KB/s], Decompressed: 105
Downloaded: 2411 file(s) [attempted 2411/8690 = 27%, 5254 KB/s], Decompressed: 105
Downloaded: 2775 file(s) [attempted 2775/8690 = 31%, 8401 KB/s], Decompressed: 105
Downloaded: 3163 file(s) [attempted 3163/8690 = 36%, 4542 KB/s], Decompressed: 105
Downloaded: 3593 file(s) [attempted 3593/8690 = 41%, 3363 KB/s], Decompressed: 105
Downloaded: 4000 file(s) [attempted 4000/8690 = 46%, 3488 KB/s], Decompressed: 105
Downloaded: 4403 file(s) [attempted 4403/8690 = 50%, 1671 KB/s], Decompressed: 105
Downloaded: 4752 file(s) [attempted 4752/8690 = 54%, 10394 KB/s], Decompressed: 105
Downloaded: 5199 file(s) [attempted 5199/8690 = 59%, 2400 KB/s], Decompressed: 105
Downloaded: 5569 file(s) [attempted 5569/8690 = 64%, 17695 KB/s], Decompressed: 105
Downloaded: 5991 file(s) [attempted 5991/8690 = 68%, 2172 KB/s], Decompressed: 105
Downloaded: 6356 file(s) [attempted 6356/8690 = 73%, 1431 KB/s], Decompressed: 105
Downloaded: 6719 file(s) [attempted 6719/8690 = 77%, 6184 KB/s], Decompressed: 105
Downloaded: 7162 file(s) [attempted 7162/8690 = 82%, 8201 KB/s], Decompressed: 105
Downloaded: 7531 file(s) [attempted 7531/8690 = 86%, 1360 KB/s], Decompressed: 105
Downloaded: 7852 file(s) [attempted 7852/8690 = 90%, 988 KB/s], Decompressed: 105
Downloaded: 8160 file(s) [attempted 8160/8690 = 93%, 3393 KB/s], Decompressed: 105
Downloaded: 8605 file(s) [attempted 8605/8690 = 99%, 17301 KB/s], Decompressed: 105
Downloaded: 8690 file(s) [attempted 8690/8690 = 100%, 17301 KB/s], Decompressed: 105
Decompressed 8690 file(s)
Already decompressed 8690 file(s)
