⚠ [3014/3024] Built NLA.MF02.Definitions (1.5s)
warning: NLA/MF02/Definitions.lean:13:0: 'Mathlib.Data.Real.Sqrt' has been deprecated: please replace this import by

import Mathlib.Analysis.Real.Sqrt
✔ [3015/3024] Built LeanCert.Tactic.Verification (1.6s)
ℹ [3016/3024] Built NLA.MF02.Model (2.4s)
info: NLA/MF02/Model.lean:155:0: 'NLA.MF02.program_degree_bound' depends on axioms: [propext, Classical.choice, Quot.sound]
info: NLA/MF02/Model.lean:157:0: 'NLA.MF02.cubic_degree_and_cost' depends on axioms: [propext, Classical.choice, Quot.sound]
ℹ [3017/3024] Built NLA.MF02.Cubic (3.2s)
info: NLA/MF02/Cubic.lean:163:0: 'NLA.MF02.optimized_cubic_interval' depends on axioms: [propext, Classical.choice, Quot.sound]
info: NLA/MF02/Cubic.lean:165:0: 'NLA.MF02.optimized_cubic_ratio' depends on axioms: [propext, Classical.choice, Quot.sound]
ℹ [3018/3024] Built NLA.MF02.Errors (2.1s)
info: NLA/MF02/Errors.lean:190:0: 'NLA.MF02.uniform_error_is_maximum' depends on axioms: [propext, Classical.choice, Quot.sound]
✔ [3019/3024] Built NLA.MF02.Parity (2.3s)
✔ [3020/3024] Built NLA.MF02.Iteration (2.5s)
⚠ [3021/3024] Built NLA.MF02.Chebyshev (4.0s)
warning: NLA/MF02/Chebyshev.lean:44:59: Variable name `he1` is not explicitly referenced.

Hint: The binding can be removed (if unused) or named `_` (if used implicitly). Alternatively, prefix the name with `_` to silence this warning:
  [apply] _he1

Note: This linter can be disabled with `set_option linter.unusedVariables false`
info: NLA/MF02/Chebyshev.lean:156:0: 'NLA.MF02.degree_error_lower_bound' depends on axioms: [propext, Classical.choice, Quot.sound]
ℹ [3022/3024] Built NLA.MF02.Bounds (2.0s)
info: NLA/MF02/Bounds.lean:122:0: 'NLA.MF02.unrestricted_error_small_budgets' depends on axioms: [propext, Classical.choice, Quot.sound]
info: NLA/MF02/Bounds.lean:124:0: 'NLA.MF02.cubic_error_bounds' depends on axioms: [propext, Classical.choice, Quot.sound]
info: NLA/MF02/Bounds.lean:126:0: 'NLA.MF02.cubic_error_strictly_decreases' depends on axioms: [propext, Classical.choice, Quot.sound]
ℹ [3023/3024] Built NLA.MF02.Minimum (2.1s)
info: NLA/MF02/Minimum.lean:133:0: 'NLA.MF02.stage_minimum_attained' depends on axioms: [propext, Classical.choice, Quot.sound]
info: NLA/MF02/Minimum.lean:135:0: 'NLA.MF02.stage_minimum_small_budgets' depends on axioms: [propext, Classical.choice, Quot.sound]
info: NLA/MF02/Minimum.lean:137:0: 'NLA.MF02.stage_minimum_bounds' depends on axioms: [propext, Classical.choice, Quot.sound]
info: NLA/MF02/Minimum.lean:139:0: 'NLA.MF02.uniform_asymptotic_order' depends on axioms: [propext, Classical.choice, Quot.sound]
ℹ [3024/3024] Built NLA.MF02.Solution (1.7s)
info: NLA/MF02/Solution.lean:31:0: 'NLA.MF02.uniform_error_is_maximum' depends on axioms: [propext, Classical.choice, Quot.sound]
info: NLA/MF02/Solution.lean:32:0: 'NLA.MF02.program_degree_bound' depends on axioms: [propext, Classical.choice, Quot.sound]
info: NLA/MF02/Solution.lean:33:0: 'NLA.MF02.cubic_degree_and_cost' depends on axioms: [propext, Classical.choice, Quot.sound]
info: NLA/MF02/Solution.lean:34:0: 'NLA.MF02.degree_error_lower_bound' depends on axioms: [propext, Classical.choice, Quot.sound]
info: NLA/MF02/Solution.lean:35:0: 'NLA.MF02.optimized_cubic_interval' depends on axioms: [propext, Classical.choice, Quot.sound]
info: NLA/MF02/Solution.lean:36:0: 'NLA.MF02.optimized_cubic_ratio' depends on axioms: [propext, Classical.choice, Quot.sound]
info: NLA/MF02/Solution.lean:37:0: 'NLA.MF02.cubic_error_bounds' depends on axioms: [propext, Classical.choice, Quot.sound]
info: NLA/MF02/Solution.lean:38:0: 'NLA.MF02.cubic_error_strictly_decreases' depends on axioms: [propext, Classical.choice, Quot.sound]
info: NLA/MF02/Solution.lean:39:0: 'NLA.MF02.unrestricted_error_small_budgets' depends on axioms: [propext, Classical.choice, Quot.sound]
info: NLA/MF02/Solution.lean:40:0: 'NLA.MF02.stage_minimum_attained' depends on axioms: [propext, Classical.choice, Quot.sound]
info: NLA/MF02/Solution.lean:41:0: 'NLA.MF02.stage_minimum_small_budgets' depends on axioms: [propext, Classical.choice, Quot.sound]
info: NLA/MF02/Solution.lean:42:0: 'NLA.MF02.stage_minimum_bounds' depends on axioms: [propext, Classical.choice, Quot.sound]
info: NLA/MF02/Solution.lean:43:0: 'NLA.MF02.uniform_asymptotic_order' depends on axioms: [propext, Classical.choice, Quot.sound]
Build completed successfully (3024 jobs).
