ℹ [3726/3738] Built NLA.SP05.Certificates (3.1s)
info: NLA/SP05/Certificates.lean:17:0: 'NLA.SP05.skew_norm_positive_certificate' depends on axioms: [propext, Classical.choice, Quot.sound]
ℹ [3727/3738] Built NLA.SP05.Complexification (3.4s)
info: NLA/SP05/Complexification.lean:106:0: 'NLA.SP05.complexify_posSemidef' depends on axioms: [propext, Classical.choice, Quot.sound]
info: NLA/SP05/Complexification.lean:107:0: 'NLA.SP05.complexify_posDef' depends on axioms: [propext, Classical.choice, Quot.sound]
info: NLA/SP05/Complexification.lean:108:0: 'NLA.SP05.complexify_inv' depends on axioms: [propext, Classical.choice, Quot.sound]
info: NLA/SP05/Complexification.lean:109:0: 'NLA.SP05.complexify_sqrt' depends on axioms: [propext, Classical.choice, Quot.sound]
info: NLA/SP05/Complexification.lean:110:0: 'NLA.SP05.complexify_abs_I_smul' depends on axioms: [propext, Classical.choice, Quot.sound]
✔ [3728/3738] Built NLA.SP05.Basic (3.3s)
ℹ [3729/3738] Built NLA.SP05.Sylvester (3.1s)
info: NLA/SP05/Sylvester.lean:130:0: 'NLA.SP05.sylvester_posSemidef' depends on axioms: [propext, Classical.choice, Quot.sound]
info: NLA/SP05/Sylvester.lean:131:0: 'NLA.SP05.complex_jordan_injective' depends on axioms: [propext, Classical.choice, Quot.sound]
info: NLA/SP05/Sylvester.lean:132:0: 'NLA.SP05.complex_jordan_preimage_hermitian' depends on axioms: [propext, Classical.choice, Quot.sound]
info: NLA/SP05/Sylvester.lean:133:0: 'NLA.SP05.complex_jordan_solution_posSemidef' depends on axioms: [propext, Classical.choice, Quot.sound]
✔ [3730/3738] Built NLA.SP05.Sectors (3.3s)
ℹ [3731/3738] Built NLA.SP05.Modulus (3.4s)
info: NLA/SP05/Modulus.lean:147:0: 'NLA.SP05.complexMatrixAction_real' depends on axioms: [propext, Classical.choice, Quot.sound]
info: NLA/SP05/Modulus.lean:148:0: 'NLA.SP05.trace_product_posSemidef_nonneg' depends on axioms: [propext, Classical.choice, Quot.sound]
info: NLA/SP05/Modulus.lean:149:0: 'NLA.SP05.hermitian_modulus_pairing_le' depends on axioms: [propext, Classical.choice, Quot.sound]
info: NLA/SP05/Modulus.lean:150:0: 'NLA.SP05.modulus_quadratic_improves' depends on axioms: [propext, Classical.choice, Quot.sound]
✔ [3732/3738] Built NLA.SP05.Spectral (2.6s)
✔ [3733/3738] Built NLA.SP05.Jordan (2.5s)
ℹ [3734/3738] Built NLA.SP05.Cone (2.5s)
info: NLA/SP05/Cone.lean:57:0: 'NLA.SP05.complex_jordan_columnVec' depends on axioms: [propext, Classical.choice, Quot.sound]
info: NLA/SP05/Cone.lean:58:0: 'NLA.SP05.actual_jordan_inverse_equation' depends on axioms: [propext, Classical.choice, Quot.sound]
info: NLA/SP05/Cone.lean:59:0: 'NLA.SP05.actual_jordan_inverse_cone' depends on axioms: [propext, Classical.choice, Quot.sound]
ℹ [3735/3738] Built NLA.SP05.Minimizer (2.4s)
info: NLA/SP05/Minimizer.lean:31:0: 'NLA.SP05.global_positive_minimizer' depends on axioms: [propext, Classical.choice, Quot.sound]
⚠ [3736/3738] Built NLA.SP05.Proof (2.4s)
warning: NLA/SP05/Proof.lean:41:5: Variable name `hA` is not explicitly referenced.

Hint: The binding can be removed (if unused) or named `_` (if used implicitly). Alternatively, prefix the name with `_` to silence this warning:
  [apply] _hA

Note: This linter can be disabled with `set_option linter.unusedVariables false`
warning: NLA/SP05/Proof.lean:41:21: Variable name `hB` is not explicitly referenced.

Hint: The binding can be removed (if unused) or named `_` (if used implicitly). Alternatively, prefix the name with `_` to silence this warning:
  [apply] _hB

Note: This linter can be disabled with `set_option linter.unusedVariables false`
info: NLA/SP05/Proof.lean:53:0: 'NLA.SP05.numerical_bound' depends on axioms: [propext, Classical.choice, Quot.sound]
info: NLA/SP05/Proof.lean:55:0: 'NLA.SP05.column_vectorization' depends on axioms: [propext, Classical.choice, Quot.sound]
info: NLA/SP05/Proof.lean:57:0: 'NLA.SP05.skew_witness' depends on axioms: [propext, Classical.choice, Quot.sound]
info: NLA/SP05/Proof.lean:59:0: 'NLA.SP05.positive_minimizer' depends on axioms: [propext, Classical.choice, Quot.sound]
info: NLA/SP05/Proof.lean:61:0: 'NLA.SP05.sector_minima' depends on axioms: [propext, Classical.choice, Quot.sound]
info: NLA/SP05/Proof.lean:63:0: 'NLA.SP05.canonical_result' depends on axioms: [propext, Classical.choice, Quot.sound]
✔ [3737/3738] Built Solution (2.4s)
Build completed successfully (3738 jobs).
