NLA/IE02/JordanReversal.lean:77:8: error: Tactic `rewrite` failed: motive is not type correct:
  fun _a => (if _a then 1 else 0) = if ↑j ≤ ↑i then X.coeff (↑i - ↑j) else 0
Error: Application type mismatch: The argument
  instDecidableEqNat (↑j.rev) (↑i.rev + 1)
has type
  Decidable (↑j.rev = ↑i.rev + 1)
but is expected to have type
  Decidable _a
in the application
  @ite ℂ _a (instDecidableEqNat (↑j.rev) (↑i.rev + 1))

Explanation: The rewrite tactic rewrites an expression 'e' using an equality 'a = b' by the following process. First, it looks for all 'a' in 'e'. Second, it tries to abstract these occurrences of 'a' to create a function 'm := fun _a => ...', called the *motive*, with the property that 'm a' is definitionally equal to 'e'. Third, we observe that 'congrArg' implies that 'm a = m b', which can be used with lemmas such as 'Eq.mpr' to change the goal. However, if 'e' depends on specific properties of 'a', then the motive 'm' might not typecheck.

Possible solutions: use rewrite's 'occs' configuration option to limit which occurrences are rewritten, or use 'simp' or 'conv' mode, which have strategies for certain kinds of dependencies (these tactics can handle proofs and 'Decidable' instances whose types depend on the rewritten term, and 'simp' can apply user-defined '@[congr]' theorems as well).

n : ℕ
lam : ℂ
hstar : (reversal n)ᴴ = reversal n
hsquare : reversal n * reversal n = 1
i j : Fin n
hrev : ↑j.rev = ↑i.rev + 1 ↔ ↑i = ↑j + 1
⊢ (if ↑j.rev = ↑i.rev + 1 then 1 else 0) = if ↑j ≤ ↑i then X.coeff (↑i - ↑j) else 0
'NLA.IE02.jordan_reversal' depends on axioms: [propext, sorryAx, Classical.choice, Quot.sound]
NLA/IE02/JordanReversal.lean:91:21: error: #assert_trust: 'NLA.IE02.jordan_reversal' depends on sorry or unrecognized axioms
  foundational: propext, Classical.choice, Quot.sound
  sorryAx: sorryAx
