✔ [3641/3651] Built NLA.IE17.NumericData (4.5s)
✔ [3642/3651] Built NLA.IE17.Norms (4.8s)
✔ [3643/3651] Built NLA.IE17.Geometry (2.9s)
✔ [3644/3651] Built NLA.IE17.Certificates (5.9s)
✔ [3645/3651] Built NLA.IE17.BackwardError (3.2s)
✔ [3646/3651] Built NLA.IE17.LSMR (4.7s)
ℹ [3647/3651] Built NLA.IE17.Optimal (3.8s)
info: NLA/IE17/Optimal.lean:63:0: 'NLA.IE17.optimal_error_bounds' depends on axioms: [propext, Classical.choice, Quot.sound]
ℹ [3648/3651] Built NLA.IE17.Approximation (3.2s)
info: NLA/IE17/Approximation.lean:166:0: 'NLA.IE17.penrose_projection_unique' depends on axioms: [propext, Classical.choice, Quot.sound]
info: NLA/IE17/Approximation.lean:167:0: 'NLA.IE17.penroseAt_correct' depends on axioms: [propext, Classical.choice, Quot.sound]
info: NLA/IE17/Approximation.lean:168:0: 'NLA.IE17.approximation_error_values' depends on axioms: [propext, Classical.choice, Quot.sound]
ℹ [3649/3651] Built NLA.IE17.Proof (2.8s)
info: NLA/IE17/Proof.lean:115:0: 'NLA.IE17.spectralNorm_semantics' depends on axioms: [propext, Classical.choice, Quot.sound]
info: NLA/IE17/Proof.lean:116:0: 'NLA.IE17.witness_full_column_rank' depends on axioms: [propext, Classical.choice, Quot.sound]
info: NLA/IE17/Proof.lean:117:0: 'NLA.IE17.exact_lsmr_run' depends on axioms: [propext, Classical.choice, Quot.sound]
info: NLA/IE17/Proof.lean:118:0: 'NLA.IE17.optimal_errors' depends on axioms: [propext, Classical.choice, Quot.sound]
info: NLA/IE17/Proof.lean:119:0: 'NLA.IE17.approximation_values' depends on axioms: [propext, Classical.choice, Quot.sound]
info: NLA/IE17/Proof.lean:120:0: 'NLA.IE17.terminal_errors_zero' depends on axioms: [propext, Classical.choice, Quot.sound]
info: NLA/IE17/Proof.lean:121:0: 'NLA.IE17.both_errors_increase' depends on axioms: [propext, Classical.choice, Quot.sound]
info: NLA/IE17/Proof.lean:122:0: 'NLA.IE17.canonical_counterexamples' depends on axioms: [propext, Classical.choice, Quot.sound]
✔ [3650/3651] Built Solution (2.4s)
Build completed successfully (3651 jobs).
