{
  "laderman23": {
    "exact_tensor_coefficients": 729
  },
  "sun23": {
    "exact_tensor_coefficients": 729
  },
  "laderman_six_parameter_example": {
    "exact_tensor_coefficients": 729
  },
  "independent_58_parameter_instance": {
    "exact_coefficients": 729,
    "mixed_sign_nonunit_rational_parameters": true,
    "corruption_rejected": true
  },
  "exact_five_blocks": {
    "block_equations": 100,
    "factorizations": 5,
    "matrix_ranks": [
      [
        2,
        2,
        2,
        2,
        2
      ],
      [
        3,
        2,
        2,
        2,
        2
      ],
      [
        2,
        2,
        2,
        2,
        2
      ]
    ],
    "not_full_multiplication_identity": true
  },
  "exact_all_rank_two_five": {
    "block_equations": 100,
    "factorizations": 5,
    "matrix_ranks": [
      [
        2,
        2,
        2,
        2,
        2
      ],
      [
        2,
        2,
        2,
        2,
        2
      ],
      [
        2,
        2,
        2,
        2,
        2
      ]
    ],
    "not_full_multiplication_identity": true
  },
  "sun_extension": {
    "symbolic_quadratic_identities": 9,
    "rational_symbolic_expansion_no_sampling": true
  },
  "ac03_restricted_ideal": {
    "full_quadratic_span_rank": 63,
    "extra_lambda_monomials": 17,
    "core_support": 16,
    "matrix_multiplication_support": 27
  },
  "ac03_grouped_fourier": [
    {
      "parameters": [
        2,
        8,
        9
      ],
      "rank": 17,
      "constant_terms": 25,
      "residual_coefficients_by_degree": {
        "2": 44,
        "1": 70,
        "3": 14
      },
      "physical_constant_terms": 43,
      "physical_residual_coefficients_by_degree": {
        "2": 132,
        "1": 98,
        "3": 42
      },
      "physical_residual_total": 272,
      "merged_factor_rank_at_t1_index0": 4
    },
    {
      "parameters": [
        4,
        4,
        9
      ],
      "rank": 17,
      "constant_terms": 25,
      "residual_coefficients_by_degree": {
        "2": 32,
        "1": 40,
        "3": 20
      },
      "physical_constant_terms": 43,
      "physical_residual_coefficients_by_degree": {
        "2": 96,
        "1": 80,
        "3": 60
      },
      "physical_residual_total": 236,
      "merged_factor_rank_at_t1_index0": 4
    },
    {
      "parameters": [
        2,
        8,
        9
      ],
      "rank": 17,
      "constant_terms": 25,
      "residual_coefficients_by_degree": {
        "2": 44,
        "1": 70,
        "3": 14
      },
      "physical_constant_terms": 43,
      "physical_residual_coefficients_by_degree": {
        "2": 132,
        "1": 98,
        "3": 42
      },
      "physical_residual_total": 272,
      "merged_factor_rank_at_t1_index0": 4
    }
  ],
  "ac03_pair_tangent_checks": {
    "rational_points": 9,
    "affine_intersection_dimension": 5,
    "projective_dimension": 4
  }
}
