NLA/IE02/RealSeparator.lean:24:36: error(lean.unknownIdentifier): Unknown identifier `j`
NLA/IE02/RealSeparator.lean:24:69: error(lean.unknownIdentifier): Unknown identifier `j`
NLA/IE02/RealSeparator.lean:28:38: error(lean.unknownIdentifier): Unknown identifier `j`
NLA/IE02/RealSeparator.lean:28:71: error(lean.unknownIdentifier): Unknown identifier `j`
NLA/IE02/RealSeparator.lean:31:6: error(lean.synthInstanceFailed): failed to synthesize instance of type class
  FunLike ((i : ?m.139) → PiLp 2 ?m.141 →ₗ[ℝ] ?m.141 i) ?m.130 ?m.131

Hint: Type class instance resolution failures can be inspected with the `set_option trace.Meta.synthInstance true` command.
NLA/IE02/RealSeparator.lean:31:37: error: Application type mismatch: The argument
  i
has type
  Fin k
of sort `Type` but is expected to have type
  ?m.139 → Type ?u.96
of sort `Type (max (?u.96 + 1) ?u.97)` in the application
  @PiLp.projₗ 2 ℝ ?m.139 i
NLA/IE02/RealSeparator.lean:38:13: error(lean.unknownIdentifier): Unknown identifier `j`
NLA/IE02/RealSeparator.lean:38:50: error(lean.unknownIdentifier): Unknown identifier `j`
'NLA.IE02.real_separator_complex_form' depends on axioms: [propext, sorryAx, Classical.choice, Quot.sound]
NLA/IE02/RealSeparator.lean:51:21: error: #assert_trust: 'NLA.IE02.real_separator_complex_form' depends on sorry or unrecognized axioms
  foundational: propext, Classical.choice, Quot.sound
  sorryAx: sorryAx
