ℹ [3640/3649] Replayed NLA.PF02.Action
info: NLA/PF02/Action.lean:74:0: 'NLA.PF02.changeBasis_preserves_factorization' depends on axioms: [propext, Classical.choice, Quot.sound]
info: NLA/PF02/Action.lean:75:0: 'NLA.PF02.changeBasis_congruent' depends on axioms: [propext, Classical.choice, Quot.sound]
info: NLA/PF02/Action.lean:76:0: 'NLA.PF02.congruent_iff_changeBasis' depends on axioms: [propext, Classical.choice, Quot.sound]
ℹ [3642/3649] Replayed NLA.PF02.Data
info: NLA/PF02/Data.lean:95:0: 'NLA.PF02.thirty_two_pos' depends on axioms: [propext, Classical.choice, Quot.sound]
info: NLA/PF02/Data.lean:96:0: 'NLA.PF02.explicit_factorizations' depends on axioms: [propext, Classical.choice, Quot.sound]
info: NLA/PF02/Data.lean:97:0: 'NLA.PF02.witness_numeric_data' depends on axioms: [propext, Classical.choice, Quot.sound]
ℹ [3643/3649] Replayed NLA.PF02.Coordinates
info: NLA/PF02/Coordinates.lean:74:0: 'NLA.PF02.trace_coordinate_identity' depends on axioms: [propext, Classical.choice, Quot.sound]
info: NLA/PF02/Coordinates.lean:75:0: 'NLA.PF02.factorization_coordinate_identity' depends on axioms: [propext, Classical.choice, Quot.sound]
info: NLA/PF02/Coordinates.lean:76:0: 'NLA.PF02.congruence_covariance' depends on axioms: [propext, Classical.choice, Quot.sound]
info: NLA/PF02/Coordinates.lean:77:0: 'NLA.PF02.rowCoordinates_congruence' depends on axioms: [propext, Classical.choice, Quot.sound]
ℹ [3644/3649] Replayed NLA.PF02.CongruencePolynomial
info: NLA/PF02/CongruencePolynomial.lean:38:0: 'NLA.PF02.congruenceCoordinates_det' depends on axioms: [propext, Classical.choice, Quot.sound]
info: NLA/PF02/CongruencePolynomial.lean:39:0: 'NLA.PF02.orientation_congruent' depends on axioms: [propext, Classical.choice, Quot.sound]
ℹ [3646/3649] Replayed NLA.PF02.Topology
info: NLA/PF02/Topology.lean:81:0: 'NLA.PF02.orbit_quotient_disconnected' depends on axioms: [propext, Classical.choice, Quot.sound]
ℹ [3647/3649] Built NLA.PF02.Proof (3.9s)
info: NLA/PF02/Proof.lean:80:0: 'NLA.PF02.witness_data' depends on axioms: [propext, Classical.choice, Quot.sound]
info: NLA/PF02/Proof.lean:81:0: 'NLA.PF02.witness_factorizations' depends on axioms: [propext, Classical.choice, Quot.sound]
info: NLA/PF02/Proof.lean:82:0: 'NLA.PF02.witness_minimal_rank' depends on axioms: [propext, Classical.choice, Quot.sound]
info: NLA/PF02/Proof.lean:83:0: 'NLA.PF02.orbit_semantics' depends on axioms: [propext, Classical.choice, Quot.sound]
info: NLA/PF02/Proof.lean:84:0: 'NLA.PF02.orientation_nonvanishing' depends on axioms: [propext, Classical.choice, Quot.sound]
info: NLA/PF02/Proof.lean:85:0: 'NLA.PF02.orientation_preserved' depends on axioms: [propext, Classical.choice, Quot.sound]
info: NLA/PF02/Proof.lean:86:0: 'NLA.PF02.quotient_separation' depends on axioms: [propext, Classical.choice, Quot.sound]
info: NLA/PF02/Proof.lean:87:0: 'NLA.PF02.witness_disconnected' depends on axioms: [propext, Classical.choice, Quot.sound]
info: NLA/PF02/Proof.lean:88:0: 'NLA.PF02.canonical_counterexample' depends on axioms: [propext, Classical.choice, Quot.sound]
✔ [3648/3649] Built Solution (2.4s)
Build completed successfully (3649 jobs).
