{
  "reviewer": "/root/sf_ra_runtime_referee",
  "at_utc": "2026-09-17T05:48:58.138144+00:00",
  "verdict": "PASS actual local42 statement elaboration/source correspondence; eligible for a pending-coordinator-acceptance freeze.",
  "scope": "Independent retained-runtime/source audit; reviewer did not run a compiler or implement a proof.",
  "checks": 2619,
  "external_bindings": 424,
  "original_payloads_guarded": 23,
  "continuation_payloads_guarded": 30,
  "statement_review_bindings": {
    "IE02-statement-referee-1-20260917": {
      "manifest_sha256": "b4fc1acce3ee264a45d5ae89344a84457fcaec448d1514fb6dcf53a65430a7bf",
      "payloads": 38,
      "external_bindings_reauthenticated": 136
    },
    "IE02-statement-referee-2-20260917": {
      "manifest_sha256": "b398c274557aea9608b57836482793308a67fe1bcb6bb4b76d7d94b76004dcc2",
      "payloads": 54,
      "external_bindings_reauthenticated": 74
    },
    "IE02-statement-continuation-referee-1-20260917": {
      "manifest_sha256": "5b5dcd72de88214d4007c5e866680f5497bf83d84fb5944dc84f3e042587d323",
      "payloads": 54,
      "external_bindings_reauthenticated": 269
    },
    "IE02-statement-referee-2-continuation-01-20260917": {
      "manifest_sha256": "30aa676d34b702e6c366e1d9dec5ba296d7a90c33ead7167605768e0ad751b83",
      "payloads": 76,
      "external_bindings_reauthenticated": 66
    }
  },
  "local_run": "development-42",
  "exact_contracts": 50,
  "intentional_Challenge_warnings": 50,
  "definition_holes": 0,
  "exit_codes": [
    0,
    0
  ],
  "receipt_sha256": "d6df8c8a04573747d0da950e969031d58736dabf3ffac3e255a0e0fcd68e406b",
  "assembly_sha256": "f1ead90655dc89c18ca11e5a7166ccc351e913c0d52f2c190eedecd988d9f717",
  "source_hashes": {
    "NLA/IE02/Definitions.lean": "ee87d4f129e26a996c46b02076389415402beae8858e2ad7391a305bbdba1b2a",
    "Challenge.lean": "a09907c4074776caeddf729da4ef9461433f105da5dff60396103121178288f9"
  },
  "fresh_Lean_execution": false,
  "project_level_Challenge_target_built": false,
  "Solution_exists": false,
  "proof_implementation": false,
  "coordinator_freeze_acceptance": false,
  "LeanCert_Comparator_kernel_sandbox_checked": false,
  "whole_problem_verified": false,
  "count_change": 0
}
