$ systemd-run --user --quiet --wait --pipe --collect -p 'RestrictAddressFamilies=~AF_UNIX' --working-directory /home/runner/work/_temp/nla-lean-tools/.verification-tmp/nla-fresh-proof-s83se87v/project /usr/bin/env -i PATH=/home/runner/.elan/toolchains/leanprover--lean4---v4.33.1/bin:/home/runner/.elan/bin:/home/runner/go/bin:/opt/hostedtoolcache/go/1.27.1/x64/bin:/snap/bin:/home/runner/.local/bin:/opt/pipx_bin:/home/runner/.cargo/bin:/home/runner/.config/composer/vendor/bin:/usr/local/.ghcup/bin:/home/runner/.dotnet/tools:/usr/local/sbin:/usr/local/bin:/usr/sbin:/usr/bin:/sbin:/bin:/usr/games:/usr/local/games:/snap/bin HOME=/home/runner LANG=C.UTF-8 XDG_RUNTIME_DIR=/run/user/1001 DBUS_SESSION_BUS_ADDRESS=unix:path=/run/user/1001/bus GIT_TERMINAL_PROMPT=0 GIT_CONFIG_NOSYSTEM=1 GIT_CONFIG_GLOBAL=/dev/null COMPARATOR_BIN=/home/runner/work/_temp/nla-lean-tools/.tools/comparator/.lake/build/bin/comparator COMPARATOR_LEAN4EXPORT=/home/runner/work/_temp/nla-lean-tools/.tools/lean4export/.lake/build/bin/lean4export COMPARATOR_LANDRUN=/home/runner/work/_temp/nla-lean-tools/scripts/strict_landrun.py XDG_CACHE_HOME=/home/runner/work/_temp/nla-lean-tools/.tools/cache TMPDIR=/home/runner/work/_temp/nla-lean-tools/.verification-tmp lake env /home/runner/work/_temp/nla-lean-tools/.tools/comparator/.lake/build/bin/comparator comparator.json
Building Challenge
✔ [2722/2724] Built NLA.SP15.Definitions (3.2s)
⚠ [2723/2724] Built Challenge (2.2s)
warning: Challenge.lean:18:8: declaration uses `sorry`
warning: Challenge.lean:24:8: declaration uses `sorry`
warning: Challenge.lean:27:8: declaration uses `sorry`
warning: Challenge.lean:33:8: declaration uses `sorry`
warning: Challenge.lean:38:8: declaration uses `sorry`
warning: Challenge.lean:42:8: declaration uses `sorry`
warning: Challenge.lean:48:8: declaration uses `sorry`
warning: Challenge.lean:53:8: declaration uses `sorry`
warning: Challenge.lean:56:8: declaration uses `sorry`
warning: Challenge.lean:60:8: declaration uses `sorry`
warning: Challenge.lean:69:8: declaration uses `sorry`
warning: Challenge.lean:72:8: declaration uses `sorry`
warning: Challenge.lean:76:8: declaration uses `sorry`
warning: Challenge.lean:81:8: declaration uses `sorry`
warning: Challenge.lean:88:8: declaration uses `sorry`
warning: Challenge.lean:94:8: declaration uses `sorry`
warning: Challenge.lean:100:8: declaration uses `sorry`
warning: Challenge.lean:107:8: declaration uses `sorry`
warning: Challenge.lean:114:8: declaration uses `sorry`
warning: Challenge.lean:121:8: declaration uses `sorry`
warning: Challenge.lean:126:8: declaration uses `sorry`
warning: Challenge.lean:132:8: declaration uses `sorry`
warning: Challenge.lean:142:8: declaration uses `sorry`
warning: Challenge.lean:153:8: declaration uses `sorry`
warning: Challenge.lean:161:8: declaration uses `sorry`
warning: Challenge.lean:168:8: declaration uses `sorry`
warning: Challenge.lean:173:8: declaration uses `sorry`
warning: Challenge.lean:178:8: declaration uses `sorry`
warning: Challenge.lean:185:8: declaration uses `sorry`
Build completed successfully (2724 jobs).
Exporting #[Quot, Quot.mk, Quot.lift, Quot.ind, NLA.SP15.box_scalar_certificate, NLA.SP15.parameter_box_geometry, NLA.SP15.parameter_box_bounds, NLA.SP15.p_intervals_separate, NLA.SP15.parameter_matrices_positive, NLA.SP15.square_root_semantics, NLA.SP15.coefficient_determinant_identity, NLA.SP15.coefficient_base_value, NLA.SP15.coefficient_strict_derivative, NLA.SP15.jacobian_lu_certificate, NLA.SP15.jacobian_minor_nonsingular, NLA.SP15.augmented_strict_derivative, NLA.SP15.augmented_derivative_equivalence, NLA.SP15.local_augmented_inverse, NLA.SP15.local_coefficient_fiber, NLA.SP15.regularized_gram_blocks, NLA.SP15.schur_positive_blocks, NLA.SP15.shifted_gram_determinant, NLA.SP15.equal_coefficients_gram_charpoly, NLA.SP15.gram_charpoly_singular_values, NLA.SP15.equal_coefficients_shifted_singular_values, NLA.SP15.constructed_kernel_flag, NLA.SP15.unitary_intertwiner_blocks, NLA.SP15.middle_block_conjugacy, NLA.SP15.parameter_slice_rigidity, NLA.SP15.constructed_unitary_injectivity, NLA.SP15.finite_fiber_selection, NLA.SP15.arbitrary_finite_counterfamilies, NLA.SP15.canonical_finiteness_false, propext, Quot.sound, Classical.choice, Nat.add, Nat.sub, Nat.mul, Nat.pow, Nat.gcd, Nat.div, Nat.mod, Nat.beq, Nat.ble, Nat.land, Nat.lor, Nat.xor, Nat.shiftLeft, Nat.shiftRight, String.ofList, Char.ofNat, List, eagerReduce, Nat, String, String.mk, Char, optParam, autoParam, semiOutParam, outParam] from Challenge
Building Solution
✔ [3021/3054] Built LeanCert.Core.Interval (4.6s)
✔ [3022/3054] Built LeanCert.Core.DerivativeIntervals (5.1s)
✔ [3023/3061] Built LeanCert.Contrib.Sinc (7.1s)
✔ [3024/3061] Built LeanCert.Core.Expr (8.0s)
✔ [3025/3065] Built LeanCert.Core.Dyadic (7.1s)
✔ [3026/3065] Built LeanCert.Tactic.Verification (7.7s)
✔ [3027/3065] Built LeanCert.Core.Taylor (12s)
✔ [3028/3066] Built LeanCert.Core.IntervalRat.Basic (13s)
✔ [3029/3066] Built LeanCert.Core.Support (5.1s)
✔ [3030/3066] Built LeanCert.Core.IntervalRat.LogReduction (7.4s)
✔ [3031/3066] Built LeanCert.Tactic.LeanCert.Bridge.Environment (3.6s)
✔ [3032/3066] Built LeanCert.Meta.Numeral (4.9s)
✔ [3033/3066] Built LeanCert.Engine.Eval.Result (3.5s)
✔ [3034/3066] Built LeanCert.Tactic.NumericalRefinement (868ms)
✔ [3035/3066] Built LeanCert.Core.TrigReduction (3.9s)
✔ [3036/3066] Built LeanCert.Tactic.IntervalAuto.Types (5.1s)
✔ [3037/3066] Built LeanCert.Core.IntervalRat.Transcendental (6.2s)
✔ [3038/3127] Built LeanCert.Tactic.IntervalAuto.Extract (4.5s)
✔ [3090/3171] Built LeanCert.Tactic.IntervalAuto.Norm (7.3s)
✔ [3092/3175] Built LeanCert.Tactic.VecUtil (6.7s)
✔ [3093/3175] Built LeanCert.Meta.ToExpr (9.3s)
✔ [3094/3175] Built LeanCert.Tactic.BridgeNative (3.6s)
✔ [3095/3175] Built LeanCert.Tactic.FinSumExpand (4.4s)
✔ [3096/3239] Built LeanCert.Tactic.FinsetParse (6.7s)
✔ [3615/3697] Built LeanCert.Tactic.LeanCert.Normalize (5.6s)
✔ [3616/3701] Built LeanCert.Validity.Eventual (4.3s)
✔ [3617/3703] Built LeanCert.Tactic.IntervalAuto.Parse (7.5s)
✔ [3618/3704] Built LeanCert.Tactic.LeanCert.Semantic.Domain (1.0s)
✔ [3619/3704] Built LeanCert.Tactic.LeanCert.Semantic.Goal (2.7s)
✔ [3620/3704] Built LeanCert.Tactic.IntervalAuto.Diagnostic (3.8s)
✔ [3621/3706] Built LeanCert.Core.IntervalRat.Taylor (26s)
✔ [3622/3706] Built LeanCert.Tactic.EventualBound (6.1s)
✔ [3623/3708] Built LeanCert.Tactic.VecSimp (2.1s)
✔ [3624/3709] Built LeanCert.Tactic.LeanCert.Semantic.Parse.Comparison (2.0s)
✔ [3625/3709] Built LeanCert.Core.IntervalReal (2.0s)
✔ [3626/3712] Built LeanCert.Core.IntervalRat.TrigReduced (3.5s)
✔ [3627/3712] Built LeanCert.Tactic.Extension.Protocol (3.5s)
✔ [3628/3712] Built LeanCert.Tactic.LeanCert.Semantic.Parse.Bound (4.0s)
✔ [3629/3712] Built LeanCert.Tactic.LeanCert.Diagnostic.Evidence (3.9s)
✔ [3630/3712] Built LeanCert.Tactic.LeanCert.Config (3.2s)
✔ [3631/3712] Built LeanCert.Core.IntervalRealEndpoints (7.7s)
✔ [3632/3716] Built LeanCert.Engine.Affine.Basic (10s)
✔ [3633/3717] Built LeanCert.Core.IntervalDyadic (11s)
✔ [3635/3717] Built LeanCert.Tactic.Extension.Registry (6.8s)
✔ [3636/3725] Built LeanCert.Engine.Affine.Nonlinear (9.0s)
✔ [3637/3727] Built LeanCert.Core.DyadicCell (8.2s)
✔ [3638/3732] Built LeanCert.Engine.Algebra.QPoly (7.0s)
✔ [3639/3734] Built LeanCert.Engine.Eval.Core (11s)
✔ [3640/3734] Built LeanCert.Engine.FloatEval (3.4s)
✔ [3641/3736] Built LeanCert.Tactic.Extension.Command (3.0s)
✔ [3642/3745] Built LeanCert.Core.DyadicFrontier (3.5s)
✔ [3645/3778] Built LeanCert.Engine.Algebra.QPolyIntegral (3.8s)
✔ [3646/3778] Built LeanCert.Tactic.Extension (2.7s)
✔ [3647/3778] Built LeanCert.Engine.Eval.Extended (3.9s)
✔ [3648/3778] Built LeanCert.Engine.Bounds.Lemmas (2.2s)
✔ [3649/3778] Built LeanCert.Engine.IntervalEval (2.0s)
✔ [3650/3778] Built LeanCert.Validity.Bounds.Checked (3.5s)
✔ [3651/3778] Built LeanCert.Validity.Bounds.Core (3.7s)
✔ [3652/3778] Built LeanCert.Engine.Affine.Transcendental (5.9s)
✔ [3653/3778] Built LeanCert.Engine.Optimization.Box (5.5s)
✔ [3654/3778] Built LeanCert.Engine.IntervalEvalDyadic (9.7s)
✔ [3655/3778] Built LeanCert.Engine.RootFinding.Basic (7.6s)
✔ [3656/3778] Built LeanCert.Engine.AD.Basic (3.0s)
✔ [3657/3778] Built LeanCert.Engine.Integrate (10s)
✔ [3658/3778] Built LeanCert.Engine.Search.Heuristic (5.4s)
✔ [3659/3778] Built LeanCert.Engine.IntervalEvalAffine (8.7s)
✔ [3660/3778] Built LeanCert.Engine.TaylorModel.Core (13s)
✔ [3661/3778] Built LeanCert.Engine.FinSumDyadic (7.3s)
✔ [3662/3778] Built LeanCert.Validity.DyadicBounds (4.8s)
✔ [3663/3778] Built LeanCert.Engine.RootFinding.Bisection (7.4s)
✔ [3664/3778] Built LeanCert.Engine.TaylorModel.Integral (4.9s)
✔ [3665/3778] Built LeanCert.Engine.Affine.Environment (5.2s)
✔ [3666/3778] Built LeanCert.Engine.AD.Transcendental (6.4s)
✔ [3667/3778] Built LeanCert.Engine.TaylorModel.Special (3.6s)
✔ [3668/3778] Built LeanCert.Engine.WitnessSum (8.6s)
✔ [3669/3778] Built LeanCert.Engine.TaylorModel.ExpLog (12s)
✔ [3670/3778] Built LeanCert.Engine.AD.Eval (4.2s)
✔ [3671/3778] Built LeanCert.Engine.TaylorModel.Trig (15s)
✔ [3672/3778] Built LeanCert.Engine.TaylorModel.Hyperbolic (17s)
✔ [3673/3778] Built LeanCert.Engine.AD.Correctness (3.3s)
✔ [3674/3778] Built LeanCert.Engine.TaylorModel.Functions (2.8s)
✔ [3675/3778] Built LeanCert.Engine.AD.Computable (4.2s)
✔ [3676/3778] Built LeanCert.Engine.AD.PartialCorrectness (7.2s)
✔ [3677/3778] Built LeanCert.Engine.TaylorModel.Expr (6.2s)
✔ [3678/3778] Built LeanCert.Engine.AD.DomainChecked (4.2s)
✔ [3679/3778] Built LeanCert.Engine.TaylorModel (2.0s)
✔ [3680/3778] Built LeanCert.Engine.AD.Dyadic (3.3s)
✔ [3681/3778] Built LeanCert.Engine.AD (1.9s)
✔ [3682/3778] Built LeanCert.Validity.Bounds.Smart (4.5s)
✔ [3683/3778] Built LeanCert.Engine.IntervalEvalRefined (5.2s)
✔ [3684/3778] Built LeanCert.Meta.ProveSupported (5.3s)
✔ [3685/3778] Built LeanCert.Engine.Optimize (8.6s)
✔ [3686/3778] Built LeanCert.Validity.Bounds.Bridge (4.3s)
✔ [3687/3778] Built LeanCert.Meta.ProveContinuous (6.1s)
✔ [3688/3778] Built LeanCert.Tactic.IntervalAuto.ProveCommon (8.1s)
✔ [3689/3778] Built LeanCert.Validity.Bounds.Basic (4.2s)
✔ [3690/3778] Built LeanCert.Engine.RootFinding.Newton (6.9s)
✔ [3691/3778] Built LeanCert.Engine.Optimization.Gradient (8.5s)
✔ [3692/3778] Built LeanCert.Tactic.IntervalAuto.Basic (3.8s)
✔ [3693/3778] Built LeanCert.Tactic.LeanCert.Bridge.ReifiedFunction (4.5s)
✔ [3694/3778] Built LeanCert.Validity.Integration (8.1s)
✔ [3695/3778] Built LeanCert.Engine.RootFinding.MVTBounds (13s)
✔ [3696/3778] Built LeanCert.Tactic.LeanCert.Semantic.Prepare (10s)
✔ [3697/3778] Built LeanCert.Engine.RootFinding.Krawczyk (12s)
✔ [3698/3778] Built LeanCert.Engine.RootFinding.Contraction (11s)
✔ [3699/3778] Built LeanCert.Tactic.LeanCert.Integral (12s)
✔ [3700/3778] Built LeanCert.Tactic.Extension.Execute (12s)
✔ [3701/3778] Built LeanCert.Engine.RootFinding.KrawczykCandidate (4.9s)
✔ [3702/3778] Built LeanCert.Validity.Krawczyk (4.0s)
✔ [3703/3778] Built LeanCert.Tactic.LeanCert.Solver.Protocol (7.4s)
✔ [3704/3778] Built LeanCert.Engine.RootFinding.Main (3.5s)
✔ [3705/3778] Built LeanCert.Tactic.Enclosure (4.5s)
✔ [3706/3778] Built LeanCert.Engine.Optimization.Global (34s)
✔ [3707/3778] Built LeanCert.Tactic.LeanCert.Diagnostic.Render (3.9s)
✔ [3708/3778] Built LeanCert.Engine.Search.CounterExample (3.6s)
✔ [3709/3778] Built LeanCert.Validity.Types (3.7s)
✔ [3710/3778] Built LeanCert.Engine.Optimization.BoundVerify (4.4s)
✔ [3711/3778] Built LeanCert.Engine.Optimization.Guided (3.4s)
✔ [3712/3778] Built LeanCert.Validity.Bounds (7.3s)
✔ [3713/3778] Built LeanCert.Discovery.Find (4.2s)
✔ [3714/3778] Built LeanCert.Tactic.IntervalAuto.OptBound (4.8s)
✔ [3715/3778] Built LeanCert.Tactic.IntervalAuto.RootBound (4.8s)
✔ [3716/3778] Built LeanCert.Tactic.IntervalAuto.Multivariate (6.7s)
✔ [3717/3778] Built LeanCert.Tactic.IntervalAuto.Bound (16s)
✔ [3718/3778] Built LeanCert.Tactic.IntervalAuto.Subdiv (4.7s)
✔ [3719/3778] Built LeanCert.Tactic.IntervalAuto.Adaptive (8.1s)
✔ [3720/3778] Built LeanCert.Tactic.IntervalAuto.PointIneq (10s)
✔ [3721/3778] Built LeanCert.Tactic.IntervalAuto (2.5s)
✔ [3722/3778] Built LeanCert.Tactic.Refute (3.3s)
✔ [3723/3778] Built LeanCert.Tactic.FinSumWitness (6.0s)
✔ [3724/3778] Built LeanCert.Tactic.FinSumBound (4.7s)
✔ [3725/3778] Built LeanCert.Tactic.LeanCert.Semantic.Parse (3.4s)
✔ [3726/3778] Built LeanCert.Tactic.Discovery (15s)
✔ [3727/3778] Built LeanCert.Tactic.Krawczyk (3.5s)
✔ [3728/3778] Built LeanCert.Tactic.LeanCert.Router (8.3s)
✔ [3729/3778] Built LeanCert.Tactic.LeanCert (2.6s)
✔ [3730/3778] Built LeanCert.Tactic (2.6s)
⚠ [3731/3778] Built NLA.SP15.Numerical (3.1s)
warning: NLA/SP15/Numerical.lean:26:4: `Set.mem_setOf` has been deprecated: Use `Set.mem_ofPred` instead
warning: NLA/SP15/Numerical.lean:27:4: `Set.mem_setOf` has been deprecated: Use `Set.mem_ofPred` instead
warning: NLA/SP15/Numerical.lean:28:4: `Set.mem_setOf` has been deprecated: Use `Set.mem_ofPred` instead
info: NLA/SP15/Numerical.lean:31:0: 'NLA.SP15.box_scalar_certificate' depends on axioms: [propext, Classical.choice, Quot.sound]
ℹ [3732/3778] Built NLA.SP15.GramSemantics (6.4s)
info: NLA/SP15/GramSemantics.lean:54:0: 'NLA.SP15.gram_charpoly_singular_values' depends on axioms: [propext, Classical.choice, Quot.sound]
ℹ [3733/3778] Built NLA.SP15.BoxGeometry (6.9s)
info: NLA/SP15/BoxGeometry.lean:112:0: 'NLA.SP15.parameter_box_geometry' depends on axioms: [propext, Classical.choice, Quot.sound]
info: NLA/SP15/BoxGeometry.lean:114:0: 'NLA.SP15.parameter_box_bounds' depends on axioms: [propext, Classical.choice, Quot.sound]
info: NLA/SP15/BoxGeometry.lean:116:0: 'NLA.SP15.p_intervals_separate' depends on axioms: [propext, Classical.choice, Quot.sound]
ℹ [3734/3778] Built NLA.SP15.JacobianRows.Row8 (7.0s)
info: NLA/SP15/JacobianRows/Row8.lean:62:0: 'NLA.SP15.jacobian_lu_row_8' depends on axioms: [propext, Classical.choice, Quot.sound]
ℹ [3735/3778] Built NLA.SP15.CoefficientIdentity (7.2s)
info: NLA/SP15/CoefficientIdentity.lean:119:0: 'NLA.SP15.coefficient_determinant_identity' depends on axioms: [propext, Classical.choice, Quot.sound]
ℹ [3736/3778] Built NLA.SP15.TripleBlocks (4.6s)
info: NLA/SP15/TripleBlocks.lean:86:0: 'NLA.SP15.triple_mul' depends on axioms: [propext, Classical.choice, Quot.sound]
ℹ [3737/3778] Built NLA.SP15.JacobianRows.Row7 (6.2s)
info: NLA/SP15/JacobianRows/Row7.lean:62:0: 'NLA.SP15.jacobian_lu_row_7' depends on axioms: [propext, Classical.choice, Quot.sound]
ℹ [3738/3778] Built NLA.SP15.JacobianRows.Row6 (6.0s)
info: NLA/SP15/JacobianRows/Row6.lean:62:0: 'NLA.SP15.jacobian_lu_row_6' depends on axioms: [propext, Classical.choice, Quot.sound]
ℹ [3739/3778] Built NLA.SP15.JacobianRows.Row5 (6.0s)
info: NLA/SP15/JacobianRows/Row5.lean:62:0: 'NLA.SP15.jacobian_lu_row_5' depends on axioms: [propext, Classical.choice, Quot.sound]
ℹ [3740/3778] Built NLA.SP15.JacobianRows.Row4 (5.9s)
info: NLA/SP15/JacobianRows/Row4.lean:62:0: 'NLA.SP15.jacobian_lu_row_4' depends on axioms: [propext, Classical.choice, Quot.sound]
ℹ [3741/3778] Built NLA.SP15.JacobianRows.Row3 (5.9s)
info: NLA/SP15/JacobianRows/Row3.lean:62:0: 'NLA.SP15.jacobian_lu_row_3' depends on axioms: [propext, Classical.choice, Quot.sound]
ℹ [3742/3778] Built NLA.SP15.JacobianRows.Row2 (5.8s)
info: NLA/SP15/JacobianRows/Row2.lean:62:0: 'NLA.SP15.jacobian_lu_row_2' depends on axioms: [propext, Classical.choice, Quot.sound]
ℹ [3743/3778] Built NLA.SP15.JacobianRows.Row1 (5.7s)
info: NLA/SP15/JacobianRows/Row1.lean:62:0: 'NLA.SP15.jacobian_lu_row_1' depends on axioms: [propext, Classical.choice, Quot.sound]
ℹ [3744/3778] Built NLA.SP15.DerivativeRows.Basic (4.3s)
info: NLA/SP15/DerivativeRows/Basic.lean:27:0: 'NLA.SP15.coefficient_derivative_row_apply' depends on axioms: [propext, Classical.choice, Quot.sound]
ℹ [3745/3778] Built NLA.SP15.JacobianRows.Row0 (5.9s)
info: NLA/SP15/JacobianRows/Row0.lean:62:0: 'NLA.SP15.jacobian_lu_row_0' depends on axioms: [propext, Classical.choice, Quot.sound]
ℹ [3746/3778] Built NLA.SP15.CoefficientValue (5.8s)
info: NLA/SP15/CoefficientValue.lean:48:0: 'NLA.SP15.coefficient_base_value' depends on axioms: [propext, Classical.choice, Quot.sound]
ℹ [3747/3778] Built NLA.SP15.JacobianTriangular (6.1s)
info: NLA/SP15/JacobianTriangular.lean:66:0: 'NLA.SP15.jacobian_lower_zero' depends on axioms: [propext, Classical.choice, Quot.sound]
info: NLA/SP15/JacobianTriangular.lean:69:0: 'NLA.SP15.jacobian_lower_diag' depends on axioms: [propext, Classical.choice, Quot.sound]
info: NLA/SP15/JacobianTriangular.lean:72:0: 'NLA.SP15.jacobian_upper_zero' depends on axioms: [propext, Classical.choice, Quot.sound]
info: NLA/SP15/JacobianTriangular.lean:75:0: 'NLA.SP15.jacobian_upper_diag_ne' depends on axioms: [propext, Classical.choice, Quot.sound]
info: NLA/SP15/JacobianTriangular.lean:78:0: 'NLA.SP15.jacobian_upper_diag_product' depends on axioms: [propext, Classical.choice, Quot.sound]
ℹ [3748/3778] Built NLA.SP15.ParameterPositivity (4.0s)
info: NLA/SP15/ParameterPositivity.lean:65:0: 'NLA.SP15.parameter_matrices_positive' depends on axioms: [propext, Classical.choice, Quot.sound]
ℹ [3749/3778] Built NLA.SP15.SliceRigidity (5.5s)
info: NLA/SP15/SliceRigidity.lean:136:0: 'NLA.SP15.parameter_slice_rigidity' depends on axioms: [propext, Classical.choice, Quot.sound]
ℹ [3750/3778] Built NLA.SP15.DerivativeRows.Row7 (5.3s)
info: NLA/SP15/DerivativeRows/Row7.lean:47:0: 'NLA.SP15.coefficient_strict_derivative_row_7' depends on axioms: [propext, Classical.choice, Quot.sound]
ℹ [3751/3778] Built NLA.SP15.DerivativeRows.Row8 (5.5s)
info: NLA/SP15/DerivativeRows/Row8.lean:49:0: 'NLA.SP15.coefficient_strict_derivative_row_8' depends on axioms: [propext, Classical.choice, Quot.sound]
ℹ [3752/3778] Built NLA.SP15.DerivativeRows.Row6 (4.7s)
info: NLA/SP15/DerivativeRows/Row6.lean:30:0: 'NLA.SP15.coefficient_strict_derivative_row_6' depends on axioms: [propext, Classical.choice, Quot.sound]
ℹ [3753/3778] Built NLA.SP15.DerivativeRows.Row5 (5.9s)
info: NLA/SP15/DerivativeRows/Row5.lean:64:0: 'NLA.SP15.coefficient_strict_derivative_row_5' depends on axioms: [propext, Classical.choice, Quot.sound]
ℹ [3754/3778] Built NLA.SP15.DerivativeRows.Row3 (4.7s)
info: NLA/SP15/DerivativeRows/Row3.lean:30:0: 'NLA.SP15.coefficient_strict_derivative_row_3' depends on axioms: [propext, Classical.choice, Quot.sound]
ℹ [3755/3778] Built NLA.SP15.DerivativeRows.Row4 (5.5s)
info: NLA/SP15/DerivativeRows/Row4.lean:60:0: 'NLA.SP15.coefficient_strict_derivative_row_4' depends on axioms: [propext, Classical.choice, Quot.sound]
ℹ [3756/3778] Built NLA.SP15.DerivativeRows.Row2 (6.1s)
info: NLA/SP15/DerivativeRows/Row2.lean:67:0: 'NLA.SP15.coefficient_strict_derivative_row_2' depends on axioms: [propext, Classical.choice, Quot.sound]
ℹ [3757/3778] Built NLA.SP15.JacobianCertificate (4.3s)
info: NLA/SP15/JacobianCertificate.lean:64:0: 'NLA.SP15.jacobian_lu_certificate' depends on axioms: [propext, Classical.choice, Quot.sound]
info: NLA/SP15/JacobianCertificate.lean:66:0: 'NLA.SP15.jacobian_minor_nonsingular' depends on axioms: [propext, Classical.choice, Quot.sound]
ℹ [3758/3778] Built NLA.SP15.DerivativeRows.Row1 (5.3s)
info: NLA/SP15/DerivativeRows/Row1.lean:49:0: 'NLA.SP15.coefficient_strict_derivative_row_1' depends on axioms: [propext, Classical.choice, Quot.sound]
ℹ [3759/3778] Built NLA.SP15.DerivativeRows.Row0 (5.7s)
info: NLA/SP15/DerivativeRows/Row0.lean:53:0: 'NLA.SP15.coefficient_strict_derivative_row_0' depends on axioms: [propext, Classical.choice, Quot.sound]
ℹ [3760/3778] Built NLA.SP15.SquareRoots (3.4s)
info: NLA/SP15/SquareRoots.lean:46:0: 'NLA.SP15.square_root_semantics' depends on axioms: [propext, Classical.choice, Quot.sound]
ℹ [3761/3778] Built NLA.SP15.CoefficientDerivative (3.4s)
info: NLA/SP15/CoefficientDerivative.lean:40:0: 'NLA.SP15.coefficient_strict_derivative' depends on axioms: [propext, Classical.choice, Quot.sound]
ℹ [3762/3778] Built NLA.SP15.SchurPositivity (4.4s)
info: NLA/SP15/SchurPositivity.lean:31:0: 'NLA.SP15.schur_positive_blocks' depends on axioms: [propext, Classical.choice, Quot.sound]
⚠ [3763/3778] Built NLA.SP15.UnitaryBlocks (5.1s)
warning: NLA/SP15/UnitaryBlocks.lean:23:29: Variable name `hy` is not explicitly referenced.

Hint: The binding can be removed (if unused) or named `_` (if used implicitly). Alternatively, prefix the name with `_` to silence this warning:
  [apply] _hy

Note: This linter can be disabled with `set_option linter.unusedVariables false`
info: NLA/SP15/UnitaryBlocks.lean:106:0: 'NLA.SP15.unitary_intertwiner_blocks' depends on axioms: [propext, Classical.choice, Quot.sound]
ℹ [3764/3778] Built NLA.SP15.BlockGram (5.4s)
info: NLA/SP15/BlockGram.lean:74:0: 'NLA.SP15.regularized_gram_blocks' depends on axioms: [propext, Classical.choice, Quot.sound]
ℹ [3765/3778] Built NLA.SP15.KernelFlag (4.6s)
info: NLA/SP15/KernelFlag.lean:83:0: 'NLA.SP15.constructed_kernel_flag' depends on axioms: [propext, Classical.choice, Quot.sound]
ℹ [3766/3778] Built NLA.SP15.AugmentedDerivative (3.5s)
info: NLA/SP15/AugmentedDerivative.lean:66:0: 'NLA.SP15.augmented_strict_derivative' depends on axioms: [propext, Classical.choice, Quot.sound]
ℹ [3767/3778] Built NLA.SP15.MiddleConjugacy (4.1s)
info: NLA/SP15/MiddleConjugacy.lean:60:0: 'NLA.SP15.middle_block_conjugacy' depends on axioms: [propext, Classical.choice, Quot.sound]
ℹ [3768/3778] Built NLA.SP15.SchurAlgebra (4.5s)
info: NLA/SP15/SchurAlgebra.lean:80:0: 'NLA.SP15.determinant_lower_commuting' depends on axioms: [propext, Classical.choice, Quot.sound]
info: NLA/SP15/SchurAlgebra.lean:82:0: 'NLA.SP15.final_schur_matrix' depends on axioms: [propext, Classical.choice, Quot.sound]
ℹ [3769/3778] Built NLA.SP15.AugmentedEquivalence (4.1s)
info: NLA/SP15/AugmentedEquivalence.lean:59:0: 'NLA.SP15.augmented_derivative_equivalence' depends on axioms: [propext, Classical.choice, Quot.sound]
ℹ [3770/3778] Built NLA.SP15.UnitaryInjectivity (3.0s)
info: NLA/SP15/UnitaryInjectivity.lean:22:0: 'NLA.SP15.constructed_unitary_injectivity' depends on axioms: [propext, Classical.choice, Quot.sound]
ℹ [3771/3778] Built NLA.SP15.ShiftedDeterminant (4.1s)
info: NLA/SP15/ShiftedDeterminant.lean:112:0: 'NLA.SP15.shifted_gram_determinant' depends on axioms: [propext, Classical.choice, Quot.sound]
ℹ [3772/3778] Built NLA.SP15.LocalFiber (3.2s)
info: NLA/SP15/LocalFiber.lean:80:0: 'NLA.SP15.local_augmented_inverse' depends on axioms: [propext, Classical.choice, Quot.sound]
info: NLA/SP15/LocalFiber.lean:82:0: 'NLA.SP15.local_coefficient_fiber' depends on axioms: [propext, Classical.choice, Quot.sound]
ℹ [3773/3778] Built NLA.SP15.GramPolynomial (2.9s)
info: NLA/SP15/GramPolynomial.lean:57:0: 'NLA.SP15.equal_coefficients_gram_charpoly' depends on axioms: [propext, Classical.choice, Quot.sound]
ℹ [3774/3778] Built NLA.SP15.FiniteFiber (3.0s)
info: NLA/SP15/FiniteFiber.lean:53:0: 'NLA.SP15.finite_fiber_selection' depends on axioms: [propext, Classical.choice, Quot.sound]
ℹ [3775/3778] Built NLA.SP15.ShiftedSpectrum (2.8s)
info: NLA/SP15/ShiftedSpectrum.lean:26:0: 'NLA.SP15.equal_coefficients_shifted_singular_values' depends on axioms: [propext, Classical.choice, Quot.sound]
ℹ [3776/3778] Built NLA.SP15.Counterfamilies (2.8s)
info: NLA/SP15/Counterfamilies.lean:41:0: 'NLA.SP15.arbitrary_finite_counterfamilies' depends on axioms: [propext, Classical.choice, Quot.sound]
info: NLA/SP15/Counterfamilies.lean:43:0: 'NLA.SP15.canonical_finiteness_false' depends on axioms: [propext, Classical.choice, Quot.sound]
ℹ [3777/3778] Built Solution (2.7s)
info: Solution.lean:19:0: 'NLA.SP15.box_scalar_certificate' depends on axioms: [propext, Classical.choice, Quot.sound]
info: Solution.lean:21:0: 'NLA.SP15.parameter_box_geometry' depends on axioms: [propext, Classical.choice, Quot.sound]
info: Solution.lean:23:0: 'NLA.SP15.parameter_box_bounds' depends on axioms: [propext, Classical.choice, Quot.sound]
info: Solution.lean:25:0: 'NLA.SP15.p_intervals_separate' depends on axioms: [propext, Classical.choice, Quot.sound]
info: Solution.lean:27:0: 'NLA.SP15.parameter_matrices_positive' depends on axioms: [propext, Classical.choice, Quot.sound]
info: Solution.lean:29:0: 'NLA.SP15.square_root_semantics' depends on axioms: [propext, Classical.choice, Quot.sound]
info: Solution.lean:31:0: 'NLA.SP15.coefficient_determinant_identity' depends on axioms: [propext, Classical.choice, Quot.sound]
info: Solution.lean:33:0: 'NLA.SP15.coefficient_base_value' depends on axioms: [propext, Classical.choice, Quot.sound]
info: Solution.lean:35:0: 'NLA.SP15.coefficient_strict_derivative' depends on axioms: [propext, Classical.choice, Quot.sound]
info: Solution.lean:37:0: 'NLA.SP15.jacobian_lu_certificate' depends on axioms: [propext, Classical.choice, Quot.sound]
info: Solution.lean:39:0: 'NLA.SP15.jacobian_minor_nonsingular' depends on axioms: [propext, Classical.choice, Quot.sound]
info: Solution.lean:41:0: 'NLA.SP15.augmented_strict_derivative' depends on axioms: [propext, Classical.choice, Quot.sound]
info: Solution.lean:43:0: 'NLA.SP15.augmented_derivative_equivalence' depends on axioms: [propext, Classical.choice, Quot.sound]
info: Solution.lean:45:0: 'NLA.SP15.local_augmented_inverse' depends on axioms: [propext, Classical.choice, Quot.sound]
info: Solution.lean:47:0: 'NLA.SP15.local_coefficient_fiber' depends on axioms: [propext, Classical.choice, Quot.sound]
info: Solution.lean:49:0: 'NLA.SP15.regularized_gram_blocks' depends on axioms: [propext, Classical.choice, Quot.sound]
info: Solution.lean:51:0: 'NLA.SP15.schur_positive_blocks' depends on axioms: [propext, Classical.choice, Quot.sound]
info: Solution.lean:53:0: 'NLA.SP15.shifted_gram_determinant' depends on axioms: [propext, Classical.choice, Quot.sound]
info: Solution.lean:55:0: 'NLA.SP15.equal_coefficients_gram_charpoly' depends on axioms: [propext, Classical.choice, Quot.sound]
info: Solution.lean:57:0: 'NLA.SP15.gram_charpoly_singular_values' depends on axioms: [propext, Classical.choice, Quot.sound]
info: Solution.lean:59:0: 'NLA.SP15.equal_coefficients_shifted_singular_values' depends on axioms: [propext, Classical.choice, Quot.sound]
info: Solution.lean:61:0: 'NLA.SP15.constructed_kernel_flag' depends on axioms: [propext, Classical.choice, Quot.sound]
info: Solution.lean:63:0: 'NLA.SP15.unitary_intertwiner_blocks' depends on axioms: [propext, Classical.choice, Quot.sound]
info: Solution.lean:65:0: 'NLA.SP15.middle_block_conjugacy' depends on axioms: [propext, Classical.choice, Quot.sound]
info: Solution.lean:67:0: 'NLA.SP15.parameter_slice_rigidity' depends on axioms: [propext, Classical.choice, Quot.sound]
info: Solution.lean:69:0: 'NLA.SP15.constructed_unitary_injectivity' depends on axioms: [propext, Classical.choice, Quot.sound]
info: Solution.lean:71:0: 'NLA.SP15.finite_fiber_selection' depends on axioms: [propext, Classical.choice, Quot.sound]
info: Solution.lean:73:0: 'NLA.SP15.arbitrary_finite_counterfamilies' depends on axioms: [propext, Classical.choice, Quot.sound]
info: Solution.lean:75:0: 'NLA.SP15.canonical_finiteness_false' depends on axioms: [propext, Classical.choice, Quot.sound]
Build completed successfully (3778 jobs).
Exporting #[Quot, Quot.mk, Quot.lift, Quot.ind, NLA.SP15.box_scalar_certificate, NLA.SP15.parameter_box_geometry, NLA.SP15.parameter_box_bounds, NLA.SP15.p_intervals_separate, NLA.SP15.parameter_matrices_positive, NLA.SP15.square_root_semantics, NLA.SP15.coefficient_determinant_identity, NLA.SP15.coefficient_base_value, NLA.SP15.coefficient_strict_derivative, NLA.SP15.jacobian_lu_certificate, NLA.SP15.jacobian_minor_nonsingular, NLA.SP15.augmented_strict_derivative, NLA.SP15.augmented_derivative_equivalence, NLA.SP15.local_augmented_inverse, NLA.SP15.local_coefficient_fiber, NLA.SP15.regularized_gram_blocks, NLA.SP15.schur_positive_blocks, NLA.SP15.shifted_gram_determinant, NLA.SP15.equal_coefficients_gram_charpoly, NLA.SP15.gram_charpoly_singular_values, NLA.SP15.equal_coefficients_shifted_singular_values, NLA.SP15.constructed_kernel_flag, NLA.SP15.unitary_intertwiner_blocks, NLA.SP15.middle_block_conjugacy, NLA.SP15.parameter_slice_rigidity, NLA.SP15.constructed_unitary_injectivity, NLA.SP15.finite_fiber_selection, NLA.SP15.arbitrary_finite_counterfamilies, NLA.SP15.canonical_finiteness_false, propext, Quot.sound, Classical.choice, Nat.add, Nat.sub, Nat.mul, Nat.pow, Nat.gcd, Nat.div, Nat.mod, Nat.beq, Nat.ble, Nat.land, Nat.lor, Nat.xor, Nat.shiftLeft, Nat.shiftRight, String.ofList, Char.ofNat, List, eagerReduce, Nat, String, String.mk, Char, optParam, autoParam, semiOutParam, outParam] from Solution
Running Lean default kernel on solution.
Lean default kernel accepts the solution
Your solution is okay!

EXIT_STATUS=0
