{
  "scope": "Independent exact source arithmetic; no Lean/kernel/spectral/IFT verification",
  "source_path": "/tmp/nla-lean-next-20260915/next-proofs/SP-15/NLA/SP15/Definitions.lean",
  "source_sha256": "fa57c71cd3e6d6551f081e479121f9f6a4695858732f3e6d1fa4cd79ad927498",
  "result": "PASS",
  "direct_symbolic_3x3_determinant_terms": 136,
  "determinant_minus_written_coefficient_polynomials_terms": 0,
  "exact_base_coefficients": [
    "300",
    "159",
    "814",
    "24",
    "263",
    "697",
    "18",
    "103",
    "189"
  ],
  "derivative_entries_matched": 90,
  "lu_entries_matched": 81,
  "triangular_and_nonzero_diagonal": true,
  "jacobian_minor_determinant_from_lu": "-1088",
  "box_radius": "1/16",
  "diagonal_dominance_margin": "3/4",
  "imports_author_preflight_or_checker": false
}
