$ systemd-run --user --quiet --wait --pipe --collect -p 'RestrictAddressFamilies=~AF_UNIX' --working-directory /home/runner/work/_temp/nla-lean-tools/.verification-tmp/nla-fresh-proof-_6pni3rb/project /usr/bin/env -i PATH=/home/runner/.elan/toolchains/leanprover--lean4---v4.33.1/bin:/home/runner/.elan/bin:/home/runner/go/bin:/opt/hostedtoolcache/go/1.27.1/x64/bin:/snap/bin:/home/runner/.local/bin:/opt/pipx_bin:/home/runner/.cargo/bin:/home/runner/.config/composer/vendor/bin:/usr/local/.ghcup/bin:/home/runner/.dotnet/tools:/usr/local/sbin:/usr/local/bin:/usr/sbin:/usr/bin:/sbin:/bin:/usr/games:/usr/local/games:/snap/bin HOME=/home/runner LANG=C.UTF-8 XDG_RUNTIME_DIR=/run/user/1001 DBUS_SESSION_BUS_ADDRESS=unix:path=/run/user/1001/bus GIT_TERMINAL_PROMPT=0 GIT_CONFIG_NOSYSTEM=1 GIT_CONFIG_GLOBAL=/dev/null COMPARATOR_BIN=/home/runner/work/_temp/nla-lean-tools/.tools/comparator/.lake/build/bin/comparator COMPARATOR_LEAN4EXPORT=/home/runner/work/_temp/nla-lean-tools/.tools/lean4export/.lake/build/bin/lean4export COMPARATOR_LANDRUN=/home/runner/work/_temp/nla-lean-tools/scripts/strict_landrun.py XDG_CACHE_HOME=/home/runner/work/_temp/nla-lean-tools/.tools/cache TMPDIR=/home/runner/work/_temp/nla-lean-tools/.verification-tmp lake env /home/runner/work/_temp/nla-lean-tools/.tools/comparator/.lake/build/bin/comparator comparator.json
Building Challenge
✔ [2060/2062] Built NLA.PF02.Definitions (1.8s)
⚠ [2061/2062] Built Challenge (1.7s)
warning: Challenge.lean:14:8: declaration uses `sorry`
warning: Challenge.lean:21:8: declaration uses `sorry`
warning: Challenge.lean:29:8: declaration uses `sorry`
warning: Challenge.lean:33:8: declaration uses `sorry`
warning: Challenge.lean:40:8: declaration uses `sorry`
warning: Challenge.lean:45:8: declaration uses `sorry`
warning: Challenge.lean:51:8: declaration uses `sorry`
warning: Challenge.lean:56:8: declaration uses `sorry`
warning: Challenge.lean:61:8: declaration uses `sorry`
Build completed successfully (2062 jobs).
Exporting #[Quot, Quot.mk, Quot.lift, Quot.ind, NLA.PF02.witness_data, NLA.PF02.witness_factorizations, NLA.PF02.witness_minimal_rank, NLA.PF02.orbit_semantics, NLA.PF02.orientation_nonvanishing, NLA.PF02.orientation_preserved, NLA.PF02.quotient_separation, NLA.PF02.witness_disconnected, NLA.PF02.canonical_counterexample, propext, Classical.choice, Quot.sound, Nat.add, Nat.sub, Nat.mul, Nat.pow, Nat.gcd, Nat.div, Nat.mod, Nat.beq, Nat.ble, Nat.land, Nat.lor, Nat.xor, Nat.shiftLeft, Nat.shiftRight, String.ofList, Char.ofNat, List, eagerReduce, Nat, String, String.mk, Char, optParam, autoParam, semiOutParam, outParam] from Challenge
Building Solution
✔ [3451/3484] Built LeanCert.Core.Interval (4.1s)
✔ [3452/3490] Built LeanCert.Core.DerivativeIntervals (4.4s)
✔ [3453/3491] Built LeanCert.Contrib.Sinc (6.2s)
✔ [3454/3491] Built LeanCert.Core.Expr (7.1s)
✔ [3455/3495] Built LeanCert.Core.Dyadic (6.3s)
✔ [3456/3495] Built LeanCert.Tactic.Verification (7.2s)
✔ [3457/3495] Built LeanCert.Core.Taylor (11s)
✔ [3458/3495] Built LeanCert.Core.IntervalRat.Basic (12s)
✔ [3459/3495] Built LeanCert.Core.Support (4.9s)
✔ [3460/3495] Built LeanCert.Core.IntervalRat.LogReduction (6.0s)
✔ [3461/3495] Built LeanCert.Tactic.LeanCert.Bridge.Environment (3.5s)
✔ [3462/3495] Built LeanCert.Meta.Numeral (4.9s)
✔ [3463/3496] Built LeanCert.Engine.Eval.Result (3.6s)
✔ [3464/3496] Built LeanCert.Core.TrigReduction (3.8s)
✔ [3465/3496] Built LeanCert.Tactic.IntervalAuto.Types (4.3s)
✔ [3466/3496] Built LeanCert.Core.IntervalRat.Transcendental (6.5s)
✔ [3467/3496] Built LeanCert.Tactic.NumericalRefinement (857ms)
✔ [3468/3574] Built LeanCert.Tactic.IntervalAuto.Extract (4.5s)
✔ [3519/3598] Built LeanCert.Tactic.VecUtil (6.0s)
✔ [3520/3599] Built LeanCert.Meta.ToExpr (9.2s)
✔ [3521/3599] Built LeanCert.Tactic.IntervalAuto.Norm (7.3s)
✔ [3522/3599] Built LeanCert.Tactic.FinSumExpand (4.3s)
✔ [3523/3603] Built LeanCert.Tactic.LeanCert.Normalize (5.5s)
✔ [3524/3605] Built LeanCert.Tactic.FinsetParse (4.5s)
✔ [3525/3607] Built LeanCert.Tactic.BridgeNative (2.7s)
✔ [3526/3611] Built LeanCert.Tactic.IntervalAuto.Parse (8.0s)
✔ [3527/3613] Built LeanCert.Tactic.LeanCert.Semantic.Domain (2.0s)
✔ [3528/3614] Built LeanCert.Validity.Eventual (3.7s)
✔ [3529/3614] Built LeanCert.Tactic.IntervalAuto.Diagnostic (3.6s)
✔ [3530/3614] Built LeanCert.Tactic.LeanCert.Semantic.Goal (2.6s)
✔ [3531/3616] Built LeanCert.Core.IntervalRat.Taylor (25s)
✔ [3532/3618] Built LeanCert.Tactic.VecSimp (2.1s)
✔ [3533/3618] Built LeanCert.Tactic.LeanCert.Semantic.Parse.Comparison (1.8s)
✔ [3534/3619] Built LeanCert.Core.IntervalReal (2.8s)
✔ [3535/3619] Built LeanCert.Tactic.EventualBound (6.0s)
✔ [3536/3619] Built LeanCert.Core.IntervalRat.TrigReduced (3.7s)
✔ [3537/3619] Built LeanCert.Tactic.Extension.Protocol (3.6s)
✔ [3538/3619] Built LeanCert.Tactic.LeanCert.Semantic.Parse.Bound (3.0s)
✔ [3539/3621] Built LeanCert.Core.IntervalRealEndpoints (6.6s)
✔ [3540/3622] Built LeanCert.Tactic.LeanCert.Diagnostic.Evidence (6.9s)
✔ [3541/3622] Built LeanCert.Engine.Affine.Basic (9.8s)
✔ [3542/3622] Built LeanCert.Core.IntervalDyadic (10s)
✔ [3543/3622] Built LeanCert.Tactic.LeanCert.Config (2.2s)
✔ [3544/3626] Built LeanCert.Tactic.Extension.Registry (4.0s)
✔ [3546/3635] Built LeanCert.Engine.Affine.Nonlinear (7.8s)
✔ [3547/3635] Built LeanCert.Core.DyadicCell (7.2s)
✔ [3548/3640] Built LeanCert.Engine.Algebra.QPoly (7.9s)
✔ [3549/3641] Built LeanCert.Engine.Eval.Core (11s)
✔ [3550/3641] Built LeanCert.Engine.FloatEval (3.3s)
✔ [3551/3641] Built LeanCert.Core.DyadicFrontier (3.5s)
✔ [3552/3641] Built LeanCert.Tactic.Extension.Command (2.9s)
✔ [3554/3649] Built LeanCert.Engine.Algebra.QPolyIntegral (3.9s)
✔ [3555/3649] Built LeanCert.Tactic.Extension (3.1s)
✔ [3556/3649] Built NLA.PF02.Rank (3.7s)
✔ [3557/3649] Built LeanCert.Engine.Eval.Extended (4.7s)
✔ [3558/3649] Built NLA.PF02.Orbits (3.5s)
✔ [3559/3649] Built LeanCert.Engine.Bounds.Lemmas (2.2s)
✔ [3560/3649] Built LeanCert.Engine.IntervalEval (1.9s)
✔ [3561/3649] Built LeanCert.Validity.Bounds.Checked (3.5s)
✔ [3562/3649] Built LeanCert.Validity.Bounds.Core (3.8s)
✔ [3563/3649] Built LeanCert.Engine.RootFinding.Basic (6.4s)
✔ [3564/3649] Built LeanCert.Engine.Optimization.Box (4.6s)
✔ [3565/3649] Built LeanCert.Engine.IntervalEvalDyadic (8.7s)
✔ [3566/3649] Built LeanCert.Engine.Affine.Transcendental (5.8s)
✔ [3567/3649] Built LeanCert.Engine.AD.Basic (4.1s)
✔ [3568/3649] Built LeanCert.Engine.Integrate (8.8s)
✔ [3569/3649] Built LeanCert.Engine.RootFinding.Bisection (8.2s)
✔ [3570/3649] Built LeanCert.Engine.Search.Heuristic (5.4s)
✔ [3571/3649] Built LeanCert.Engine.TaylorModel.Core (11s)
✔ [3572/3649] Built LeanCert.Engine.FinSumDyadic (6.3s)
✔ [3573/3649] Built LeanCert.Validity.DyadicBounds (4.2s)
✔ [3574/3649] Built LeanCert.Engine.IntervalEvalAffine (7.2s)
✔ [3575/3649] Built LeanCert.Engine.TaylorModel.Special (3.8s)
✔ [3576/3649] Built LeanCert.Engine.AD.Transcendental (6.3s)
✔ [3577/3649] Built LeanCert.Engine.TaylorModel.Integral (4.7s)
✔ [3578/3649] Built LeanCert.Engine.WitnessSum (5.8s)
✔ [3579/3649] Built LeanCert.Engine.TaylorModel.ExpLog (12s)
✔ [3580/3649] Built LeanCert.Engine.Affine.Environment (8.1s)
✔ [3581/3649] Built LeanCert.Engine.TaylorModel.Trig (15s)
✔ [3582/3649] Built LeanCert.Engine.AD.Eval (3.4s)
✔ [3583/3649] Built LeanCert.Engine.TaylorModel.Hyperbolic (16s)
✔ [3584/3649] Built LeanCert.Engine.TaylorModel.Functions (2.1s)
✔ [3585/3649] Built LeanCert.Engine.AD.Correctness (2.9s)
✔ [3586/3649] Built LeanCert.Engine.AD.Computable (3.6s)
✔ [3587/3649] Built LeanCert.Engine.TaylorModel.Expr (6.1s)
✔ [3588/3649] Built LeanCert.Engine.AD.DomainChecked (3.8s)
✔ [3589/3649] Built LeanCert.Engine.AD.PartialCorrectness (7.7s)
✔ [3590/3649] Built LeanCert.Engine.TaylorModel (2.6s)
✔ [3591/3649] Built LeanCert.Engine.AD.Dyadic (3.3s)
✔ [3592/3649] Built LeanCert.Engine.AD (1.8s)
✔ [3593/3649] Built LeanCert.Validity.Bounds.Smart (4.1s)
✔ [3594/3649] Built LeanCert.Meta.ProveSupported (4.9s)
✔ [3595/3649] Built LeanCert.Engine.IntervalEvalRefined (5.4s)
✔ [3596/3649] Built LeanCert.Engine.Optimize (7.7s)
✔ [3597/3649] Built LeanCert.Validity.Bounds.Bridge (4.2s)
✔ [3598/3649] Built LeanCert.Meta.ProveContinuous (5.8s)
✔ [3599/3649] Built LeanCert.Tactic.IntervalAuto.ProveCommon (7.5s)
✔ [3600/3649] Built LeanCert.Engine.RootFinding.Newton (6.2s)
✔ [3601/3649] Built LeanCert.Validity.Bounds.Basic (3.8s)
✔ [3602/3649] Built LeanCert.Engine.Optimization.Gradient (7.0s)
✔ [3603/3649] Built LeanCert.Tactic.IntervalAuto.Basic (3.7s)
✔ [3604/3649] Built LeanCert.Tactic.LeanCert.Bridge.ReifiedFunction (3.0s)
✔ [3605/3649] Built LeanCert.Validity.Integration (8.5s)
✔ [3606/3649] Built LeanCert.Engine.RootFinding.MVTBounds (11s)
✔ [3607/3649] Built LeanCert.Engine.RootFinding.Krawczyk (10s)
✔ [3608/3649] Built LeanCert.Tactic.LeanCert.Semantic.Prepare (9.1s)
✔ [3609/3649] Built LeanCert.Engine.RootFinding.KrawczykCandidate (8.2s)
✔ [3610/3649] Built LeanCert.Engine.RootFinding.Contraction (9.4s)
✔ [3611/3649] Built LeanCert.Tactic.LeanCert.Integral (12s)
✔ [3612/3649] Built LeanCert.Validity.Krawczyk (3.5s)
✔ [3613/3649] Built LeanCert.Tactic.LeanCert.Solver.Protocol (7.2s)
✔ [3614/3649] Built LeanCert.Engine.RootFinding.Main (4.4s)
✔ [3615/3649] Built LeanCert.Tactic.Extension.Execute (8.0s)
✔ [3616/3649] Built LeanCert.Engine.Optimization.Global (31s)
✔ [3617/3649] Built LeanCert.Tactic.LeanCert.Diagnostic.Render (4.4s)
✔ [3618/3649] Built LeanCert.Tactic.Enclosure (3.5s)
✔ [3619/3649] Built LeanCert.Validity.Types (3.7s)
✔ [3620/3649] Built LeanCert.Engine.Optimization.Guided (3.0s)
✔ [3621/3649] Built LeanCert.Engine.Search.CounterExample (4.1s)
✔ [3622/3649] Built LeanCert.Engine.Optimization.BoundVerify (3.9s)
✔ [3623/3649] Built LeanCert.Validity.Bounds (7.8s)
✔ [3624/3649] Built LeanCert.Discovery.Find (4.0s)
✔ [3625/3649] Built LeanCert.Tactic.IntervalAuto.OptBound (4.5s)
✔ [3626/3649] Built LeanCert.Tactic.IntervalAuto.Multivariate (7.1s)
✔ [3627/3649] Built LeanCert.Tactic.IntervalAuto.RootBound (3.9s)
✔ [3628/3649] Built LeanCert.Tactic.IntervalAuto.Bound (15s)
✔ [3629/3649] Built LeanCert.Tactic.IntervalAuto.Subdiv (5.7s)
✔ [3630/3649] Built LeanCert.Tactic.IntervalAuto.Adaptive (7.1s)
✔ [3631/3649] Built LeanCert.Tactic.IntervalAuto.PointIneq (9.4s)
✔ [3632/3649] Built LeanCert.Tactic.IntervalAuto (2.3s)
✔ [3633/3649] Built LeanCert.Tactic.Refute (4.2s)
✔ [3634/3649] Built LeanCert.Tactic.FinSumWitness (5.9s)
✔ [3635/3649] Built LeanCert.Tactic.FinSumBound (4.4s)
✔ [3636/3649] Built LeanCert.Tactic.LeanCert.Semantic.Parse (3.2s)
✔ [3637/3649] Built LeanCert.Tactic.Discovery (13s)
✔ [3638/3649] Built LeanCert.Tactic.Krawczyk (3.2s)
✔ [3639/3649] Built LeanCert.Tactic.LeanCert.Router (7.7s)
✔ [3640/3649] Built LeanCert.Tactic.LeanCert (2.4s)
✔ [3641/3649] Built LeanCert.Tactic (2.4s)
ℹ [3642/3649] Built NLA.PF02.Action (4.2s)
info: NLA/PF02/Action.lean:74:0: 'NLA.PF02.changeBasis_preserves_factorization' depends on axioms: [propext, Classical.choice, Quot.sound]
info: NLA/PF02/Action.lean:75:0: 'NLA.PF02.changeBasis_congruent' depends on axioms: [propext, Classical.choice, Quot.sound]
info: NLA/PF02/Action.lean:76:0: 'NLA.PF02.congruent_iff_changeBasis' depends on axioms: [propext, Classical.choice, Quot.sound]
ℹ [3643/3649] Built NLA.PF02.Data (15s)
info: NLA/PF02/Data.lean:95:0: 'NLA.PF02.thirty_two_pos' depends on axioms: [propext, Classical.choice, Quot.sound]
info: NLA/PF02/Data.lean:96:0: 'NLA.PF02.explicit_factorizations' depends on axioms: [propext, Classical.choice, Quot.sound]
info: NLA/PF02/Data.lean:97:0: 'NLA.PF02.witness_numeric_data' depends on axioms: [propext, Classical.choice, Quot.sound]
ℹ [3644/3649] Built NLA.PF02.Coordinates (5.2s)
info: NLA/PF02/Coordinates.lean:74:0: 'NLA.PF02.trace_coordinate_identity' depends on axioms: [propext, Classical.choice, Quot.sound]
info: NLA/PF02/Coordinates.lean:75:0: 'NLA.PF02.factorization_coordinate_identity' depends on axioms: [propext, Classical.choice, Quot.sound]
info: NLA/PF02/Coordinates.lean:76:0: 'NLA.PF02.congruence_covariance' depends on axioms: [propext, Classical.choice, Quot.sound]
info: NLA/PF02/Coordinates.lean:77:0: 'NLA.PF02.rowCoordinates_congruence' depends on axioms: [propext, Classical.choice, Quot.sound]
ℹ [3645/3649] Built NLA.PF02.CongruencePolynomial (13s)
info: NLA/PF02/CongruencePolynomial.lean:38:0: 'NLA.PF02.congruenceCoordinates_det' depends on axioms: [propext, Classical.choice, Quot.sound]
info: NLA/PF02/CongruencePolynomial.lean:39:0: 'NLA.PF02.orientation_congruent' depends on axioms: [propext, Classical.choice, Quot.sound]
ℹ [3646/3649] Built NLA.PF02.Topology (2.8s)
info: NLA/PF02/Topology.lean:81:0: 'NLA.PF02.orbit_quotient_disconnected' depends on axioms: [propext, Classical.choice, Quot.sound]
ℹ [3647/3649] Built NLA.PF02.Proof (2.7s)
info: NLA/PF02/Proof.lean:80:0: 'NLA.PF02.witness_data' depends on axioms: [propext, Classical.choice, Quot.sound]
info: NLA/PF02/Proof.lean:81:0: 'NLA.PF02.witness_factorizations' depends on axioms: [propext, Classical.choice, Quot.sound]
info: NLA/PF02/Proof.lean:82:0: 'NLA.PF02.witness_minimal_rank' depends on axioms: [propext, Classical.choice, Quot.sound]
info: NLA/PF02/Proof.lean:83:0: 'NLA.PF02.orbit_semantics' depends on axioms: [propext, Classical.choice, Quot.sound]
info: NLA/PF02/Proof.lean:84:0: 'NLA.PF02.orientation_nonvanishing' depends on axioms: [propext, Classical.choice, Quot.sound]
info: NLA/PF02/Proof.lean:85:0: 'NLA.PF02.orientation_preserved' depends on axioms: [propext, Classical.choice, Quot.sound]
info: NLA/PF02/Proof.lean:86:0: 'NLA.PF02.quotient_separation' depends on axioms: [propext, Classical.choice, Quot.sound]
info: NLA/PF02/Proof.lean:87:0: 'NLA.PF02.witness_disconnected' depends on axioms: [propext, Classical.choice, Quot.sound]
info: NLA/PF02/Proof.lean:88:0: 'NLA.PF02.canonical_counterexample' depends on axioms: [propext, Classical.choice, Quot.sound]
✔ [3648/3649] Built Solution (2.5s)
Build completed successfully (3649 jobs).
Exporting #[Quot, Quot.mk, Quot.lift, Quot.ind, NLA.PF02.witness_data, NLA.PF02.witness_factorizations, NLA.PF02.witness_minimal_rank, NLA.PF02.orbit_semantics, NLA.PF02.orientation_nonvanishing, NLA.PF02.orientation_preserved, NLA.PF02.quotient_separation, NLA.PF02.witness_disconnected, NLA.PF02.canonical_counterexample, propext, Classical.choice, Quot.sound, Nat.add, Nat.sub, Nat.mul, Nat.pow, Nat.gcd, Nat.div, Nat.mod, Nat.beq, Nat.ble, Nat.land, Nat.lor, Nat.xor, Nat.shiftLeft, Nat.shiftRight, String.ofList, Char.ofNat, List, eagerReduce, Nat, String, String.mk, Char, optParam, autoParam, semiOutParam, outParam] from Solution
Running Lean default kernel on solution.
Lean default kernel accepts the solution
Your solution is okay!

EXIT_STATUS=0
