/private/tmp/nla-lean-local-shared-20260916/.lake/packages/mathlib/Mathlib/Analysis/Complex/Polynomial/Basic.lean:194:      rw [← add_conj, map_add, ← mul_conj', map_mul]
/private/tmp/nla-lean-local-shared-20260916/.lake/packages/mathlib/Mathlib/LinearAlgebra/Matrix/Hermitian.lean:283:theorem isHermitian_mul_conjTranspose_self [Fintype n] (A : Matrix m n α) :
/private/tmp/nla-lean-local-shared-20260916/.lake/packages/mathlib/Mathlib/LinearAlgebra/Matrix/Hermitian.lean:297:theorem isHermitian_mul_mul_conjTranspose [Fintype m] {A : Matrix m m α} (B : Matrix n m α)
/private/tmp/nla-lean-local-shared-20260916/.lake/packages/mathlib/Mathlib/LinearAlgebra/Matrix/DotProduct.lean:119:lemma self_mul_conjTranspose_eq_zero {m} {A : Matrix m n R} : A * Aᴴ = 0 ↔ A = 0 :=
/private/tmp/nla-lean-local-shared-20260916/.lake/packages/mathlib/Mathlib/LinearAlgebra/Matrix/DotProduct.lean:131:lemma self_mul_conjTranspose_mul_eq_zero {p} (A : Matrix m n R) (B : Matrix m p R) :
/private/tmp/nla-lean-local-shared-20260916/.lake/packages/mathlib/Mathlib/LinearAlgebra/Matrix/DotProduct.lean:135:lemma mul_self_mul_conjTranspose_eq_zero {p} (A : Matrix m n R) (B : Matrix p m R) :
/private/tmp/nla-lean-local-shared-20260916/.lake/packages/mathlib/Mathlib/LinearAlgebra/Matrix/DotProduct.lean:138:    self_mul_conjTranspose_mul_eq_zero, ← conjTranspose_mul, conjTranspose_eq_zero]
/private/tmp/nla-lean-local-shared-20260916/.lake/packages/mathlib/Mathlib/LinearAlgebra/Matrix/DotProduct.lean:140:lemma mul_conjTranspose_mul_self_eq_zero {p} (A : Matrix m n R) (B : Matrix p n R) :
/private/tmp/nla-lean-local-shared-20260916/.lake/packages/mathlib/Mathlib/LinearAlgebra/Matrix/DotProduct.lean:142:  simpa only [conjTranspose_conjTranspose] using mul_self_mul_conjTranspose_eq_zero Aᴴ _
/private/tmp/nla-lean-local-shared-20260916/.lake/packages/mathlib/Mathlib/LinearAlgebra/Matrix/DotProduct.lean:149:lemma self_mul_conjTranspose_mulVec_eq_zero (A : Matrix m n R) (v : m → R) :
/private/tmp/nla-lean-local-shared-20260916/.lake/packages/mathlib/Mathlib/LinearAlgebra/Matrix/DotProduct.lean:156:    mul_conjTranspose_mul_self_eq_zero A (replicateRow (Fin 1) v)
/private/tmp/nla-lean-local-shared-20260916/.lake/packages/mathlib/Mathlib/LinearAlgebra/Matrix/DotProduct.lean:158:lemma vecMul_self_mul_conjTranspose_eq_zero (A : Matrix m n R) (v : m → R) :
/private/tmp/nla-lean-local-shared-20260916/.lake/packages/mathlib/Mathlib/LinearAlgebra/Matrix/Determinant/Basic.lean:818:theorem det_fin_three (A : Matrix (Fin 3) (Fin 3) R) :
/private/tmp/nla-lean-local-shared-20260916/.lake/packages/mathlib/Mathlib/Data/Complex/Basic.lean:542:theorem normSq_add_mul_I (x y : ℝ) : normSq (x + y * I) = x ^ 2 + y ^ 2 := by
/private/tmp/nla-lean-local-shared-20260916/.lake/packages/mathlib/Mathlib/Data/Complex/Basic.lean:586:theorem mul_conj (z : ℂ) : z * conj z = normSq z :=
/private/tmp/nla-lean-local-shared-20260916/.lake/packages/mathlib/Mathlib/Data/Complex/Basic.lean:700:  rw [inv_def, ← mul_assoc, mul_conj, ← ofReal_mul, mul_inv_cancel₀ (mt normSq_eq_zero.1 h),
/private/tmp/nla-lean-local-shared-20260916/.lake/packages/mathlib/Mathlib/Analysis/Complex/Norm.lean:167:  rw [← normSq_add_mul_I]; rfl
/private/tmp/nla-lean-local-shared-20260916/.lake/packages/mathlib/Mathlib/Analysis/Complex/Norm.lean:382:  simp [mul_comm I, normSq_add_mul_I,
/private/tmp/nla-lean-local-shared-20260916/.lake/packages/mathlib/Mathlib/Analysis/Complex/Basic.lean:359:-- TODO: Replace `mul_conj` and `conj_mul` once `norm` has replaced `abs`
/private/tmp/nla-lean-local-shared-20260916/.lake/packages/mathlib/Mathlib/Analysis/Complex/Basic.lean:360:lemma mul_conj' (z : ℂ) : z * conj z = ‖z‖ ^ 2 := RCLike.mul_conj z
/private/tmp/nla-lean-local-shared-20260916/.lake/packages/mathlib/Mathlib/LinearAlgebra/Matrix/PosDef.lean:321:lemma mul_mul_conjTranspose_same {A : Matrix n n R} (hA : PosSemidef A) (B : Matrix m n R) :
/private/tmp/nla-lean-local-shared-20260916/.lake/packages/mathlib/Mathlib/LinearAlgebra/Matrix/PosDef.lean:333:    simpa only [hM.isHermitian.eq] using (hM.pow k).mul_mul_conjTranspose_same M
/private/tmp/nla-lean-local-shared-20260916/.lake/packages/mathlib/Mathlib/LinearAlgebra/Matrix/PosDef.lean:365:theorem posSemidef_self_mul_conjTranspose [StarOrderedRing R] (A : Matrix m n R) :
/private/tmp/nla-lean-local-shared-20260916/.lake/packages/mathlib/Mathlib/LinearAlgebra/Matrix/PosDef.lean:379:theorem trace_mul_conjTranspose_self_eq_zero_iff {A : Matrix m n R} :
/private/tmp/nla-lean-local-shared-20260916/.lake/packages/mathlib/Mathlib/LinearAlgebra/Matrix/PosDef.lean:414:  simp [vecMulVec_eq Unit, ← conjTranspose_replicateCol, posSemidef_self_mul_conjTranspose]
/private/tmp/nla-lean-local-shared-20260916/.lake/packages/mathlib/Mathlib/LinearAlgebra/Matrix/PosDef.lean:452:lemma mul_mul_conjTranspose_same {A : Matrix n n R} {B : Matrix m n R} (hA : A.PosDef)
/private/tmp/nla-lean-local-shared-20260916/.lake/packages/mathlib/Mathlib/LinearAlgebra/Matrix/PosDef.lean:465:theorem mul_conjTranspose_self [StarOrderedRing R] [NoZeroDivisors R] (A : Matrix m n R)
/private/tmp/nla-lean-local-shared-20260916/.lake/packages/mathlib/Mathlib/LinearAlgebra/Matrix/PosDef.lean:469:  simpa using mul_mul_conjTranspose_same .one hA
/private/tmp/nla-lean-local-shared-20260916/.lake/packages/mathlib/Mathlib/LinearAlgebra/Matrix/PosDef.lean:515:  have := hM.mul_mul_conjTranspose_same (B := M⁻¹) ?_
/private/tmp/nla-lean-local-shared-20260916/.lake/packages/mathlib/Mathlib/LinearAlgebra/Matrix/HadamardMatrix.lean:47:`IsHadamard.of_mul_conjTranspose`; over a ring with trivial star (e.g. `ℝ`, `ℤ`), the entry
/private/tmp/nla-lean-local-shared-20260916/.lake/packages/mathlib/Mathlib/LinearAlgebra/Matrix/HadamardMatrix.lean:53:  mul_conjTranspose : A * Aᴴ = (Fintype.card n : R) • (1 : Matrix n n R)
/private/tmp/nla-lean-local-shared-20260916/.lake/packages/mathlib/Mathlib/LinearAlgebra/Matrix/HadamardMatrix.lean:60:    rw [commute_iff_eq, star_eq_conjTranspose, hA.conjTranspose_mul, hA.mul_conjTranspose]
/private/tmp/nla-lean-local-shared-20260916/.lake/packages/mathlib/Mathlib/LinearAlgebra/Matrix/HadamardMatrix.lean:66:    by simpa using hA.mul_conjTranspose⟩
/private/tmp/nla-lean-local-shared-20260916/.lake/packages/mathlib/Mathlib/LinearAlgebra/Matrix/HadamardMatrix.lean:76:    simp [reindex_apply, submatrix_mul_equiv, hA.mul_conjTranspose, hA.conjTranspose_mul,
/private/tmp/nla-lean-local-shared-20260916/.lake/packages/mathlib/Mathlib/LinearAlgebra/Matrix/HadamardMatrix.lean:93:        simp [← Finset.sum_mul, ← Finset.mul_sum, ← mul_apply, hB.mul_conjTranspose,
/private/tmp/nla-lean-local-shared-20260916/.lake/packages/mathlib/Mathlib/LinearAlgebra/Matrix/HadamardMatrix.lean:96:        simp only [← mul_apply, mul_smul_comm, hA.mul_conjTranspose]
/private/tmp/nla-lean-local-shared-20260916/.lake/packages/mathlib/Mathlib/LinearAlgebra/Matrix/HadamardMatrix.lean:126:    rw [hA.mul_conjTranspose, Nat.cast_smul_eq_nsmul, vecMul_smul, smul_dotProduct]
/private/tmp/nla-lean-local-shared-20260916/.lake/packages/mathlib/Mathlib/LinearAlgebra/Matrix/HadamardMatrix.lean:155:  mul_conjTranspose := by
/private/tmp/nla-lean-local-shared-20260916/.lake/packages/mathlib/Mathlib/LinearAlgebra/Matrix/HadamardMatrix.lean:159:    rw [conjTranspose_transpose_eq_transpose_conjTranspose, ← transpose_mul, hA.mul_conjTranspose,
/private/tmp/nla-lean-local-shared-20260916/.lake/packages/mathlib/Mathlib/LinearAlgebra/Matrix/HadamardMatrix.lean:188:  have := congr_arg det hA.mul_conjTranspose
/private/tmp/nla-lean-local-shared-20260916/.lake/packages/mathlib/Mathlib/LinearAlgebra/Matrix/HadamardMatrix.lean:214:theorem IsHadamard.of_mul_conjTranspose
/private/tmp/nla-lean-local-shared-20260916/.lake/packages/mathlib/Mathlib/LinearAlgebra/Matrix/HadamardMatrix.lean:229:theorem isHadamard_iff_mul_conjTranspose
/private/tmp/nla-lean-local-shared-20260916/.lake/packages/mathlib/Mathlib/LinearAlgebra/Matrix/HadamardMatrix.lean:234:  ⟨fun hA => ⟨hA.apply_mem, hA.mul_conjTranspose⟩,
/private/tmp/nla-lean-local-shared-20260916/.lake/packages/mathlib/Mathlib/LinearAlgebra/Matrix/HadamardMatrix.lean:235:   fun hA => IsHadamard.of_mul_conjTranspose hA.1 hA.2 hcard⟩
/private/tmp/nla-lean-local-shared-20260916/.lake/packages/mathlib/Mathlib/LinearAlgebra/Matrix/HadamardMatrix.lean:248:    simpa [Matrix.mul_apply, hik] using congr_fun (congr_fun hA.mul_conjTranspose i) k
/private/tmp/nla-lean-local-shared-20260916/.lake/packages/mathlib/Mathlib/LinearAlgebra/Matrix/Rank.lean:523:theorem rank_self_mul_conjTranspose (A : Matrix m n R) : (A * Aᴴ).rank = A.rank := by
