/private/tmp/nla-lean-local-shared-20260916/.lake/packages/mathlib/Mathlib/Analysis/Calculus/LagrangeMultipliers.lean:117:  rcases hextr.exists_linear_map_of_hasStrictFDerivAt (hasStrictFDerivAt_pi.2 fun i => hf' i)
/private/tmp/nla-lean-local-shared-20260916/.lake/packages/mathlib/Mathlib/Analysis/Calculus/Deriv/Basic.lean:600:  h.hasStrictFDerivAt.congr_fderiv <| congr_arg _ h'
/private/tmp/nla-lean-local-shared-20260916/.lake/packages/mathlib/Mathlib/Analysis/Calculus/Deriv/Basic.lean:603:  HasFDerivAt.congr_fderiv h <| congr_arg _ h'
/private/tmp/nla-lean-local-shared-20260916/.lake/packages/mathlib/Mathlib/Analysis/Calculus/Deriv/Basic.lean:607:  HasFDerivWithinAt.congr_fderiv h <| congr_arg _ h'
/private/tmp/nla-lean-local-shared-20260916/.lake/packages/mathlib/Mathlib/Analysis/Calculus/ContDiff/FTaylorSeries.lean:167:    refine ((hp.fderivWithin m hm x hx).congr' (hpq m hm.le).symm hx).congr_fderiv ?_
/private/tmp/nla-lean-local-shared-20260916/.lake/packages/mathlib/Mathlib/Analysis/Calculus/FDeriv/WithLp.lean:51:theorem hasStrictFDerivAt_piLp :
/private/tmp/nla-lean-local-shared-20260916/.lake/packages/mathlib/Mathlib/Analysis/Calculus/FDeriv/WithLp.lean:55:  rw [← (PiLp.continuousLinearEquiv p 𝕜 E).comp_hasStrictFDerivAt_iff, hasStrictFDerivAt_pi']
/private/tmp/nla-lean-local-shared-20260916/.lake/packages/mathlib/Mathlib/Analysis/Calculus/FDeriv/WithLp.lean:77:nonrec theorem hasStrictFDerivAt_apply (f : PiLp p E) (i : ι) :
/private/tmp/nla-lean-local-shared-20260916/.lake/packages/mathlib/Mathlib/Analysis/Calculus/FDeriv/WithLp.lean:80:  (hasStrictFDerivAt_apply i f).comp f (hasStrictFDerivAt_ofLp (𝕜 := 𝕜) p f)
/private/tmp/nla-lean-local-shared-20260916/.lake/packages/mathlib/Mathlib/Analysis/Calculus/FDeriv/WithLp.lean:95:  (hasStrictFDerivAt_apply p f i).hasFDerivAt
/private/tmp/nla-lean-local-shared-20260916/.lake/packages/mathlib/Mathlib/Analysis/Calculus/FDeriv/ContinuousAlternatingMap.lean:74:  have H₃ := hasStrictFDerivAt_pi.mpr fun i : ι ↦ hasStrictFDerivAt_id (𝕜 := 𝕜) fg.2
/private/tmp/nla-lean-local-shared-20260916/.lake/packages/mathlib/Mathlib/Analysis/Calculus/FDeriv/Congr.lean:114:theorem HasStrictFDerivAt.congr_fderiv (h : HasStrictFDerivAt f f' x) (h' : f' = g') :
/private/tmp/nla-lean-local-shared-20260916/.lake/packages/mathlib/Mathlib/Analysis/Calculus/FDeriv/Congr.lean:118:theorem HasFDerivAt.congr_fderiv (h : HasFDerivAt f f' x) (h' : f' = g') : HasFDerivAt f g' x :=
/private/tmp/nla-lean-local-shared-20260916/.lake/packages/mathlib/Mathlib/Analysis/Calculus/FDeriv/Congr.lean:121:theorem HasFDerivWithinAt.congr_fderiv (h : HasFDerivWithinAt f f' s x) (h' : f' = g') :
/private/tmp/nla-lean-local-shared-20260916/.lake/packages/mathlib/Mathlib/Analysis/Calculus/FDeriv/Analytic.lean:643:    (hasStrictFDerivAt_pi.2 fun _ ↦ hasStrictFDerivAt_id _)
/private/tmp/nla-lean-local-shared-20260916/.lake/packages/mathlib/Mathlib/Analysis/Calculus/FDeriv/Analytic.lean:669:      (hf.prodMk (hasStrictFDerivAt_pi.2 hg))
/private/tmp/nla-lean-local-shared-20260916/.lake/packages/mathlib/Mathlib/Analysis/Calculus/FDeriv/Norm.lean:91:theorem HasStrictFDerivAt.hasStrictFDerivAt_norm_smul
/private/tmp/nla-lean-local-shared-20260916/.lake/packages/mathlib/Mathlib/Analysis/Calculus/FDeriv/Norm.lean:104:theorem HasStrictFDerivAt.hasStrictDerivAt_norm_smul_neg
/private/tmp/nla-lean-local-shared-20260916/.lake/packages/mathlib/Mathlib/Analysis/Calculus/FDeriv/Norm.lean:109:theorem HasStrictFDerivAt.hasStrictDerivAt_norm_smul_pos
/private/tmp/nla-lean-local-shared-20260916/.lake/packages/mathlib/Mathlib/Analysis/Calculus/FDeriv/Pow.lean:49:theorem HasStrictFDerivAt.pow' (h : HasStrictFDerivAt f f' x) (n : ℕ) :
/private/tmp/nla-lean-local-shared-20260916/.lake/packages/mathlib/Mathlib/Analysis/Calculus/FDeriv/Pow.lean:58:    refine this.congr_fderiv <| aux _ _ _ _
/private/tmp/nla-lean-local-shared-20260916/.lake/packages/mathlib/Mathlib/Analysis/Calculus/FDeriv/Pow.lean:75:    exact this.congr_fderiv <| aux _ _ _ _
/private/tmp/nla-lean-local-shared-20260916/.lake/packages/mathlib/Mathlib/Analysis/Calculus/FDeriv/Pow.lean:91:    exact this.congr_fderiv <| aux _ _ _ _
/private/tmp/nla-lean-local-shared-20260916/.lake/packages/mathlib/Mathlib/Analysis/Calculus/FDeriv/Pow.lean:173:theorem HasStrictFDerivAt.pow (h : HasStrictFDerivAt f f' x) (n : ℕ) :
/private/tmp/nla-lean-local-shared-20260916/.lake/packages/mathlib/Mathlib/Analysis/Calculus/FDeriv/Pow.lean:175:  h.pow' n |>.congr_fderiv <| aux_sum_eq_pow _
/private/tmp/nla-lean-local-shared-20260916/.lake/packages/mathlib/Mathlib/Analysis/Calculus/FDeriv/Pow.lean:184:  h.pow' n |>.congr_fderiv <| aux_sum_eq_pow _
/private/tmp/nla-lean-local-shared-20260916/.lake/packages/mathlib/Mathlib/Analysis/Calculus/FDeriv/Pow.lean:193:  h.pow' n |>.congr_fderiv <| aux_sum_eq_pow _
/private/tmp/nla-lean-local-shared-20260916/.lake/packages/mathlib/Mathlib/Analysis/Calculus/FDeriv/Prod.lean:359:theorem hasStrictFDerivAt_pi' :
/private/tmp/nla-lean-local-shared-20260916/.lake/packages/mathlib/Mathlib/Analysis/Calculus/FDeriv/Prod.lean:364:theorem hasStrictFDerivAt_pi'' (hφ : ∀ i, HasStrictFDerivAt (fun x => Φ x i) ((proj i).comp Φ') x) :
/private/tmp/nla-lean-local-shared-20260916/.lake/packages/mathlib/Mathlib/Analysis/Calculus/FDeriv/Prod.lean:365:    HasStrictFDerivAt Φ Φ' x := hasStrictFDerivAt_pi'.2 hφ
/private/tmp/nla-lean-local-shared-20260916/.lake/packages/mathlib/Mathlib/Analysis/Calculus/FDeriv/Prod.lean:368:theorem hasStrictFDerivAt_apply (i : ι) (f : ∀ i, F' i) :
/private/tmp/nla-lean-local-shared-20260916/.lake/packages/mathlib/Mathlib/Analysis/Calculus/FDeriv/Prod.lean:372:theorem hasStrictFDerivAt_pi :
/private/tmp/nla-lean-local-shared-20260916/.lake/packages/mathlib/Mathlib/Analysis/Calculus/FDeriv/Prod.lean:375:  hasStrictFDerivAt_pi'
/private/tmp/nla-lean-local-shared-20260916/.lake/packages/mathlib/Mathlib/Analysis/Calculus/FDeriv/Add.lean:57:theorem HasStrictFDerivAt.const_smul (h : HasStrictFDerivAt f f' x) (c : R) :
/private/tmp/nla-lean-local-shared-20260916/.lake/packages/mathlib/Mathlib/Analysis/Calculus/FDeriv/Mul.lean:59:theorem HasStrictFDerivAt.smul (hc : HasStrictFDerivAt c c' x) (hf : HasStrictFDerivAt f f' x) :
/private/tmp/nla-lean-local-shared-20260916/.lake/packages/mathlib/Mathlib/Analysis/Calculus/FDeriv/Mul.lean:116:theorem HasStrictFDerivAt.smul_const (hc : HasStrictFDerivAt c c' x) (f : F) :
/private/tmp/nla-lean-local-shared-20260916/.lake/packages/mathlib/Mathlib/Analysis/Calculus/FDeriv/Mul.lean:170:theorem HasStrictFDerivAt.mul' {x : E} (ha : HasStrictFDerivAt a a' x)
/private/tmp/nla-lean-local-shared-20260916/.lake/packages/mathlib/Mathlib/Analysis/Calculus/FDeriv/Mul.lean:177:theorem HasStrictFDerivAt.mul (hc : HasStrictFDerivAt c c' x) (hd : HasStrictFDerivAt d d' x) :
/private/tmp/nla-lean-local-shared-20260916/.lake/packages/mathlib/Mathlib/Analysis/Calculus/FDeriv/Mul.lean:270:theorem HasStrictFDerivAt.mul_const' (ha : HasStrictFDerivAt a a' x) (b : 𝔸) :
/private/tmp/nla-lean-local-shared-20260916/.lake/packages/mathlib/Mathlib/Analysis/Calculus/FDeriv/Mul.lean:275:theorem HasStrictFDerivAt.mul_const (hc : HasStrictFDerivAt c c' x) (d : 𝔸') :
/private/tmp/nla-lean-local-shared-20260916/.lake/packages/mathlib/Mathlib/Analysis/Calculus/FDeriv/Mul.lean:342:theorem HasStrictFDerivAt.const_mul (ha : HasStrictFDerivAt a a' x) (b : 𝔸) :
/private/tmp/nla-lean-local-shared-20260916/.lake/packages/mathlib/Mathlib/Analysis/Calculus/FDeriv/Mul.lean:404:    exact .congr_fderiv (.mul' (ContinuousLinearMap.hasStrictFDerivAt _) IH)
/private/tmp/nla-lean-local-shared-20260916/.lake/packages/mathlib/Mathlib/Analysis/Calculus/FDeriv/Mul.lean:412:  hasStrictFDerivAt_list_prod'.congr_fderiv <|
/private/tmp/nla-lean-local-shared-20260916/.lake/packages/mathlib/Mathlib/Analysis/Calculus/FDeriv/Mul.lean:421:  classical exact hasStrictFDerivAt_list_prod'.congr_fderiv <| Eq.symm <|
/private/tmp/nla-lean-local-shared-20260916/.lake/packages/mathlib/Mathlib/Analysis/Calculus/FDeriv/Mul.lean:457:  refine hasStrictFDerivAt_list_prod'.congr_fderiv ?_
/private/tmp/nla-lean-local-shared-20260916/.lake/packages/mathlib/Mathlib/Analysis/Calculus/FDeriv/Mul.lean:505:  refine .congr_fderiv (hasStrictFDerivAt_list_prod_finRange'.comp x
/private/tmp/nla-lean-local-shared-20260916/.lake/packages/mathlib/Mathlib/Analysis/Calculus/FDeriv/Mul.lean:506:    (hasStrictFDerivAt_pi.mpr fun i ↦ h (l.get i) (List.getElem_mem ..)) :) ?_
/private/tmp/nla-lean-local-shared-20260916/.lake/packages/mathlib/Mathlib/Analysis/Calculus/FDeriv/Mul.lean:521:  refine .congr_fderiv (hasFDerivAt_list_prod_finRange'.comp x
/private/tmp/nla-lean-local-shared-20260916/.lake/packages/mathlib/Mathlib/Analysis/Calculus/FDeriv/Mul.lean:534:  refine .congr_fderiv (hasFDerivAt_list_prod_finRange'.comp_hasFDerivWithinAt x
/private/tmp/nla-lean-local-shared-20260916/.lake/packages/mathlib/Mathlib/Analysis/Calculus/FDeriv/Mul.lean:555:theorem HasStrictFDerivAt.multiset_prod [DecidableEq ι] {u : Multiset ι} {x : E}
/private/tmp/nla-lean-local-shared-20260916/.lake/packages/mathlib/Mathlib/Analysis/Calculus/FDeriv/Mul.lean:560:  exact .congr_fderiv
/private/tmp/nla-lean-local-shared-20260916/.lake/packages/mathlib/Mathlib/Analysis/Calculus/FDeriv/Mul.lean:562:      hasStrictFDerivAt_pi.mpr fun i ↦ h (Subtype.val i) i.prop :)
/private/tmp/nla-lean-local-shared-20260916/.lake/packages/mathlib/Mathlib/Analysis/Calculus/FDeriv/Mul.lean:574:  exact .congr_fderiv
/private/tmp/nla-lean-local-shared-20260916/.lake/packages/mathlib/Mathlib/Analysis/Calculus/FDeriv/Mul.lean:584:  exact .congr_fderiv
/private/tmp/nla-lean-local-shared-20260916/.lake/packages/mathlib/Mathlib/Analysis/Calculus/FDeriv/Mul.lean:604:  simpa [← Finset.prod_attach u] using .congr_fderiv
/private/tmp/nla-lean-local-shared-20260916/.lake/packages/mathlib/Mathlib/Analysis/Calculus/FDeriv/Mul.lean:605:    (hasStrictFDerivAt_finsetProd.comp x <| hasStrictFDerivAt_pi.mpr fun i ↦ hg i i.prop)
/private/tmp/nla-lean-local-shared-20260916/.lake/packages/mathlib/Mathlib/Analysis/Calculus/FDeriv/Mul.lean:614:  simpa [← Finset.prod_attach u] using .congr_fderiv
/private/tmp/nla-lean-local-shared-20260916/.lake/packages/mathlib/Mathlib/Analysis/Calculus/FDeriv/Mul.lean:623:  simpa [← Finset.prod_attach u] using .congr_fderiv
/private/tmp/nla-lean-local-shared-20260916/.lake/packages/mathlib/Mathlib/Analysis/Calculus/FDeriv/ContinuousMultilinearMap.lean:77:    |>.comp x (hf.prodMk (hasStrictFDerivAt_pi.2 hg))
