/private/tmp/nla-lean-local-shared-20260916/.lake/packages/mathlib/Mathlib/LinearAlgebra/Matrix/Hermitian.lean:177:        diagonal_conjTranspose v).trans <| congr_arg _ h
/private/tmp/nla-lean-local-shared-20260916/.lake/packages/mathlib/Mathlib/LinearAlgebra/Matrix/Adjugate.lean:353:  apply mul_left_cancel₀ (show A'.det ≠ 0 from det_mvPolynomialX_ne_zero n ℤ)
/private/tmp/nla-lean-local-shared-20260916/.lake/packages/mathlib/Mathlib/LinearAlgebra/Matrix/Adjugate.lean:509:    mul_left_cancel₀ (det_mvPolynomialX_ne_zero n ℤ)
/private/tmp/nla-lean-local-shared-20260916/.lake/packages/mathlib/Mathlib/LinearAlgebra/Matrix/GeneralLinearGroup/Defs.lean:97:  <;> simp only [diagonal_mul_diagonal, mul_ite, ite_mul, Units.mul_inv, one_mul, mul_one,
/private/tmp/nla-lean-local-shared-20260916/.lake/packages/mathlib/Mathlib/LinearAlgebra/Matrix/ConjTranspose.lean:54:theorem diagonal_conjTranspose [AddMonoid α] [StarAddMonoid α] (v : n → α) :
/private/tmp/nla-lean-local-shared-20260916/.lake/packages/mathlib/Mathlib/LinearAlgebra/Matrix/ConjTranspose.lean:169:  (conjTranspose_involutive n α).eq_iff.trans <| by rw [diagonal_conjTranspose]
/private/tmp/nla-lean-local-shared-20260916/.lake/packages/mathlib/Mathlib/Algebra/GroupWithZero/Associated.lean:206:  have hcd : c * d = 1 := mul_left_cancel₀ ha0 this
/private/tmp/nla-lean-local-shared-20260916/.lake/packages/mathlib/Mathlib/Algebra/GroupWithZero/Associated.lean:208:  have hdc : d * c = 1 := mul_left_cancel₀ hac0 this
/private/tmp/nla-lean-local-shared-20260916/.lake/packages/mathlib/Mathlib/Algebra/GroupWithZero/Associated.lean:322:    mul_left_cancel₀ ha
/private/tmp/nla-lean-local-shared-20260916/.lake/packages/mathlib/Mathlib/Algebra/GroupWithZero/Associated.lean:706:      exact Quotient.sound' ⟨u, mul_left_cancel₀ (mk_ne_zero.1 ha) hu⟩ }
/private/tmp/nla-lean-local-shared-20260916/.lake/packages/mathlib/Mathlib/Algebra/GroupWithZero/Associated.lean:714:  | ⟨d, hd⟩ => ⟨d, mul_left_cancel₀ ha <| by rwa [← mul_assoc]⟩
/private/tmp/nla-lean-local-shared-20260916/.lake/packages/mathlib/Mathlib/Algebra/GroupWithZero/InjSurj.lean:65:    exact hf (mul_left_cancel₀ (fun Hfa => Hne <| hf <| by rw [Hfa, zero]) this)
/private/tmp/nla-lean-local-shared-20260916/.lake/packages/mathlib/Mathlib/Algebra/GroupWithZero/NonZeroDivisors.lean:189:    mul_left_cancel₀ (nonZeroDivisors.coe_ne_zero z) (by
/private/tmp/nla-lean-local-shared-20260916/.lake/packages/mathlib/Mathlib/Algebra/GroupWithZero/Basic.lean:320:  Classical.byContradiction fun ha => h₁ <| mul_left_cancel₀ ha <| h₂.symm ▸ (mul_one a).symm
/private/tmp/nla-lean-local-shared-20260916/.lake/packages/mathlib/Mathlib/Algebra/GroupWithZero/Divisibility.lean:108:          ⟨e, mul_left_cancel₀ hx0 <| by conv =>
/private/tmp/nla-lean-local-shared-20260916/.lake/packages/mathlib/Mathlib/Algebra/GroupWithZero/Regular.lean:103:  ⟨fun _ _ => mul_left_cancel₀ a0, fun _ _ => mul_right_cancel₀ a0⟩
/private/tmp/nla-lean-local-shared-20260916/.lake/packages/mathlib/Mathlib/Algebra/GroupWithZero/Opposite.lean:54:    mul_left_cancel₀ (unop_injective.ne_iff.mpr h) (congr_arg unop eq)
/private/tmp/nla-lean-local-shared-20260916/.lake/packages/mathlib/Mathlib/Algebra/GroupWithZero/Defs.lean:55:theorem mul_left_cancel₀ (ha : a ≠ 0) (h : a * b = a * c) : b = c :=
/private/tmp/nla-lean-local-shared-20260916/.lake/packages/mathlib/Mathlib/Algebra/GroupWithZero/Defs.lean:59:  fun _ _ => mul_left_cancel₀ ha
/private/tmp/nla-lean-local-shared-20260916/.lake/packages/mathlib/Mathlib/Algebra/GroupWithZero/Defs.lean:157:    or_iff_not_imp_left.mpr fun ne ↦ mul_left_cancel₀ ne ((mul_zero x).symm ▸ h)
/private/tmp/nla-lean-local-shared-20260916/.lake/packages/mathlib/Mathlib/Algebra/GroupWithZero/Defs.lean:174:    fun hb _ _ h => mul_left_cancel₀ hb <| (mul_comm _ _).trans (h.trans (mul_comm _ _))
/private/tmp/nla-lean-local-shared-20260916/.lake/packages/mathlib/Mathlib/Algebra/GroupWithZero/Idempotent.lean:38:  mp h := or_iff_not_imp_left.mpr fun hp ↦ mul_left_cancel₀ hp (h.trans (mul_one p).symm)
/private/tmp/nla-lean-local-shared-20260916/.lake/packages/mathlib/Mathlib/Algebra/GroupWithZero/Action/Opposite.lean:85:    · exact unop_injective <| mul_left_cancel₀ one_ne_zero (h 1)
