/private/tmp/nla-lean-local-shared-20260916/.lake/packages/mathlib/Mathlib/LinearAlgebra/Matrix/Hermitian.lean:268:  rw [← invOf_smul_smul k A]
/private/tmp/nla-lean-local-shared-20260916/.lake/packages/mathlib/Mathlib/LinearAlgebra/Matrix/Symmetric.lean:136:  rw [← invOf_smul_smul k A]
/private/tmp/nla-lean-local-shared-20260916/.lake/packages/mathlib/Mathlib/LinearAlgebra/Matrix/FixedDetMatrices.lean:238:    rwa [sub_eq_neg_add, zpow_add, zpow_neg_one, ← prop_red_T hS hT, mul_smul, smul_inv_smul]
/private/tmp/nla-lean-local-shared-20260916/.lake/packages/mathlib/Mathlib/LinearAlgebra/Matrix/Block.lean:285:    det_fromBlocks_zero₂₁ (toBlock M p p) (toBlock M p fun j => ¬p j)
/private/tmp/nla-lean-local-shared-20260916/.lake/packages/mathlib/Mathlib/LinearAlgebra/Matrix/Determinant/Basic.lean:675:theorem det_fromBlocks_zero₂₁ (A : Matrix m m R) (B : Matrix m n R) (D : Matrix n n R) :
/private/tmp/nla-lean-local-shared-20260916/.lake/packages/mathlib/Mathlib/LinearAlgebra/Matrix/Determinant/Basic.lean:726:theorem det_fromBlocks_zero₁₂ (A : Matrix m m R) (C : Matrix n m R) (D : Matrix n n R) :
/private/tmp/nla-lean-local-shared-20260916/.lake/packages/mathlib/Mathlib/LinearAlgebra/Matrix/Determinant/Basic.lean:728:  rw [← det_transpose, fromBlocks_transpose, transpose_zero, det_fromBlocks_zero₂₁, det_transpose,
/private/tmp/nla-lean-local-shared-20260916/.lake/packages/mathlib/Mathlib/LinearAlgebra/Matrix/ToLin.lean:999:    DistribMulAction.toLinearEquiv_symm_apply, mul_smul_comm, inv_smul_smul]
/private/tmp/nla-lean-local-shared-20260916/.lake/packages/mathlib/Mathlib/LinearAlgebra/Matrix/SchurComplement.lean:23:* `Matrix.det_fromBlocks₁₁`, `Matrix.det_fromBlocks₂₂`: determinant of a block matrix in terms of
/private/tmp/nla-lean-local-shared-20260916/.lake/packages/mathlib/Mathlib/LinearAlgebra/Matrix/SchurComplement.lean:29:* `Matrix.det_one_add_mul_comm`: the **Weinstein–Aronszajn identity**.
/private/tmp/nla-lean-local-shared-20260916/.lake/packages/mathlib/Mathlib/LinearAlgebra/Matrix/SchurComplement.lean:370:theorem det_fromBlocks₁₁ (A : Matrix m m α) (B : Matrix m n α) (C : Matrix n m α)
/private/tmp/nla-lean-local-shared-20260916/.lake/packages/mathlib/Mathlib/LinearAlgebra/Matrix/SchurComplement.lean:373:  rw [fromBlocks_eq_of_invertible₁₁ (A := A), det_mul, det_mul, det_fromBlocks_zero₂₁,
/private/tmp/nla-lean-local-shared-20260916/.lake/packages/mathlib/Mathlib/LinearAlgebra/Matrix/SchurComplement.lean:374:    det_fromBlocks_zero₂₁, det_fromBlocks_zero₁₂, det_one, det_one, one_mul, one_mul, mul_one]
/private/tmp/nla-lean-local-shared-20260916/.lake/packages/mathlib/Mathlib/LinearAlgebra/Matrix/SchurComplement.lean:377:theorem det_fromBlocks_one₁₁ (B : Matrix m n α) (C : Matrix n m α) (D : Matrix n n α) :
/private/tmp/nla-lean-local-shared-20260916/.lake/packages/mathlib/Mathlib/LinearAlgebra/Matrix/SchurComplement.lean:380:  rw [det_fromBlocks₁₁, invOf_one, Matrix.mul_one, det_one, one_mul]
/private/tmp/nla-lean-local-shared-20260916/.lake/packages/mathlib/Mathlib/LinearAlgebra/Matrix/SchurComplement.lean:384:theorem det_fromBlocks₂₂ (A : Matrix m m α) (B : Matrix m n α) (C : Matrix n m α)
/private/tmp/nla-lean-local-shared-20260916/.lake/packages/mathlib/Mathlib/LinearAlgebra/Matrix/SchurComplement.lean:391:  rw [this, det_submatrix_equiv_self, det_fromBlocks₁₁]
/private/tmp/nla-lean-local-shared-20260916/.lake/packages/mathlib/Mathlib/LinearAlgebra/Matrix/SchurComplement.lean:394:theorem det_fromBlocks_one₂₂ (A : Matrix m m α) (B : Matrix m n α) (C : Matrix n m α) :
/private/tmp/nla-lean-local-shared-20260916/.lake/packages/mathlib/Mathlib/LinearAlgebra/Matrix/SchurComplement.lean:397:  rw [det_fromBlocks₂₂, invOf_one, Matrix.mul_one, det_one, one_mul]
/private/tmp/nla-lean-local-shared-20260916/.lake/packages/mathlib/Mathlib/LinearAlgebra/Matrix/SchurComplement.lean:401:theorem det_one_add_mul_comm (A : Matrix m n α) (B : Matrix n m α) :
/private/tmp/nla-lean-local-shared-20260916/.lake/packages/mathlib/Mathlib/LinearAlgebra/Matrix/SchurComplement.lean:405:      rw [det_fromBlocks_one₂₂, Matrix.neg_mul, sub_neg_eq_add]
/private/tmp/nla-lean-local-shared-20260916/.lake/packages/mathlib/Mathlib/LinearAlgebra/Matrix/SchurComplement.lean:406:    _ = det (1 + B * A) := by rw [det_fromBlocks_one₁₁, Matrix.mul_neg, sub_neg_eq_add]
/private/tmp/nla-lean-local-shared-20260916/.lake/packages/mathlib/Mathlib/LinearAlgebra/Matrix/SchurComplement.lean:410:    det (A * B + 1) = det (B * A + 1) := by rw [add_comm, det_one_add_mul_comm, add_comm]
/private/tmp/nla-lean-local-shared-20260916/.lake/packages/mathlib/Mathlib/LinearAlgebra/Matrix/SchurComplement.lean:414:  rw [sub_eq_add_neg, ← Matrix.neg_mul, det_one_add_mul_comm, Matrix.mul_neg, ← sub_eq_add_neg]
/private/tmp/nla-lean-local-shared-20260916/.lake/packages/mathlib/Mathlib/LinearAlgebra/Matrix/SchurComplement.lean:420:  rw [det_one_add_mul_comm, det_unique, Pi.add_apply, Pi.add_apply, Matrix.one_apply_eq,
/private/tmp/nla-lean-local-shared-20260916/.lake/packages/mathlib/Mathlib/LinearAlgebra/Matrix/SchurComplement.lean:434:    ← Matrix.mul_add, det_mul, ← Matrix.mul_assoc, det_one_add_mul_comm, ← Matrix.mul_assoc]
/private/tmp/nla-lean-local-shared-20260916/.lake/packages/mathlib/Mathlib/LinearAlgebra/Matrix/SchurComplement.lean:442:    det_mul, ← Matrix.mul_assoc, det_one_add_mul_comm, ← Matrix.mul_assoc]
/private/tmp/nla-lean-local-shared-20260916/.lake/packages/mathlib/Mathlib/LinearAlgebra/Matrix/NonsingularInverse.lean:508:theorem inv_smul (k : α) [Invertible k] (h : IsUnit A.det) : (k • A)⁻¹ = ⅟k • A⁻¹ :=
/private/tmp/nla-lean-local-shared-20260916/.lake/packages/mathlib/Mathlib/LinearAlgebra/Matrix/NonsingularInverse.lean:511:theorem inv_smul' (k : αˣ) (h : IsUnit A.det) : (k • A)⁻¹ = k⁻¹ • A⁻¹ :=
/private/tmp/nla-lean-local-shared-20260916/.lake/packages/mathlib/Mathlib/Algebra/Algebra/Spectrum/Basic.lean:87:  val_inv := by rw [mul_smul_comm, ← smul_mul_assoc, smul_sub, smul_inv_smul, h.mul_val_inv]
/private/tmp/nla-lean-local-shared-20260916/.lake/packages/mathlib/Mathlib/Algebra/Algebra/Spectrum/Basic.lean:88:  inv_val := by rw [smul_mul_assoc, ← mul_smul_comm, smul_sub, smul_inv_smul, h.val_inv_mul]
/private/tmp/nla-lean-local-shared-20260916/.lake/packages/mathlib/Mathlib/Algebra/Algebra/Spectrum/Basic.lean:189:      h (by simpa only [smul_inv_smul] using IsUnit.smul r hu)
/private/tmp/nla-lean-local-shared-20260916/.lake/packages/mathlib/Mathlib/Algebra/Algebra/Spectrum/Basic.lean:196:    simp only [Algebra.algebraMap_eq_smul_one, smul_assoc, smul_inv_smul]
/private/tmp/nla-lean-local-shared-20260916/.lake/packages/mathlib/Mathlib/Algebra/Algebra/Spectrum/Basic.lean:210:  rw [IsUnit.smul_sub_iff_sub_inv_smul, inv_inv, IsUnit.sub_iff]
/private/tmp/nla-lean-local-shared-20260916/.lake/packages/mathlib/Mathlib/Algebra/Algebra/Spectrum/Basic.lean:261:    IsUnit.smul_sub_iff_sub_inv_smul, smul_mul_assoc]
/private/tmp/nla-lean-local-shared-20260916/.lake/packages/mathlib/Mathlib/LinearAlgebra/Matrix/Charpoly/Coeff.lean:394:  rw [h_blocks, Matrix.det_fromBlocks_zero₂₁, Matrix.det_one, mul_one]
/private/tmp/nla-lean-local-shared-20260916/.lake/packages/mathlib/Mathlib/LinearAlgebra/Matrix/Charpoly/Basic.lean:184:    det_fromBlocks_zero₁₂]
/private/tmp/nla-lean-local-shared-20260916/.lake/packages/mathlib/Mathlib/LinearAlgebra/Matrix/Charpoly/Basic.lean:190:    det_fromBlocks_zero₂₁]
/private/tmp/nla-lean-local-shared-20260916/.lake/packages/mathlib/Mathlib/LinearAlgebra/Matrix/Charpoly/Basic.lean:255:    rw [hMN, det_fromBlocks_zero₂₁, neg_add_eq_sub, ← neg_sub, det_neg]
/private/tmp/nla-lean-local-shared-20260916/.lake/packages/mathlib/Mathlib/LinearAlgebra/Matrix/Charpoly/Basic.lean:260:    rw [hNM, det_fromBlocks_zero₂₁, ← neg_sub, det_neg (_ - _)]
/private/tmp/nla-lean-local-shared-20260916/.lake/packages/mathlib/Mathlib/Algebra/Algebra/Spectrum/Quasispectrum.lean:310:  exact (IsUnit.smul_sub_iff_sub_inv_smul hr.unit a).symm
/private/tmp/nla-lean-local-shared-20260916/.lake/packages/mathlib/Mathlib/Algebra/Algebra/Subalgebra/Unitization.lean:122:  exact h1 <| inv_smul_smul₀ hr (1 : A) ▸ SMulMemClass.smul_mem r⁻¹ hr'
