$ systemd-run --user --quiet --wait --pipe --collect -p 'RestrictAddressFamilies=~AF_UNIX' --working-directory /home/runner/work/_temp/nla-lean-tools/.verification-tmp/nla-fresh-proof-awbs37l1/project /usr/bin/env -i PATH=/home/runner/.elan/toolchains/leanprover--lean4---v4.33.1/bin:/home/runner/.elan/bin:/home/runner/go/bin:/opt/hostedtoolcache/go/1.27.1/x64/bin:/snap/bin:/home/runner/.local/bin:/opt/pipx_bin:/home/runner/.cargo/bin:/home/runner/.config/composer/vendor/bin:/usr/local/.ghcup/bin:/home/runner/.dotnet/tools:/usr/local/sbin:/usr/local/bin:/usr/sbin:/usr/bin:/sbin:/bin:/usr/games:/usr/local/games:/snap/bin HOME=/home/runner LANG=C.UTF-8 XDG_RUNTIME_DIR=/run/user/1001 DBUS_SESSION_BUS_ADDRESS=unix:path=/run/user/1001/bus GIT_TERMINAL_PROMPT=0 GIT_CONFIG_NOSYSTEM=1 GIT_CONFIG_GLOBAL=/dev/null COMPARATOR_BIN=/home/runner/work/_temp/nla-lean-tools/.tools/comparator/.lake/build/bin/comparator COMPARATOR_LEAN4EXPORT=/home/runner/work/_temp/nla-lean-tools/.tools/lean4export/.lake/build/bin/lean4export COMPARATOR_LANDRUN=/home/runner/work/_temp/nla-lean-tools/scripts/strict_landrun.py XDG_CACHE_HOME=/home/runner/work/_temp/nla-lean-tools/.tools/cache TMPDIR=/home/runner/work/_temp/nla-lean-tools/.verification-tmp lake env /home/runner/work/_temp/nla-lean-tools/.tools/comparator/.lake/build/bin/comparator comparator.json
Building Challenge
✔ [2977/3001] Built LeanCert.Core.Interval (2.0s)
✔ [2982/3004] Built LeanCert.Core.DerivativeIntervals (3.3s)
✔ [2984/3017] Built NLA.IE02.Definitions (3.0s)
✔ [2986/3017] Built LeanCert.Core.Expr (5.0s)
✔ [2987/3017] Built LeanCert.Contrib.Sinc (6.2s)
✔ [2988/3017] Built LeanCert.Core.IntervalRat.Basic (7.6s)
✔ [2989/3023] Built LeanCert.Core.IntervalRat.LogReduction (5.9s)
✔ [2990/3023] Built LeanCert.Core.Taylor (7.8s)
✔ [2991/3023] Built LeanCert.Core.Support (2.9s)
✔ [2992/3023] Built LeanCert.Engine.Eval.Result (2.5s)
✔ [2993/3024] Built LeanCert.Meta.Numeral (3.1s)
✔ [2994/3024] Built LeanCert.Core.TrigReduction (2.8s)
✔ [2995/3024] Built LeanCert.Tactic.IntervalAuto.Types (3.5s)
✔ [2996/3024] Built LeanCert.Core.Dyadic (3.6s)
✔ [2997/3024] Built LeanCert.Core.IntervalRat.Transcendental (4.9s)
✔ [2998/3028] Built LeanCert.Tactic.IntervalAuto.Extract (4.2s)
✔ [2999/3028] Built LeanCert.Tactic.Verification (4.6s)
✔ [3000/3029] Built LeanCert.Meta.ToExpr (5.7s)
✔ [3001/3029] Built LeanCert.Tactic.LeanCert.Bridge.Environment (2.8s)
✔ [3002/3029] Built LeanCert.Tactic.IntervalAuto.Norm (4.3s)
✔ [3003/3103] Built LeanCert.Tactic.NumericalRefinement (546ms)
✔ [3028/3105] Built LeanCert.Tactic.IntervalAuto.Parse (5.2s)
✔ [3029/3105] Built LeanCert.Tactic.VecUtil (2.3s)
✔ [3031/3107] Built LeanCert.Tactic.LeanCert.Normalize (3.3s)
✔ [3032/3111] Built LeanCert.Core.IntervalRat.Taylor (15s)
✔ [3033/3111] Built LeanCert.Tactic.FinSumExpand (2.0s)
✔ [3034/3111] Built LeanCert.Tactic.IntervalAuto.Diagnostic (2.8s)
✔ [3035/3111] Built LeanCert.Core.IntervalReal (2.2s)
✔ [3036/3111] Built LeanCert.Tactic.FinsetParse (2.8s)
✔ [3037/3111] Built LeanCert.Tactic.BridgeNative (1.4s)
✔ [3038/3189] Built LeanCert.Core.IntervalRat.TrigReduced (2.5s)
✔ [3538/3612] Built LeanCert.Core.IntervalRealEndpoints (4.7s)
✔ [3539/3614] Built LeanCert.Engine.Affine.Basic (6.3s)
✔ [3540/3614] Built LeanCert.Validity.Eventual (4.7s)
✔ [3541/3616] Built LeanCert.Core.IntervalDyadic (6.5s)
✔ [3542/3618] Built LeanCert.Tactic.LeanCert.Semantic.Domain (1.3s)
✔ [3543/3620] Built LeanCert.Engine.Affine.Nonlinear (4.5s)
✔ [3544/3621] Built LeanCert.Tactic.EventualBound (5.0s)
✔ [3545/3621] Built LeanCert.Engine.Eval.Core (6.7s)
✔ [3546/3623] Built LeanCert.Core.DyadicCell (4.0s)
✔ [3547/3625] Built LeanCert.Tactic.LeanCert.Semantic.Goal (2.0s)
✔ [3548/3626] Built LeanCert.Tactic.VecSimp (1.4s)
✔ [3549/3626] Built LeanCert.Tactic.LeanCert.Semantic.Parse.Comparison (1.4s)
✔ [3550/3626] Built LeanCert.Core.DyadicFrontier (2.7s)
✔ [3551/3629] Built LeanCert.Engine.Eval.Extended (3.6s)
✔ [3552/3629] Built LeanCert.Tactic.Extension.Protocol (2.8s)
✔ [3553/3629] Built LeanCert.Tactic.LeanCert.Diagnostic.Evidence (2.8s)
✔ [3554/3632] Built LeanCert.Tactic.LeanCert.Config (2.0s)
✔ [3555/3641] Built LeanCert.Tactic.LeanCert.Semantic.Parse.Bound (2.9s)
✔ [3557/3647] Built LeanCert.Engine.Bounds.Lemmas (2.5s)
✔ [3558/3647] Built LeanCert.Engine.FloatEval (2.3s)
✔ [3559/3647] Built LeanCert.Tactic.Extension.Registry (2.9s)
✔ [3560/3647] Built LeanCert.Engine.IntervalEval (2.4s)
✔ [3561/3647] Built LeanCert.Engine.Algebra.QPoly (3.4s)
✔ [3562/3647] Built LeanCert.Tactic.Extension.Command (2.3s)
✔ [3563/3647] Built LeanCert.Validity.Bounds.Checked (2.8s)
✔ [3564/3647] Built LeanCert.Engine.Affine.Transcendental (3.7s)
✔ [3565/3647] Built LeanCert.Engine.IntervalEvalDyadic (5.4s)
✔ [3566/3647] Built LeanCert.Validity.Bounds.Core (3.3s)
✔ [3567/3647] Built LeanCert.Engine.Optimization.Box (2.8s)
✔ [3568/3647] Built LeanCert.Engine.RootFinding.Basic (4.1s)
✔ [3569/3647] Built LeanCert.Engine.AD.Basic (3.5s)
✔ [3570/3647] Built LeanCert.Engine.Integrate (5.5s)
✔ [3571/3647] Built LeanCert.Engine.Algebra.QPolyIntegral (3.8s)
✔ [3572/3647] Built LeanCert.Tactic.Extension (2.9s)
✔ [3573/3647] Built LeanCert.Engine.TaylorModel.Core (8.2s)
✔ [3574/3647] Built LeanCert.Engine.FinSumDyadic (4.4s)
✔ [3575/3647] Built LeanCert.Engine.IntervalEvalAffine (5.3s)
✔ [3576/3647] Built LeanCert.Validity.DyadicBounds (3.4s)
✔ [3577/3647] Built LeanCert.Engine.Search.Heuristic (3.0s)
✔ [3578/3647] Built LeanCert.Engine.TaylorModel.Special (2.6s)
✔ [3579/3647] Built LeanCert.Engine.TaylorModel.Integral (3.2s)
✔ [3580/3647] Built LeanCert.Engine.RootFinding.Bisection (4.1s)
✔ [3581/3647] Built LeanCert.Engine.AD.Transcendental (3.0s)
✔ [3582/3647] Built LeanCert.Engine.WitnessSum (4.7s)
✔ [3583/3647] Built LeanCert.Engine.TaylorModel.ExpLog (8.3s)
✔ [3584/3647] Built LeanCert.Engine.TaylorModel.Trig (9.9s)
✔ [3585/3647] Built LeanCert.Engine.Affine.Environment (4.0s)
✔ [3586/3647] Built LeanCert.Engine.AD.Eval (2.6s)
✔ [3587/3647] Built LeanCert.Engine.TaylorModel.Hyperbolic (11s)
✔ [3588/3647] Built LeanCert.Engine.TaylorModel.Functions (1.7s)
✔ [3589/3647] Built LeanCert.Engine.AD.Correctness (2.3s)
✔ [3590/3647] Built LeanCert.Engine.AD.Computable (3.0s)
✔ [3591/3647] Built LeanCert.Engine.TaylorModel.Expr (4.6s)
✔ [3592/3647] Built LeanCert.Engine.AD.PartialCorrectness (5.0s)
✔ [3593/3647] Built LeanCert.Engine.AD.DomainChecked (2.9s)
✔ [3594/3647] Built LeanCert.Engine.TaylorModel (1.0s)
✔ [3595/3647] Built LeanCert.Engine.AD.Dyadic (2.5s)
✔ [3596/3647] Built LeanCert.Engine.AD (1.6s)
✔ [3597/3647] Built LeanCert.Validity.Bounds.Smart (3.1s)
✔ [3598/3647] Built LeanCert.Engine.IntervalEvalRefined (3.7s)
✔ [3599/3647] Built LeanCert.Meta.ProveSupported (3.8s)
✔ [3600/3647] Built LeanCert.Engine.Optimize (5.5s)
✔ [3601/3647] Built LeanCert.Validity.Bounds.Bridge (3.1s)
✔ [3602/3647] Built LeanCert.Meta.ProveContinuous (4.3s)
✔ [3603/3647] Built LeanCert.Tactic.IntervalAuto.ProveCommon (5.1s)
✔ [3604/3647] Built LeanCert.Engine.RootFinding.Newton (4.9s)
✔ [3605/3647] Built LeanCert.Validity.Bounds.Basic (2.0s)
✔ [3606/3647] Built LeanCert.Engine.Optimization.Gradient (5.7s)
✔ [3607/3647] Built LeanCert.Tactic.IntervalAuto.Basic (3.2s)
✔ [3608/3647] Built LeanCert.Tactic.LeanCert.Bridge.ReifiedFunction (3.8s)
✔ [3609/3647] Built LeanCert.Validity.Integration (6.3s)
✔ [3610/3647] Built LeanCert.Engine.RootFinding.MVTBounds (6.9s)
✔ [3611/3647] Built LeanCert.Tactic.LeanCert.Semantic.Prepare (4.8s)
✔ [3612/3647] Built LeanCert.Engine.RootFinding.Krawczyk (7.2s)
✔ [3613/3647] Built LeanCert.Tactic.LeanCert.Integral (9.0s)
✔ [3614/3647] Built LeanCert.Engine.RootFinding.Contraction (7.2s)
✔ [3615/3647] Built LeanCert.Tactic.Extension.Execute (7.2s)
✔ [3616/3647] Built LeanCert.Engine.RootFinding.KrawczykCandidate (3.6s)
✔ [3617/3647] Built LeanCert.Validity.Krawczyk (2.6s)
✔ [3618/3647] Built LeanCert.Engine.Optimization.Global (17s)
✔ [3619/3647] Built LeanCert.Tactic.LeanCert.Solver.Protocol (4.0s)
✔ [3620/3647] Built LeanCert.Engine.RootFinding.Main (2.2s)
✔ [3621/3647] Built LeanCert.Validity.Types (2.7s)
✔ [3622/3647] Built LeanCert.Engine.Optimization.Guided (2.8s)
✔ [3623/3647] Built LeanCert.Tactic.Enclosure (3.2s)
✔ [3624/3647] Built LeanCert.Engine.Search.CounterExample (2.8s)
✔ [3625/3647] Built LeanCert.Engine.Optimization.BoundVerify (2.4s)
✔ [3626/3647] Built LeanCert.Tactic.LeanCert.Diagnostic.Render (3.1s)
✔ [3627/3647] Built LeanCert.Validity.Bounds (4.1s)
✔ [3628/3647] Built LeanCert.Discovery.Find (2.8s)
✔ [3629/3647] Built LeanCert.Tactic.IntervalAuto.OptBound (3.4s)
✔ [3630/3647] Built LeanCert.Tactic.IntervalAuto.Multivariate (4.7s)
✔ [3631/3647] Built LeanCert.Tactic.IntervalAuto.RootBound (2.5s)
✔ [3632/3647] Built LeanCert.Tactic.IntervalAuto.Bound (9.7s)
✔ [3633/3647] Built LeanCert.Tactic.IntervalAuto.Subdiv (3.0s)
✔ [3634/3647] Built LeanCert.Tactic.IntervalAuto.Adaptive (5.1s)
✔ [3635/3647] Built LeanCert.Tactic.IntervalAuto.PointIneq (5.7s)
✔ [3636/3647] Built LeanCert.Tactic.IntervalAuto (1.9s)
✔ [3637/3647] Built LeanCert.Tactic.Refute (2.3s)
✔ [3638/3647] Built LeanCert.Tactic.FinSumWitness (3.9s)
✔ [3639/3647] Built LeanCert.Tactic.FinSumBound (3.2s)
✔ [3640/3647] Built LeanCert.Tactic.Discovery (9.2s)
✔ [3641/3647] Built LeanCert.Tactic.LeanCert.Semantic.Parse (2.4s)
✔ [3642/3647] Built LeanCert.Tactic.Krawczyk (2.4s)
✔ [3643/3647] Built LeanCert.Tactic.LeanCert.Router (5.3s)
✔ [3644/3647] Built LeanCert.Tactic.LeanCert (1.0s)
✔ [3645/3647] Built LeanCert.Tactic (2.0s)
⚠ [3646/3647] Built Challenge (2.7s)
warning: Challenge.lean:22:8: declaration uses `sorry`
warning: Challenge.lean:28:8: declaration uses `sorry`
warning: Challenge.lean:34:8: declaration uses `sorry`
warning: Challenge.lean:38:8: declaration uses `sorry`
warning: Challenge.lean:46:8: declaration uses `sorry`
warning: Challenge.lean:53:8: declaration uses `sorry`
warning: Challenge.lean:59:8: declaration uses `sorry`
warning: Challenge.lean:65:8: declaration uses `sorry`
warning: Challenge.lean:69:8: declaration uses `sorry`
warning: Challenge.lean:75:8: declaration uses `sorry`
warning: Challenge.lean:79:8: declaration uses `sorry`
warning: Challenge.lean:85:8: declaration uses `sorry`
warning: Challenge.lean:104:8: declaration uses `sorry`
warning: Challenge.lean:114:8: declaration uses `sorry`
warning: Challenge.lean:125:8: declaration uses `sorry`
warning: Challenge.lean:130:8: declaration uses `sorry`
warning: Challenge.lean:141:8: declaration uses `sorry`
warning: Challenge.lean:149:8: declaration uses `sorry`
warning: Challenge.lean:154:8: declaration uses `sorry`
warning: Challenge.lean:160:8: declaration uses `sorry`
warning: Challenge.lean:165:8: declaration uses `sorry`
warning: Challenge.lean:172:8: declaration uses `sorry`
warning: Challenge.lean:179:8: declaration uses `sorry`
warning: Challenge.lean:188:8: declaration uses `sorry`
warning: Challenge.lean:200:8: declaration uses `sorry`
warning: Challenge.lean:209:8: declaration uses `sorry`
warning: Challenge.lean:220:8: declaration uses `sorry`
warning: Challenge.lean:227:8: declaration uses `sorry`
warning: Challenge.lean:234:8: declaration uses `sorry`
warning: Challenge.lean:247:8: declaration uses `sorry`
warning: Challenge.lean:256:8: declaration uses `sorry`
warning: Challenge.lean:263:8: declaration uses `sorry`
warning: Challenge.lean:267:8: declaration uses `sorry`
warning: Challenge.lean:274:8: declaration uses `sorry`
warning: Challenge.lean:277:8: declaration uses `sorry`
warning: Challenge.lean:286:8: declaration uses `sorry`
warning: Challenge.lean:292:8: declaration uses `sorry`
warning: Challenge.lean:300:8: declaration uses `sorry`
warning: Challenge.lean:305:8: declaration uses `sorry`
warning: Challenge.lean:313:8: declaration uses `sorry`
warning: Challenge.lean:319:8: declaration uses `sorry`
warning: Challenge.lean:327:8: declaration uses `sorry`
warning: Challenge.lean:332:8: declaration uses `sorry`
warning: Challenge.lean:338:8: declaration uses `sorry`
warning: Challenge.lean:353:8: declaration uses `sorry`
warning: Challenge.lean:360:8: declaration uses `sorry`
warning: Challenge.lean:364:8: declaration uses `sorry`
warning: Challenge.lean:371:8: declaration uses `sorry`
warning: Challenge.lean:378:8: declaration uses `sorry`
warning: Challenge.lean:388:8: declaration uses `sorry`
Build completed successfully (3647 jobs).
Exporting #[Quot, Quot.mk, Quot.lift, Quot.ind, NLA.IE02.coefficient_roundtrip, NLA.IE02.coefficient_inner_product, NLA.IE02.toeplitz_action, NLA.IE02.toeplitz_algebra, NLA.IE02.nilpotent_inverse, NLA.IE02.euclidean_norm_attainment, NLA.IE02.maximal_space_norm, NLA.IE02.schur_diagonal_bound, NLA.IE02.schur_scalar_endpoint, NLA.IE02.schur_dimension_one, NLA.IE02.schur_defect_identity, NLA.IE02.schur_strict_reduction, NLA.IE02.schur_active_block, NLA.IE02.schur_pair_step, NLA.IE02.finite_schur_boundary, NLA.IE02.scaled_maximal_factorization, NLA.IE02.reflection_algebra, NLA.IE02.reflection_product, NLA.IE02.reflection_evaluation, NLA.IE02.circle_polynomial_uniqueness, NLA.IE02.weighted_fold, NLA.IE02.common_circle_root_reduction, NLA.IE02.fourier_semantics, NLA.IE02.effective_factor_polynomial, NLA.IE02.reciprocal_root_pairing, NLA.IE02.reciprocal_inside_factor, NLA.IE02.strict_scalar_factorization, NLA.IE02.weighted_scalar_factorization, NLA.IE02.weighted_coefficient_preservation, NLA.IE02.maximal_complex_preservation, NLA.IE02.gradient_compact_convex, NLA.IE02.real_separator_complex_form, NLA.IE02.gradient_strict_separation, NLA.IE02.half_certificate, NLA.IE02.descent_step_bounds, NLA.IE02.descent_quadratic_expansion, NLA.IE02.descent_complement_gap, NLA.IE02.descent_empty_complement, NLA.IE02.descent_nonempty_complement, NLA.IE02.positive_gradient_descent, NLA.IE02.minimizer_orthogonality, NLA.IE02.affine_operator_minimum, NLA.IE02.affine_vector_minimum, NLA.IE02.affine_minimax_attained, NLA.IE02.jordan_reversal, NLA.IE02.jordan_direction_toeplitz, NLA.IE02.normalized_polynomial_residuals, NLA.IE02.jordan_polynomial_transport, NLA.IE02.gmres_extrema_semantics, NLA.IE02.canonical_jordan_minimax, propext, Quot.sound, Classical.choice, Nat.add, Nat.sub, Nat.mul, Nat.pow, Nat.gcd, Nat.div, Nat.mod, Nat.beq, Nat.ble, Nat.land, Nat.lor, Nat.xor, Nat.shiftLeft, Nat.shiftRight, String.ofList, Char.ofNat, List, eagerReduce, Nat, String, String.mk, Char, optParam, autoParam, semiOutParam, outParam] from Challenge
Building Solution
⚠ [3666/3673] Built NLA.IE02.Coefficients (3.6s)
warning: NLA/IE02/Coefficients.lean:60:58: Variable name `hp` is not explicitly referenced.

Hint: The binding can be removed (if unused) or named `_` (if used implicitly). Alternatively, prefix the name with `_` to silence this warning:
  [apply] _hp

Note: This linter can be disabled with `set_option linter.unusedVariables false`
info: NLA/IE02/Coefficients.lean:93:0: 'NLA.IE02.coefficient_roundtrip' depends on axioms: [propext, Classical.choice, Quot.sound]
info: NLA/IE02/Coefficients.lean:95:0: 'NLA.IE02.coefficient_inner_product' depends on axioms: [propext, Classical.choice, Quot.sound]
ℹ [3667/3673] Built NLA.IE02.SchurBasicNorms (3.7s)
info: NLA/IE02/SchurBasicNorms.lean:53:0: 'NLA.IE02.schur_diagonal_bound' depends on axioms: [propext, Classical.choice, Quot.sound]
info: NLA/IE02/SchurBasicNorms.lean:55:0: 'NLA.IE02.schur_dimension_one' depends on axioms: [propext, Classical.choice, Quot.sound]
ℹ [3668/3677] Built NLA.IE02.AffineMinima (4.4s)
info: NLA/IE02/AffineMinima.lean:76:0: 'NLA.IE02.affine_operator_minimum' depends on axioms: [propext, Classical.choice, Quot.sound]
info: NLA/IE02/AffineMinima.lean:78:0: 'NLA.IE02.affine_vector_minimum' depends on axioms: [propext, Classical.choice, Quot.sound]
ℹ [3669/3683] Built NLA.IE02.MaximalSpace (4.6s)
info: NLA/IE02/MaximalSpace.lean:81:0: 'NLA.IE02.maximal_space_norm' depends on axioms: [propext, Classical.choice, Quot.sound]
ℹ [3670/3683] Built NLA.IE02.Toeplitz (3.5s)
info: NLA/IE02/Toeplitz.lean:140:0: 'NLA.IE02.toeplitz_action' depends on axioms: [propext, Classical.choice, Quot.sound]
info: NLA/IE02/Toeplitz.lean:142:0: 'NLA.IE02.toeplitz_algebra' depends on axioms: [propext, Classical.choice, Quot.sound]
ℹ [3671/3683] Built NLA.IE02.SchurPolynomial (3.8s)
info: NLA/IE02/SchurPolynomial.lean:150:0: 'NLA.IE02.schur_polynomial_degrees' depends on axioms: [propext, Classical.choice, Quot.sound]
info: NLA/IE02/SchurPolynomial.lean:152:0: 'NLA.IE02.schur_polynomial_coprime' depends on axioms: [propext, Classical.choice, Quot.sound]
info: NLA/IE02/SchurPolynomial.lean:154:0: 'NLA.IE02.schur_polynomial_disk_boundary' depends on axioms: [propext, Classical.choice, Quot.sound]
ℹ [3672/3683] Built NLA.IE02.SchurDefect (3.3s)
info: NLA/IE02/SchurDefect.lean:35:0: 'NLA.IE02.schur_defect_identity' depends on axioms: [propext, Classical.choice, Quot.sound]
ℹ [3673/3683] Built NLA.IE02.NormAttainment (4.1s)
info: NLA/IE02/NormAttainment.lean:53:0: 'NLA.IE02.euclidean_norm_attainment' depends on axioms: [propext, Classical.choice, Quot.sound]
ℹ [3674/3690] Built NLA.IE02.NilpotentInverse (3.3s)
info: NLA/IE02/NilpotentInverse.lean:56:0: 'NLA.IE02.nilpotent_inverse' depends on axioms: [propext, Classical.choice, Quot.sound]
ℹ [3675/3695] Built NLA.IE02.SchurActiveBlock (4.2s)
info: NLA/IE02/SchurActiveBlock.lean:155:0: 'NLA.IE02.schur_active_block' depends on axioms: [propext, Classical.choice, Quot.sound]
ℹ [3676/3698] Built NLA.IE02.SchurEndpoint (3.9s)
info: NLA/IE02/SchurEndpoint.lean:145:0: 'NLA.IE02.schur_scalar_endpoint' depends on axioms: [propext, Classical.choice, Quot.sound]
ℹ [3677/3700] Built NLA.IE02.SchurEnergy (3.5s)
info: NLA/IE02/SchurEnergy.lean:69:0: 'NLA.IE02.schur_energy_identity' depends on axioms: [propext, Classical.choice, Quot.sound]
ℹ [3678/3702] Built NLA.IE02.FourierCoefficients (3.2s)
info: NLA/IE02/FourierCoefficients.lean:60:0: 'NLA.IE02.fourier_conjugate_symmetry' depends on axioms: [propext, Classical.choice, Quot.sound]
info: NLA/IE02/FourierCoefficients.lean:62:0: 'NLA.IE02.fourier_zero_coefficient' depends on axioms: [propext, Classical.choice, Quot.sound]
⚠ [3679/3702] Built NLA.IE02.Reflection (3.3s)
warning: NLA/IE02/Reflection.lean:28:25: Variable name `hq` is not explicitly referenced.

Hint: The binding can be removed (if unused) or named `_` (if used implicitly). Alternatively, prefix the name with `_` to silence this warning:
  [apply] _hq

Note: This linter can be disabled with `set_option linter.unusedVariables false`
info: NLA/IE02/Reflection.lean:92:0: 'NLA.IE02.reflection_algebra' depends on axioms: [propext, Classical.choice, Quot.sound]
info: NLA/IE02/Reflection.lean:94:0: 'NLA.IE02.reflection_product' depends on axioms: [propext, Classical.choice, Quot.sound]
info: NLA/IE02/Reflection.lean:96:0: 'NLA.IE02.reflection_evaluation' depends on axioms: [propext, Classical.choice, Quot.sound]
ℹ [3680/3704] Built NLA.IE02.WeightedFold (3.1s)
info: NLA/IE02/WeightedFold.lean:39:0: 'NLA.IE02.weighted_fold' depends on axioms: [propext, Classical.choice, Quot.sound]
⚠ [3681/3704] Built NLA.IE02.CommonCircleRoot (3.1s)
warning: NLA/IE02/CommonCircleRoot.lean:21:13: Variable name `hz` is not explicitly referenced.

Hint: The binding can be removed (if unused) or named `_` (if used implicitly). Alternatively, prefix the name with `_` to silence this warning:
  [apply] _hz

Note: This linter can be disabled with `set_option linter.unusedVariables false`
info: NLA/IE02/CommonCircleRoot.lean:48:0: 'NLA.IE02.common_circle_root_reduction' depends on axioms: [propext, Classical.choice, Quot.sound]
ℹ [3682/3706] Built NLA.IE02.CircleUniqueness (2.0s)
info: NLA/IE02/CircleUniqueness.lean:41:0: 'NLA.IE02.circle_polynomial_uniqueness' depends on axioms: [propext, Classical.choice, Quot.sound]
ℹ [3683/3706] Built NLA.IE02.EffectiveCoefficients (3.1s)
info: NLA/IE02/EffectiveCoefficients.lean:75:0: 'NLA.IE02.effective_extreme_coefficients' depends on axioms: [propext, Classical.choice, Quot.sound]
info: NLA/IE02/EffectiveCoefficients.lean:77:0: 'NLA.IE02.effective_self_reflection' depends on axioms: [propext, Classical.choice, Quot.sound]
ℹ [3684/3706] Built NLA.IE02.SchurReduction (4.2s)
info: NLA/IE02/SchurReduction.lean:202:0: 'NLA.IE02.schur_strict_reduction' depends on axioms: [propext, Classical.choice, Quot.sound]
ℹ [3685/3706] Built NLA.IE02.FourierEvaluation (3.3s)
info: NLA/IE02/FourierEvaluation.lean:77:0: 'NLA.IE02.polynomial_norm_square_terms' depends on axioms: [propext, Classical.choice, Quot.sound]
info: NLA/IE02/FourierEvaluation.lean:79:0: 'NLA.IE02.fourier_frequency_select' depends on axioms: [propext, Classical.choice, Quot.sound]
ℹ [3686/3706] Built NLA.IE02.CircleSquares (2.9s)
info: NLA/IE02/CircleSquares.lean:31:0: 'NLA.IE02.circle_reflection_square' depends on axioms: [propext, Classical.choice, Quot.sound]
ℹ [3687/3706] Built NLA.IE02.WeightedCoefficients (3.2s)
info: NLA/IE02/WeightedCoefficients.lean:87:0: 'NLA.IE02.weighted_coefficient_preservation' depends on axioms: [propext, Classical.choice, Quot.sound]
ℹ [3688/3706] Built NLA.IE02.RootProductReflection (3.2s)
info: NLA/IE02/RootProductReflection.lean:68:0: 'NLA.IE02.rootProduct_reflection' depends on axioms: [propext, Classical.choice, Quot.sound]
ℹ [3689/3709] Built NLA.IE02.GradientTopology (3.1s)
info: NLA/IE02/GradientTopology.lean:54:0: 'NLA.IE02.gradient_continuous' depends on axioms: [propext, Classical.choice, Quot.sound]
info: NLA/IE02/GradientTopology.lean:56:0: 'NLA.IE02.unitMaximal_nonempty_compact' depends on axioms: [propext, Classical.choice, Quot.sound]
info: NLA/IE02/GradientTopology.lean:58:0: 'NLA.IE02.gradient_nonempty_compact' depends on axioms: [propext, Classical.choice, Quot.sound]
ℹ [3690/3709] Built NLA.IE02.RealSeparator (3.4s)
info: NLA/IE02/RealSeparator.lean:53:0: 'NLA.IE02.real_separator_complex_form' depends on axioms: [propext, Classical.choice, Quot.sound]
ℹ [3691/3713] Built NLA.IE02.SchurCoordinates (3.6s)
info: NLA/IE02/SchurCoordinates.lean:167:0: 'NLA.IE02.schur_lift_interpolation' depends on axioms: [propext, Classical.choice, Quot.sound]
info: NLA/IE02/SchurCoordinates.lean:169:0: 'NLA.IE02.schur_maximal_finrank' depends on axioms: [propext, Classical.choice, Quot.sound]
ℹ [3692/3714] Built NLA.IE02.FourierSemantics (3.2s)
info: NLA/IE02/FourierSemantics.lean:52:0: 'NLA.IE02.fourier_semantics' depends on axioms: [propext, Classical.choice, Quot.sound]
ℹ [3693/3714] Built NLA.IE02.ReciprocalRoots (3.3s)
info: NLA/IE02/ReciprocalRoots.lean:105:0: 'NLA.IE02.reciprocal_root_pairing' depends on axioms: [propext, Classical.choice, Quot.sound]
ℹ [3694/3714] Built NLA.IE02.Numerical (3.0s)
info: NLA/IE02/Numerical.lean:20:0: 'NLA.IE02.half_certificate' depends on axioms: [propext, Classical.choice, Quot.sound]
ℹ [3695/3714] Built NLA.IE02.DescentQuadratic (3.4s)
info: NLA/IE02/DescentQuadratic.lean:33:0: 'NLA.IE02.descent_quadratic_expansion' depends on axioms: [propext, Classical.choice, Quot.sound]
⚠ [3696/3716] Built NLA.IE02.DescentGap (3.5s)
warning: NLA/IE02/DescentGap.lean:18:40: Variable name `hn` is not explicitly referenced.

Hint: The binding can be removed (if unused) or named `_` (if used implicitly). Alternatively, prefix the name with `_` to silence this warning:
  [apply] _hn

Note: This linter can be disabled with `set_option linter.unusedVariables false`
warning: NLA/IE02/DescentGap.lean:19:5: Variable name `hne` is not explicitly referenced.

Hint: The binding can be removed (if unused) or named `_` (if used implicitly). Alternatively, prefix the name with `_` to silence this warning:
  [apply] _hne

Note: This linter can be disabled with `set_option linter.unusedVariables false`
info: NLA/IE02/DescentGap.lean:65:0: 'NLA.IE02.descent_complement_gap' depends on axioms: [propext, Classical.choice, Quot.sound]
ℹ [3697/3716] Built NLA.IE02.SchurPairStep (4.4s)
info: NLA/IE02/SchurPairStep.lean:196:0: 'NLA.IE02.schur_pair_step' depends on axioms: [propext, Classical.choice, Quot.sound]
ℹ [3698/3716] Built NLA.IE02.FourierSupport (3.3s)
info: NLA/IE02/FourierSupport.lean:97:0: 'NLA.IE02.sumSquares_pos' depends on axioms: [propext, Classical.choice, Quot.sound]
info: NLA/IE02/FourierSupport.lean:99:0: 'NLA.IE02.fourier_outside_band' depends on axioms: [propext, Classical.choice, Quot.sound]
info: NLA/IE02/FourierSupport.lean:101:0: 'NLA.IE02.fourier_zero_ne_zero' depends on axioms: [propext, Classical.choice, Quot.sound]
info: NLA/IE02/FourierSupport.lean:103:0: 'NLA.IE02.fourier_effective_band' depends on axioms: [propext, Classical.choice, Quot.sound]
ℹ [3700/3721] Built NLA.IE02.JordanDirections (2.9s)
info: NLA/IE02/JordanDirections.lean:28:0: 'NLA.IE02.jordan_direction_toeplitz' depends on axioms: [propext, Classical.choice, Quot.sound]
ℹ [3701/3721] Built NLA.IE02.InsideFactor (3.2s)
info: NLA/IE02/InsideFactor.lean:101:0: 'NLA.IE02.reciprocal_inside_factor' depends on axioms: [propext, Classical.choice, Quot.sound]
ℹ [3702/3721] Built NLA.IE02.DescentSteps (3.2s)
info: NLA/IE02/DescentSteps.lean:43:0: 'NLA.IE02.descent_step_bounds' depends on axioms: [propext, Classical.choice, Quot.sound]
ℹ [3703/3721] Built NLA.IE02.FiniteSchur (3.1s)
info: NLA/IE02/FiniteSchur.lean:59:0: 'NLA.IE02.finite_schur_boundary' depends on axioms: [propext, Classical.choice, Quot.sound]
ℹ [3704/3721] Built NLA.IE02.JordanReversal (3.4s)
info: NLA/IE02/JordanReversal.lean:83:0: 'NLA.IE02.jordan_reversal' depends on axioms: [propext, Classical.choice, Quot.sound]
ℹ [3705/3721] Built NLA.IE02.EffectiveEvaluation (3.3s)
info: NLA/IE02/EffectiveEvaluation.lean:87:0: 'NLA.IE02.fourier_restrict_sum' depends on axioms: [propext, Classical.choice, Quot.sound]
info: NLA/IE02/EffectiveEvaluation.lean:89:0: 'NLA.IE02.effective_evaluation' depends on axioms: [propext, Classical.choice, Quot.sound]
ℹ [3706/3721] Built NLA.IE02.PolynomialResiduals (3.3s)
info: NLA/IE02/PolynomialResiduals.lean:86:0: 'NLA.IE02.normalized_polynomial_residuals' depends on axioms: [propext, Classical.choice, Quot.sound]
ℹ [3707/3721] Built NLA.IE02.JordanTransport (3.7s)
info: NLA/IE02/JordanTransport.lean:74:0: 'NLA.IE02.jordan_polynomial_transport' depends on axioms: [propext, Classical.choice, Quot.sound]
⚠ [3708/3721] Built NLA.IE02.DescentConclusions (4.3s)
warning: NLA/IE02/DescentConclusions.lean:96:5: Variable name `hne` is not explicitly referenced.

Hint: The binding can be removed (if unused) or named `_` (if used implicitly). Alternatively, prefix the name with `_` to silence this warning:
  [apply] _hne

Note: This linter can be disabled with `set_option linter.unusedVariables false`
warning: NLA/IE02/DescentConclusions.lean:115:5: Variable name `hne` is not explicitly referenced.

Hint: The binding can be removed (if unused) or named `_` (if used implicitly). Alternatively, prefix the name with `_` to silence this warning:
  [apply] _hne

Note: This linter can be disabled with `set_option linter.unusedVariables false`
warning: NLA/IE02/DescentConclusions.lean:116:5: Variable name `hK` is not explicitly referenced.

Hint: The binding can be removed (if unused) or named `_` (if used implicitly). Alternatively, prefix the name with `_` to silence this warning:
  [apply] _hK

Note: This linter can be disabled with `set_option linter.unusedVariables false`
info: NLA/IE02/DescentConclusions.lean:147:0: 'NLA.IE02.descent_empty_complement' depends on axioms: [propext, Classical.choice, Quot.sound]
info: NLA/IE02/DescentConclusions.lean:149:0: 'NLA.IE02.descent_nonempty_complement' depends on axioms: [propext, Classical.choice, Quot.sound]
info: NLA/IE02/DescentConclusions.lean:151:0: 'NLA.IE02.positive_gradient_descent' depends on axioms: [propext, Classical.choice, Quot.sound]
ℹ [3709/3721] Built NLA.IE02.ScaledFactorization (3.5s)
info: NLA/IE02/ScaledFactorization.lean:79:0: 'NLA.IE02.scaled_maximal_factorization' depends on axioms: [propext, Classical.choice, Quot.sound]
ℹ [3710/3721] Built NLA.IE02.EffectivePolynomial (3.3s)
info: NLA/IE02/EffectivePolynomial.lean:40:0: 'NLA.IE02.effective_factor_polynomial' depends on axioms: [propext, Classical.choice, Quot.sound]
ℹ [3711/3721] Built NLA.IE02.GMRESSemantics (2.6s)
info: NLA/IE02/GMRESSemantics.lean:74:0: 'NLA.IE02.gmres_extrema_semantics' depends on axioms: [propext, Classical.choice, Quot.sound]
ℹ [3712/3721] Built NLA.IE02.StrictFactorization (2.4s)
info: NLA/IE02/StrictFactorization.lean:75:0: 'NLA.IE02.strict_scalar_factorization' depends on axioms: [propext, Classical.choice, Quot.sound]
ℹ [3713/3721] Built NLA.IE02.WeightedFactorization (2.4s)
info: NLA/IE02/WeightedFactorization.lean:103:0: 'NLA.IE02.weighted_scalar_factorization' depends on axioms: [propext, Classical.choice, Quot.sound]
ℹ [3714/3721] Built NLA.IE02.MaximalPreservation (2.3s)
info: NLA/IE02/MaximalPreservation.lean:73:0: 'NLA.IE02.maximal_complex_preservation' depends on axioms: [propext, Classical.choice, Quot.sound]
ℹ [3715/3721] Built NLA.IE02.GradientConvexity (2.1s)
info: NLA/IE02/GradientConvexity.lean:54:0: 'NLA.IE02.gradient_compact_convex' depends on axioms: [propext, Classical.choice, Quot.sound]
ℹ [3716/3721] Built NLA.IE02.GradientSeparation (2.4s)
info: NLA/IE02/GradientSeparation.lean:46:0: 'NLA.IE02.gradient_strict_separation' depends on axioms: [propext, Classical.choice, Quot.sound]
ℹ [3717/3721] Built NLA.IE02.MinimizerOrthogonality (2.2s)
info: NLA/IE02/MinimizerOrthogonality.lean:41:0: 'NLA.IE02.minimizer_orthogonality' depends on axioms: [propext, Classical.choice, Quot.sound]
ℹ [3718/3721] Built NLA.IE02.AffineMinimax (2.8s)
info: NLA/IE02/AffineMinimax.lean:138:0: 'NLA.IE02.affine_minimax_attained' depends on axioms: [propext, Classical.choice, Quot.sound]
⚠ [3719/3721] Built NLA.IE02.CanonicalJordan (2.1s)
warning: NLA/IE02/CanonicalJordan.lean:75:18: Variable name `hlam` is not explicitly referenced.

Hint: The binding can be removed (if unused) or named `_` (if used implicitly). Alternatively, prefix the name with `_` to silence this warning:
  [apply] _hlam

Note: This linter can be disabled with `set_option linter.unusedVariables false`
warning: NLA/IE02/CanonicalJordan.lean:75:35: Variable name `hk` is not explicitly referenced.

Hint: The binding can be removed (if unused) or named `_` (if used implicitly). Alternatively, prefix the name with `_` to silence this warning:
  [apply] _hk

Note: This linter can be disabled with `set_option linter.unusedVariables false`
warning: NLA/IE02/CanonicalJordan.lean:75:48: Variable name `hkn` is not explicitly referenced.

Hint: The binding can be removed (if unused) or named `_` (if used implicitly). Alternatively, prefix the name with `_` to silence this warning:
  [apply] _hkn

Note: This linter can be disabled with `set_option linter.unusedVariables false`
info: NLA/IE02/CanonicalJordan.lean:122:0: 'NLA.IE02.canonical_jordan_minimax' depends on axioms: [propext, Classical.choice, Quot.sound]
ℹ [3720/3721] Built Solution (1.0s)
info: Solution.lean:13:0: 'NLA.IE02.coefficient_roundtrip' depends on axioms: [propext, Classical.choice, Quot.sound]
info: Solution.lean:15:0: 'NLA.IE02.coefficient_inner_product' depends on axioms: [propext, Classical.choice, Quot.sound]
info: Solution.lean:17:0: 'NLA.IE02.toeplitz_action' depends on axioms: [propext, Classical.choice, Quot.sound]
info: Solution.lean:19:0: 'NLA.IE02.toeplitz_algebra' depends on axioms: [propext, Classical.choice, Quot.sound]
info: Solution.lean:21:0: 'NLA.IE02.nilpotent_inverse' depends on axioms: [propext, Classical.choice, Quot.sound]
info: Solution.lean:23:0: 'NLA.IE02.euclidean_norm_attainment' depends on axioms: [propext, Classical.choice, Quot.sound]
info: Solution.lean:25:0: 'NLA.IE02.maximal_space_norm' depends on axioms: [propext, Classical.choice, Quot.sound]
info: Solution.lean:27:0: 'NLA.IE02.schur_diagonal_bound' depends on axioms: [propext, Classical.choice, Quot.sound]
info: Solution.lean:29:0: 'NLA.IE02.schur_scalar_endpoint' depends on axioms: [propext, Classical.choice, Quot.sound]
info: Solution.lean:31:0: 'NLA.IE02.schur_dimension_one' depends on axioms: [propext, Classical.choice, Quot.sound]
info: Solution.lean:33:0: 'NLA.IE02.schur_defect_identity' depends on axioms: [propext, Classical.choice, Quot.sound]
info: Solution.lean:35:0: 'NLA.IE02.schur_strict_reduction' depends on axioms: [propext, Classical.choice, Quot.sound]
info: Solution.lean:37:0: 'NLA.IE02.schur_active_block' depends on axioms: [propext, Classical.choice, Quot.sound]
info: Solution.lean:39:0: 'NLA.IE02.schur_pair_step' depends on axioms: [propext, Classical.choice, Quot.sound]
info: Solution.lean:41:0: 'NLA.IE02.finite_schur_boundary' depends on axioms: [propext, Classical.choice, Quot.sound]
info: Solution.lean:43:0: 'NLA.IE02.scaled_maximal_factorization' depends on axioms: [propext, Classical.choice, Quot.sound]
info: Solution.lean:45:0: 'NLA.IE02.reflection_algebra' depends on axioms: [propext, Classical.choice, Quot.sound]
info: Solution.lean:47:0: 'NLA.IE02.reflection_product' depends on axioms: [propext, Classical.choice, Quot.sound]
info: Solution.lean:49:0: 'NLA.IE02.reflection_evaluation' depends on axioms: [propext, Classical.choice, Quot.sound]
info: Solution.lean:51:0: 'NLA.IE02.circle_polynomial_uniqueness' depends on axioms: [propext, Classical.choice, Quot.sound]
info: Solution.lean:53:0: 'NLA.IE02.weighted_fold' depends on axioms: [propext, Classical.choice, Quot.sound]
info: Solution.lean:55:0: 'NLA.IE02.common_circle_root_reduction' depends on axioms: [propext, Classical.choice, Quot.sound]
info: Solution.lean:57:0: 'NLA.IE02.fourier_semantics' depends on axioms: [propext, Classical.choice, Quot.sound]
info: Solution.lean:59:0: 'NLA.IE02.effective_factor_polynomial' depends on axioms: [propext, Classical.choice, Quot.sound]
info: Solution.lean:61:0: 'NLA.IE02.reciprocal_root_pairing' depends on axioms: [propext, Classical.choice, Quot.sound]
info: Solution.lean:63:0: 'NLA.IE02.reciprocal_inside_factor' depends on axioms: [propext, Classical.choice, Quot.sound]
info: Solution.lean:65:0: 'NLA.IE02.strict_scalar_factorization' depends on axioms: [propext, Classical.choice, Quot.sound]
info: Solution.lean:67:0: 'NLA.IE02.weighted_scalar_factorization' depends on axioms: [propext, Classical.choice, Quot.sound]
info: Solution.lean:69:0: 'NLA.IE02.weighted_coefficient_preservation' depends on axioms: [propext, Classical.choice, Quot.sound]
info: Solution.lean:71:0: 'NLA.IE02.maximal_complex_preservation' depends on axioms: [propext, Classical.choice, Quot.sound]
info: Solution.lean:73:0: 'NLA.IE02.gradient_compact_convex' depends on axioms: [propext, Classical.choice, Quot.sound]
info: Solution.lean:75:0: 'NLA.IE02.real_separator_complex_form' depends on axioms: [propext, Classical.choice, Quot.sound]
info: Solution.lean:77:0: 'NLA.IE02.gradient_strict_separation' depends on axioms: [propext, Classical.choice, Quot.sound]
info: Solution.lean:79:0: 'NLA.IE02.half_certificate' depends on axioms: [propext, Classical.choice, Quot.sound]
info: Solution.lean:81:0: 'NLA.IE02.descent_step_bounds' depends on axioms: [propext, Classical.choice, Quot.sound]
info: Solution.lean:83:0: 'NLA.IE02.descent_quadratic_expansion' depends on axioms: [propext, Classical.choice, Quot.sound]
info: Solution.lean:85:0: 'NLA.IE02.descent_complement_gap' depends on axioms: [propext, Classical.choice, Quot.sound]
info: Solution.lean:87:0: 'NLA.IE02.descent_empty_complement' depends on axioms: [propext, Classical.choice, Quot.sound]
info: Solution.lean:89:0: 'NLA.IE02.descent_nonempty_complement' depends on axioms: [propext, Classical.choice, Quot.sound]
info: Solution.lean:91:0: 'NLA.IE02.positive_gradient_descent' depends on axioms: [propext, Classical.choice, Quot.sound]
info: Solution.lean:93:0: 'NLA.IE02.minimizer_orthogonality' depends on axioms: [propext, Classical.choice, Quot.sound]
info: Solution.lean:95:0: 'NLA.IE02.affine_operator_minimum' depends on axioms: [propext, Classical.choice, Quot.sound]
info: Solution.lean:97:0: 'NLA.IE02.affine_vector_minimum' depends on axioms: [propext, Classical.choice, Quot.sound]
info: Solution.lean:99:0: 'NLA.IE02.affine_minimax_attained' depends on axioms: [propext, Classical.choice, Quot.sound]
info: Solution.lean:101:0: 'NLA.IE02.jordan_reversal' depends on axioms: [propext, Classical.choice, Quot.sound]
info: Solution.lean:103:0: 'NLA.IE02.jordan_direction_toeplitz' depends on axioms: [propext, Classical.choice, Quot.sound]
info: Solution.lean:105:0: 'NLA.IE02.normalized_polynomial_residuals' depends on axioms: [propext, Classical.choice, Quot.sound]
info: Solution.lean:107:0: 'NLA.IE02.jordan_polynomial_transport' depends on axioms: [propext, Classical.choice, Quot.sound]
info: Solution.lean:109:0: 'NLA.IE02.gmres_extrema_semantics' depends on axioms: [propext, Classical.choice, Quot.sound]
info: Solution.lean:111:0: 'NLA.IE02.canonical_jordan_minimax' depends on axioms: [propext, Classical.choice, Quot.sound]
Build completed successfully (3721 jobs).
Exporting #[Quot, Quot.mk, Quot.lift, Quot.ind, NLA.IE02.coefficient_roundtrip, NLA.IE02.coefficient_inner_product, NLA.IE02.toeplitz_action, NLA.IE02.toeplitz_algebra, NLA.IE02.nilpotent_inverse, NLA.IE02.euclidean_norm_attainment, NLA.IE02.maximal_space_norm, NLA.IE02.schur_diagonal_bound, NLA.IE02.schur_scalar_endpoint, NLA.IE02.schur_dimension_one, NLA.IE02.schur_defect_identity, NLA.IE02.schur_strict_reduction, NLA.IE02.schur_active_block, NLA.IE02.schur_pair_step, NLA.IE02.finite_schur_boundary, NLA.IE02.scaled_maximal_factorization, NLA.IE02.reflection_algebra, NLA.IE02.reflection_product, NLA.IE02.reflection_evaluation, NLA.IE02.circle_polynomial_uniqueness, NLA.IE02.weighted_fold, NLA.IE02.common_circle_root_reduction, NLA.IE02.fourier_semantics, NLA.IE02.effective_factor_polynomial, NLA.IE02.reciprocal_root_pairing, NLA.IE02.reciprocal_inside_factor, NLA.IE02.strict_scalar_factorization, NLA.IE02.weighted_scalar_factorization, NLA.IE02.weighted_coefficient_preservation, NLA.IE02.maximal_complex_preservation, NLA.IE02.gradient_compact_convex, NLA.IE02.real_separator_complex_form, NLA.IE02.gradient_strict_separation, NLA.IE02.half_certificate, NLA.IE02.descent_step_bounds, NLA.IE02.descent_quadratic_expansion, NLA.IE02.descent_complement_gap, NLA.IE02.descent_empty_complement, NLA.IE02.descent_nonempty_complement, NLA.IE02.positive_gradient_descent, NLA.IE02.minimizer_orthogonality, NLA.IE02.affine_operator_minimum, NLA.IE02.affine_vector_minimum, NLA.IE02.affine_minimax_attained, NLA.IE02.jordan_reversal, NLA.IE02.jordan_direction_toeplitz, NLA.IE02.normalized_polynomial_residuals, NLA.IE02.jordan_polynomial_transport, NLA.IE02.gmres_extrema_semantics, NLA.IE02.canonical_jordan_minimax, propext, Quot.sound, Classical.choice, Nat.add, Nat.sub, Nat.mul, Nat.pow, Nat.gcd, Nat.div, Nat.mod, Nat.beq, Nat.ble, Nat.land, Nat.lor, Nat.xor, Nat.shiftLeft, Nat.shiftRight, String.ofList, Char.ofNat, List, eagerReduce, Nat, String, String.mk, Char, optParam, autoParam, semiOutParam, outParam] from Solution
Running Lean default kernel on solution.
Lean default kernel accepts the solution
Your solution is okay!

EXIT_STATUS=0
