NLA/MI04/WeightedProbes.lean:85:51: warning: This simp argument is unused:
  Complex.star_def

Hint: Omit it from the simp argument list.
  [apply] simp [secondCoefficient, Fintype.sum_sum_type, sumDiagonal, pencil, completion, Matrix.fromBlocks,
    Matrix.conjTranspose_apply, sub_neg_eq_add]

Note: This linter can be disabled with `set_option linter.unusedSimpArgs false`
NLA/MI04/WeightedProbes.lean:91:23: warning: This simp argument is unused:
  Matrix.conjTranspose_apply

Hint: Omit it from the simp argument list.
  [apply] simp [secondCoefficient, Fintype.sum_sum_type, sumDiagonal, pencil, completion, Matrix.fromBlocks,
    Complex.star_def, sub_neg_eq_add]

Note: This linter can be disabled with `set_option linter.unusedSimpArgs false`
NLA/MI04/WeightedProbes.lean:91:51: warning: This simp argument is unused:
  Complex.star_def

Hint: Omit it from the simp argument list.
  [apply] simp [secondCoefficient, Fintype.sum_sum_type, sumDiagonal, pencil, completion, Matrix.fromBlocks,
    Matrix.conjTranspose_apply, sub_neg_eq_add]

Note: This linter can be disabled with `set_option linter.unusedSimpArgs false`
NLA/MI04/WeightedProbes.lean:98:2: warning: Try this: 
  letI̵

The goal is a proposition, so `let` is preferred over `letI`.
The difference between `let` and `letI` is that `letI` inlines the value.
But this is not relevant for proofs because of proof irrelevance.

Note: This linter can be disabled with `set_option linter.style.haveILetI false`
'NLA.MI04.weighted_magnitude_identity' depends on axioms: [propext, Classical.choice, Quot.sound]
