NLA/MI04/BasisTransport.lean:37:41: warning: This simp argument is unused:
  inner_self_eq_norm_sq

Hint: Omit it from the simp argument list.
  [apply] simp [hu]

Note: This linter can be disabled with `set_option linter.unusedSimpArgs false`
NLA/MI04/BasisTransport.lean:38:41: warning: This simp argument is unused:
  inner_self_eq_norm_sq

Hint: Omit it from the simp argument list.
  [apply] simp [hv]

Note: This linter can be disabled with `set_option linter.unusedSimpArgs false`
NLA/MI04/BasisTransport.lean:48:18: warning: This simp argument is unused:
  huu

Hint: Omit it from the simp argument list.
  [apply] simp [hu, hv, hvv, huv, hvu, hne, Ne.symm hne]

Note: This linter can be disabled with `set_option linter.unusedSimpArgs false`
NLA/MI04/BasisTransport.lean:48:23: warning: This simp argument is unused:
  hvv

Hint: Omit it from the simp argument list.
  [apply] simp [hu, hv, huu, huv, hvu, hne, Ne.symm hne]

Note: This linter can be disabled with `set_option linter.unusedSimpArgs false`
'NLA.MI04.orthonormal_pair_symmetry' depends on axioms: [propext, Classical.choice, Quot.sound]
