NLA/MI04/Geometry.lean:23:4: warning: This simp argument is unused:
  Complex.star_def

Hint: Omit it from the simp argument list.
  [apply] simp [matrixCoefficient, map_smul, inner_smul_left, inner_smul_right, mul_assoc, mul_left_comm]

Note: This linter can be disabled with `set_option linter.unusedSimpArgs false`
NLA/MI04/Geometry.lean:69:62: warning: This simp argument is unused:
  Complex.star_def

Hint: Omit it from the simp argument list.
  [apply] simp [Complex.normSq_apply, Complex.mul_re, Complex.mul_im] at hs ⊢

Note: This linter can be disabled with `set_option linter.unusedSimpArgs false`
NLA/MI04/Geometry.lean:72:44: warning: Variable name `hn` is not explicitly referenced.

Hint: The binding can be removed (if unused) or named `_` (if used implicitly). Alternatively, prefix the name with `_` to silence this warning:
  [apply] _hn

Note: This linter can be disabled with `set_option linter.unusedVariables false`
NLA/MI04/Geometry.lean:78:10: warning: This simp argument is unused:
  Complex.star_def

Hint: Omit it from the simp argument list.
  [apply] simp [Complex.mul_im]

Note: This linter can be disabled with `set_option linter.unusedSimpArgs false`
NLA/MI04/Geometry.lean:100:44: warning: This simp argument is unused:
  map_smul

Hint: Omit it from the simp argument list.
  [apply] simp [matrixCoefficient, u, v, map_add, diagonal_coordinateUnit, inner_add_left, inner_add_right,
    inner_sub_left, inner_smul_left, inner_smul_right, inner_coordinateUnit_left, coordinateUnit_apply,
    Complex.star_def, hij, Ne.symm hij, hik, Ne.symm hik, hjk, Ne.symm hjk]

Note: This linter can be disabled with `set_option linter.unusedSimpArgs false`
NLA/MI04/Geometry.lean:102:55: warning: This simp argument is unused:
  Complex.star_def

Hint: Omit it from the simp argument list.
  [apply] simp [matrixCoefficient, u, v, map_add, map_smul, diagonal_coordinateUnit, inner_add_left, inner_add_right,
    inner_sub_left, inner_smul_left, inner_smul_right, inner_coordinateUnit_left, coordinateUnit_apply, hij,
    Ne.symm hij, hik, Ne.symm hik, hjk, Ne.symm hjk]

Note: This linter can be disabled with `set_option linter.unusedSimpArgs false`
NLA/MI04/Geometry.lean:91:64: warning: this tactic is never executed

Note: This linter can be disabled with `set_option linter.unreachableTactic false`
NLA/MI04/Geometry.lean:78:44: warning: Used `tac1 <;> tac2` where `(tac1; tac2)` would suffice

Note: This linter can be disabled with `set_option linter.unnecessarySeqFocus false`
NLA/MI04/Geometry.lean:97:60: warning: Used `tac1 <;> tac2` where `(tac1; tac2)` would suffice

Note: This linter can be disabled with `set_option linter.unnecessarySeqFocus false`
NLA/MI04/Geometry.lean:103:60: warning: Used `tac1 <;> tac2` where `(tac1; tac2)` would suffice

Note: This linter can be disabled with `set_option linter.unnecessarySeqFocus false`
NLA/MI04/Geometry.lean:91:64: warning: Unused tactic linter: `ring` does nothing

Note: This linter can be disabled with `set_option linter.unusedTactic false`
'NLA.MI04.diagonal_pair_collinearity' depends on axioms: [propext, Classical.choice, Quot.sound]
