NLA/MI04/Coordinates.lean:22:8: warning: automatically included section variable(s) unused in theorem `NLA.MI04.coordinateUnit_apply`:
  [Fintype ι]
consider restructuring your `variable` declarations so that the variables are not in scope or explicitly omit them:
  omit [Fintype ι] in theorem ...

Note: This linter can be disabled with `set_option linter.unusedSectionVars false`
NLA/MI04/Coordinates.lean:35:59: warning: This simp argument is unused:
  Complex.star_def

Hint: Omit it from the simp argument list.
  [apply] simp [coordinateUnit, EuclideanSpace.inner_single_right]

Note: This linter can be disabled with `set_option linter.unusedSimpArgs false`
NLA/MI04/Coordinates.lean:41:0: warning: automatically included section variable(s) unused in theorem `NLA.MI04.norm_sq_eq_sum_normSq`:
  [DecidableEq ι]
consider restructuring your `variable` declarations so that the variables are not in scope or explicitly omit them:
  omit [DecidableEq ι] in theorem ...

Note: This linter can be disabled with `set_option linter.unusedSectionVars false`
NLA/MI04/Coordinates.lean:57:62: warning: This simp argument is unused:
  Complex.star_def

Hint: Omit it from the simp argument list.
  [apply] simp [Complex.normSq_apply, Complex.mul_re, Complex.mul_im]

Note: This linter can be disabled with `set_option linter.unusedSimpArgs false`
NLA/MI04/Coordinates.lean:57:80: warning: Used `tac1 <;> tac2` where `(tac1; tac2)` would suffice

Note: This linter can be disabled with `set_option linter.unnecessarySeqFocus false`
NLA/MI04/Coordinates.lean:91:8: warning: This simp argument is unused:
  inner_smul_right

Hint: Omit it from the simp argument list.
  [apply] simp [inner_coordinateUnit_left, hw, norm_smul, Complex.norm_real, Real.norm_eq_abs, mul_pow, sq_abs]

Note: This linter can be disabled with `set_option linter.unusedSimpArgs false`
NLA/MI04/Coordinates.lean:92:15: warning: This simp argument is unused:
  Complex.norm_real

Hint: Omit it from the simp argument list.
  [apply] simp [inner_smul_right, inner_coordinateUnit_left, hw, norm_smul, Real.norm_eq_abs, mul_pow, sq_abs]

Note: This linter can be disabled with `set_option linter.unusedSimpArgs false`
NLA/MI04/Coordinates.lean:94:0: warning: automatically included section variable(s) unused in theorem `NLA.MI04.realDiagonal_isHermitian`:
  [Fintype ι]
consider restructuring your `variable` declarations so that the variables are not in scope or explicitly omit them:
  omit [Fintype ι] in theorem ...

Note: This linter can be disabled with `set_option linter.unusedSectionVars false`
NLA/MI04/Coordinates.lean:100:24: warning: This simp argument is unused:
  Matrix.diagonal_apply

Hint: Omit it from the simp argument list.
  [apply] simp [realDiagonal, h, Ne.symm h]

Note: This linter can be disabled with `set_option linter.unusedSimpArgs false`
'NLA.MI04.realQuadratic_diagonal' depends on axioms: [propext, Classical.choice, Quot.sound]
'NLA.MI04.realQuadratic_real_perturbed_vector' depends on axioms: [propext, Classical.choice, Quot.sound]
