NLA/MI04/Normality.lean:28:8: warning: This simp argument is unused:
  inner_self_eq_norm_sq

Hint: Omit it from the simp argument list.
  [apply] simp [hu]

Note: This linter can be disabled with `set_option linter.unusedSimpArgs false`
NLA/MI04/Normality.lean:66:32: warning: This simp argument is unused:
  Real.norm_eq_abs

Hint: Omit it from the simp argument list.
  [apply] simp [c, Complex.norm_real, abs_of_nonneg (inv_nonneg.mpr (norm_nonneg v))]

Note: This linter can be disabled with `set_option linter.unusedSimpArgs false`
NLA/MI04/Normality.lean:67:6: warning: This simp argument is unused:
  abs_of_nonneg (inv_nonneg.mpr (norm_nonneg v))

Hint: Omit it from the simp argument list.
  [apply] simp [c, Complex.norm_real, Real.norm_eq_abs]

Note: This linter can be disabled with `set_option linter.unusedSimpArgs false`
NLA/MI04/Normality.lean:74:38: warning: Variable name `hn` is not explicitly referenced.

Hint: The binding can be removed (if unused) or named `_` (if used implicitly). Alternatively, prefix the name with `_` to silence this warning:
  [apply] _hn

Note: This linter can be disabled with `set_option linter.unusedVariables false`
'NLA.MI04.pair_symmetry_normal' depends on axioms: [propext, Classical.choice, Quot.sound]
