test_binary_binomial_mode_lower_bound (test_round3.DimensionTests.test_binary_binomial_mode_lower_bound) ... ok
test_binary_codomain_entropy_bound (test_round3.DimensionTests.test_binary_codomain_entropy_bound) ... ok
test_binary_entropy_gap_exact (test_round3.DimensionTests.test_binary_entropy_gap_exact) ... ok
test_binary_exact_dimensions (test_round3.DimensionTests.test_binary_exact_dimensions) ... ok
test_binary_large_N_threshold (test_round3.DimensionTests.test_binary_large_N_threshold) ... ok
test_constant_alphabet_elementary_threshold (test_round3.DimensionTests.test_constant_alphabet_elementary_threshold) ... ok
test_constant_alphabet_exact_dimensions (test_round3.DimensionTests.test_constant_alphabet_exact_dimensions) ... ok
test_dimension_guards (test_round3.DimensionTests.test_dimension_guards) ... ok
test_small_n_diagonal_branch (test_round3.DimensionTests.test_small_n_diagonal_branch) ... ok
test_binary_elimination_certificate (test_round3.EliminationTests.test_binary_elimination_certificate) ... ok
test_box_q3_elimination_certificate (test_round3.EliminationTests.test_box_q3_elimination_certificate) ... ok
test_exact_squarefree_layer (test_round3.EliminationTests.test_exact_squarefree_layer) ... ok
test_exponential_allocation_guard (test_round3.EliminationTests.test_exponential_allocation_guard) ... ok
test_greedy_grid_all_small_height_one_polynomials (test_round3.EliminationTests.test_greedy_grid_all_small_height_one_polynomials) ... ok
test_greedy_rejects_invalid_degree (test_round3.EliminationTests.test_greedy_rejects_invalid_degree) ... ok
test_homogeneous_elimination_certificate (test_round3.EliminationTests.test_homogeneous_elimination_certificate) ... ok
test_pullback_coefficient_bound (test_round3.EliminationTests.test_pullback_coefficient_bound) ... ok
test_rank_two_n2_has_no_degree_two_kernel (test_round3.EliminationTests.test_rank_two_n2_has_no_degree_two_kernel) ... ok
test_squarefree_space (test_round3.EliminationTests.test_squarefree_space) ... ok
test_arbitrary_product_functions (test_round3.InterpolationTests.test_arbitrary_product_functions) ... ok
test_exponential_product_decompositions (test_round3.InterpolationTests.test_exponential_product_decompositions) ... ok
test_interpolation_guards (test_round3.InterpolationTests.test_interpolation_guards) ... ok
test_multiplication_counts (test_round3.InterpolationTests.test_multiplication_counts) ... ok
test_product_nodes_zero_and_repeated (test_round3.InterpolationTests.test_product_nodes_zero_and_repeated) ... ok
test_quadratic_phase (test_round3.InterpolationTests.test_quadratic_phase) ... ok
test_shifted_product_collision_count (test_round3.InterpolationTests.test_shifted_product_collision_count) ... ok
test_shifted_weights_and_diagonal_equivalence (test_round3.InterpolationTests.test_shifted_weights_and_diagonal_equivalence) ... ok
test_even_minimum_is_not_enough (test_round3.TargetedWitnessTests.test_even_minimum_is_not_enough) ... ok
test_minor_odd_minimum (test_round3.TargetedWitnessTests.test_minor_odd_minimum) ... ok
test_odd_minimum_all_small_signed_polynomials (test_round3.TargetedWitnessTests.test_odd_minimum_all_small_signed_polynomials) ... ok
test_rational_coefficients_rejected (test_round3.TargetedWitnessTests.test_rational_coefficients_rejected) ... ok
test_unique_minimum_is_not_an_annihilator_test (test_round3.TargetedWitnessTests.test_unique_minimum_is_not_an_annihilator_test) ... ok
test_cleared_coordinate_l1_bound (test_round3.TemplateTests.test_cleared_coordinate_l1_bound) ... ok
test_cyclotomic_degree_injection (test_round3.TemplateTests.test_cyclotomic_degree_injection) ... ok
test_denominator_clearing (test_round3.TemplateTests.test_denominator_clearing) ... ok
test_small_rational_template_identity (test_round3.TemplateTests.test_small_rational_template_identity) ... ok
test_template_dimension_bound (test_round3.TemplateTests.test_template_dimension_bound) ... ok
test_template_overhead_bound (test_round3.TemplateTests.test_template_overhead_bound) ... ok

----------------------------------------------------------------------
Ran 38 tests in 0.535s

OK
