test_common_denominator_height_bound (test_round2.HeightAndWeightTests.test_common_denominator_height_bound) ... ok
test_demonstration_guards (test_round2.HeightAndWeightTests.test_demonstration_guards) ... ok
test_exponential_constant (test_round2.HeightAndWeightTests.test_exponential_constant) ... ok
test_greedy_injectivity_and_bound (test_round2.HeightAndWeightTests.test_greedy_injectivity_and_bound) ... ok
test_height_one_collision_examples (test_round2.HeightAndWeightTests.test_height_one_collision_examples) ... ok
test_known_small_weights (test_round2.HeightAndWeightTests.test_known_small_weights) ... ok
test_monomial_count (test_round2.HeightAndWeightTests.test_monomial_count) ... ok
test_no_height_one_collision_on_separated_point (test_round2.HeightAndWeightTests.test_no_height_one_collision_on_separated_point) ... ok
test_signed_binary_nonvanishing (test_round2.HeightAndWeightTests.test_signed_binary_nonvanishing) ... ok
test_toy_exponential_lower_bound (test_round2.HeightAndWeightTests.test_toy_exponential_lower_bound) ... ok
test_32_symbol_exact_bound (test_round2.ProbabilityTests.test_32_symbol_exact_bound) ... ok
test_allocation_and_argument_guards (test_round2.ProbabilityTests.test_allocation_and_argument_guards) ... ok
test_binary_exact_bound (test_round2.ProbabilityTests.test_binary_exact_bound) ... ok
test_n1_zero_rank_probability (test_round2.ProbabilityTests.test_n1_zero_rank_probability) ... ok
test_near_third_rate_exact (test_round2.ProbabilityTests.test_near_third_rate_exact) ... ok
test_normalized_dimension (test_round2.ProbabilityTests.test_normalized_dimension) ... ok
test_reproducibility_is_not_a_certificate (test_round2.ProbabilityTests.test_reproducibility_is_not_a_certificate) ... ok
test_sampler_range_and_metadata (test_round2.ProbabilityTests.test_sampler_range_and_metadata) ... ok
test_logarithmic_margin_base_case (test_round2.SecantHeightStrengtheningTests.test_logarithmic_margin_base_case) ... ok
test_three_quarter_collision_margin (test_round2.SecantHeightStrengtheningTests.test_three_quarter_collision_margin) ... ok
test_exhaustive_multiaffine_three_variables (test_round2.SparsityTests.test_exhaustive_multiaffine_three_variables) ... ok
test_grouped_coefficient_identity (test_round2.SparsityTests.test_grouped_coefficient_identity) ... ok
test_low_rank_neighborhood_decomposition (test_round2.SparsityTests.test_low_rank_neighborhood_decomposition) ... ok
test_nonmultiaffine_support (test_round2.SparsityTests.test_nonmultiaffine_support) ... ok
test_sharp_neighborhood_examples (test_round2.SparsityTests.test_sharp_neighborhood_examples) ... ok

----------------------------------------------------------------------
Ran 25 tests in 0.161s

OK
