✔ [3629/3655] Built NLA.IE13.Definitions (2.4s)
ℹ [3630/3655] Built NLA.IE13.WitnessScale (3.2s)
info: NLA/IE13/WitnessScale.lean:39:0: 'NLA.IE13.half_bounds_certificate' depends on axioms: [propext, Classical.choice, Quot.sound]
info: NLA/IE13/WitnessScale.lean:41:0: 'NLA.IE13.witness_scale' depends on axioms: [propext, Classical.choice, Quot.sound]
ℹ [3631/3655] Built NLA.IE13.Recurrence (3.8s)
info: NLA/IE13/Recurrence.lean:84:0: 'NLA.IE13.recurrence_history' depends on axioms: [propext, Classical.choice, Quot.sound]
info: NLA/IE13/Recurrence.lean:86:0: 'NLA.IE13.sequence_recurrence' depends on axioms: [propext, Classical.choice, Quot.sound]
info: NLA/IE13/Recurrence.lean:88:0: 'NLA.IE13.sequence_properties' depends on axioms: [propext, Classical.choice, Quot.sound]
ℹ [3632/3655] Built NLA.IE13.Basic (4.1s)
info: NLA/IE13/Basic.lean:115:0: 'NLA.IE13.norm_le_entryMax' depends on axioms: [propext, Classical.choice, Quot.sound]
info: NLA/IE13/Basic.lean:117:0: 'NLA.IE13.entryMax_attained_basic' depends on axioms: [propext, Classical.choice, Quot.sound]
info: NLA/IE13/Basic.lean:119:0: 'NLA.IE13.multiplier_bound' depends on axioms: [propext, Classical.choice, Quot.sound]
⚠ [3633/3655] Built NLA.IE13.WitnessColumns (5.2s)
warning: NLA/IE13/WitnessColumns.lean:84:15: This simp argument is unused:
  if_pos hr

Hint: Omit it from the simp argument list.
  [apply] simp only [hr, Nat.zero_le, if_true]

Note: This linter can be disabled with `set_option linter.unusedSimpArgs false`
⚠ [3634/3655] Built NLA.IE13.Envelope (4.8s)
warning: NLA/IE13/Envelope.lean:161:15: This simp argument is unused:
  Fin.val_mk

Hint: Omit it from the simp argument list.
  [apply] simp only [Nat.succ_mul]

Note: This linter can be disabled with `set_option linter.unusedSimpArgs false`
info: NLA/IE13/Envelope.lean:164:0: 'NLA.IE13.envelope_recurrence' depends on axioms: [propext, Classical.choice, Quot.sound]
info: NLA/IE13/Envelope.lean:166:0: 'NLA.IE13.envelopeSum_step' depends on axioms: [propext, Classical.choice, Quot.sound]
⚠ [3635/3655] Built NLA.IE13.GEPP (4.9s)
warning: NLA/IE13/GEPP.lean:170:39: Variable name `hn` is not explicitly referenced.

Hint: The binding can be removed (if unused) or named `_` (if used implicitly). Alternatively, prefix the name with `_` to silence this warning:
  [apply] _hn

Note: This linter can be disabled with `set_option linter.unusedVariables false`
info: NLA/IE13/GEPP.lean:175:0: 'NLA.IE13.activeInjective_schur' depends on axioms: [propext, Classical.choice, Quot.sound]
info: NLA/IE13/GEPP.lean:177:0: 'NLA.IE13.admissiblePath_exists' depends on axioms: [propext, Classical.choice, Quot.sound]
⚠ [3636/3655] Built NLA.IE13.Maxima (5.1s)
warning: NLA/IE13/Maxima.lean:36:2: Try this: 
  letI̵

The goal is a proposition, so `let` is preferred over `letI`.
The difference between `let` and `letI` is that `letI` inlines the value.
But this is not relevant for proofs because of proof irrelevance.

Note: This linter can be disabled with `set_option linter.style.haveILetI false`
info: NLA/IE13/Maxima.lean:113:0: 'NLA.IE13.gepp_model_semantics' depends on axioms: [propext, Classical.choice, Quot.sound]
info: NLA/IE13/Maxima.lean:115:0: 'NLA.IE13.entryMax_semantics' depends on axioms: [propext, Classical.choice, Quot.sound]
info: NLA/IE13/Maxima.lean:117:0: 'NLA.IE13.activeMax_semantics' depends on axioms: [propext, Classical.choice, Quot.sound]
info: NLA/IE13/Maxima.lean:119:0: 'NLA.IE13.growth_semantics' depends on axioms: [propext, Classical.choice, Quot.sound]
⚠ [3637/3655] Built NLA.IE13.Origin (4.2s)
warning: NLA/IE13/Origin.lean:46:4: Try `simp at hi` instead of `simpa using hi`

Note: This linter can be disabled with `set_option linter.unnecessarySimpa false`
warning: NLA/IE13/Origin.lean:132:56: Variable name `hA` is not explicitly referenced.

Hint: The binding can be removed (if unused) or named `_` (if used implicitly). Alternatively, prefix the name with `_` to silence this warning:
  [apply] _hA

Note: This linter can be disabled with `set_option linter.unusedVariables false`
info: NLA/IE13/Origin.lean:138:0: 'NLA.IE13.originalRow_update' depends on axioms: [propext, Classical.choice, Quot.sound]
info: NLA/IE13/Origin.lean:140:0: 'NLA.IE13.multiplier_bounds' depends on axioms: [propext, Classical.choice, Quot.sound]
info: NLA/IE13/Origin.lean:142:0: 'NLA.IE13.front_transition' depends on axioms: [propext, Classical.choice, Quot.sound]
⚠ [3638/3655] Built NLA.IE13.WitnessEntries (5.0s)
warning: NLA/IE13/WitnessEntries.lean:44:33: This simp argument is unused:
  Fin.val_mk

Hint: Omit it from the simp argument list.
  [apply] simp only

Note: This linter can be disabled with `set_option linter.unusedSimpArgs false`
warning: NLA/IE13/WitnessEntries.lean:109:37: This simp argument is unused:
  if_pos rfl

Hint: Omit it from the simp argument list.
  [apply] simp only [witnessMatrix, witnessRational, i, j, witnessTarget, Fin.val_mk, lt_self_iff_false, if_false,
    le_refl, if_true, Rat.cast_one]

Note: This linter can be disabled with `set_option linter.unusedSimpArgs false`
info: NLA/IE13/WitnessEntries.lean:127:0: 'NLA.IE13.witness_structure' depends on axioms: [propext, Classical.choice, Quot.sound]
⚠ [3639/3655] Built NLA.IE13.WitnessForward (5.3s)
warning: NLA/IE13/WitnessForward.lean:43:67: This simp argument is unused:
  Fin.val_mk

Hint: Omit it from the simp argument list.
  [apply] simp only [T, Finset.mem_filter, Finset.mem_univ, true_and, g]

Note: This linter can be disabled with `set_option linter.unusedSimpArgs false`
warning: NLA/IE13/WitnessForward.lean:58:69: This simp argument is unused:
  Fin.val_mk

Hint: Omit it from the simp argument list.
  [apply] simp only [S, Finset.mem_filter, Finset.mem_univ, true_and, r]

Note: This linter can be disabled with `set_option linter.unusedSimpArgs false`
info: NLA/IE13/WitnessForward.lean:152:0: 'NLA.IE13.forward_lower_action' depends on axioms: [propext, Classical.choice, Quot.sound]
⚠ [3640/3655] Built NLA.IE13.SubsetAlgebra (5.4s)
warning: NLA/IE13/SubsetAlgebra.lean:90:27: Variable name `hM` is not explicitly referenced.

Hint: The binding can be removed (if unused) or named `_` (if used implicitly). Alternatively, prefix the name with `_` to silence this warning:
  [apply] _hM

Note: This linter can be disabled with `set_option linter.unusedVariables false`
info: NLA/IE13/SubsetAlgebra.lean:159:0: 'NLA.IE13.subset_update_bound' depends on axioms: [propext, Classical.choice, Quot.sound]
⚠ [3641/3655] Built NLA.IE13.Prefix (4.3s)
warning: NLA/IE13/Prefix.lean:100:44: Variable name `hn` is not explicitly referenced.

Hint: The binding can be removed (if unused) or named `_` (if used implicitly). Alternatively, prefix the name with `_` to silence this warning:
  [apply] _hn

Note: This linter can be disabled with `set_option linter.unusedVariables false`
warning: NLA/IE13/Prefix.lean:101:51: Variable name `ht` is not explicitly referenced.

Hint: The binding can be removed (if unused) or named `_` (if used implicitly). Alternatively, prefix the name with `_` to silence this warning:
  [apply] _ht

Note: This linter can be disabled with `set_option linter.unusedVariables false`
info: NLA/IE13/Prefix.lean:110:0: 'NLA.IE13.trajectory_agree_before' depends on axioms: [propext, Classical.choice, Quot.sound]
info: NLA/IE13/Prefix.lean:112:0: 'NLA.IE13.admissiblePrefix_extension' depends on axioms: [propext, Classical.choice, Quot.sound]
ℹ [3642/3655] Built NLA.IE13.Front (3.8s)
info: NLA/IE13/Front.lean:135:0: 'NLA.IE13.front_structure' depends on axioms: [propext, Classical.choice, Quot.sound]
⚠ [3643/3655] Built NLA.IE13.TailAlgebra (4.8s)
warning: NLA/IE13/TailAlgebra.lean:114:39: this tactic is never executed

Note: This linter can be disabled with `set_option linter.unreachableTactic false`
warning: NLA/IE13/TailAlgebra.lean:114:39: Unused tactic linter: `rfl` does nothing

Note: This linter can be disabled with `set_option linter.unusedTactic false`
info: NLA/IE13/TailAlgebra.lean:159:0: 'NLA.IE13.relabeled_LU_prefix_trajectory' depends on axioms: [propext, Classical.choice, Quot.sound]
info: NLA/IE13/TailAlgebra.lean:161:0: 'NLA.IE13.relabeled_LU_prefix_admissible' depends on axioms: [propext, Classical.choice, Quot.sound]
info: NLA/IE13/TailAlgebra.lean:163:0: 'NLA.IE13.relabeled_LU_nonsingular' depends on axioms: [propext, Classical.choice, Quot.sound]
⚠ [3644/3655] Built NLA.IE13.WitnessOrder (5.9s)
warning: NLA/IE13/WitnessOrder.lean:30:15: This simp argument is unused:
  Fin.val_mk

Hint: Omit it from the simp argument list.
  [apply] simp only

Note: This linter can be disabled with `set_option linter.unusedSimpArgs false`
warning: NLA/IE13/WitnessOrder.lean:35:6: Variable name `hk` is not explicitly referenced.

Hint: The binding can be removed (if unused) or named `_` (if used implicitly). Alternatively, prefix the name with `_` to silence this warning:
  [apply] _hk

Note: This linter can be disabled with `set_option linter.unusedVariables false`
warning: NLA/IE13/WitnessOrder.lean:42:68: This simp argument is unused:
  if_pos rfl

Hint: Omit it from the simp argument list.
  [apply] simp only [origin, Equiv.refl_apply, Nat.not_lt_zero, if_false]

Note: This linter can be disabled with `set_option linter.unusedSimpArgs false`
warning: NLA/IE13/WitnessOrder.lean:58:23: This simp argument is unused:
  Fin.val_mk

Hint: Omit it from the simp argument list.
  [apply] simp only [z, f]

Note: This linter can be disabled with `set_option linter.unusedSimpArgs false`
warning: NLA/IE13/WitnessOrder.lean:42:80: Used `tac1 <;> tac2` where `(tac1; tac2)` would suffice

Note: This linter can be disabled with `set_option linter.unnecessarySeqFocus false`
warning: NLA/IE13/WitnessOrder.lean:51:52: Used `tac1 <;> tac2` where `(tac1; tac2)` would suffice

Note: This linter can be disabled with `set_option linter.unnecessarySeqFocus false`
warning: NLA/IE13/WitnessOrder.lean:101:38: This simp argument is unused:
  Fin.val_mk

Hint: Omit it from the simp argument list.
  [apply] simp only at hv

Note: This linter can be disabled with `set_option linter.unusedSimpArgs false`
warning: NLA/IE13/WitnessOrder.lean:114:32: This simp argument is unused:
  Fin.val_mk

Hint: Omit it from the simp argument list.
  [apply] simp only

Note: This linter can be disabled with `set_option linter.unusedSimpArgs false`
info: NLA/IE13/WitnessOrder.lean:149:0: 'NLA.IE13.witness_prefix_order' depends on axioms: [propext, Classical.choice, Quot.sound]
info: NLA/IE13/WitnessOrder.lean:151:0: 'NLA.IE13.witness_factor_pivot' depends on axioms: [propext, Classical.choice, Quot.sound]
ℹ [3645/3655] Built NLA.IE13.LateColumn (3.5s)
info: NLA/IE13/LateColumn.lean:89:0: 'NLA.IE13.late_column_zero' depends on axioms: [propext, Classical.choice, Quot.sound]
✔ [3646/3655] Built NLA.IE13.WitnessFactors (3.3s)
ℹ [3647/3655] Built NLA.IE13.FrontBounds (2.0s)
info: NLA/IE13/FrontBounds.lean:143:0: 'NLA.IE13.old_column_advance_positive' depends on axioms: [propext, Classical.choice, Quot.sound]
info: NLA/IE13/FrontBounds.lean:145:0: 'NLA.IE13.old_column_advance_zero' depends on axioms: [propext, Classical.choice, Quot.sound]
⚠ [3648/3655] Built NLA.IE13.WitnessProduct (3.2s)
warning: NLA/IE13/WitnessProduct.lean:63:20: This simp argument is unused:
  if_pos rfl

Hint: Omit it from the simp argument list.
  [apply] simp only [witnessTarget, Fin.val_mk, le_refl, if_true, lt_self_iff_false, if_false, zero_add]

Note: This linter can be disabled with `set_option linter.unusedSimpArgs false`
info: NLA/IE13/WitnessProduct.lean:130:0: 'NLA.IE13.witness_factorization' depends on axioms: [propext, Classical.choice, Quot.sound]
ℹ [3649/3655] Built NLA.IE13.ColumnBounds (3.0s)
info: NLA/IE13/ColumnBounds.lean:106:0: 'NLA.IE13.column_front_bound' depends on axioms: [propext, Classical.choice, Quot.sound]
⚠ [3650/3655] Built NLA.IE13.WitnessDynamics (2.0s)
warning: NLA/IE13/WitnessDynamics.lean:19:45: Variable name `hp` is not explicitly referenced.

Hint: The binding can be removed (if unused) or named `_` (if used implicitly). Alternatively, prefix the name with `_` to silence this warning:
  [apply] _hp

Note: This linter can be disabled with `set_option linter.unusedVariables false`
warning: NLA/IE13/WitnessDynamics.lean:54:39: Variable name `hp` is not explicitly referenced.

Hint: The binding can be removed (if unused) or named `_` (if used implicitly). Alternatively, prefix the name with `_` to silence this warning:
  [apply] _hp

Note: This linter can be disabled with `set_option linter.unusedVariables false`
info: NLA/IE13/WitnessDynamics.lean:65:0: 'NLA.IE13.witness_prefix_admissible' depends on axioms: [propext, Classical.choice, Quot.sound]
info: NLA/IE13/WitnessDynamics.lean:67:0: 'NLA.IE13.witness_target_value' depends on axioms: [propext, Classical.choice, Quot.sound]
info: NLA/IE13/WitnessDynamics.lean:69:0: 'NLA.IE13.witness_nonsingular' depends on axioms: [propext, Classical.choice, Quot.sound]
ℹ [3651/3655] Built NLA.IE13.UpperBound (2.7s)
info: NLA/IE13/UpperBound.lean:112:0: 'NLA.IE13.all_active_entries_bound' depends on axioms: [propext, Classical.choice, Quot.sound]
info: NLA/IE13/UpperBound.lean:114:0: 'NLA.IE13.zero_lower_bandwidth' depends on axioms: [propext, Classical.choice, Quot.sound]
info: NLA/IE13/UpperBound.lean:116:0: 'NLA.IE13.universal_growth' depends on axioms: [propext, Classical.choice, Quot.sound]
ℹ [3652/3655] Built NLA.IE13.Identity (2.8s)
info: NLA/IE13/Identity.lean:75:0: 'NLA.IE13.identity_attainment' depends on axioms: [propext, Classical.choice, Quot.sound]
ℹ [3653/3655] Built NLA.IE13.Attainment (2.0s)
info: NLA/IE13/Attainment.lean:45:0: 'NLA.IE13.witness_attainment' depends on axioms: [propext, Classical.choice, Quot.sound]
⚠ [3654/3655] Built NLA.IE13.Sharp (2.8s)
warning: NLA/IE13/Sharp.lean:39:32: Variable name `hne` is not explicitly referenced.

Hint: The binding can be removed (if unused) or named `_` (if used implicitly). Alternatively, prefix the name with `_` to silence this warning:
  [apply] _hne

Note: This linter can be disabled with `set_option linter.unusedVariables false`
info: NLA/IE13/Sharp.lean:46:0: 'NLA.IE13.sharp_growth' depends on axioms: [propext, Classical.choice, Quot.sound]
ℹ [3655/3655] Built NLA.IE13.Complete (2.8s)
info: NLA/IE13/Complete.lean:18:0: 'NLA.IE13.gepp_model_semantics' depends on axioms: [propext, Classical.choice, Quot.sound]
info: NLA/IE13/Complete.lean:20:0: 'NLA.IE13.entryMax_semantics' depends on axioms: [propext, Classical.choice, Quot.sound]
info: NLA/IE13/Complete.lean:22:0: 'NLA.IE13.activeMax_semantics' depends on axioms: [propext, Classical.choice, Quot.sound]
info: NLA/IE13/Complete.lean:24:0: 'NLA.IE13.growth_semantics' depends on axioms: [propext, Classical.choice, Quot.sound]
info: NLA/IE13/Complete.lean:26:0: 'NLA.IE13.admissiblePath_exists' depends on axioms: [propext, Classical.choice, Quot.sound]
info: NLA/IE13/Complete.lean:28:0: 'NLA.IE13.admissiblePrefix_extension' depends on axioms: [propext, Classical.choice, Quot.sound]
info: NLA/IE13/Complete.lean:30:0: 'NLA.IE13.originalRow_update' depends on axioms: [propext, Classical.choice, Quot.sound]
info: NLA/IE13/Complete.lean:32:0: 'NLA.IE13.multiplier_bounds' depends on axioms: [propext, Classical.choice, Quot.sound]
info: NLA/IE13/Complete.lean:34:0: 'NLA.IE13.front_structure' depends on axioms: [propext, Classical.choice, Quot.sound]
info: NLA/IE13/Complete.lean:36:0: 'NLA.IE13.front_transition' depends on axioms: [propext, Classical.choice, Quot.sound]
info: NLA/IE13/Complete.lean:38:0: 'NLA.IE13.recurrence_history' depends on axioms: [propext, Classical.choice, Quot.sound]
info: NLA/IE13/Complete.lean:40:0: 'NLA.IE13.sequence_recurrence' depends on axioms: [propext, Classical.choice, Quot.sound]
info: NLA/IE13/Complete.lean:42:0: 'NLA.IE13.sequence_properties' depends on axioms: [propext, Classical.choice, Quot.sound]
info: NLA/IE13/Complete.lean:44:0: 'NLA.IE13.envelope_recurrence' depends on axioms: [propext, Classical.choice, Quot.sound]
info: NLA/IE13/Complete.lean:46:0: 'NLA.IE13.late_column_zero' depends on axioms: [propext, Classical.choice, Quot.sound]
info: NLA/IE13/Complete.lean:48:0: 'NLA.IE13.column_front_bound' depends on axioms: [propext, Classical.choice, Quot.sound]
info: NLA/IE13/Complete.lean:50:0: 'NLA.IE13.all_active_entries_bound' depends on axioms: [propext, Classical.choice, Quot.sound]
info: NLA/IE13/Complete.lean:52:0: 'NLA.IE13.zero_lower_bandwidth' depends on axioms: [propext, Classical.choice, Quot.sound]
info: NLA/IE13/Complete.lean:54:0: 'NLA.IE13.universal_growth' depends on axioms: [propext, Classical.choice, Quot.sound]
info: NLA/IE13/Complete.lean:56:0: 'NLA.IE13.witness_scale' depends on axioms: [propext, Classical.choice, Quot.sound]
info: NLA/IE13/Complete.lean:58:0: 'NLA.IE13.witness_structure' depends on axioms: [propext, Classical.choice, Quot.sound]
info: NLA/IE13/Complete.lean:60:0: 'NLA.IE13.witness_prefix_order' depends on axioms: [propext, Classical.choice, Quot.sound]
info: NLA/IE13/Complete.lean:62:0: 'NLA.IE13.witness_prefix_admissible' depends on axioms: [propext, Classical.choice, Quot.sound]
info: NLA/IE13/Complete.lean:64:0: 'NLA.IE13.witness_target_value' depends on axioms: [propext, Classical.choice, Quot.sound]
info: NLA/IE13/Complete.lean:66:0: 'NLA.IE13.witness_nonsingular' depends on axioms: [propext, Classical.choice, Quot.sound]
info: NLA/IE13/Complete.lean:68:0: 'NLA.IE13.witness_attainment' depends on axioms: [propext, Classical.choice, Quot.sound]
info: NLA/IE13/Complete.lean:70:0: 'NLA.IE13.identity_attainment' depends on axioms: [propext, Classical.choice, Quot.sound]
info: NLA/IE13/Complete.lean:72:0: 'NLA.IE13.sharp_growth' depends on axioms: [propext, Classical.choice, Quot.sound]
Build completed successfully (3655 jobs).
