NLA/RA02/StateConstruction.lean:34:31: warning: This simp argument is unused:
  hpivot

Hint: Omit it from the simp argument list.
  [apply] simp only [choleskyStep, ↓reduceIte, state_true_ordinary, state_true_ordinary_last, state_true_last_ordinary,
    state_true_last_last, state_false_ordinary]

Note: This linter can be disabled with `set_option linter.unusedSimpArgs false`
NLA/RA02/StateConstruction.lean:34:39: warning: This simp argument is unused:
  ↓reduceIte

Hint: Omit it from the simp argument list.
  [apply] simp only [choleskyStep, hpivot, state_true_ordinary, state_true_ordinary_last, state_true_last_ordinary,
    state_true_last_last, state_false_ordinary]

Note: This linter can be disabled with `set_option linter.unusedSimpArgs false`
NLA/RA02/StateConstruction.lean:34:51: warning: This simp argument is unused:
  state_true_ordinary

Hint: Omit it from the simp argument list.
  [apply] simp only [choleskyStep, hpivot, ↓reduceIte, state_true_ordinary_last, state_true_last_ordinary,
    state_true_last_last, state_false_ordinary]

Note: This linter can be disabled with `set_option linter.unusedSimpArgs false`
NLA/RA02/StateConstruction.lean:35:8: warning: This simp argument is unused:
  state_true_ordinary_last

Hint: Omit it from the simp argument list.
  [apply] simp only [choleskyStep, hpivot, ↓reduceIte, state_true_ordinary, state_true_last_ordinary,
    state_true_last_last, state_false_ordinary]

Note: This linter can be disabled with `set_option linter.unusedSimpArgs false`
NLA/RA02/StateConstruction.lean:35:34: warning: This simp argument is unused:
  state_true_last_ordinary

Hint: Omit it from the simp argument list.
  [apply] simp only [choleskyStep, hpivot, ↓reduceIte, state_true_ordinary, state_true_ordinary_last,
    state_true_last_last, state_false_ordinary]

Note: This linter can be disabled with `set_option linter.unusedSimpArgs false`
NLA/RA02/StateConstruction.lean:46:43: warning: Variable name `hr` is not explicitly referenced.

Hint: The binding can be removed (if unused) or named `_` (if used implicitly). Alternatively, prefix the name with `_` to silence this warning:
  [apply] _hr

Note: This linter can be disabled with `set_option linter.unusedVariables false`
'NLA.RA02.state_true_last_pivot' depends on axioms: [propext, Classical.choice, Quot.sound]
'NLA.RA02.state_false_posSemidef' depends on axioms: [propext, Classical.choice, Quot.sound]
'NLA.RA02.residual_state_positivity' depends on axioms: [propext, Classical.choice, Quot.sound]
