NLA/RA02/StateUpdates.lean:72:18: warning: This simp argument is unused:
  Ne.symm hx

Hint: Omit it from the simp argument list.
  [apply] simp [hx, Finset.mem_erase]

Note: This linter can be disabled with `set_option linter.unusedSimpArgs false`
NLA/RA02/StateUpdates.lean:82:20: warning: This simp argument is unused:
  Ne.symm hx

Hint: Omit it from the simp argument list.
  [apply] simp [hx, hy, Ne.symm hy, Finset.mem_erase]

Note: This linter can be disabled with `set_option linter.unusedSimpArgs false`
NLA/RA02/StateUpdates.lean:82:32: warning: This simp argument is unused:
  hy

Hint: Omit it from the simp argument list.
  [apply] simp [hx, Ne.symm hx, Ne.symm hy, Finset.mem_erase]

Note: This linter can be disabled with `set_option linter.unusedSimpArgs false`
NLA/RA02/StateUpdates.lean:51:50: warning: Used `tac1 <;> tac2` where `(tac1; tac2)` would suffice

Note: This linter can be disabled with `set_option linter.unnecessarySeqFocus false`
NLA/RA02/StateUpdates.lean:110:40: warning: Variable name `hr` is not explicitly referenced.

Hint: The binding can be removed (if unused) or named `_` (if used implicitly). Alternatively, prefix the name with `_` to silence this warning:
  [apply] _hr

Note: This linter can be disabled with `set_option linter.unusedVariables false`
'NLA.RA02.state_true_ordinary_pivot' depends on axioms: [propext, Classical.choice, Quot.sound]
'NLA.RA02.state_false_ordinary_pivot' depends on axioms: [propext, Classical.choice, Quot.sound]
'NLA.RA02.residual_state_updates' depends on axioms: [propext, Classical.choice, Quot.sound]
