✔ [3677/3695] Built NLA.SP04.Definitions (1.9s)
⚠ [3678/3695] Built Challenge (3.3s)
warning: Challenge.lean:15:8: declaration uses `sorry`
warning: Challenge.lean:23:8: declaration uses `sorry`
warning: Challenge.lean:31:8: declaration uses `sorry`
warning: Challenge.lean:40:8: declaration uses `sorry`
warning: Challenge.lean:45:8: declaration uses `sorry`
warning: Challenge.lean:53:8: declaration uses `sorry`
warning: Challenge.lean:59:8: declaration uses `sorry`
warning: Challenge.lean:64:8: declaration uses `sorry`
warning: Challenge.lean:68:8: declaration uses `sorry`
warning: Challenge.lean:74:8: declaration uses `sorry`
warning: Challenge.lean:79:8: declaration uses `sorry`
✔ [3680/3695] Built NLA.SP04.Generic (3.4s)
✔ [3681/3695] Built NLA.SP04.Orthogonal (3.5s)
✔ [3682/3695] Built NLA.SP04.MatrixStationary (3.6s)
✔ [3683/3695] Built NLA.SP04.SpectralIntervals (3.9s)
⚠ [3684/3695] Built NLA.SP04.Certificates (5.6s)
warning: NLA/SP04/Certificates.lean:19:4: `Set.mem_setOf` has been deprecated: Use `Set.mem_ofPred` instead
info: NLA/SP04/Certificates.lean:25:0: 'NLA.SP04.scalar_numerical_bounds' depends on axioms: [propext, Classical.choice, Quot.sound]
✔ [3685/3695] Built NLA.SP04.SVD (2.1s)
✔ [3686/3695] Built NLA.SP04.Spectrum (2.3s)
✔ [3687/3695] Built NLA.SP04.ScalarRoots (3.2s)
⚠ [3688/3695] Built NLA.SP04.ScalarPositive (3.9s)
warning: NLA/SP04/ScalarPositive.lean:66:5: Variable name `hc` is not explicitly referenced.

Hint: The binding can be removed (if unused) or named `_` (if used implicitly). Alternatively, prefix the name with `_` to silence this warning:
  [apply] _hc

Note: This linter can be disabled with `set_option linter.unusedVariables false`
⚠ [3689/3695] Built NLA.SP04.Scalar (2.9s)
warning: NLA/SP04/Scalar.lean:154:27: try 'simp' instead of 'simpa'

Note: This linter can be disabled with `set_option linter.unnecessarySimpa false`
info: NLA/SP04/Scalar.lean:201:0: 'NLA.SP04.scalar_least_unique' depends on axioms: [propext, Classical.choice, Quot.sound]
info: NLA/SP04/Scalar.lean:202:0: 'NLA.SP04.selected_parameter_exists' depends on axioms: [propext, Classical.choice, Quot.sound]
info: NLA/SP04/Scalar.lean:203:0: 'NLA.SP04.scalar_distance_improves' depends on axioms: [propext, Classical.choice, Quot.sound]
ℹ [3690/3695] Built NLA.SP04.Diagonal (2.5s)
info: NLA/SP04/Diagonal.lean:50:0: 'NLA.SP04.selected_unique_least' depends on axioms: [propext, Classical.choice, Quot.sound]
info: NLA/SP04/Diagonal.lean:51:0: 'NLA.SP04.diagonal_counterexample_full' depends on axioms: [propext, Classical.choice, Quot.sound]
⚠ [3691/3695] Built NLA.SP04.Finiteness (10s)
warning: NLA/SP04/Finiteness.lean:109:22: Used `tac1 <;> tac2` where `(tac1; tac2)` would suffice

Note: This linter can be disabled with `set_option linter.unnecessarySeqFocus false`
info: NLA/SP04/Finiteness.lean:188:0: 'NLA.SP04.stationaryEliminant_at_zero' depends on axioms: [propext, Classical.choice, Quot.sound]
info: NLA/SP04/Finiteness.lean:189:0: 'NLA.SP04.scalar_stationary_eliminant' depends on axioms: [propext, Classical.choice, Quot.sound]
info: NLA/SP04/Finiteness.lean:190:0: 'NLA.SP04.diagonal_stationary_finite' depends on axioms: [propext, Classical.choice, Quot.sound]
ℹ [3692/3695] Built NLA.SP04.Witness (2.3s)
info: NLA/SP04/Witness.lean:97:0: 'NLA.SP04.uniqueLeastStationary_orthogonal_iff' depends on axioms: [propext, Classical.choice, Quot.sound]
info: NLA/SP04/Witness.lean:98:0: 'NLA.SP04.stationaryPairs_orthogonal_eq' depends on axioms: [propext, Classical.choice, Quot.sound]
info: NLA/SP04/Witness.lean:99:0: 'NLA.SP04.stationaryPairs_finite_orthogonal_iff' depends on axioms: [propext, Classical.choice, Quot.sound]
info: NLA/SP04/Witness.lean:100:0: 'NLA.SP04.selectionFails_of_admissible_svd' depends on axioms: [propext, Classical.choice, Quot.sound]
ℹ [3693/3695] Built NLA.SP04.Proof (2.4s)
info: NLA/SP04/Proof.lean:92:0: 'NLA.SP04.numerical_bounds' depends on axioms: [propext, Classical.choice, Quot.sound]
info: NLA/SP04/Proof.lean:94:0: 'NLA.SP04.diagonal_stationary_iff' depends on axioms: [propext, Classical.choice, Quot.sound]
info: NLA/SP04/Proof.lean:96:0: 'NLA.SP04.diagonal_counterexample' depends on axioms: [propext, Classical.choice, Quot.sound]
info: NLA/SP04/Proof.lean:98:0: 'NLA.SP04.diagonal_finite' depends on axioms: [propext, Classical.choice, Quot.sound]
info: NLA/SP04/Proof.lean:100:0: 'NLA.SP04.orthogonal_transport' depends on axioms: [propext, Classical.choice, Quot.sound]
info: NLA/SP04/Proof.lean:102:0: 'NLA.SP04.spectral_family' depends on axioms: [propext, Classical.choice, Quot.sound]
info: NLA/SP04/Proof.lean:104:0: 'NLA.SP04.regular_svd' depends on axioms: [propext, Classical.choice, Quot.sound]
info: NLA/SP04/Proof.lean:106:0: 'NLA.SP04.open_family_counterexamples' depends on axioms: [propext, Classical.choice, Quot.sound]
info: NLA/SP04/Proof.lean:108:0: 'NLA.SP04.algebraic_avoidance' depends on axioms: [propext, Classical.choice, Quot.sound]
info: NLA/SP04/Proof.lean:110:0: 'NLA.SP04.generic_counterexamples' depends on axioms: [propext, Classical.choice, Quot.sound]
info: NLA/SP04/Proof.lean:112:0: 'NLA.SP04.canonical_counterexample' depends on axioms: [propext, Classical.choice, Quot.sound]
✔ [3694/3695] Built Solution (2.3s)
Build completed successfully (3695 jobs).
