{
  "global_exact_rank_determined": false,
  "certificate_status": "PASS",
  "laderman23": {
    "allowed_variables": 153,
    "forced_variables": 153,
    "all_69_factor_vectors_nonzero": true,
    "trace_steps": 87,
    "Brent_identities_verified": 729,
    "all_support_solutions_pairwise_Khatri_Rao_ranks": [
      23,
      23,
      23
    ],
    "matrix_rank_sums": [
      31,
      31,
      31
    ]
  },
  "sun23": {
    "allowed_variables": 175,
    "forced_variables": 162,
    "all_69_factor_vectors_nonzero": true,
    "trace_steps": 99,
    "Brent_identities_verified": 729,
    "all_support_solutions_pairwise_Khatri_Rao_ranks": [
      23,
      23,
      23
    ],
    "matrix_rank_sums": [
      32,
      30,
      27
    ]
  },
  "laderman_torus": {
    "initial_exponent_rank": 91,
    "final_exponent_rank": 95,
    "torus_dimension": 58,
    "all_729_Laurent_identities": true,
    "signature": [
      1,
      1,
      1,
      2,
      1,
      1,
      2,
      1,
      1,
      1,
      1,
      2,
      1,
      1,
      1,
      2,
      1,
      1,
      1,
      1,
      1,
      1,
      1
    ],
    "integer_inverse_verified": true
  },
  "laderman_gauge_slice": {
    "effective_gauge_dimension": 52,
    "slice_dimension": 6,
    "unimodular_gauge_normalization": true,
    "slice_free_indices": [
      21,
      37,
      45,
      47,
      50,
      52
    ]
  },
  "laderman_component": {
    "jacobian_shape": [
      729,
      621
    ],
    "jacobian_rank_over_C": 545,
    "independent_integral_kernel_directions": 76,
    "JH_zero_over_Z": true,
    "prime": 1000003,
    "component_dimension": 76
  },
  "sun_tight": {
    "sum_output_ranks": 27,
    "LR_and_RL_identity": true,
    "block_identities_verified": 529,
    "output_ranks": [
      1,
      1,
      1,
      1,
      2,
      1,
      1,
      2,
      1,
      2,
      1,
      1,
      1,
      1,
      1,
      1,
      1,
      1,
      1,
      1,
      1,
      1,
      2
    ]
  }
}
