✔ [3640/3653] Built NLA.IE17.Definitions (2.4s)
⚠ [3641/3653] Built Challenge (2.8s)
warning: Challenge.lean:14:8: declaration uses `sorry`
warning: Challenge.lean:20:8: declaration uses `sorry`
warning: Challenge.lean:24:8: declaration uses `sorry`
warning: Challenge.lean:30:8: declaration uses `sorry`
warning: Challenge.lean:39:8: declaration uses `sorry`
warning: Challenge.lean:51:8: declaration uses `sorry`
warning: Challenge.lean:57:8: declaration uses `sorry`
warning: Challenge.lean:71:8: declaration uses `sorry`
✔ [3643/3653] Built NLA.IE17.NumericData (4.3s)
✔ [3644/3653] Built NLA.IE17.Norms (4.4s)
✔ [3645/3653] Built NLA.IE17.Geometry (2.8s)
✔ [3646/3653] Built NLA.IE17.Certificates (5.7s)
✔ [3647/3653] Built NLA.IE17.BackwardError (3.1s)
✔ [3648/3653] Built NLA.IE17.LSMR (4.6s)
ℹ [3649/3653] Built NLA.IE17.Optimal (3.8s)
info: NLA/IE17/Optimal.lean:63:0: 'NLA.IE17.optimal_error_bounds' depends on axioms: [propext, Classical.choice, Quot.sound]
ℹ [3650/3653] Built NLA.IE17.Approximation (3.3s)
info: NLA/IE17/Approximation.lean:166:0: 'NLA.IE17.penrose_projection_unique' depends on axioms: [propext, Classical.choice, Quot.sound]
info: NLA/IE17/Approximation.lean:167:0: 'NLA.IE17.penroseAt_correct' depends on axioms: [propext, Classical.choice, Quot.sound]
info: NLA/IE17/Approximation.lean:168:0: 'NLA.IE17.approximation_error_values' depends on axioms: [propext, Classical.choice, Quot.sound]
ℹ [3651/3653] Built NLA.IE17.Proof (2.5s)
info: NLA/IE17/Proof.lean:115:0: 'NLA.IE17.spectralNorm_semantics' depends on axioms: [propext, Classical.choice, Quot.sound]
info: NLA/IE17/Proof.lean:116:0: 'NLA.IE17.witness_full_column_rank' depends on axioms: [propext, Classical.choice, Quot.sound]
info: NLA/IE17/Proof.lean:117:0: 'NLA.IE17.exact_lsmr_run' depends on axioms: [propext, Classical.choice, Quot.sound]
info: NLA/IE17/Proof.lean:118:0: 'NLA.IE17.optimal_errors' depends on axioms: [propext, Classical.choice, Quot.sound]
info: NLA/IE17/Proof.lean:119:0: 'NLA.IE17.approximation_values' depends on axioms: [propext, Classical.choice, Quot.sound]
info: NLA/IE17/Proof.lean:120:0: 'NLA.IE17.terminal_errors_zero' depends on axioms: [propext, Classical.choice, Quot.sound]
info: NLA/IE17/Proof.lean:121:0: 'NLA.IE17.both_errors_increase' depends on axioms: [propext, Classical.choice, Quot.sound]
info: NLA/IE17/Proof.lean:122:0: 'NLA.IE17.canonical_counterexamples' depends on axioms: [propext, Classical.choice, Quot.sound]
✔ [3652/3653] Built Solution (2.4s)
Build completed successfully (3653 jobs).
