$ systemd-run --user --quiet --wait --pipe --collect -p 'RestrictAddressFamilies=~AF_UNIX' --working-directory /home/runner/work/_temp/nla-lean-tools/.verification-tmp/nla-fresh-proof-fqlv91hh/project /usr/bin/env -i PATH=/home/runner/.elan/toolchains/leanprover--lean4---v4.33.1/bin:/home/runner/.elan/bin:/home/runner/go/bin:/opt/hostedtoolcache/go/1.27.1/x64/bin:/snap/bin:/home/runner/.local/bin:/opt/pipx_bin:/home/runner/.cargo/bin:/home/runner/.config/composer/vendor/bin:/usr/local/.ghcup/bin:/home/runner/.dotnet/tools:/usr/local/sbin:/usr/local/bin:/usr/sbin:/usr/bin:/sbin:/bin:/usr/games:/usr/local/games:/snap/bin HOME=/home/runner LANG=C.UTF-8 XDG_RUNTIME_DIR=/run/user/1001 DBUS_SESSION_BUS_ADDRESS=unix:path=/run/user/1001/bus GIT_TERMINAL_PROMPT=0 GIT_CONFIG_NOSYSTEM=1 GIT_CONFIG_GLOBAL=/dev/null COMPARATOR_BIN=/home/runner/work/_temp/nla-lean-tools/.tools/comparator/.lake/build/bin/comparator COMPARATOR_LEAN4EXPORT=/home/runner/work/_temp/nla-lean-tools/.tools/lean4export/.lake/build/bin/lean4export COMPARATOR_LANDRUN=/home/runner/work/_temp/nla-lean-tools/scripts/strict_landrun.py XDG_CACHE_HOME=/home/runner/work/_temp/nla-lean-tools/.tools/cache TMPDIR=/home/runner/work/_temp/nla-lean-tools/.verification-tmp lake env /home/runner/work/_temp/nla-lean-tools/.tools/comparator/.lake/build/bin/comparator comparator.json
Building Challenge
✔ [2644/2646] Built NLA.SF01.Definitions (2.1s)
⚠ [2645/2646] Built Challenge (1.7s)
warning: Challenge.lean:22:8: declaration uses `sorry`
warning: Challenge.lean:29:8: declaration uses `sorry`
warning: Challenge.lean:34:8: declaration uses `sorry`
warning: Challenge.lean:39:8: declaration uses `sorry`
warning: Challenge.lean:45:8: declaration uses `sorry`
warning: Challenge.lean:50:8: declaration uses `sorry`
warning: Challenge.lean:56:8: declaration uses `sorry`
warning: Challenge.lean:61:8: declaration uses `sorry`
warning: Challenge.lean:67:8: declaration uses `sorry`
warning: Challenge.lean:73:8: declaration uses `sorry`
warning: Challenge.lean:81:8: declaration uses `sorry`
warning: Challenge.lean:84:8: declaration uses `sorry`
warning: Challenge.lean:95:8: declaration uses `sorry`
warning: Challenge.lean:100:8: declaration uses `sorry`
warning: Challenge.lean:104:8: declaration uses `sorry`
warning: Challenge.lean:109:8: declaration uses `sorry`
warning: Challenge.lean:115:8: declaration uses `sorry`
warning: Challenge.lean:121:8: declaration uses `sorry`
warning: Challenge.lean:126:8: declaration uses `sorry`
warning: Challenge.lean:135:8: declaration uses `sorry`
warning: Challenge.lean:141:8: declaration uses `sorry`
warning: Challenge.lean:144:8: declaration uses `sorry`
warning: Challenge.lean:149:8: declaration uses `sorry`
warning: Challenge.lean:155:8: declaration uses `sorry`
Build completed successfully (2646 jobs).
Exporting #[Quot, Quot.mk, Quot.lift, Quot.ind, NLA.SF01.complex_spectral_radius_semantics, NLA.SF01.spectral_radius_strict_bound, NLA.SF01.spectral_homotopy_isUnit, NLA.SF01.spectralM_positive_weight, NLA.SF01.weighted_Z_spectralM, NLA.SF01.H_positive_weight, NLA.SF01.shift_comparison, NLA.SF01.H_shift_structure, NLA.SF01.comparison_abs_mulVec, NLA.SF01.resolvent_domination, NLA.SF01.half_positive_certificate, NLA.SF01.ridge_comparison_preserver, NLA.SF01.ridge_commutes, NLA.SF01.pole_positive_definite, NLA.SF01.pole_diagonalization_exists, NLA.SF01.pole_residue_normalization, NLA.SF01.reciprocal_weights_nonnegative, NLA.SF01.reciprocal_blocks_isUnit, NLA.SF01.matrix_reciprocal_identity, NLA.SF01.newton_data_step, NLA.SF01.initial_data_valid, NLA.SF01.newton_first, NLA.SF01.iterate_ridge_representation, NLA.SF01.canonical_newton_preservation, propext, Classical.choice, Quot.sound, Nat.add, Nat.sub, Nat.mul, Nat.pow, Nat.gcd, Nat.div, Nat.mod, Nat.beq, Nat.ble, Nat.land, Nat.lor, Nat.xor, Nat.shiftLeft, Nat.shiftRight, String.ofList, Char.ofNat, List, eagerReduce, Nat, String, String.mk, Char, optParam, autoParam, semiOutParam, outParam] from Challenge
Building Solution
✔ [3441/3453] Built NLA.SF01.Complexification (3.1s)
⚠ [3443/3457] Built NLA.SF01.PoleEnergy (3.5s)
warning: NLA/SF01/PoleEnergy.lean:25:22: This simp argument is unused:
  Matrix.diagonal_apply

Hint: Omit it from the simp argument list.
  [apply] simp [poleMatrix, hij, Ne.symm hij, mul_comm]

Note: This linter can be disabled with `set_option linter.unusedSimpArgs false`
⚠ [3444/3457] Built NLA.SF01.BlockLiftAlgebra (3.9s)
warning: NLA/SF01/BlockLiftAlgebra.lean:97:38: This simp argument is unused:
  Ne.symm hij

Hint: Omit it from the simp argument list.
  [apply] simp [scalarLift, Matrix.mul_apply, Matrix.one_apply, Matrix.kronecker, Matrix.kroneckerMap_apply, hij,
    mul_ite, ite_mul]

Note: This linter can be disabled with `set_option linter.unusedSimpArgs false`
warning: NLA/SF01/BlockLiftAlgebra.lean:108:51: This simp argument is unused:
  mul_assoc

Hint: Omit it from the simp argument list.
  [apply] simp [matrixLift, scalarLift, Matrix.mul_apply, Matrix.kronecker, Matrix.kroneckerMap_apply, Matrix.one_apply,
    Fintype.sum_prod_type, Matrix.mulVec, dotProduct, mul_ite, ite_mul]

Note: This linter can be disabled with `set_option linter.unusedSimpArgs false`
warning: NLA/SF01/BlockLiftAlgebra.lean:111:11: This simp argument is unused:
  Ne.symm hij

Hint: Omit it from the simp argument list.
  [apply] simp [matrixLift, scalarLift, Matrix.mul_apply, Matrix.kronecker, Matrix.kroneckerMap_apply, Matrix.one_apply,
    Fintype.sum_prod_type, hij, mul_ite, ite_mul]

Note: This linter can be disabled with `set_option linter.unusedSimpArgs false`
warning: NLA/SF01/BlockLiftAlgebra.lean:129:35: This simp argument is unused:
  ite_mul

Hint: Omit it from the simp argument list.
  [apply] simp [Matrix.one_apply, mul_ite, pow_two, mul_assoc, mul_left_comm, mul_comm]

Note: This linter can be disabled with `set_option linter.unusedSimpArgs false`
warning: NLA/SF01/BlockLiftAlgebra.lean:129:53: This simp argument is unused:
  mul_assoc

Hint: Omit it from the simp argument list.
  [apply] simp [Matrix.one_apply, mul_ite, ite_mul, pow_two, mul_left_comm, mul_comm]

Note: This linter can be disabled with `set_option linter.unusedSimpArgs false`
✔ [3445/3625] Built NLA.SF01.PositivePath (3.4s)
✔ [6581/6698] Built NLA.SF01.PoleDiagonalization (2.1s)
⚠ [6582/6698] Built NLA.SF01.Spectrum (2.5s)
warning: NLA/SF01/Spectrum.lean:24:2: Try this: 
  letI̵

The goal is a proposition, so `let` is preferred over `letI`.
The difference between `let` and `letI` is that `letI` inlines the value.
But this is not relevant for proofs because of proof irrelevance.

Note: This linter can be disabled with `set_option linter.style.haveILetI false`
✔ [8494/8520] Built NLA.SF01.SpectralHomotopy (2.8s)
⚠ [8526/8650] Built NLA.SF01.PoleResidues (2.0s)
warning: NLA/SF01/PoleResidues.lean:23:22: This simp argument is unused:
  Matrix.diagonal_apply

Hint: Omit it from the simp argument list.
  [apply] simp [poleMatrix, hi, poleOffsets, poleVector, mul_assoc]

Note: This linter can be disabled with `set_option linter.unusedSimpArgs false`
warning: NLA/SF01/PoleResidues.lean:23:49: This simp argument is unused:
  poleOffsets

Hint: Omit it from the simp argument list.
  [apply] simp [poleMatrix, Matrix.diagonal_apply, hi, poleVector, mul_assoc]

Note: This linter can be disabled with `set_option linter.unusedSimpArgs false`
warning: NLA/SF01/PoleResidues.lean:34:26: this tactic is never executed

Note: This linter can be disabled with `set_option linter.unreachableTactic false`
warning: NLA/SF01/PoleResidues.lean:34:26: Unused tactic linter: `ring` does nothing

Note: This linter can be disabled with `set_option linter.unusedTactic false`
warning: NLA/SF01/PoleResidues.lean:41:22: this tactic is never executed

Note: This linter can be disabled with `set_option linter.unreachableTactic false`
warning: NLA/SF01/PoleResidues.lean:41:22: Unused tactic linter: `ring` does nothing

Note: This linter can be disabled with `set_option linter.unusedTactic false`
warning: NLA/SF01/PoleResidues.lean:99:53: this tactic is never executed

Note: This linter can be disabled with `set_option linter.unreachableTactic false`
warning: NLA/SF01/PoleResidues.lean:102:34: this tactic is never executed

Note: This linter can be disabled with `set_option linter.unreachableTactic false`
warning: NLA/SF01/PoleResidues.lean:99:53: Unused tactic linter: `ring` does nothing

Note: This linter can be disabled with `set_option linter.unusedTactic false`
warning: NLA/SF01/PoleResidues.lean:102:34: Unused tactic linter: `ring` does nothing

Note: This linter can be disabled with `set_option linter.unusedTactic false`
✔ [8714/8737] Built NLA.SF01.WeightedSpectrum (3.3s)
✔ [8716/8742] Built LeanCert.Core.Interval (2.8s)
✔ [8717/8743] Built NLA.SF01.UnitWeightContinuity (3.2s)
⚠ [8718/8743] Built NLA.SF01.SpectralMConverse (3.5s)
warning: NLA/SF01/SpectralMConverse.lean:33:46: This simp argument is unused:
  Matrix.one_apply

Hint: Omit it from the simp argument list.
  [apply] simp [B, hij]

Note: This linter can be disabled with `set_option linter.unusedSimpArgs false`
✔ [8719/8743] Built LeanCert.Core.Expr (5.9s)
⚠ [8720/8743] Built NLA.SF01.SpectralMWeight (3.5s)
warning: NLA/SF01/SpectralMWeight.lean:46:12: This simp argument is unused:
  Matrix.one_apply

Hint: Omit it from the simp argument list.
  [apply] simp [hij]

Note: This linter can be disabled with `set_option linter.unusedSimpArgs false`
✔ [8721/8744] Built NLA.IV03.Definitions (6.7s)
✔ [8722/8744] Built LeanCert.Core.IntervalRat.Basic (6.9s)
✔ [8723/8745] Built NLA.SF01.HWeight (3.6s)
✔ [8724/8745] Built LeanCert.Meta.Numeral (4.6s)
✔ [8725/8745] Built LeanCert.Core.Support (3.1s)
✔ [8726/8745] Built LeanCert.Tactic.IntervalAuto.Types (3.3s)
⚠ [8727/8746] Built NLA.SF01.ShiftStructure (3.1s)
warning: NLA/SF01/ShiftStructure.lean:34:17: This simp argument is unused:
  Matrix.one_apply

Hint: Omit it from the simp argument list.
  [apply] simp [shifted]

Note: This linter can be disabled with `set_option linter.unusedSimpArgs false`
warning: NLA/SF01/ShiftStructure.lean:38:17: This simp argument is unused:
  Matrix.one_apply

Hint: Omit it from the simp argument list.
  [apply] simp [shifted, hij]

Note: This linter can be disabled with `set_option linter.unusedSimpArgs false`
✔ [8728/8746] Built NLA.IV03.Proof (7.2s)
✔ [8729/8746] Built LeanCert.Tactic.IntervalAuto.Extract (3.2s)
✔ [8730/8746] Built LeanCert.Core.IntervalRat.Transcendental (5.7s)
✔ [8731/8746] Built LeanCert.Meta.ToExpr (5.5s)
✔ [8732/8750] Built NLA.SF01.AbsoluteComparison (3.1s)
✔ [8733/8751] Built LeanCert.Tactic.IntervalAuto.Norm (4.3s)
✔ [8734/8754] Built LeanCert.Core.IntervalRat.LogReduction (4.3s)
✔ [8735/8756] Built LeanCert.Core.DerivativeIntervals (3.3s)
✔ [8736/8758] Built NLA.SF01.WeightedZReuse (5.7s)
✔ [8737/8758] Built LeanCert.Tactic.IntervalAuto.Parse (5.6s)
✔ [8738/8759] Built LeanCert.Core.TrigReduction (3.4s)
✔ [8739/8765] Built LeanCert.Engine.Eval.Result (3.2s)
✔ [8740/8773] Built LeanCert.Tactic.IntervalAuto.Diagnostic (4.1s)
✔ [8741/8773] Built LeanCert.Core.Taylor (7.8s)
✔ [8742/8777] Built NLA.SF01.ResolventDomination (7.3s)
✔ [8743/8777] Built LeanCert.Contrib.Sinc (5.6s)
✔ [8744/8777] Built LeanCert.Core.Dyadic (4.4s)
✔ [8745/8778] Built LeanCert.Tactic.Verification (4.5s)
✔ [8746/8778] Built LeanCert.Tactic.LeanCert.Bridge.Environment (2.6s)
✔ [8747/8829] Built LeanCert.Tactic.NumericalRefinement (1.1s)
✔ [8748/8830] Built LeanCert.Tactic.VecUtil (3.0s)
✔ [8749/8831] Built NLA.SF01.RidgeAlgebra (7.9s)
✔ [8750/8831] Built LeanCert.Tactic.LeanCert.Normalize (4.0s)
✔ [8751/8835] Built LeanCert.Tactic.FinSumExpand (3.3s)
✔ [8752/8837] Built LeanCert.Tactic.FinsetParse (4.2s)
✔ [8753/8839] Built LeanCert.Tactic.BridgeNative (1.7s)
✔ [8754/8843] Built LeanCert.Tactic.LeanCert.Semantic.Domain (1.5s)
✔ [8755/8845] Built NLA.SF01.WeightedRidge (6.0s)
✔ [8756/8846] Built LeanCert.Validity.Eventual (3.1s)
✔ [8757/8846] Built LeanCert.Tactic.LeanCert.Semantic.Goal (1.9s)
✔ [8758/8846] Built LeanCert.Tactic.VecSimp (1.6s)
✔ [8759/8850] Built LeanCert.Core.IntervalRat.Taylor (19s)
✔ [8760/8850] Built LeanCert.Tactic.LeanCert.Semantic.Parse.Comparison (1.3s)
✔ [8761/8850] Built LeanCert.Tactic.EventualBound (4.8s)
✔ [8762/8851] Built NLA.SF01.RidgeComparison (5.6s)
✔ [8763/8851] Built LeanCert.Core.IntervalReal (2.4s)
✔ [8764/8851] Built LeanCert.Core.IntervalRat.TrigReduced (2.0s)
✔ [8765/8854] Built LeanCert.Tactic.Extension.Protocol (2.7s)
✔ [8766/8854] Built LeanCert.Tactic.LeanCert.Semantic.Parse.Bound (3.0s)
✔ [8767/8854] Built LeanCert.Tactic.LeanCert.Diagnostic.Evidence (2.9s)
⚠ [8768/8854] Built NLA.SF01.ReciprocalBlocks (5.9s)
warning: NLA/SF01/ReciprocalBlocks.lean:24:34: This simp argument is unused:
  Matrix.kronecker_apply

Hint: Omit it from the simp argument list.
  [apply] simp [baseBlock, blockFamily, Matrix.diagonal_apply, shifted]

Note: This linter can be disabled with `set_option linter.unusedSimpArgs false`
warning: NLA/SF01/ReciprocalBlocks.lean:24:58: This simp argument is unused:
  Matrix.diagonal_apply

Hint: Omit it from the simp argument list.
  [apply] simp [baseBlock, blockFamily, Matrix.kronecker_apply, shifted]

Note: This linter can be disabled with `set_option linter.unusedSimpArgs false`
warning: NLA/SF01/ReciprocalBlocks.lean:25:34: This simp argument is unused:
  Matrix.kronecker_apply

Hint: Omit it from the simp argument list.
  [apply] simp [baseBlock, blockFamily, Matrix.diagonal_apply, hij]

Note: This linter can be disabled with `set_option linter.unusedSimpArgs false`
warning: NLA/SF01/ReciprocalBlocks.lean:25:58: This simp argument is unused:
  Matrix.diagonal_apply

Hint: Omit it from the simp argument list.
  [apply] simp [baseBlock, blockFamily, Matrix.kronecker_apply, hij]

Note: This linter can be disabled with `set_option linter.unusedSimpArgs false`
warning: NLA/SF01/ReciprocalBlocks.lean:52:25: This simp argument is unused:
  Matrix.kronecker_apply

Hint: Omit it from the simp argument list.
  [apply] simp [blockFamily, Matrix.diagonal_apply, shifted]

Note: This linter can be disabled with `set_option linter.unusedSimpArgs false`
warning: NLA/SF01/ReciprocalBlocks.lean:52:49: This simp argument is unused:
  Matrix.diagonal_apply

Hint: Omit it from the simp argument list.
  [apply] simp [blockFamily, Matrix.kronecker_apply, shifted]

Note: This linter can be disabled with `set_option linter.unusedSimpArgs false`
warning: NLA/SF01/ReciprocalBlocks.lean:53:25: This simp argument is unused:
  Matrix.kronecker_apply

Hint: Omit it from the simp argument list.
  [apply] simp [blockFamily, Matrix.diagonal_apply, hij]

Note: This linter can be disabled with `set_option linter.unusedSimpArgs false`
warning: NLA/SF01/ReciprocalBlocks.lean:53:49: This simp argument is unused:
  Matrix.diagonal_apply

Hint: Omit it from the simp argument list.
  [apply] simp [blockFamily, Matrix.kronecker_apply, hij]

Note: This linter can be disabled with `set_option linter.unusedSimpArgs false`
warning: NLA/SF01/ReciprocalBlocks.lean:90:54: Variable name `hd` is not explicitly referenced.

Hint: The binding can be removed (if unused) or named `_` (if used implicitly). Alternatively, prefix the name with `_` to silence this warning:
  [apply] _hd

Note: This linter can be disabled with `set_option linter.unusedVariables false`
✔ [8769/8854] Built LeanCert.Core.IntervalRealEndpoints (5.7s)
✔ [8770/8854] Built LeanCert.Engine.Affine.Basic (7.8s)
✔ [8771/8854] Built LeanCert.Core.IntervalDyadic (8.2s)
✔ [8772/8854] Built LeanCert.Tactic.LeanCert.Config (1.0s)
✔ [8773/8857] Built LeanCert.Tactic.Extension.Registry (5.6s)
✔ [8774/8858] Built NLA.SF01.RidgeCompression (7.3s)
✔ [8775/8858] Built LeanCert.Engine.Affine.Nonlinear (6.0s)
✔ [8776/8858] Built LeanCert.Core.DyadicCell (5.6s)
✔ [8777/8860] Built LeanCert.Engine.Eval.Core (7.7s)
✔ [8778/8866] Built LeanCert.Core.DyadicFrontier (3.0s)
✔ [8780/8875] Built LeanCert.Engine.Algebra.QPoly (4.1s)
✔ [8781/8875] Built LeanCert.Engine.Eval.Extended (4.7s)
✔ [8782/8875] Built LeanCert.Engine.FloatEval (2.8s)
⚠ [8783/8875] Built NLA.SF01.PoleCompression (6.0s)
warning: NLA/SF01/PoleCompression.lean:83:32: this tactic is never executed

Note: This linter can be disabled with `set_option linter.unreachableTactic false`
warning: NLA/SF01/PoleCompression.lean:83:32: Unused tactic linter: `ring` does nothing

Note: This linter can be disabled with `set_option linter.unusedTactic false`
✔ [8784/8875] Built LeanCert.Engine.Algebra.QPolyIntegral (3.3s)
✔ [8785/8875] Built LeanCert.Tactic.Extension.Command (2.1s)
✔ [8786/8875] Built LeanCert.Engine.Bounds.Lemmas (2.4s)
✔ [8787/8875] Built LeanCert.Tactic.Extension (2.2s)
✔ [8788/8875] Built LeanCert.Engine.IntervalEval (2.1s)
⚠ [8789/8875] Built NLA.SF01.ReciprocalIdentity (4.3s)
warning: NLA/SF01/ReciprocalIdentity.lean:28:51: this tactic is never executed

Note: This linter can be disabled with `set_option linter.unreachableTactic false`
warning: NLA/SF01/ReciprocalIdentity.lean:28:51: Unused tactic linter: `ring` does nothing

Note: This linter can be disabled with `set_option linter.unusedTactic false`
✔ [8790/8875] Built LeanCert.Validity.Bounds.Checked (2.6s)
✔ [8791/8875] Built LeanCert.Validity.Bounds.Core (2.9s)
✔ [8792/8875] Built LeanCert.Engine.Affine.Transcendental (4.6s)
✔ [8793/8875] Built LeanCert.Engine.IntervalEvalDyadic (6.7s)
✔ [8794/8875] Built LeanCert.Engine.Optimization.Box (3.6s)
✔ [8795/8875] Built LeanCert.Engine.RootFinding.Basic (6.1s)
✔ [8796/8875] Built LeanCert.Engine.AD.Basic (3.2s)
✔ [8797/8875] Built LeanCert.Engine.Integrate (6.7s)
✔ [8798/8875] Built LeanCert.Validity.DyadicBounds (4.1s)
✔ [8799/8875] Built LeanCert.Engine.IntervalEvalAffine (6.0s)
✔ [8800/8875] Built LeanCert.Engine.FinSumDyadic (5.5s)
✔ [8801/8875] Built LeanCert.Engine.TaylorModel.Core (9.9s)
✔ [8802/8875] Built LeanCert.Engine.Search.Heuristic (3.3s)
✔ [8803/8875] Built LeanCert.Engine.AD.Transcendental (4.3s)
✔ [8804/8875] Built LeanCert.Engine.RootFinding.Bisection (4.7s)
✔ [8805/8875] Built LeanCert.Engine.Affine.Environment (3.0s)
✔ [8806/8875] Built LeanCert.Engine.WitnessSum (3.4s)
✔ [8807/8875] Built LeanCert.Engine.TaylorModel.Special (2.7s)
✔ [8808/8875] Built LeanCert.Engine.TaylorModel.Integral (3.1s)
✔ [8809/8875] Built LeanCert.Engine.AD.Eval (4.0s)
✔ [8810/8875] Built LeanCert.Engine.TaylorModel.ExpLog (9.3s)
✔ [8811/8875] Built LeanCert.Engine.AD.Correctness (5.3s)
✔ [8812/8875] Built LeanCert.Engine.TaylorModel.Hyperbolic (14s)
✔ [8813/8875] Built LeanCert.Engine.TaylorModel.Trig (11s)
✔ [8814/8875] Built LeanCert.Engine.AD.Computable (3.5s)
✔ [8815/8875] Built LeanCert.Engine.TaylorModel.Functions (2.0s)
✔ [8816/8875] Built LeanCert.Engine.AD.PartialCorrectness (5.9s)
✔ [8817/8875] Built LeanCert.Engine.AD.DomainChecked (2.8s)
✔ [8818/8875] Built LeanCert.Engine.TaylorModel.Expr (3.9s)
✔ [8819/8875] Built LeanCert.Engine.AD.Dyadic (3.4s)
✔ [8820/8875] Built LeanCert.Engine.TaylorModel (1.9s)
✔ [8821/8875] Built LeanCert.Engine.AD (1.5s)
✔ [8822/8875] Built LeanCert.Validity.Bounds.Smart (3.4s)
✔ [8823/8875] Built LeanCert.Meta.ProveSupported (3.8s)
✔ [8824/8875] Built LeanCert.Engine.IntervalEvalRefined (4.9s)
✔ [8825/8875] Built LeanCert.Engine.Optimize (5.8s)
✔ [8826/8875] Built LeanCert.Validity.Bounds.Bridge (3.5s)
✔ [8827/8875] Built LeanCert.Meta.ProveContinuous (4.6s)
✔ [8828/8875] Built LeanCert.Tactic.IntervalAuto.ProveCommon (5.7s)
✔ [8829/8875] Built LeanCert.Validity.Bounds.Basic (3.1s)
✔ [8830/8875] Built LeanCert.Engine.RootFinding.Newton (4.9s)
✔ [8831/8875] Built LeanCert.Engine.Optimization.Gradient (6.3s)
✔ [8832/8875] Built LeanCert.Tactic.IntervalAuto.Basic (2.7s)
✔ [8833/8875] Built LeanCert.Tactic.LeanCert.Bridge.ReifiedFunction (3.1s)
✔ [8834/8875] Built LeanCert.Validity.Integration (6.2s)
✔ [8835/8875] Built LeanCert.Engine.RootFinding.MVTBounds (8.5s)
✔ [8836/8875] Built LeanCert.Engine.RootFinding.Krawczyk (8.1s)
✔ [8837/8875] Built LeanCert.Tactic.LeanCert.Semantic.Prepare (6.0s)
✔ [8838/8875] Built LeanCert.Engine.RootFinding.KrawczykCandidate (5.7s)
✔ [8839/8875] Built LeanCert.Engine.RootFinding.Contraction (7.4s)
✔ [8840/8875] Built LeanCert.Tactic.LeanCert.Integral (9.9s)
✔ [8841/8875] Built LeanCert.Validity.Krawczyk (2.6s)
✔ [8842/8875] Built LeanCert.Engine.RootFinding.Main (3.2s)
✔ [8843/8875] Built LeanCert.Tactic.LeanCert.Solver.Protocol (5.5s)
✔ [8844/8875] Built LeanCert.Tactic.Extension.Execute (6.9s)
✔ [8845/8875] Built LeanCert.Engine.Optimization.Global (22s)
✔ [8846/8875] Built LeanCert.Tactic.LeanCert.Diagnostic.Render (3.3s)
✔ [8847/8875] Built LeanCert.Validity.Types (2.9s)
✔ [8848/8875] Built LeanCert.Tactic.Enclosure (3.2s)
✔ [8849/8875] Built LeanCert.Engine.Optimization.Guided (3.4s)
✔ [8850/8875] Built LeanCert.Engine.Search.CounterExample (3.1s)
✔ [8851/8875] Built LeanCert.Engine.Optimization.BoundVerify (3.6s)
✔ [8852/8875] Built LeanCert.Validity.Bounds (6.7s)
✔ [8853/8875] Built LeanCert.Discovery.Find (3.1s)
✔ [8854/8875] Built LeanCert.Tactic.IntervalAuto.OptBound (3.8s)
✔ [8855/8875] Built LeanCert.Tactic.IntervalAuto.RootBound (3.8s)
✔ [8856/8875] Built LeanCert.Tactic.IntervalAuto.Multivariate (4.3s)
✔ [8857/8875] Built LeanCert.Tactic.IntervalAuto.Bound (12s)
✔ [8858/8875] Built LeanCert.Tactic.IntervalAuto.Subdiv (4.6s)
✔ [8859/8875] Built LeanCert.Tactic.IntervalAuto.Adaptive (5.5s)
✔ [8860/8875] Built LeanCert.Tactic.IntervalAuto.PointIneq (7.6s)
✔ [8861/8875] Built LeanCert.Tactic.IntervalAuto (1.8s)
✔ [8862/8875] Built LeanCert.Tactic.Refute (3.3s)
✔ [8863/8875] Built LeanCert.Tactic.FinSumWitness (4.5s)
✔ [8864/8875] Built LeanCert.Tactic.FinSumBound (3.4s)
✔ [8865/8875] Built LeanCert.Tactic.LeanCert.Semantic.Parse (2.5s)
✔ [8866/8875] Built LeanCert.Tactic.Discovery (10s)
✔ [8867/8875] Built LeanCert.Tactic.Krawczyk (2.6s)
✔ [8868/8875] Built LeanCert.Tactic.LeanCert.Router (6.1s)
✔ [8869/8875] Built LeanCert.Tactic.LeanCert (1.0s)
✔ [8870/8875] Built LeanCert.Tactic (1.9s)
ℹ [8871/8875] Built NLA.SF01.Numerical (2.1s)
info: NLA/SF01/Numerical.lean:32:0: 'NLA.SF01.half_positive_certificate' depends on axioms: [propext, Classical.choice, Quot.sound]
info: NLA/SF01/Numerical.lean:34:0: 'NLA.SF01.initial_data_valid' depends on axioms: [propext, Classical.choice, Quot.sound]
✔ [8872/8875] Built NLA.SF01.NewtonData (3.5s)
✔ [8873/8875] Built NLA.SF01.NewtonConclusion (3.6s)
ℹ [8874/8875] Built Solution (3.2s)
info: Solution.lean:16:0: 'NLA.SF01.complex_spectral_radius_semantics' depends on axioms: [propext, Classical.choice, Quot.sound]
info: Solution.lean:18:0: 'NLA.SF01.spectral_radius_strict_bound' depends on axioms: [propext, Classical.choice, Quot.sound]
info: Solution.lean:20:0: 'NLA.SF01.spectral_homotopy_isUnit' depends on axioms: [propext, Classical.choice, Quot.sound]
info: Solution.lean:22:0: 'NLA.SF01.spectralM_positive_weight' depends on axioms: [propext, Classical.choice, Quot.sound]
info: Solution.lean:24:0: 'NLA.SF01.weighted_Z_spectralM' depends on axioms: [propext, Classical.choice, Quot.sound]
info: Solution.lean:26:0: 'NLA.SF01.H_positive_weight' depends on axioms: [propext, Classical.choice, Quot.sound]
info: Solution.lean:28:0: 'NLA.SF01.shift_comparison' depends on axioms: [propext, Classical.choice, Quot.sound]
info: Solution.lean:30:0: 'NLA.SF01.H_shift_structure' depends on axioms: [propext, Classical.choice, Quot.sound]
info: Solution.lean:32:0: 'NLA.SF01.comparison_abs_mulVec' depends on axioms: [propext, Classical.choice, Quot.sound]
info: Solution.lean:34:0: 'NLA.SF01.resolvent_domination' depends on axioms: [propext, Classical.choice, Quot.sound]
info: Solution.lean:36:0: 'NLA.SF01.half_positive_certificate' depends on axioms: [propext, Classical.choice, Quot.sound]
info: Solution.lean:38:0: 'NLA.SF01.ridge_comparison_preserver' depends on axioms: [propext, Classical.choice, Quot.sound]
info: Solution.lean:40:0: 'NLA.SF01.ridge_commutes' depends on axioms: [propext, Classical.choice, Quot.sound]
info: Solution.lean:42:0: 'NLA.SF01.pole_positive_definite' depends on axioms: [propext, Classical.choice, Quot.sound]
info: Solution.lean:44:0: 'NLA.SF01.pole_diagonalization_exists' depends on axioms: [propext, Classical.choice, Quot.sound]
info: Solution.lean:46:0: 'NLA.SF01.pole_residue_normalization' depends on axioms: [propext, Classical.choice, Quot.sound]
info: Solution.lean:48:0: 'NLA.SF01.reciprocal_weights_nonnegative' depends on axioms: [propext, Classical.choice, Quot.sound]
info: Solution.lean:50:0: 'NLA.SF01.reciprocal_blocks_isUnit' depends on axioms: [propext, Classical.choice, Quot.sound]
info: Solution.lean:52:0: 'NLA.SF01.matrix_reciprocal_identity' depends on axioms: [propext, Classical.choice, Quot.sound]
info: Solution.lean:54:0: 'NLA.SF01.newton_data_step' depends on axioms: [propext, Classical.choice, Quot.sound]
info: Solution.lean:56:0: 'NLA.SF01.initial_data_valid' depends on axioms: [propext, Classical.choice, Quot.sound]
info: Solution.lean:58:0: 'NLA.SF01.newton_first' depends on axioms: [propext, Classical.choice, Quot.sound]
info: Solution.lean:60:0: 'NLA.SF01.iterate_ridge_representation' depends on axioms: [propext, Classical.choice, Quot.sound]
info: Solution.lean:62:0: 'NLA.SF01.canonical_newton_preservation' depends on axioms: [propext, Classical.choice, Quot.sound]
Build completed successfully (8875 jobs).
Exporting #[Quot, Quot.mk, Quot.lift, Quot.ind, NLA.SF01.complex_spectral_radius_semantics, NLA.SF01.spectral_radius_strict_bound, NLA.SF01.spectral_homotopy_isUnit, NLA.SF01.spectralM_positive_weight, NLA.SF01.weighted_Z_spectralM, NLA.SF01.H_positive_weight, NLA.SF01.shift_comparison, NLA.SF01.H_shift_structure, NLA.SF01.comparison_abs_mulVec, NLA.SF01.resolvent_domination, NLA.SF01.half_positive_certificate, NLA.SF01.ridge_comparison_preserver, NLA.SF01.ridge_commutes, NLA.SF01.pole_positive_definite, NLA.SF01.pole_diagonalization_exists, NLA.SF01.pole_residue_normalization, NLA.SF01.reciprocal_weights_nonnegative, NLA.SF01.reciprocal_blocks_isUnit, NLA.SF01.matrix_reciprocal_identity, NLA.SF01.newton_data_step, NLA.SF01.initial_data_valid, NLA.SF01.newton_first, NLA.SF01.iterate_ridge_representation, NLA.SF01.canonical_newton_preservation, propext, Classical.choice, Quot.sound, Nat.add, Nat.sub, Nat.mul, Nat.pow, Nat.gcd, Nat.div, Nat.mod, Nat.beq, Nat.ble, Nat.land, Nat.lor, Nat.xor, Nat.shiftLeft, Nat.shiftRight, String.ofList, Char.ofNat, List, eagerReduce, Nat, String, String.mk, Char, optParam, autoParam, semiOutParam, outParam] from Solution
Running Lean default kernel on solution.
Lean default kernel accepts the solution
Your solution is okay!

EXIT_STATUS=0
