NLA/SF01/PoleResidues.lean:23:22: warning: This simp argument is unused:
  Matrix.diagonal_apply

Hint: Omit it from the simp argument list.
  [apply] simp [poleMatrix, hi, poleOffsets, poleVector, mul_assoc]

Note: This linter can be disabled with `set_option linter.unusedSimpArgs false`
NLA/SF01/PoleResidues.lean:23:49: warning: This simp argument is unused:
  poleOffsets

Hint: Omit it from the simp argument list.
  [apply] simp [poleMatrix, Matrix.diagonal_apply, hi, poleVector, mul_assoc]

Note: This linter can be disabled with `set_option linter.unusedSimpArgs false`
NLA/SF01/PoleResidues.lean:34:26: warning: this tactic is never executed

Note: This linter can be disabled with `set_option linter.unreachableTactic false`
NLA/SF01/PoleResidues.lean:34:26: warning: Unused tactic linter: `ring` does nothing

Note: This linter can be disabled with `set_option linter.unusedTactic false`
NLA/SF01/PoleResidues.lean:41:22: warning: this tactic is never executed

Note: This linter can be disabled with `set_option linter.unreachableTactic false`
NLA/SF01/PoleResidues.lean:41:22: warning: Unused tactic linter: `ring` does nothing

Note: This linter can be disabled with `set_option linter.unusedTactic false`
NLA/SF01/PoleResidues.lean:99:53: warning: this tactic is never executed

Note: This linter can be disabled with `set_option linter.unreachableTactic false`
NLA/SF01/PoleResidues.lean:102:34: warning: this tactic is never executed

Note: This linter can be disabled with `set_option linter.unreachableTactic false`
NLA/SF01/PoleResidues.lean:99:53: warning: Unused tactic linter: `ring` does nothing

Note: This linter can be disabled with `set_option linter.unusedTactic false`
NLA/SF01/PoleResidues.lean:102:34: warning: Unused tactic linter: `ring` does nothing

Note: This linter can be disabled with `set_option linter.unusedTactic false`
