$ systemd-run --user --quiet --wait --pipe --collect -p 'RestrictAddressFamilies=~AF_UNIX' --working-directory /home/runner/work/_temp/nla-lean-tools/.verification-tmp/nla-fresh-proof-4xfegirv/project /usr/bin/env -i PATH=/home/runner/.elan/toolchains/leanprover--lean4---v4.33.1/bin:/home/runner/.elan/bin:/home/runner/go/bin:/opt/hostedtoolcache/go/1.27.1/x64/bin:/snap/bin:/home/runner/.local/bin:/opt/pipx_bin:/home/runner/.cargo/bin:/home/runner/.config/composer/vendor/bin:/usr/local/.ghcup/bin:/home/runner/.dotnet/tools:/usr/local/sbin:/usr/local/bin:/usr/sbin:/usr/bin:/sbin:/bin:/usr/games:/usr/local/games:/snap/bin HOME=/home/runner LANG=C.UTF-8 XDG_RUNTIME_DIR=/run/user/1001 DBUS_SESSION_BUS_ADDRESS=unix:path=/run/user/1001/bus GIT_TERMINAL_PROMPT=0 GIT_CONFIG_NOSYSTEM=1 GIT_CONFIG_GLOBAL=/dev/null COMPARATOR_BIN=/home/runner/work/_temp/nla-lean-tools/.tools/comparator/.lake/build/bin/comparator COMPARATOR_LEAN4EXPORT=/home/runner/work/_temp/nla-lean-tools/.tools/lean4export/.lake/build/bin/lean4export COMPARATOR_LANDRUN=/home/runner/work/_temp/nla-lean-tools/scripts/strict_landrun.py XDG_CACHE_HOME=/home/runner/work/_temp/nla-lean-tools/.tools/cache TMPDIR=/home/runner/work/_temp/nla-lean-tools/.verification-tmp lake env /home/runner/work/_temp/nla-lean-tools/.tools/comparator/.lake/build/bin/comparator comparator.json
Building Challenge
✔ [1626/1628] Built NLA.IE15.Definitions (1.7s)
⚠ [1627/1628] Built Challenge (1.7s)
warning: Challenge.lean:16:8: declaration uses `sorry`
warning: Challenge.lean:20:8: declaration uses `sorry`
warning: Challenge.lean:25:8: declaration uses `sorry`
warning: Challenge.lean:30:8: declaration uses `sorry`
warning: Challenge.lean:35:8: declaration uses `sorry`
warning: Challenge.lean:40:8: declaration uses `sorry`
warning: Challenge.lean:42:8: declaration uses `sorry`
warning: Challenge.lean:44:8: declaration uses `sorry`
Build completed successfully (1628 jobs).
Exporting #[Quot, Quot.mk, Quot.lift, Quot.ind, NLA.IE15.entryMax_semantics, NLA.IE15.all_entries_bound_three, NLA.IE15.all_entries_bound_four, NLA.IE15.witness_three, NLA.IE15.witness_four, NLA.IE15.greatest_growth_three, NLA.IE15.greatest_growth_four, NLA.IE15.exact_rook_growth, propext, Classical.choice, Quot.sound, Nat.add, Nat.sub, Nat.mul, Nat.pow, Nat.gcd, Nat.div, Nat.mod, Nat.beq, Nat.ble, Nat.land, Nat.lor, Nat.xor, Nat.shiftLeft, Nat.shiftRight, String.ofList, Char.ofNat, List, eagerReduce, Nat, String, String.mk, Char, optParam, autoParam, semiOutParam, outParam] from Challenge
Building Solution
✔ [3389/3404] Built LeanCert.Core.Interval (5.6s)
✔ [3391/3404] Built NLA.IE15.Permutation (6.7s)
✔ [3392/3404] Built NLA.IE15.Basic (6.7s)
✔ [3394/3404] Built NLA.IE15.Coordinates (5.0s)
✔ [3395/3404] Built LeanCert.Core.IntervalRat.Basic (12s)
✔ [3396/3405] Built NLA.IE15.Normalization (8.3s)
✔ [3397/3408] Built LeanCert.Tactic.IntervalAuto.Types (5.5s)
✔ [3399/3419] Built NLA.IE15.Witnesses (18s)
✔ [3430/3446] Built NLA.IE15.Reduction (4.2s)
✔ [3446/3470] Built LeanCert.Tactic.IntervalAuto.Norm (5.1s)
✔ [3450/3472] Built LeanCert.Core.DerivativeIntervals (4.9s)
✔ [3451/3474] Built LeanCert.Core.Expr (6.6s)
✔ [3452/3474] Built LeanCert.Core.TrigReduction (4.2s)
✔ [3453/3474] Built LeanCert.Engine.Eval.Result (4.4s)
✔ [3454/3474] Built LeanCert.Core.Taylor (9.2s)
✔ [3455/3474] Built LeanCert.Core.IntervalRat.LogReduction (7.6s)
✔ [3456/3476] Built LeanCert.Core.IntervalRat.Transcendental (7.4s)
✔ [3457/3483] Built LeanCert.Core.Support (4.7s)
✔ [3459/3483] Built LeanCert.Meta.Numeral (4.7s)
✔ [3460/3483] Built LeanCert.Contrib.Sinc (6.9s)
✔ [3461/3490] Built LeanCert.Meta.ToExpr (9.6s)
✔ [3462/3490] Built LeanCert.Tactic.IntervalAuto.Extract (6.4s)
✔ [3463/3494] Built LeanCert.Core.Dyadic (5.9s)
✔ [3464/3494] Built NLA.IE15.Scalar (61s)
✔ [3465/3494] Built LeanCert.Tactic.Verification (5.1s)
✔ [3466/3495] Built LeanCert.Tactic.LeanCert.Bridge.Environment (3.1s)
✔ [3467/3495] Built LeanCert.Core.IntervalRat.Taylor (24s)
✔ [3468/3495] Built NLA.IE15.FourthScalar (5.2s)
✔ [3469/3495] Built LeanCert.Tactic.IntervalAuto.Parse (6.7s)
✔ [3470/3495] Built LeanCert.Tactic.NumericalRefinement (739ms)
✔ [3471/3495] Built LeanCert.Tactic.LeanCert.Normalize (4.8s)
✔ [3472/3497] Built LeanCert.Core.IntervalReal (3.1s)
✔ [3473/3497] Built LeanCert.Core.IntervalRat.TrigReduced (3.5s)
✔ [3474/3558] Built LeanCert.Tactic.IntervalAuto.Diagnostic (4.1s)
✔ [3522/3596] Built NLA.IE15.NormalizedBounds (5.8s)
✔ [3526/3597] Built LeanCert.Core.IntervalRealEndpoints (5.0s)
✔ [3527/3598] Built LeanCert.Tactic.VecUtil (4.8s)
✔ [3528/3598] Built LeanCert.Core.IntervalDyadic (10s)
✔ [3529/3598] Built LeanCert.Tactic.FinSumExpand (5.4s)
✔ [3530/3602] Built LeanCert.Engine.Affine.Basic (10s)
✔ [3531/3602] Built LeanCert.Tactic.FinsetParse (6.5s)
✔ [3532/3604] Built LeanCert.Engine.Eval.Core (11s)
✔ [3533/3604] Built LeanCert.Tactic.BridgeNative (2.0s)
✔ [3534/3604] Built LeanCert.Core.DyadicCell (6.9s)
✔ [3535/3606] Built LeanCert.Engine.Affine.Nonlinear (7.1s)
✔ [3536/3608] Built LeanCert.Tactic.LeanCert.Semantic.Domain (2.1s)
✔ [3537/3613] Built LeanCert.Validity.Eventual (3.0s)
✔ [3538/3613] Built LeanCert.Core.DyadicFrontier (3.9s)
✔ [3539/3613] Built LeanCert.Engine.Eval.Extended (6.2s)
✔ [3540/3615] Built LeanCert.Tactic.LeanCert.Semantic.Goal (2.7s)
✔ [3541/3617] Built LeanCert.Tactic.VecSimp (2.0s)
✔ [3542/3618] Built LeanCert.Tactic.LeanCert.Semantic.Parse.Comparison (1.9s)
✔ [3543/3618] Built LeanCert.Engine.Bounds.Lemmas (3.4s)
✔ [3544/3620] Built LeanCert.Tactic.Extension.Protocol (3.6s)
✔ [3545/3621] Built LeanCert.Tactic.EventualBound (6.2s)
✔ [3546/3621] Built LeanCert.Tactic.LeanCert.Semantic.Parse.Bound (4.2s)
✔ [3547/3625] Built LeanCert.Tactic.LeanCert.Diagnostic.Evidence (3.0s)
✔ [3549/3626] Built LeanCert.Engine.IntervalEval (2.0s)
✔ [3550/3626] Built LeanCert.Tactic.Extension.Registry (3.0s)
✔ [3551/3626] Built LeanCert.Tactic.LeanCert.Config (2.2s)
✔ [3552/3626] Built LeanCert.Engine.Algebra.QPoly (5.4s)
✔ [3553/3626] Built LeanCert.Engine.Affine.Transcendental (5.6s)
✔ [3554/3626] Built LeanCert.Validity.Bounds.Checked (4.3s)
✔ [3555/3626] Built LeanCert.Validity.Bounds.Core (4.4s)
✔ [3556/3626] Built LeanCert.Engine.IntervalEvalDyadic (8.6s)
✔ [3557/3626] Built LeanCert.Engine.Optimization.Box (4.8s)
✔ [3558/3628] Built LeanCert.Engine.RootFinding.Basic (6.9s)
✔ [3559/3628] Built LeanCert.Engine.AD.Basic (4.3s)
✔ [3560/3628] Built LeanCert.Engine.Integrate (8.9s)
✔ [3561/3628] Built LeanCert.Engine.Algebra.QPolyIntegral (5.9s)
✔ [3562/3628] Built LeanCert.Engine.TaylorModel.Core (12s)
✔ [3563/3628] Built LeanCert.Engine.IntervalEvalAffine (8.6s)
✔ [3564/3628] Built LeanCert.Validity.DyadicBounds (5.1s)
✔ [3565/3628] Built LeanCert.Engine.FinSumDyadic (6.3s)
✔ [3566/3628] Built LeanCert.Engine.TaylorModel.Integral (4.5s)
✔ [3567/3628] Built LeanCert.Engine.TaylorModel.Special (3.9s)
✔ [3568/3628] Built LeanCert.Engine.AD.Transcendental (5.5s)
✔ [3569/3628] Built LeanCert.Engine.RootFinding.Bisection (6.1s)
✔ [3570/3634] Built LeanCert.Engine.Affine.Environment (8.1s)
✔ [3571/3634] Built LeanCert.Engine.TaylorModel.ExpLog (12s)
✔ [3572/3634] Built LeanCert.Engine.WitnessSum (6.2s)
✔ [3574/3641] Built LeanCert.Engine.TaylorModel.Trig (14s)
✔ [3575/3641] Built LeanCert.Engine.AD.Eval (3.9s)
✔ [3576/3641] Built LeanCert.Engine.TaylorModel.Hyperbolic (17s)
✔ [3577/3641] Built LeanCert.Engine.FloatEval (3.1s)
✔ [3578/3641] Built LeanCert.Tactic.Extension.Command (3.1s)
✔ [3579/3641] Built LeanCert.Engine.TaylorModel.Functions (3.2s)
✔ [3580/3641] Built LeanCert.Engine.AD.Correctness (4.7s)
✔ [3581/3641] Built LeanCert.Tactic.Extension (3.0s)
✔ [3582/3641] Built LeanCert.Engine.Search.Heuristic (4.0s)
✔ [3583/3641] Built LeanCert.Engine.AD.Computable (3.0s)
✔ [3584/3641] Built LeanCert.Engine.TaylorModel.Expr (6.0s)
✔ [3585/3641] Built LeanCert.Engine.AD.DomainChecked (3.9s)
✔ [3586/3641] Built LeanCert.Engine.AD.PartialCorrectness (7.4s)
✔ [3587/3641] Built LeanCert.Engine.TaylorModel (2.8s)
✔ [3588/3641] Built LeanCert.Engine.AD.Dyadic (3.5s)
✔ [3589/3641] Built LeanCert.Engine.AD (1.0s)
✔ [3590/3641] Built LeanCert.Validity.Bounds.Smart (4.1s)
✔ [3591/3641] Built LeanCert.Meta.ProveSupported (4.8s)
✔ [3592/3641] Built LeanCert.Engine.IntervalEvalRefined (5.3s)
✔ [3593/3641] Built LeanCert.Engine.Optimize (7.6s)
✔ [3594/3641] Built LeanCert.Validity.Bounds.Bridge (4.5s)
✔ [3595/3641] Built LeanCert.Meta.ProveContinuous (5.7s)
✔ [3596/3641] Built LeanCert.Tactic.IntervalAuto.ProveCommon (6.8s)
✔ [3597/3641] Built LeanCert.Engine.RootFinding.Newton (6.0s)
✔ [3598/3641] Built LeanCert.Validity.Bounds.Basic (4.1s)
✔ [3599/3641] Built LeanCert.Engine.Optimization.Gradient (7.8s)
✔ [3600/3641] Built LeanCert.Tactic.IntervalAuto.Basic (3.7s)
✔ [3601/3641] Built LeanCert.Tactic.LeanCert.Bridge.ReifiedFunction (4.7s)
✔ [3602/3641] Built LeanCert.Validity.Integration (8.2s)
✔ [3603/3641] Built LeanCert.Engine.RootFinding.MVTBounds (9.9s)
✔ [3604/3641] Built LeanCert.Tactic.LeanCert.Semantic.Prepare (8.7s)
✔ [3605/3641] Built LeanCert.Engine.RootFinding.Krawczyk (10s)
✔ [3606/3641] Built LeanCert.Tactic.LeanCert.Integral (12s)
✔ [3607/3641] Built LeanCert.Engine.RootFinding.Contraction (9.2s)
✔ [3608/3641] Built LeanCert.Tactic.Extension.Execute (11s)
✔ [3609/3641] Built LeanCert.Engine.RootFinding.KrawczykCandidate (5.0s)
✔ [3610/3641] Built LeanCert.Validity.Krawczyk (3.6s)
✔ [3611/3641] Built LeanCert.Tactic.LeanCert.Solver.Protocol (7.1s)
✔ [3612/3641] Built LeanCert.Engine.Optimization.Global (27s)
✔ [3613/3641] Built LeanCert.Engine.RootFinding.Main (3.2s)
✔ [3614/3641] Built LeanCert.Tactic.Enclosure (4.0s)
✔ [3615/3641] Built LeanCert.Engine.Optimization.Guided (3.6s)
✔ [3616/3641] Built LeanCert.Tactic.LeanCert.Diagnostic.Render (4.6s)
✔ [3617/3641] Built LeanCert.Validity.Types (3.7s)
✔ [3618/3641] Built LeanCert.Engine.Search.CounterExample (3.1s)
✔ [3619/3641] Built LeanCert.Engine.Optimization.BoundVerify (3.7s)
✔ [3620/3641] Built LeanCert.Validity.Bounds (5.4s)
✔ [3621/3641] Built LeanCert.Discovery.Find (3.9s)
✔ [3622/3641] Built LeanCert.Tactic.IntervalAuto.OptBound (4.7s)
✔ [3623/3641] Built LeanCert.Tactic.IntervalAuto.Multivariate (6.5s)
✔ [3624/3641] Built LeanCert.Tactic.IntervalAuto.RootBound (3.8s)
✔ [3625/3641] Built LeanCert.Tactic.IntervalAuto.Bound (15s)
✔ [3626/3641] Built LeanCert.Tactic.IntervalAuto.Subdiv (4.1s)
✔ [3627/3641] Built LeanCert.Tactic.IntervalAuto.Adaptive (7.2s)
✔ [3628/3641] Built LeanCert.Tactic.IntervalAuto.PointIneq (9.0s)
✔ [3629/3641] Built LeanCert.Tactic.IntervalAuto (2.5s)
✔ [3630/3641] Built LeanCert.Tactic.Refute (4.1s)
✔ [3631/3641] Built LeanCert.Tactic.FinSumWitness (5.7s)
✔ [3632/3641] Built LeanCert.Tactic.FinSumBound (4.3s)
✔ [3633/3641] Built LeanCert.Tactic.Discovery (12s)
✔ [3634/3641] Built LeanCert.Tactic.LeanCert.Semantic.Parse (3.1s)
✔ [3635/3641] Built LeanCert.Tactic.Krawczyk (3.3s)
✔ [3636/3641] Built LeanCert.Tactic.LeanCert.Router (7.5s)
✔ [3637/3641] Built LeanCert.Tactic.LeanCert (2.6s)
✔ [3638/3641] Built LeanCert.Tactic (2.6s)
ℹ [3639/3641] Built NLA.IE15.Proof (2.9s)
info: NLA/IE15/Proof.lean:97:0: 'NLA.IE15.four_le_fourteen_thirds' depends on axioms: [propext, Classical.choice, Quot.sound]
info: NLA/IE15/Proof.lean:98:0: 'NLA.IE15.entryMax_semantics' depends on axioms: [propext, Classical.choice, Quot.sound]
info: NLA/IE15/Proof.lean:99:0: 'NLA.IE15.all_entries_bound_three' depends on axioms: [propext, Classical.choice, Quot.sound]
info: NLA/IE15/Proof.lean:100:0: 'NLA.IE15.all_entries_bound_four' depends on axioms: [propext, Classical.choice, Quot.sound]
info: NLA/IE15/Proof.lean:101:0: 'NLA.IE15.witness_three' depends on axioms: [propext, Classical.choice, Quot.sound]
info: NLA/IE15/Proof.lean:102:0: 'NLA.IE15.witness_four' depends on axioms: [propext, Classical.choice, Quot.sound]
info: NLA/IE15/Proof.lean:103:0: 'NLA.IE15.greatest_growth_three' depends on axioms: [propext, Classical.choice, Quot.sound]
info: NLA/IE15/Proof.lean:104:0: 'NLA.IE15.greatest_growth_four' depends on axioms: [propext, Classical.choice, Quot.sound]
info: NLA/IE15/Proof.lean:105:0: 'NLA.IE15.exact_rook_growth' depends on axioms: [propext, Classical.choice, Quot.sound]
✔ [3640/3641] Built Solution (2.6s)
Build completed successfully (3641 jobs).
Exporting #[Quot, Quot.mk, Quot.lift, Quot.ind, NLA.IE15.entryMax_semantics, NLA.IE15.all_entries_bound_three, NLA.IE15.all_entries_bound_four, NLA.IE15.witness_three, NLA.IE15.witness_four, NLA.IE15.greatest_growth_three, NLA.IE15.greatest_growth_four, NLA.IE15.exact_rook_growth, propext, Classical.choice, Quot.sound, Nat.add, Nat.sub, Nat.mul, Nat.pow, Nat.gcd, Nat.div, Nat.mod, Nat.beq, Nat.ble, Nat.land, Nat.lor, Nat.xor, Nat.shiftLeft, Nat.shiftRight, String.ofList, Char.ofNat, List, eagerReduce, Nat, String, String.mk, Char, optParam, autoParam, semiOutParam, outParam] from Solution
Running Lean default kernel on solution.
Lean default kernel accepts the solution
Your solution is okay!

EXIT_STATUS=0
