NLA/SF01/BlockLiftAlgebra.lean:97:38: warning: This simp argument is unused:
  Ne.symm hij

Hint: Omit it from the simp argument list.
  [apply] simp [scalarLift, Matrix.mul_apply, Matrix.one_apply, Matrix.kronecker, Matrix.kroneckerMap_apply, hij,
    mul_ite, ite_mul]

Note: This linter can be disabled with `set_option linter.unusedSimpArgs false`
NLA/SF01/BlockLiftAlgebra.lean:108:51: warning: This simp argument is unused:
  mul_assoc

Hint: Omit it from the simp argument list.
  [apply] simp [matrixLift, scalarLift, Matrix.mul_apply, Matrix.kronecker, Matrix.kroneckerMap_apply, Matrix.one_apply,
    Fintype.sum_prod_type, Matrix.mulVec, dotProduct, mul_ite, ite_mul]

Note: This linter can be disabled with `set_option linter.unusedSimpArgs false`
NLA/SF01/BlockLiftAlgebra.lean:111:11: warning: This simp argument is unused:
  Ne.symm hij

Hint: Omit it from the simp argument list.
  [apply] simp [matrixLift, scalarLift, Matrix.mul_apply, Matrix.kronecker, Matrix.kroneckerMap_apply, Matrix.one_apply,
    Fintype.sum_prod_type, hij, mul_ite, ite_mul]

Note: This linter can be disabled with `set_option linter.unusedSimpArgs false`
NLA/SF01/BlockLiftAlgebra.lean:129:35: warning: This simp argument is unused:
  ite_mul

Hint: Omit it from the simp argument list.
  [apply] simp [Matrix.one_apply, mul_ite, pow_two, mul_assoc, mul_left_comm, mul_comm]

Note: This linter can be disabled with `set_option linter.unusedSimpArgs false`
NLA/SF01/BlockLiftAlgebra.lean:129:53: warning: This simp argument is unused:
  mul_assoc

Hint: Omit it from the simp argument list.
  [apply] simp [Matrix.one_apply, mul_ite, ite_mul, pow_two, mul_left_comm, mul_comm]

Note: This linter can be disabled with `set_option linter.unusedSimpArgs false`
