$ systemd-run --user --quiet --wait --pipe --collect -p 'RestrictAddressFamilies=~AF_UNIX' --working-directory /home/runner/work/_temp/nla-lean-tools/.verification-tmp/nla-fresh-proof-hgzb7fgo/project /usr/bin/env -i PATH=/home/runner/.elan/toolchains/leanprover--lean4---v4.33.1/bin:/home/runner/.elan/bin:/home/runner/go/bin:/opt/hostedtoolcache/go/1.27.1/x64/bin:/snap/bin:/home/runner/.local/bin:/opt/pipx_bin:/home/runner/.cargo/bin:/home/runner/.config/composer/vendor/bin:/usr/local/.ghcup/bin:/home/runner/.dotnet/tools:/usr/local/sbin:/usr/local/bin:/usr/sbin:/usr/bin:/sbin:/bin:/usr/games:/usr/local/games:/snap/bin HOME=/home/runner LANG=C.UTF-8 XDG_RUNTIME_DIR=/run/user/1001 DBUS_SESSION_BUS_ADDRESS=unix:path=/run/user/1001/bus GIT_TERMINAL_PROMPT=0 GIT_CONFIG_NOSYSTEM=1 GIT_CONFIG_GLOBAL=/dev/null COMPARATOR_BIN=/home/runner/work/_temp/nla-lean-tools/.tools/comparator/.lake/build/bin/comparator COMPARATOR_LEAN4EXPORT=/home/runner/work/_temp/nla-lean-tools/.tools/lean4export/.lake/build/bin/lean4export COMPARATOR_LANDRUN=/home/runner/work/_temp/nla-lean-tools/scripts/strict_landrun.py XDG_CACHE_HOME=/home/runner/work/_temp/nla-lean-tools/.tools/cache TMPDIR=/home/runner/work/_temp/nla-lean-tools/.verification-tmp lake env /home/runner/work/_temp/nla-lean-tools/.tools/comparator/.lake/build/bin/comparator comparator.json
Building Challenge
✔ [2708/2710] Built NLA.SP05.Definitions (1.9s)
⚠ [2709/2710] Built Challenge (1.9s)
warning: Challenge.lean:15:8: declaration uses `sorry`
warning: Challenge.lean:19:8: declaration uses `sorry`
warning: Challenge.lean:26:8: declaration uses `sorry`
warning: Challenge.lean:32:8: declaration uses `sorry`
warning: Challenge.lean:40:8: declaration uses `sorry`
warning: Challenge.lean:46:8: declaration uses `sorry`
Build completed successfully (2710 jobs).
Exporting #[Quot, Quot.mk, Quot.lift, Quot.ind, NLA.SP05.numerical_bound, NLA.SP05.column_vectorization, NLA.SP05.skew_witness, NLA.SP05.positive_minimizer, NLA.SP05.sector_minima, NLA.SP05.canonical_result, propext, Classical.choice, Quot.sound, Nat.add, Nat.sub, Nat.mul, Nat.pow, Nat.gcd, Nat.div, Nat.mod, Nat.beq, Nat.ble, Nat.land, Nat.lor, Nat.xor, Nat.shiftLeft, Nat.shiftRight, String.ofList, Char.ofNat, List, eagerReduce, Nat, String, String.mk, Char, optParam, autoParam, semiOutParam, outParam] from Challenge
Building Solution
✔ [3009/3042] Built LeanCert.Core.Interval (3.9s)
✔ [3010/3042] Built LeanCert.Core.DerivativeIntervals (4.4s)
✔ [3011/3049] Built LeanCert.Contrib.Sinc (6.4s)
✔ [3012/3049] Built LeanCert.Core.Expr (7.4s)
✔ [3013/3053] Built LeanCert.Core.Dyadic (6.2s)
✔ [3014/3053] Built LeanCert.Tactic.Verification (7.2s)
✔ [3015/3053] Built LeanCert.Core.Taylor (11s)
✔ [3016/3054] Built LeanCert.Core.IntervalRat.Basic (12s)
✔ [3017/3054] Built LeanCert.Core.Support (4.7s)
✔ [3018/3054] Built LeanCert.Core.IntervalRat.LogReduction (6.8s)
✔ [3019/3054] Built LeanCert.Tactic.LeanCert.Bridge.Environment (3.5s)
✔ [3020/3054] Built LeanCert.Meta.Numeral (5.1s)
✔ [3021/3054] Built LeanCert.Engine.Eval.Result (3.6s)
✔ [3022/3054] Built LeanCert.Core.TrigReduction (3.7s)
✔ [3023/3054] Built LeanCert.Tactic.NumericalRefinement (867ms)
✔ [3024/3054] Built LeanCert.Core.IntervalRat.Transcendental (5.9s)
✔ [3025/3054] Built LeanCert.Tactic.IntervalAuto.Types (4.9s)
✔ [3026/3076] Built LeanCert.Tactic.IntervalAuto.Extract (3.0s)
✔ [3078/3159] Built LeanCert.Tactic.IntervalAuto.Norm (5.8s)
✔ [3080/3163] Built LeanCert.Tactic.VecUtil (6.2s)
✔ [3081/3163] Built LeanCert.Meta.ToExpr (9.2s)
✔ [3082/3163] Built LeanCert.Tactic.BridgeNative (2.0s)
✔ [3083/3163] Built LeanCert.Tactic.FinsetParse (6.4s)
✔ [3084/3213] Built LeanCert.Tactic.FinSumExpand (5.3s)
✔ [3611/3693] Built LeanCert.Tactic.LeanCert.Normalize (4.5s)
✔ [3612/3697] Built LeanCert.Validity.Eventual (3.0s)
✔ [3613/3700] Built LeanCert.Tactic.LeanCert.Semantic.Domain (2.3s)
✔ [3614/3700] Built LeanCert.Tactic.IntervalAuto.Parse (7.6s)
✔ [3615/3700] Built LeanCert.Tactic.LeanCert.Semantic.Goal (2.5s)
✔ [3616/3700] Built LeanCert.Tactic.VecSimp (2.2s)
✔ [3617/3704] Built LeanCert.Core.IntervalRat.Taylor (25s)
✔ [3618/3704] Built LeanCert.Tactic.LeanCert.Semantic.Parse.Comparison (1.9s)
✔ [3619/3704] Built LeanCert.Tactic.EventualBound (5.0s)
✔ [3620/3705] Built LeanCert.Core.IntervalReal (2.9s)
✔ [3621/3705] Built LeanCert.Tactic.IntervalAuto.Diagnostic (3.7s)
✔ [3622/3705] Built LeanCert.Core.IntervalRat.TrigReduced (3.5s)
✔ [3623/3705] Built LeanCert.Tactic.Extension.Protocol (3.4s)
✔ [3624/3705] Built LeanCert.Tactic.LeanCert.Semantic.Parse.Bound (3.8s)
✔ [3625/3707] Built LeanCert.Core.IntervalRealEndpoints (6.5s)
✔ [3626/3708] Built LeanCert.Engine.Affine.Basic (9.3s)
✔ [3627/3708] Built LeanCert.Tactic.LeanCert.Diagnostic.Evidence (6.4s)
✔ [3628/3708] Built LeanCert.Tactic.LeanCert.Config (2.8s)
✔ [3629/3708] Built LeanCert.Core.IntervalDyadic (10s)
✔ [3630/3712] Built LeanCert.Tactic.Extension.Registry (4.9s)
✔ [3632/3715] Built LeanCert.Engine.Eval.Core (10s)
✔ [3633/3715] Built LeanCert.Core.DyadicCell (7.3s)
✔ [3634/3715] Built LeanCert.Engine.Algebra.QPoly (7.2s)
✔ [3635/3721] Built LeanCert.Engine.Affine.Nonlinear (8.4s)
✔ [3636/3727] Built LeanCert.Core.DyadicFrontier (3.5s)
✔ [3638/3738] Built LeanCert.Engine.FloatEval (3.3s)
✔ [3639/3738] Built LeanCert.Engine.Algebra.QPolyIntegral (4.2s)
✔ [3640/3738] Built LeanCert.Engine.Eval.Extended (4.9s)
✔ [3641/3738] Built LeanCert.Tactic.Extension.Command (2.4s)
✔ [3642/3738] Built LeanCert.Engine.Bounds.Lemmas (2.1s)
✔ [3643/3738] Built LeanCert.Tactic.Extension (1.9s)
✔ [3644/3738] Built LeanCert.Engine.IntervalEval (1.8s)
✔ [3645/3738] Built LeanCert.Validity.Bounds.Checked (3.4s)
✔ [3646/3738] Built LeanCert.Validity.Bounds.Core (3.7s)
✔ [3647/3738] Built LeanCert.Engine.Affine.Transcendental (5.2s)
✔ [3648/3738] Built LeanCert.Engine.Optimization.Box (4.7s)
✔ [3649/3738] Built LeanCert.Engine.IntervalEvalDyadic (8.5s)
✔ [3650/3738] Built LeanCert.Engine.RootFinding.Basic (7.1s)
✔ [3651/3738] Built LeanCert.Engine.AD.Basic (3.0s)
✔ [3652/3738] Built LeanCert.Engine.Integrate (7.9s)
✔ [3653/3738] Built LeanCert.Engine.Search.Heuristic (5.4s)
✔ [3654/3738] Built LeanCert.Engine.IntervalEvalAffine (8.4s)
✔ [3655/3738] Built LeanCert.Engine.FinSumDyadic (7.1s)
✔ [3656/3738] Built LeanCert.Engine.TaylorModel.Core (12s)
✔ [3657/3738] Built LeanCert.Validity.DyadicBounds (4.5s)
✔ [3658/3738] Built LeanCert.Engine.Affine.Environment (4.7s)
✔ [3659/3738] Built LeanCert.Engine.AD.Transcendental (5.8s)
✔ [3660/3738] Built LeanCert.Engine.RootFinding.Bisection (7.4s)
✔ [3661/3738] Built LeanCert.Engine.WitnessSum (4.3s)
✔ [3662/3738] Built LeanCert.Engine.TaylorModel.Special (3.2s)
✔ [3663/3738] Built LeanCert.Engine.TaylorModel.Integral (4.1s)
✔ [3664/3738] Built LeanCert.Engine.AD.Eval (6.1s)
✔ [3665/3738] Built LeanCert.Engine.TaylorModel.ExpLog (9.9s)
✔ [3666/3738] Built LeanCert.Engine.AD.Correctness (5.4s)
✔ [3667/3738] Built LeanCert.Engine.TaylorModel.Hyperbolic (17s)
✔ [3668/3738] Built LeanCert.Engine.TaylorModel.Trig (14s)
✔ [3669/3738] Built LeanCert.Engine.AD.Computable (4.3s)
✔ [3670/3738] Built LeanCert.Engine.TaylorModel.Functions (2.9s)
✔ [3671/3738] Built LeanCert.Engine.AD.PartialCorrectness (6.7s)
✔ [3672/3738] Built LeanCert.Engine.AD.DomainChecked (3.3s)
✔ [3673/3738] Built LeanCert.Engine.TaylorModel.Expr (4.4s)
✔ [3674/3738] Built LeanCert.Engine.AD.Dyadic (4.1s)
✔ [3675/3738] Built LeanCert.Engine.TaylorModel (2.2s)
✔ [3676/3738] Built LeanCert.Engine.AD (1.8s)
✔ [3677/3738] Built LeanCert.Validity.Bounds.Smart (4.1s)
✔ [3678/3738] Built LeanCert.Meta.ProveSupported (5.2s)
✔ [3679/3738] Built LeanCert.Engine.IntervalEvalRefined (5.1s)
✔ [3680/3738] Built LeanCert.Engine.Optimize (7.5s)
✔ [3681/3738] Built LeanCert.Validity.Bounds.Bridge (4.0s)
✔ [3682/3738] Built LeanCert.Meta.ProveContinuous (5.9s)
✔ [3683/3738] Built LeanCert.Tactic.IntervalAuto.ProveCommon (7.0s)
✔ [3684/3738] Built LeanCert.Engine.RootFinding.Newton (6.4s)
✔ [3685/3738] Built LeanCert.Validity.Bounds.Basic (3.8s)
✔ [3686/3738] Built LeanCert.Engine.Optimization.Gradient (7.8s)
✔ [3687/3738] Built LeanCert.Tactic.LeanCert.Bridge.ReifiedFunction (4.2s)
✔ [3688/3738] Built LeanCert.Tactic.IntervalAuto.Basic (4.2s)
✔ [3689/3738] Built LeanCert.Validity.Integration (7.8s)
✔ [3690/3738] Built LeanCert.Engine.RootFinding.MVTBounds (10s)
✔ [3691/3738] Built LeanCert.Tactic.LeanCert.Semantic.Prepare (7.8s)
✔ [3692/3738] Built LeanCert.Engine.RootFinding.Krawczyk (9.4s)
✔ [3693/3738] Built LeanCert.Engine.RootFinding.Contraction (10s)
✔ [3694/3738] Built LeanCert.Tactic.LeanCert.Integral (13s)
✔ [3695/3738] Built LeanCert.Tactic.Extension.Execute (13s)
✔ [3696/3738] Built LeanCert.Engine.RootFinding.KrawczykCandidate (4.6s)
✔ [3697/3738] Built LeanCert.Tactic.LeanCert.Solver.Protocol (7.6s)
✔ [3698/3738] Built LeanCert.Validity.Krawczyk (4.1s)
✔ [3699/3738] Built LeanCert.Engine.RootFinding.Main (3.5s)
✔ [3700/3738] Built LeanCert.Tactic.LeanCert.Diagnostic.Render (3.6s)
✔ [3701/3738] Built LeanCert.Tactic.Enclosure (3.8s)
✔ [3702/3738] Built LeanCert.Engine.Optimization.Global (30s)
✔ [3703/3738] Built LeanCert.Engine.Search.CounterExample (3.7s)
✔ [3704/3738] Built LeanCert.Validity.Types (3.8s)
✔ [3705/3738] Built LeanCert.Engine.Optimization.BoundVerify (4.2s)
✔ [3706/3738] Built LeanCert.Engine.Optimization.Guided (2.0s)
✔ [3707/3738] Built LeanCert.Validity.Bounds (6.9s)
✔ [3708/3738] Built LeanCert.Discovery.Find (3.8s)
✔ [3709/3738] Built LeanCert.Tactic.IntervalAuto.OptBound (4.7s)
✔ [3710/3738] Built LeanCert.Tactic.IntervalAuto.RootBound (4.7s)
✔ [3711/3738] Built LeanCert.Tactic.IntervalAuto.Multivariate (5.3s)
✔ [3712/3738] Built LeanCert.Tactic.IntervalAuto.Bound (15s)
✔ [3713/3738] Built LeanCert.Tactic.IntervalAuto.Subdiv (4.5s)
✔ [3714/3738] Built LeanCert.Tactic.IntervalAuto.Adaptive (7.8s)
✔ [3715/3738] Built LeanCert.Tactic.IntervalAuto.PointIneq (9.1s)
✔ [3716/3738] Built LeanCert.Tactic.IntervalAuto (2.3s)
✔ [3717/3738] Built LeanCert.Tactic.Refute (3.0s)
✔ [3718/3738] Built LeanCert.Tactic.FinSumWitness (5.7s)
✔ [3719/3738] Built LeanCert.Tactic.FinSumBound (4.3s)
✔ [3720/3738] Built LeanCert.Tactic.LeanCert.Semantic.Parse (3.1s)
✔ [3721/3738] Built LeanCert.Tactic.Discovery (13s)
✔ [3722/3738] Built LeanCert.Tactic.Krawczyk (3.3s)
✔ [3723/3738] Built LeanCert.Tactic.LeanCert.Router (7.5s)
✔ [3724/3738] Built LeanCert.Tactic.LeanCert (2.4s)
✔ [3725/3738] Built LeanCert.Tactic (2.4s)
ℹ [3726/3738] Built NLA.SP05.Certificates (2.8s)
info: NLA/SP05/Certificates.lean:17:0: 'NLA.SP05.skew_norm_positive_certificate' depends on axioms: [propext, Classical.choice, Quot.sound]
ℹ [3727/3738] Built NLA.SP05.Complexification (3.9s)
info: NLA/SP05/Complexification.lean:106:0: 'NLA.SP05.complexify_posSemidef' depends on axioms: [propext, Classical.choice, Quot.sound]
info: NLA/SP05/Complexification.lean:107:0: 'NLA.SP05.complexify_posDef' depends on axioms: [propext, Classical.choice, Quot.sound]
info: NLA/SP05/Complexification.lean:108:0: 'NLA.SP05.complexify_inv' depends on axioms: [propext, Classical.choice, Quot.sound]
info: NLA/SP05/Complexification.lean:109:0: 'NLA.SP05.complexify_sqrt' depends on axioms: [propext, Classical.choice, Quot.sound]
info: NLA/SP05/Complexification.lean:110:0: 'NLA.SP05.complexify_abs_I_smul' depends on axioms: [propext, Classical.choice, Quot.sound]
✔ [3728/3738] Built NLA.SP05.Basic (3.8s)
ℹ [3729/3738] Built NLA.SP05.Sylvester (3.7s)
info: NLA/SP05/Sylvester.lean:130:0: 'NLA.SP05.sylvester_posSemidef' depends on axioms: [propext, Classical.choice, Quot.sound]
info: NLA/SP05/Sylvester.lean:131:0: 'NLA.SP05.complex_jordan_injective' depends on axioms: [propext, Classical.choice, Quot.sound]
info: NLA/SP05/Sylvester.lean:132:0: 'NLA.SP05.complex_jordan_preimage_hermitian' depends on axioms: [propext, Classical.choice, Quot.sound]
info: NLA/SP05/Sylvester.lean:133:0: 'NLA.SP05.complex_jordan_solution_posSemidef' depends on axioms: [propext, Classical.choice, Quot.sound]
✔ [3730/3738] Built NLA.SP05.Sectors (3.7s)
ℹ [3731/3738] Built NLA.SP05.Modulus (4.6s)
info: NLA/SP05/Modulus.lean:147:0: 'NLA.SP05.complexMatrixAction_real' depends on axioms: [propext, Classical.choice, Quot.sound]
info: NLA/SP05/Modulus.lean:148:0: 'NLA.SP05.trace_product_posSemidef_nonneg' depends on axioms: [propext, Classical.choice, Quot.sound]
info: NLA/SP05/Modulus.lean:149:0: 'NLA.SP05.hermitian_modulus_pairing_le' depends on axioms: [propext, Classical.choice, Quot.sound]
info: NLA/SP05/Modulus.lean:150:0: 'NLA.SP05.modulus_quadratic_improves' depends on axioms: [propext, Classical.choice, Quot.sound]
✔ [3732/3738] Built NLA.SP05.Spectral (3.7s)
✔ [3733/3738] Built NLA.SP05.Jordan (2.8s)
ℹ [3734/3738] Built NLA.SP05.Cone (2.7s)
info: NLA/SP05/Cone.lean:57:0: 'NLA.SP05.complex_jordan_columnVec' depends on axioms: [propext, Classical.choice, Quot.sound]
info: NLA/SP05/Cone.lean:58:0: 'NLA.SP05.actual_jordan_inverse_equation' depends on axioms: [propext, Classical.choice, Quot.sound]
info: NLA/SP05/Cone.lean:59:0: 'NLA.SP05.actual_jordan_inverse_cone' depends on axioms: [propext, Classical.choice, Quot.sound]
ℹ [3735/3738] Built NLA.SP05.Minimizer (2.7s)
info: NLA/SP05/Minimizer.lean:31:0: 'NLA.SP05.global_positive_minimizer' depends on axioms: [propext, Classical.choice, Quot.sound]
⚠ [3736/3738] Built NLA.SP05.Proof (2.6s)
warning: NLA/SP05/Proof.lean:41:5: Variable name `hA` is not explicitly referenced.

Hint: The binding can be removed (if unused) or named `_` (if used implicitly). Alternatively, prefix the name with `_` to silence this warning:
  [apply] _hA

Note: This linter can be disabled with `set_option linter.unusedVariables false`
warning: NLA/SP05/Proof.lean:41:21: Variable name `hB` is not explicitly referenced.

Hint: The binding can be removed (if unused) or named `_` (if used implicitly). Alternatively, prefix the name with `_` to silence this warning:
  [apply] _hB

Note: This linter can be disabled with `set_option linter.unusedVariables false`
info: NLA/SP05/Proof.lean:53:0: 'NLA.SP05.numerical_bound' depends on axioms: [propext, Classical.choice, Quot.sound]
info: NLA/SP05/Proof.lean:55:0: 'NLA.SP05.column_vectorization' depends on axioms: [propext, Classical.choice, Quot.sound]
info: NLA/SP05/Proof.lean:57:0: 'NLA.SP05.skew_witness' depends on axioms: [propext, Classical.choice, Quot.sound]
info: NLA/SP05/Proof.lean:59:0: 'NLA.SP05.positive_minimizer' depends on axioms: [propext, Classical.choice, Quot.sound]
info: NLA/SP05/Proof.lean:61:0: 'NLA.SP05.sector_minima' depends on axioms: [propext, Classical.choice, Quot.sound]
info: NLA/SP05/Proof.lean:63:0: 'NLA.SP05.canonical_result' depends on axioms: [propext, Classical.choice, Quot.sound]
✔ [3737/3738] Built Solution (2.4s)
Build completed successfully (3738 jobs).
Exporting #[Quot, Quot.mk, Quot.lift, Quot.ind, NLA.SP05.numerical_bound, NLA.SP05.column_vectorization, NLA.SP05.skew_witness, NLA.SP05.positive_minimizer, NLA.SP05.sector_minima, NLA.SP05.canonical_result, propext, Classical.choice, Quot.sound, Nat.add, Nat.sub, Nat.mul, Nat.pow, Nat.gcd, Nat.div, Nat.mod, Nat.beq, Nat.ble, Nat.land, Nat.lor, Nat.xor, Nat.shiftLeft, Nat.shiftRight, String.ofList, Char.ofNat, List, eagerReduce, Nat, String, String.mk, Char, optParam, autoParam, semiOutParam, outParam] from Solution
Running Lean default kernel on solution.
Lean default kernel accepts the solution
Your solution is okay!

EXIT_STATUS=0
