✔ [3631/3639] Built NLA.SP04.Definitions (1.0s)
✔ [3632/3639] Built NLA.SP04.Generic (3.1s)
✔ [3633/3639] Built NLA.SP04.Orthogonal (3.3s)
✔ [3634/3639] Built NLA.SP04.MatrixStationary (3.5s)
⚠ [3635/3639] Built NLA.SP04.Certificates (4.9s)
warning: NLA/SP04/Certificates.lean:19:4: `Set.mem_setOf` has been deprecated: Use `Set.mem_ofPred` instead
info: NLA/SP04/Certificates.lean:25:0: 'NLA.SP04.scalar_numerical_bounds' depends on axioms: [propext, Classical.choice, Quot.sound]
✔ [3636/3639] Built NLA.SP04.ScalarRoots (4.4s)
⚠ [3637/3639] Built NLA.SP04.ScalarPositive (4.8s)
warning: NLA/SP04/ScalarPositive.lean:66:5: Variable name `hc` is not explicitly referenced.

Hint: The binding can be removed (if unused) or named `_` (if used implicitly). Alternatively, prefix the name with `_` to silence this warning:
  [apply] _hc

Note: This linter can be disabled with `set_option linter.unusedVariables false`
⚠ [3638/3639] Built NLA.SP04.Scalar (2.0s)
warning: NLA/SP04/Scalar.lean:154:27: try 'simp' instead of 'simpa'

Note: This linter can be disabled with `set_option linter.unnecessarySimpa false`
info: NLA/SP04/Scalar.lean:201:0: 'NLA.SP04.scalar_least_unique' depends on axioms: [propext, Classical.choice, Quot.sound]
info: NLA/SP04/Scalar.lean:202:0: 'NLA.SP04.selected_parameter_exists' depends on axioms: [propext, Classical.choice, Quot.sound]
info: NLA/SP04/Scalar.lean:203:0: 'NLA.SP04.scalar_distance_improves' depends on axioms: [propext, Classical.choice, Quot.sound]
ℹ [3639/3639] Built NLA.SP04.Diagonal (2.5s)
info: NLA/SP04/Diagonal.lean:50:0: 'NLA.SP04.selected_unique_least' depends on axioms: [propext, Classical.choice, Quot.sound]
info: NLA/SP04/Diagonal.lean:51:0: 'NLA.SP04.diagonal_counterexample_full' depends on axioms: [propext, Classical.choice, Quot.sound]
Build completed successfully (3639 jobs).
