NLA/SF01/ReciprocalBlocks.lean:24:34: warning: This simp argument is unused:
  Matrix.kronecker_apply

Hint: Omit it from the simp argument list.
  [apply] simp [baseBlock, blockFamily, Matrix.diagonal_apply, shifted]

Note: This linter can be disabled with `set_option linter.unusedSimpArgs false`
NLA/SF01/ReciprocalBlocks.lean:24:58: warning: This simp argument is unused:
  Matrix.diagonal_apply

Hint: Omit it from the simp argument list.
  [apply] simp [baseBlock, blockFamily, Matrix.kronecker_apply, shifted]

Note: This linter can be disabled with `set_option linter.unusedSimpArgs false`
NLA/SF01/ReciprocalBlocks.lean:25:34: warning: This simp argument is unused:
  Matrix.kronecker_apply

Hint: Omit it from the simp argument list.
  [apply] simp [baseBlock, blockFamily, Matrix.diagonal_apply, hij]

Note: This linter can be disabled with `set_option linter.unusedSimpArgs false`
NLA/SF01/ReciprocalBlocks.lean:25:58: warning: This simp argument is unused:
  Matrix.diagonal_apply

Hint: Omit it from the simp argument list.
  [apply] simp [baseBlock, blockFamily, Matrix.kronecker_apply, hij]

Note: This linter can be disabled with `set_option linter.unusedSimpArgs false`
NLA/SF01/ReciprocalBlocks.lean:52:25: warning: This simp argument is unused:
  Matrix.kronecker_apply

Hint: Omit it from the simp argument list.
  [apply] simp [blockFamily, Matrix.diagonal_apply, shifted]

Note: This linter can be disabled with `set_option linter.unusedSimpArgs false`
NLA/SF01/ReciprocalBlocks.lean:52:49: warning: This simp argument is unused:
  Matrix.diagonal_apply

Hint: Omit it from the simp argument list.
  [apply] simp [blockFamily, Matrix.kronecker_apply, shifted]

Note: This linter can be disabled with `set_option linter.unusedSimpArgs false`
NLA/SF01/ReciprocalBlocks.lean:53:25: warning: This simp argument is unused:
  Matrix.kronecker_apply

Hint: Omit it from the simp argument list.
  [apply] simp [blockFamily, Matrix.diagonal_apply, hij]

Note: This linter can be disabled with `set_option linter.unusedSimpArgs false`
NLA/SF01/ReciprocalBlocks.lean:53:49: warning: This simp argument is unused:
  Matrix.diagonal_apply

Hint: Omit it from the simp argument list.
  [apply] simp [blockFamily, Matrix.kronecker_apply, hij]

Note: This linter can be disabled with `set_option linter.unusedSimpArgs false`
NLA/SF01/ReciprocalBlocks.lean:90:54: warning: Variable name `hd` is not explicitly referenced.

Hint: The binding can be removed (if unused) or named `_` (if used implicitly). Alternatively, prefix the name with `_` to silence this warning:
  [apply] _hd

Note: This linter can be disabled with `set_option linter.unusedVariables false`
