NLA/SP15/JacobianCertificate.lean:22:82: error: unsolved goals
case «0»
⊢ ![1, 2, 3, 4, 4, 4, 1, 1, 1, 1] 3 * (2 * ![1, 2, 3, 4, 4, 4, 1, 1, 1, 1] 4) *
              (![1, 2, 3, 4, 4, 4, 1, 1, 1, 1] 2 * ![1, 2, 3, 4, 4, 4, 1, 1, 1, 1] 5) -
            (![1, 2, 3, 4, 4, 4, 1, 1, 1, 1] 8 ^ 2 + ![1, 2, 3, 4, 4, 4, 1, 1, 1, 1] 9 ^ 2) * 2 *
                ![1, 2, 3, 4, 4, 4, 1, 1, 1, 1] 2 *
              ![1, 2, 3, 4, 4, 4, 1, 1, 1, 1] 3 -
          ![1, 2, 3, 4, 4, 4, 1, 1, 1, 1] 7 ^ 2 * ![1, 2, 3, 4, 4, 4, 1, 1, 1, 1] 2 *
            (2 * ![1, 2, 3, 4, 4, 4, 1, 1, 1, 1] 4) -
        ![1, 2, 3, 4, 4, 4, 1, 1, 1, 1] 6 ^ 2 * 2 *
          (![1, 2, 3, 4, 4, 4, 1, 1, 1, 1] 2 * ![1, 2, 3, 4, 4, 4, 1, 1, 1, 1] 5) +
      2 * ![1, 2, 3, 4, 4, 4, 1, 1, 1, 1] 6 * ![1, 2, 3, 4, 4, 4, 1, 1, 1, 1] 7 * ![1, 2, 3, 4, 4, 4, 1, 1, 1, 1] 8 *
          2 *
        ![1, 2, 3, 4, 4, 4, 1, 1, 1, 1] 2 =
    300

case «1»
⊢ ![1, 2, 3, 4, 4, 4, 1, 1, 1, 1] 3 * (2 * ![1, 2, 3, 4, 4, 4, 1, 1, 1, 1] 4) +
              ![1, 2, 3, 4, 4, 4, 1, 1, 1, 1] 3 *
                (![1, 2, 3, 4, 4, 4, 1, 1, 1, 1] 2 * ![1, 2, 3, 4, 4, 4, 1, 1, 1, 1] 5) +
            2 * ![1, 2, 3, 4, 4, 4, 1, 1, 1, 1] 4 *
              (![1, 2, 3, 4, 4, 4, 1, 1, 1, 1] 2 * ![1, 2, 3, 4, 4, 4, 1, 1, 1, 1] 5) -
          (![1, 2, 3, 4, 4, 4, 1, 1, 1, 1] 8 ^ 2 + ![1, 2, 3, 4, 4, 4, 1, 1, 1, 1] 9 ^ 2) * 2 *
            ![1, 2, 3, 4, 4, 4, 1, 1, 1, 1] 2 -
        ![1, 2, 3, 4, 4, 4, 1, 1, 1, 1] 7 ^ 2 * ![1, 2, 3, 4, 4, 4, 1, 1, 1, 1] 2 -
      ![1, 2, 3, 4, 4, 4, 1, 1, 1, 1] 6 ^ 2 * 2 =
    159

case «2»
⊢ (1 + ![1, 2, 3, 4, 4, 4, 1, 1, 1, 1] 3) * (2 * ![1, 2, 3, 4, 4, 4, 1, 1, 1, 1] 4) *
                  (![1, 2, 3, 4, 4, 4, 1, 1, 1, 1] 2 * ![1, 2, 3, 4, 4, 4, 1, 1, 1, 1] 5) +
                ![1, 2, 3, 4, 4, 4, 1, 1, 1, 1] 3 * (2 + ![1, 2, 3, 4, 4, 4, 1, 1, 1, 1] 4) *
                  (![1, 2, 3, 4, 4, 4, 1, 1, 1, 1] 2 * ![1, 2, 3, 4, 4, 4, 1, 1, 1, 1] 5) +
              ![1, 2, 3, 4, 4, 4, 1, 1, 1, 1] 3 * (2 * ![1, 2, 3, 4, 4, 4, 1, 1, 1, 1] 4) *
                (![1, 2, 3, 4, 4, 4, 1, 1, 1, 1] 2 + ![1, 2, 3, 4, 4, 4, 1, 1, 1, 1] 5) -
            (![1, 2, 3, 4, 4, 4, 1, 1, 1, 1] 8 ^ 2 + ![1, 2, 3, 4, 4, 4, 1, 1, 1, 1] 9 ^ 2) *
              (2 * ![1, 2, 3, 4, 4, 4, 1, 1, 1, 1] 2 * (1 + ![1, 2, 3, 4, 4, 4, 1, 1, 1, 1] 3) +
                (2 + ![1, 2, 3, 4, 4, 4, 1, 1, 1, 1] 2) * ![1, 2, 3, 4, 4, 4, 1, 1, 1, 1] 3) -
          ![1, 2, 3, 4, 4, 4, 1, 1, 1, 1] 7 ^ 2 *
            (![1, 2, 3, 4, 4, 4, 1, 1, 1, 1] 2 * (2 + ![1, 2, 3, 4, 4, 4, 1, 1, 1, 1] 4) +
              (1 + ![1, 2, 3, 4, 4, 4, 1, 1, 1, 1] 2) * (2 * ![1, 2, 3, 4, 4, 4, 1, 1, 1, 1] 4)) -
        ![1, 2, 3, 4, 4, 4, 1, 1, 1, 1] 6 ^ 2 *
          (2 * (![1, 2, 3, 4, 4, 4, 1, 1, 1, 1] 2 + ![1, 2, 3, 4, 4, 4, 1, 1, 1, 1] 5) +
            3 * (![1, 2, 3, 4, 4, 4, 1, 1, 1, 1] 2 * ![1, 2, 3, 4, 4, 4, 1, 1, 1, 1] 5)) +
      2 * ![1, 2, 3, 4, 4, 4, 1, 1, 1, 1] 6 * ![1, 2, 3, 4, 4, 4, 1, 1, 1, 1] 7 * ![1, 2, 3, 4, 4, 4, 1, 1, 1, 1] 8 *
        (2 + ![1, 2, 3, 4, 4, 4, 1, 1, 1, 1] 2 + 2 * ![1, 2, 3, 4, 4, 4, 1, 1, 1, 1] 2) =
    814

case «3»
⊢ ![1, 2, 3, 4, 4, 4, 1, 1, 1, 1] 3 + 2 * ![1, 2, 3, 4, 4, 4, 1, 1, 1, 1] 4 +
      ![1, 2, 3, 4, 4, 4, 1, 1, 1, 1] 2 * ![1, 2, 3, 4, 4, 4, 1, 1, 1, 1] 5 =
    24

case «4»
⊢ (1 + ![1, 2, 3, 4, 4, 4, 1, 1, 1, 1] 3) * (2 * ![1, 2, 3, 4, 4, 4, 1, 1, 1, 1] 4) +
                    ![1, 2, 3, 4, 4, 4, 1, 1, 1, 1] 3 * (2 + ![1, 2, 3, 4, 4, 4, 1, 1, 1, 1] 4) +
                  (1 + ![1, 2, 3, 4, 4, 4, 1, 1, 1, 1] 3) *
                    (![1, 2, 3, 4, 4, 4, 1, 1, 1, 1] 2 * ![1, 2, 3, 4, 4, 4, 1, 1, 1, 1] 5) +
                ![1, 2, 3, 4, 4, 4, 1, 1, 1, 1] 3 *
                  (![1, 2, 3, 4, 4, 4, 1, 1, 1, 1] 2 + ![1, 2, 3, 4, 4, 4, 1, 1, 1, 1] 5) +
              (2 + ![1, 2, 3, 4, 4, 4, 1, 1, 1, 1] 4) *
                (![1, 2, 3, 4, 4, 4, 1, 1, 1, 1] 2 * ![1, 2, 3, 4, 4, 4, 1, 1, 1, 1] 5) +
            2 * ![1, 2, 3, 4, 4, 4, 1, 1, 1, 1] 4 *
              (![1, 2, 3, 4, 4, 4, 1, 1, 1, 1] 2 + ![1, 2, 3, 4, 4, 4, 1, 1, 1, 1] 5) -
          (![1, 2, 3, 4, 4, 4, 1, 1, 1, 1] 8 ^ 2 + ![1, 2, 3, 4, 4, 4, 1, 1, 1, 1] 9 ^ 2) *
            (2 + ![1, 2, 3, 4, 4, 4, 1, 1, 1, 1] 2) -
        ![1, 2, 3, 4, 4, 4, 1, 1, 1, 1] 7 ^ 2 * (1 + ![1, 2, 3, 4, 4, 4, 1, 1, 1, 1] 2) -
      ![1, 2, 3, 4, 4, 4, 1, 1, 1, 1] 6 ^ 2 * 3 =
    263

case «5»
⊢ (1 + ![1, 2, 3, 4, 4, 4, 1, 1, 1, 1] 3) * (2 + ![1, 2, 3, 4, 4, 4, 1, 1, 1, 1] 4) *
                  (![1, 2, 3, 4, 4, 4, 1, 1, 1, 1] 2 * ![1, 2, 3, 4, 4, 4, 1, 1, 1, 1] 5) +
                (1 + ![1, 2, 3, 4, 4, 4, 1, 1, 1, 1] 3) * (2 * ![1, 2, 3, 4, 4, 4, 1, 1, 1, 1] 4) *
                  (![1, 2, 3, 4, 4, 4, 1, 1, 1, 1] 2 + ![1, 2, 3, 4, 4, 4, 1, 1, 1, 1] 5) +
              ![1, 2, 3, 4, 4, 4, 1, 1, 1, 1] 3 * (2 + ![1, 2, 3, 4, 4, 4, 1, 1, 1, 1] 4) *
                (![1, 2, 3, 4, 4, 4, 1, 1, 1, 1] 2 + ![1, 2, 3, 4, 4, 4, 1, 1, 1, 1] 5) -
            (![1, 2, 3, 4, 4, 4, 1, 1, 1, 1] 8 ^ 2 + ![1, 2, 3, 4, 4, 4, 1, 1, 1, 1] 9 ^ 2) *
              ((2 + ![1, 2, 3, 4, 4, 4, 1, 1, 1, 1] 2) * (1 + ![1, 2, 3, 4, 4, 4, 1, 1, 1, 1] 3) +
                ![1, 2, 3, 4, 4, 4, 1, 1, 1, 1] 3) -
          ![1, 2, 3, 4, 4, 4, 1, 1, 1, 1] 7 ^ 2 *
            ((1 + ![1, 2, 3, 4, 4, 4, 1, 1, 1, 1] 2) * (2 + ![1, 2, 3, 4, 4, 4, 1, 1, 1, 1] 4) +
              2 * ![1, 2, 3, 4, 4, 4, 1, 1, 1, 1] 4) -
        ![1, 2, 3, 4, 4, 4, 1, 1, 1, 1] 6 ^ 2 *
          (3 * (![1, 2, 3, 4, 4, 4, 1, 1, 1, 1] 2 + ![1, 2, 3, 4, 4, 4, 1, 1, 1, 1] 5) +
            ![1, 2, 3, 4, 4, 4, 1, 1, 1, 1] 2 * ![1, 2, 3, 4, 4, 4, 1, 1, 1, 1] 5) +
      2 * ![1, 2, 3, 4, 4, 4, 1, 1, 1, 1] 6 * ![1, 2, 3, 4, 4, 4, 1, 1, 1, 1] 7 * ![1, 2, 3, 4, 4, 4, 1, 1, 1, 1] 8 *
        (3 + ![1, 2, 3, 4, 4, 4, 1, 1, 1, 1] 2) =
    697

case «6»
⊢ 1 + ![1, 2, 3, 4, 4, 4, 1, 1, 1, 1] 3 + (2 + ![1, 2, 3, 4, 4, 4, 1, 1, 1, 1] 4) +
      (![1, 2, 3, 4, 4, 4, 1, 1, 1, 1] 2 + ![1, 2, 3, 4, 4, 4, 1, 1, 1, 1] 5) =
    18

case «7»
⊢ (1 + ![1, 2, 3, 4, 4, 4, 1, 1, 1, 1] 3) * (2 + ![1, 2, 3, 4, 4, 4, 1, 1, 1, 1] 4) +
              (1 + ![1, 2, 3, 4, 4, 4, 1, 1, 1, 1] 3) *
                (![1, 2, 3, 4, 4, 4, 1, 1, 1, 1] 2 + ![1, 2, 3, 4, 4, 4, 1, 1, 1, 1] 5) +
            (2 + ![1, 2, 3, 4, 4, 4, 1, 1, 1, 1] 4) *
              (![1, 2, 3, 4, 4, 4, 1, 1, 1, 1] 2 + ![1, 2, 3, 4, 4, 4, 1, 1, 1, 1] 5) -
          (![1, 2, 3, 4, 4, 4, 1, 1, 1, 1] 8 ^ 2 + ![1, 2, 3, 4, 4, 4, 1, 1, 1, 1] 9 ^ 2) -
        ![1, 2, 3, 4, 4, 4, 1, 1, 1, 1] 7 ^ 2 -
      ![1, 2, 3, 4, 4, 4, 1, 1, 1, 1] 6 ^ 2 =
    103

case «8»
⊢ (1 + ![1, 2, 3, 4, 4, 4, 1, 1, 1, 1] 3) * (2 + ![1, 2, 3, 4, 4, 4, 1, 1, 1, 1] 4) *
              (![1, 2, 3, 4, 4, 4, 1, 1, 1, 1] 2 + ![1, 2, 3, 4, 4, 4, 1, 1, 1, 1] 5) -
            (![1, 2, 3, 4, 4, 4, 1, 1, 1, 1] 8 ^ 2 + ![1, 2, 3, 4, 4, 4, 1, 1, 1, 1] 9 ^ 2) *
              (1 + ![1, 2, 3, 4, 4, 4, 1, 1, 1, 1] 3) -
          ![1, 2, 3, 4, 4, 4, 1, 1, 1, 1] 7 ^ 2 * (2 + ![1, 2, 3, 4, 4, 4, 1, 1, 1, 1] 4) -
        ![1, 2, 3, 4, 4, 4, 1, 1, 1, 1] 6 ^ 2 *
          (![1, 2, 3, 4, 4, 4, 1, 1, 1, 1] 2 + ![1, 2, 3, 4, 4, 4, 1, 1, 1, 1] 5) +
      2 * ![1, 2, 3, 4, 4, 4, 1, 1, 1, 1] 6 * ![1, 2, 3, 4, 4, 4, 1, 1, 1, 1] 7 * ![1, 2, 3, 4, 4, 4, 1, 1, 1, 1] 8 =
    189
NLA/SP15/JacobianCertificate.lean:26:0: error: (deterministic) timeout at `whnf`, maximum number of heartbeats (200000) has been reached

Note: Use `set_option maxHeartbeats <num>` to set the limit.

Hint: Additional diagnostic information may be available using the `set_option diagnostics true` command.
NLA/SP15/JacobianCertificate.lean:43:36: error: No goals to be solved
NLA/SP15/JacobianCertificate.lean:43:36: error: No goals to be solved
NLA/SP15/JacobianCertificate.lean:43:36: error: No goals to be solved
NLA/SP15/JacobianCertificate.lean:43:36: error: No goals to be solved
NLA/SP15/JacobianCertificate.lean:43:36: error: No goals to be solved
NLA/SP15/JacobianCertificate.lean:43:36: error: No goals to be solved
NLA/SP15/JacobianCertificate.lean:43:36: error: No goals to be solved
NLA/SP15/JacobianCertificate.lean:43:36: error: No goals to be solved
NLA/SP15/JacobianCertificate.lean:43:36: error: No goals to be solved
NLA/SP15/JacobianCertificate.lean:43:36: error: No goals to be solved
NLA/SP15/JacobianCertificate.lean:43:36: error: No goals to be solved
NLA/SP15/JacobianCertificate.lean:43:36: error: No goals to be solved
NLA/SP15/JacobianCertificate.lean:43:36: error: No goals to be solved
NLA/SP15/JacobianCertificate.lean:43:36: error: No goals to be solved
NLA/SP15/JacobianCertificate.lean:43:36: error: No goals to be solved
NLA/SP15/JacobianCertificate.lean:43:36: error: No goals to be solved
NLA/SP15/JacobianCertificate.lean:43:36: error: No goals to be solved
NLA/SP15/JacobianCertificate.lean:43:36: error: No goals to be solved
NLA/SP15/JacobianCertificate.lean:43:36: error: No goals to be solved
NLA/SP15/JacobianCertificate.lean:43:36: error: No goals to be solved
NLA/SP15/JacobianCertificate.lean:43:36: error: No goals to be solved
NLA/SP15/JacobianCertificate.lean:43:36: error: No goals to be solved
NLA/SP15/JacobianCertificate.lean:43:36: error: No goals to be solved
NLA/SP15/JacobianCertificate.lean:43:36: error: No goals to be solved
NLA/SP15/JacobianCertificate.lean:43:36: error: No goals to be solved
NLA/SP15/JacobianCertificate.lean:43:36: error: No goals to be solved
NLA/SP15/JacobianCertificate.lean:43:36: error: No goals to be solved
NLA/SP15/JacobianCertificate.lean:43:36: error: No goals to be solved
NLA/SP15/JacobianCertificate.lean:43:36: error: No goals to be solved
NLA/SP15/JacobianCertificate.lean:43:36: error: No goals to be solved
NLA/SP15/JacobianCertificate.lean:43:36: error: No goals to be solved
NLA/SP15/JacobianCertificate.lean:43:36: error: No goals to be solved
NLA/SP15/JacobianCertificate.lean:43:36: error: No goals to be solved
NLA/SP15/JacobianCertificate.lean:43:36: error: No goals to be solved
NLA/SP15/JacobianCertificate.lean:43:36: error: No goals to be solved
NLA/SP15/JacobianCertificate.lean:43:36: error: No goals to be solved
NLA/SP15/JacobianCertificate.lean:43:36: error: No goals to be solved
NLA/SP15/JacobianCertificate.lean:43:36: error: No goals to be solved
NLA/SP15/JacobianCertificate.lean:43:36: error: No goals to be solved
NLA/SP15/JacobianCertificate.lean:43:36: error: No goals to be solved
NLA/SP15/JacobianCertificate.lean:43:36: error: No goals to be solved
NLA/SP15/JacobianCertificate.lean:43:36: error: No goals to be solved
NLA/SP15/JacobianCertificate.lean:43:36: error: No goals to be solved
NLA/SP15/JacobianCertificate.lean:43:36: error: No goals to be solved
NLA/SP15/JacobianCertificate.lean:43:36: error: No goals to be solved
NLA/SP15/JacobianCertificate.lean:47:36: error: No goals to be solved
NLA/SP15/JacobianCertificate.lean:47:36: error: No goals to be solved
NLA/SP15/JacobianCertificate.lean:47:36: error: No goals to be solved
NLA/SP15/JacobianCertificate.lean:47:36: error: No goals to be solved
NLA/SP15/JacobianCertificate.lean:47:36: error: No goals to be solved
NLA/SP15/JacobianCertificate.lean:47:36: error: No goals to be solved
NLA/SP15/JacobianCertificate.lean:47:36: error: No goals to be solved
NLA/SP15/JacobianCertificate.lean:47:36: error: No goals to be solved
NLA/SP15/JacobianCertificate.lean:47:36: error: No goals to be solved
NLA/SP15/JacobianCertificate.lean:47:36: error: No goals to be solved
NLA/SP15/JacobianCertificate.lean:47:36: error: No goals to be solved
NLA/SP15/JacobianCertificate.lean:47:36: error: No goals to be solved
NLA/SP15/JacobianCertificate.lean:47:36: error: No goals to be solved
NLA/SP15/JacobianCertificate.lean:47:36: error: No goals to be solved
NLA/SP15/JacobianCertificate.lean:47:36: error: No goals to be solved
NLA/SP15/JacobianCertificate.lean:47:36: error: No goals to be solved
NLA/SP15/JacobianCertificate.lean:47:36: error: No goals to be solved
NLA/SP15/JacobianCertificate.lean:47:36: error: No goals to be solved
NLA/SP15/JacobianCertificate.lean:47:36: error: No goals to be solved
NLA/SP15/JacobianCertificate.lean:47:36: error: No goals to be solved
NLA/SP15/JacobianCertificate.lean:47:36: error: No goals to be solved
NLA/SP15/JacobianCertificate.lean:47:36: error: No goals to be solved
NLA/SP15/JacobianCertificate.lean:47:36: error: No goals to be solved
NLA/SP15/JacobianCertificate.lean:47:36: error: No goals to be solved
NLA/SP15/JacobianCertificate.lean:47:36: error: No goals to be solved
NLA/SP15/JacobianCertificate.lean:47:36: error: No goals to be solved
NLA/SP15/JacobianCertificate.lean:47:36: error: No goals to be solved
NLA/SP15/JacobianCertificate.lean:47:36: error: No goals to be solved
NLA/SP15/JacobianCertificate.lean:47:36: error: No goals to be solved
NLA/SP15/JacobianCertificate.lean:47:36: error: No goals to be solved
NLA/SP15/JacobianCertificate.lean:47:36: error: No goals to be solved
NLA/SP15/JacobianCertificate.lean:47:36: error: No goals to be solved
NLA/SP15/JacobianCertificate.lean:47:36: error: No goals to be solved
NLA/SP15/JacobianCertificate.lean:47:36: error: No goals to be solved
NLA/SP15/JacobianCertificate.lean:47:36: error: No goals to be solved
NLA/SP15/JacobianCertificate.lean:47:36: error: No goals to be solved
NLA/SP15/JacobianCertificate.lean:47:36: error: No goals to be solved
NLA/SP15/JacobianCertificate.lean:47:36: error: No goals to be solved
NLA/SP15/JacobianCertificate.lean:47:36: error: No goals to be solved
NLA/SP15/JacobianCertificate.lean:47:36: error: No goals to be solved
NLA/SP15/JacobianCertificate.lean:47:36: error: No goals to be solved
NLA/SP15/JacobianCertificate.lean:47:36: error: No goals to be solved
NLA/SP15/JacobianCertificate.lean:47:36: error: No goals to be solved
NLA/SP15/JacobianCertificate.lean:47:36: error: No goals to be solved
NLA/SP15/JacobianCertificate.lean:47:36: error: No goals to be solved
NLA/SP15/JacobianCertificate.lean:34:8: error: (kernel) unknown constant '_private.NLA.SP15.JacobianCertificate.0.NLA.SP15.jacobian_lu_reconstruction'
'NLA.SP15.coefficient_base_value' depends on axioms: [propext, sorryAx, Classical.choice, Quot.sound]
NLA/SP15/JacobianCertificate.lean:65:21: error: #assert_trust: 'NLA.SP15.coefficient_base_value' depends on sorry or unrecognized axioms
  foundational: propext, Classical.choice, Quot.sound
  sorryAx: sorryAx
'NLA.SP15.jacobian_lu_certificate' depends on axioms: [propext, Classical.choice, Quot.sound, jacobian_lu_certificate]
NLA/SP15/JacobianCertificate.lean:67:21: error: #assert_trust: 'NLA.SP15.jacobian_lu_certificate' depends on sorry or unrecognized axioms
  foundational: propext, Classical.choice, Quot.sound
  custom: NLA.SP15.jacobian_lu_certificate
'NLA.SP15.jacobian_minor_nonsingular' depends on axioms: [propext,
 Classical.choice,
 Quot.sound,
 jacobian_lu_certificate]
NLA/SP15/JacobianCertificate.lean:69:21: error: #assert_trust: 'NLA.SP15.jacobian_minor_nonsingular' depends on sorry or unrecognized axioms
  foundational: propext, Classical.choice, Quot.sound
  custom: NLA.SP15.jacobian_lu_certificate
