{
  "verdict": "PASS scoped source/statement/runtime evidence authentication",
  "reviewer": "/root/sf_ra_runtime_referee",
  "recorded_utc": "2026-09-17T07:47:47.072462+00:00",
  "workspace_manifest_sha256": "c30fff5f1d0411519978317b5e865fd400c66a0d8319a7c835380dada94808e5",
  "Definitions_sha256": "fa57c71cd3e6d6551f081e479121f9f6a4695858732f3e6d1fa4cd79ad927498",
  "Challenge_sha256": "dc55eda7fac9d89e3c7017593ce3bdb6f8a4b01b15775d4c6f8c8e13b6560833",
  "current_workspace_payloads": 140,
  "continuation_payloads": 75,
  "original_preserved_payloads": 64,
  "exact_unchanged_contracts": 29,
  "source_bindings": 223,
  "checks": 1260,
  "retained_exact_copies": 58,
  "actual_local_scope": "Definitions fresh61/reused63; corrected Challenge fresh63; 29 deliberate specification holes; no proof claim",
  "failed_local61": "Challenge four missing standard ComplexOrder errors; output not accepted",
  "historical_environment_annotation": "LOCAL-ENVIRONMENT initial policy says 2048 MiB; actual61/63 argv, assemblies and receipts explicitly record 4096 MiB. Initial record is not rewritten.",
  "schema_validation": "This referee actually validated current JSON-formatted formalization.yaml against pinned v0.4 schema with existing jsonschema; author METADATA-CHECK not-run remains unchanged.",
  "metadata_transition": "Current workspace status files retain their pre-local63 draft statements; root must preserve historical bytes and record current exact63 success/reviews in coordinator freeze before implementation.",
  "reviewer_compiler_executed": false,
  "reviewer_LeanCert_executed": false,
  "reviewer_Comparator_executed": false,
  "git_or_network_used": false,
  "proof_implementation": false,
  "freeze_issued": false,
  "count_change": 0
}
