{
  "verdict": "PASS exact source arithmetic reconnaissance; no Lean proof",
  "Definitions_sha256": "fa57c71cd3e6d6551f081e479121f9f6a4695858732f3e6d1fa4cd79ad927498",
  "symbolic_identity": "Six-term 3x3 determinant in Q[x0..x9,u,s,I]/(I^2+1); all coefficients, no sampling",
  "coefficient_polynomial_term_counts": [
    6,
    7,
    25,
    3,
    20,
    35,
    6,
    16,
    17
  ],
  "all9_values": [
    "300",
    "159",
    "814",
    "24",
    "263",
    "697",
    "18",
    "103",
    "189"
  ],
  "all81_LU_entries_match": true,
  "unit_lower_and_upper_triangular": true,
  "upper_diagonal": [
    "300",
    "39/2",
    "-100/39",
    "37123/1875",
    "345081/148492",
    "-147294/115027",
    "-1401/8183",
    "4186/37827",
    "136/2093"
  ],
  "diagonal_product": "-1088",
  "independent_elimination_determinant": "-1088",
  "box_radius": "1/16",
  "box_margin": "3/4",
  "kernel_LeanCert_executed": false,
  "author_preflight_executed": false,
  "claim": "Independent rational and symbolic check of statement data, not proof implementation."
}
