$ systemd-run --user --quiet --wait --pipe --collect -p 'RestrictAddressFamilies=~AF_UNIX' --working-directory /home/runner/work/_temp/nla-lean-tools/.verification-tmp/nla-fresh-proof-8imzocj9/project /usr/bin/env -i PATH=/home/runner/.elan/toolchains/leanprover--lean4---v4.33.1/bin:/home/runner/.elan/bin:/home/runner/go/bin:/opt/hostedtoolcache/go/1.27.1/x64/bin:/snap/bin:/home/runner/.local/bin:/opt/pipx_bin:/home/runner/.cargo/bin:/home/runner/.config/composer/vendor/bin:/usr/local/.ghcup/bin:/home/runner/.dotnet/tools:/usr/local/sbin:/usr/local/bin:/usr/sbin:/usr/bin:/sbin:/bin:/usr/games:/usr/local/games:/snap/bin HOME=/home/runner LANG=C.UTF-8 XDG_RUNTIME_DIR=/run/user/1001 DBUS_SESSION_BUS_ADDRESS=unix:path=/run/user/1001/bus GIT_TERMINAL_PROMPT=0 GIT_CONFIG_NOSYSTEM=1 GIT_CONFIG_GLOBAL=/dev/null COMPARATOR_BIN=/home/runner/work/_temp/nla-lean-tools/.tools/comparator/.lake/build/bin/comparator COMPARATOR_LEAN4EXPORT=/home/runner/work/_temp/nla-lean-tools/.tools/lean4export/.lake/build/bin/lean4export COMPARATOR_LANDRUN=/home/runner/work/_temp/nla-lean-tools/scripts/strict_landrun.py XDG_CACHE_HOME=/home/runner/work/_temp/nla-lean-tools/.tools/cache TMPDIR=/home/runner/work/_temp/nla-lean-tools/.verification-tmp lake env /home/runner/work/_temp/nla-lean-tools/.tools/comparator/.lake/build/bin/comparator comparator.json
Building Challenge
✔ [2334/2336] Built NLA.NM04.Definitions (2.1s)
⚠ [2335/2336] Built Challenge (2.2s)
warning: Challenge.lean:24:8: declaration uses `sorry`
warning: Challenge.lean:28:8: declaration uses `sorry`
warning: Challenge.lean:33:8: declaration uses `sorry`
warning: Challenge.lean:38:8: declaration uses `sorry`
warning: Challenge.lean:45:8: declaration uses `sorry`
warning: Challenge.lean:52:8: declaration uses `sorry`
warning: Challenge.lean:58:8: declaration uses `sorry`
warning: Challenge.lean:65:8: declaration uses `sorry`
warning: Challenge.lean:70:8: declaration uses `sorry`
warning: Challenge.lean:76:8: declaration uses `sorry`
warning: Challenge.lean:82:8: declaration uses `sorry`
warning: Challenge.lean:87:8: declaration uses `sorry`
warning: Challenge.lean:94:8: declaration uses `sorry`
warning: Challenge.lean:98:8: declaration uses `sorry`
warning: Challenge.lean:103:8: declaration uses `sorry`
warning: Challenge.lean:108:8: declaration uses `sorry`
warning: Challenge.lean:113:8: declaration uses `sorry`
warning: Challenge.lean:118:8: declaration uses `sorry`
warning: Challenge.lean:126:8: declaration uses `sorry`
warning: Challenge.lean:134:8: declaration uses `sorry`
warning: Challenge.lean:144:8: declaration uses `sorry`
warning: Challenge.lean:151:8: declaration uses `sorry`
warning: Challenge.lean:157:8: declaration uses `sorry`
warning: Challenge.lean:163:8: declaration uses `sorry`
warning: Challenge.lean:170:8: declaration uses `sorry`
warning: Challenge.lean:177:8: declaration uses `sorry`
warning: Challenge.lean:185:8: declaration uses `sorry`
warning: Challenge.lean:196:8: declaration uses `sorry`
warning: Challenge.lean:201:8: declaration uses `sorry`
warning: Challenge.lean:210:8: declaration uses `sorry`
warning: Challenge.lean:219:8: declaration uses `sorry`
warning: Challenge.lean:225:8: declaration uses `sorry`
warning: Challenge.lean:231:8: declaration uses `sorry`
warning: Challenge.lean:237:8: declaration uses `sorry`
warning: Challenge.lean:244:8: declaration uses `sorry`
Build completed successfully (2336 jobs).
Exporting #[Quot, Quot.mk, Quot.lift, Quot.ind, NLA.NM04.coercivity_half_certificate, NLA.NM04.row_partition_positive, NLA.NM04.potential_continuous, NLA.NM04.potential_line_derivative, NLA.NM04.zero_mean_coercivity, NLA.NM04.potential_attains_minimum, NLA.NM04.potential_minimum_has_margins, NLA.NM04.positive_balanced_scaling_exists, NLA.NM04.positive_balanced_scaling_unique, NLA.NM04.sinkhorn_semantics, NLA.NM04.position_sorted_semantics, NLA.NM04.empty_minor_values, NLA.NM04.H_diagonal, NLA.NM04.H_raising, NLA.NM04.H_lowering, NLA.NM04.H_column_exchange, NLA.NM04.H_row_exchange, NLA.NM04.H_other, NLA.NM04.weighted_principal_minor_expansion, NLA.NM04.cofactor_signed_minor_formula, NLA.NM04.universal_rank_one_update, NLA.NM04.universal_bordered_determinant, NLA.NM04.minor_lowering_identity, NLA.NM04.minor_column_exchange_identity, NLA.NM04.minor_row_exchange_identity, NLA.NM04.minor_raising_identity, NLA.NM04.schur_margin_identities, NLA.NM04.schur_bordered_minor, NLA.NM04.balanced_minor_relation, NLA.NM04.weighted_transition_action, NLA.NM04.balanced_null_vector, NLA.NM04.diagonal_minor_covariance, NLA.NM04.diagonal_pencil_covariance, NLA.NM04.sinkhorn_pencil_singular, NLA.NM04.rowland_wu_identity, propext, Quot.sound, Classical.choice, Nat.add, Nat.sub, Nat.mul, Nat.pow, Nat.gcd, Nat.div, Nat.mod, Nat.beq, Nat.ble, Nat.land, Nat.lor, Nat.xor, Nat.shiftLeft, Nat.shiftRight, String.ofList, Char.ofNat, List, eagerReduce, Nat, String, String.mk, Char, optParam, autoParam, semiOutParam, outParam] from Challenge
Building Solution
✔ [2800/2833] Built LeanCert.Core.Interval (3.0s)
✔ [2801/2833] Built LeanCert.Core.DerivativeIntervals (4.5s)
✔ [2802/2840] Built LeanCert.Contrib.Sinc (6.2s)
✔ [2803/2840] Built LeanCert.Core.Expr (7.6s)
✔ [2804/2840] Built LeanCert.Core.Dyadic (6.4s)
✔ [2805/2840] Built LeanCert.Tactic.Verification (6.8s)
✔ [2806/2840] Built LeanCert.Core.Taylor (11s)
✔ [2807/2844] Built LeanCert.Core.IntervalRat.Basic (12s)
✔ [2808/2844] Built LeanCert.Core.Support (4.7s)
✔ [2809/2844] Built LeanCert.Core.IntervalRat.LogReduction (7.1s)
✔ [2810/2844] Built LeanCert.Engine.Eval.Result (3.8s)
✔ [2811/2844] Built LeanCert.Meta.Numeral (4.0s)
✔ [2812/2845] Built LeanCert.Core.TrigReduction (3.9s)
✔ [2813/2845] Built LeanCert.Tactic.IntervalAuto.Types (4.5s)
✔ [2814/2845] Built LeanCert.Tactic.LeanCert.Bridge.Environment (3.7s)
✔ [2815/2845] Built LeanCert.Core.IntervalRat.Transcendental (5.9s)
✔ [2816/2845] Built LeanCert.Tactic.NumericalRefinement (730ms)
✔ [2817/2868] Built LeanCert.Tactic.IntervalAuto.Extract (3.0s)
✔ [2870/2950] Built LeanCert.Tactic.VecUtil (5.2s)
✔ [2872/2951] Built LeanCert.Tactic.IntervalAuto.Norm (7.8s)
✔ [2873/2951] Built LeanCert.Meta.ToExpr (9.1s)
✔ [2874/2951] Built LeanCert.Tactic.FinSumExpand (4.3s)
✔ [2875/2955] Built LeanCert.Tactic.LeanCert.Normalize (6.1s)
✔ [2876/2955] Built LeanCert.Tactic.IntervalAuto.Parse (8.2s)
✔ [2877/3031] Built LeanCert.Tactic.BridgeNative (2.4s)
✔ [3376/3597] Built LeanCert.Tactic.FinsetParse (5.0s)
✔ [3517/3599] Built LeanCert.Tactic.LeanCert.Semantic.Domain (1.8s)
✔ [3518/3604] Built LeanCert.Tactic.IntervalAuto.Diagnostic (3.7s)
✔ [3519/3604] Built LeanCert.Validity.Eventual (3.6s)
✔ [3520/3608] Built LeanCert.Tactic.LeanCert.Semantic.Goal (2.6s)
✔ [3521/3608] Built LeanCert.Core.IntervalRat.Taylor (25s)
✔ [3522/3609] Built LeanCert.Tactic.VecSimp (2.2s)
✔ [3523/3609] Built LeanCert.Tactic.LeanCert.Semantic.Parse.Comparison (1.7s)
✔ [3524/3609] Built LeanCert.Core.IntervalReal (2.8s)
✔ [3525/3612] Built LeanCert.Tactic.Extension.Protocol (3.3s)
✔ [3526/3612] Built LeanCert.Tactic.EventualBound (5.9s)
✔ [3527/3612] Built LeanCert.Core.IntervalRat.TrigReduced (3.5s)
✔ [3528/3612] Built LeanCert.Tactic.LeanCert.Diagnostic.Evidence (3.8s)
✔ [3529/3612] Built LeanCert.Tactic.LeanCert.Semantic.Parse.Bound (3.8s)
✔ [3530/3612] Built LeanCert.Tactic.Extension.Registry (6.3s)
✔ [3531/3612] Built LeanCert.Engine.Affine.Basic (9.3s)
✔ [3532/3616] Built LeanCert.Core.IntervalRealEndpoints (7.5s)
✔ [3533/3617] Built LeanCert.Core.IntervalDyadic (10s)
✔ [3535/3617] Built LeanCert.Tactic.LeanCert.Config (2.6s)
✔ [3536/3625] Built LeanCert.Engine.Affine.Nonlinear (7.9s)
✔ [3537/3631] Built LeanCert.Core.DyadicCell (7.1s)
✔ [3538/3631] Built LeanCert.Engine.Algebra.QPoly (6.8s)
✔ [3539/3633] Built LeanCert.Engine.Eval.Core (10s)
✔ [3540/3633] Built LeanCert.Engine.FloatEval (3.4s)
✔ [3541/3635] Built LeanCert.Tactic.Extension.Command (3.0s)
✔ [3542/3639] Built LeanCert.Core.DyadicFrontier (3.8s)
✔ [3544/3667] Built LeanCert.Engine.Algebra.QPolyIntegral (4.0s)
✔ [3545/3667] Built LeanCert.Tactic.Extension (3.1s)
✔ [3546/3667] Built NLA.NM04.TransitionSupport (3.1s)
✔ [3547/3667] Built LeanCert.Engine.Eval.Extended (4.5s)
✔ [3548/3667] Built LeanCert.Engine.Bounds.Lemmas (2.0s)
✔ [3549/3667] Built LeanCert.Engine.IntervalEval (1.8s)
✔ [3550/3667] Built LeanCert.Validity.Bounds.Core (3.4s)
✔ [3551/3667] Built LeanCert.Validity.Bounds.Checked (3.4s)
✔ [3552/3667] Built LeanCert.Engine.Affine.Transcendental (5.7s)
✔ [3553/3667] Built LeanCert.Engine.Optimization.Box (4.7s)
✔ [3554/3667] Built LeanCert.Engine.IntervalEvalDyadic (8.2s)
✔ [3555/3667] Built LeanCert.Engine.RootFinding.Basic (7.2s)
✔ [3556/3667] Built LeanCert.Engine.AD.Basic (4.1s)
✔ [3557/3667] Built LeanCert.Engine.Integrate (8.6s)
✔ [3558/3667] Built LeanCert.Engine.Search.Heuristic (5.1s)
✔ [3559/3667] Built LeanCert.Engine.IntervalEvalAffine (8.8s)
✔ [3560/3667] Built LeanCert.Engine.TaylorModel.Core (11s)
✔ [3561/3667] Built LeanCert.Engine.FinSumDyadic (6.6s)
✔ [3562/3667] Built LeanCert.Validity.DyadicBounds (4.4s)
✔ [3563/3667] Built LeanCert.Engine.AD.Transcendental (6.0s)
✔ [3564/3667] Built LeanCert.Engine.Affine.Environment (4.9s)
✔ [3565/3667] Built LeanCert.Engine.RootFinding.Bisection (6.6s)
✔ [3566/3667] Built LeanCert.Engine.TaylorModel.Integral (4.6s)
✔ [3567/3667] Built LeanCert.Engine.TaylorModel.Special (3.2s)
✔ [3568/3667] Built LeanCert.Engine.WitnessSum (8.0s)
✔ [3569/3667] Built LeanCert.Engine.TaylorModel.ExpLog (11s)
✔ [3570/3667] Built LeanCert.Engine.AD.Eval (3.2s)
✔ [3571/3667] Built LeanCert.Engine.TaylorModel.Trig (14s)
✔ [3572/3667] Built LeanCert.Engine.TaylorModel.Hyperbolic (15s)
✔ [3573/3667] Built LeanCert.Engine.AD.Correctness (3.2s)
✔ [3574/3667] Built LeanCert.Engine.TaylorModel.Functions (2.2s)
✔ [3575/3667] Built LeanCert.Engine.AD.Computable (3.5s)
✔ [3576/3667] Built LeanCert.Engine.TaylorModel.Expr (5.9s)
✔ [3577/3667] Built LeanCert.Engine.AD.PartialCorrectness (6.8s)
✔ [3578/3667] Built LeanCert.Engine.AD.DomainChecked (4.1s)
✔ [3579/3667] Built LeanCert.Engine.TaylorModel (2.1s)
✔ [3580/3667] Built LeanCert.Engine.AD.Dyadic (3.2s)
✔ [3581/3667] Built LeanCert.Engine.AD (1.8s)
✔ [3582/3667] Built LeanCert.Validity.Bounds.Smart (4.0s)
✔ [3583/3667] Built LeanCert.Engine.IntervalEvalRefined (5.0s)
✔ [3584/3667] Built LeanCert.Meta.ProveSupported (5.2s)
✔ [3585/3667] Built LeanCert.Engine.Optimize (7.5s)
✔ [3586/3667] Built LeanCert.Validity.Bounds.Bridge (3.9s)
✔ [3587/3667] Built LeanCert.Meta.ProveContinuous (5.5s)
✔ [3588/3667] Built LeanCert.Tactic.IntervalAuto.ProveCommon (7.6s)
✔ [3589/3667] Built LeanCert.Engine.RootFinding.Newton (6.4s)
✔ [3590/3667] Built LeanCert.Validity.Bounds.Basic (3.8s)
✔ [3591/3667] Built LeanCert.Engine.Optimization.Gradient (7.7s)
✔ [3592/3667] Built LeanCert.Tactic.LeanCert.Bridge.ReifiedFunction (3.9s)
✔ [3593/3667] Built LeanCert.Tactic.IntervalAuto.Basic (3.8s)
✔ [3594/3667] Built LeanCert.Validity.Integration (7.8s)
✔ [3595/3667] Built LeanCert.Engine.RootFinding.MVTBounds (9.2s)
✔ [3596/3667] Built LeanCert.Tactic.LeanCert.Semantic.Prepare (7.3s)
✔ [3597/3667] Built LeanCert.Engine.RootFinding.Krawczyk (10s)
✔ [3598/3667] Built LeanCert.Tactic.LeanCert.Integral (13s)
✔ [3599/3667] Built LeanCert.Engine.RootFinding.Contraction (11s)
✔ [3600/3667] Built LeanCert.Tactic.Extension.Execute (12s)
✔ [3601/3667] Built LeanCert.Engine.RootFinding.KrawczykCandidate (4.4s)
✔ [3602/3667] Built LeanCert.Validity.Krawczyk (3.5s)
✔ [3603/3667] Built LeanCert.Tactic.LeanCert.Solver.Protocol (7.1s)
✔ [3604/3667] Built LeanCert.Engine.RootFinding.Main (3.4s)
✔ [3605/3667] Built LeanCert.Tactic.Enclosure (3.0s)
✔ [3606/3667] Built LeanCert.Engine.Optimization.Global (30s)
✔ [3607/3667] Built LeanCert.Tactic.LeanCert.Diagnostic.Render (3.7s)
✔ [3608/3667] Built LeanCert.Engine.Search.CounterExample (3.4s)
✔ [3609/3667] Built LeanCert.Validity.Types (3.5s)
✔ [3610/3667] Built LeanCert.Engine.Optimization.Guided (3.5s)
✔ [3611/3667] Built LeanCert.Validity.Bounds (6.7s)
✔ [3612/3667] Built LeanCert.Engine.Optimization.BoundVerify (3.3s)
✔ [3613/3667] Built LeanCert.Discovery.Find (3.9s)
✔ [3614/3667] Built LeanCert.Tactic.IntervalAuto.RootBound (4.5s)
✔ [3615/3667] Built LeanCert.Tactic.IntervalAuto.OptBound (4.6s)
✔ [3616/3667] Built LeanCert.Tactic.IntervalAuto.Multivariate (6.3s)
✔ [3617/3667] Built LeanCert.Tactic.IntervalAuto.Bound (13s)
✔ [3618/3667] Built LeanCert.Tactic.IntervalAuto.Subdiv (4.8s)
✔ [3619/3667] Built LeanCert.Tactic.IntervalAuto.Adaptive (7.5s)
✔ [3620/3667] Built LeanCert.Tactic.IntervalAuto.PointIneq (9.1s)
✔ [3621/3667] Built LeanCert.Tactic.IntervalAuto (2.3s)
✔ [3622/3667] Built LeanCert.Tactic.Refute (3.1s)
✔ [3623/3667] Built LeanCert.Tactic.FinSumWitness (5.6s)
✔ [3624/3667] Built LeanCert.Tactic.FinSumBound (4.3s)
✔ [3625/3667] Built LeanCert.Tactic.LeanCert.Semantic.Parse (3.2s)
✔ [3626/3667] Built LeanCert.Tactic.Discovery (13s)
✔ [3627/3667] Built LeanCert.Tactic.Krawczyk (3.2s)
✔ [3628/3667] Built LeanCert.Tactic.LeanCert.Router (7.5s)
✔ [3629/3667] Built LeanCert.Tactic.LeanCert (2.4s)
✔ [3630/3667] Built LeanCert.Tactic (2.4s)
ℹ [3631/3667] Built NLA.NM04.DecisionTransport (4.1s)
info: NLA/NM04/DecisionTransport.lean:44:0: 'NLA.NM04.support_decision_transport' depends on axioms: [Quot.sound]
info: NLA/NM04/DecisionTransport.lean:46:0: 'NLA.NM04.column_coefficient_all_decisions' depends on axioms: [propext, Classical.choice, Quot.sound]
info: NLA/NM04/DecisionTransport.lean:48:0: 'NLA.NM04.row_coefficient_all_decisions' depends on axioms: [propext, Classical.choice, Quot.sound]
ℹ [3632/3667] Built NLA.NM04.ScalingUniqueness (4.2s)
info: NLA/NM04/ScalingUniqueness.lean:146:0: 'NLA.NM04.positive_balanced_scaling_unique' depends on axioms: [propext, Classical.choice, Quot.sound]
ℹ [3633/3667] Built NLA.NM04.Numerical (4.4s)
info: NLA/NM04/Numerical.lean:22:0: 'NLA.NM04.coercivity_half_certificate' depends on axioms: [propext, Classical.choice, Quot.sound]
ℹ [3634/3667] Built NLA.NM04.RaisingIndices (4.5s)
info: NLA/NM04/RaisingIndices.lean:105:0: 'NLA.NM04.raisingIndex_support' depends on axioms: [propext, Classical.choice, Quot.sound]
info: NLA/NM04/RaisingIndices.lean:107:0: 'NLA.NM04.raisingSupport_index' depends on axioms: [propext, Classical.choice, Quot.sound]
info: NLA/NM04/RaisingIndices.lean:109:0: 'NLA.NM04.raisingIndex_injective' depends on axioms: [propext, Classical.choice, Quot.sound]
info: NLA/NM04/RaisingIndices.lean:111:0: 'NLA.NM04.raising_eq_index_sum' depends on axioms: [propext, Classical.choice, Quot.sound]
ℹ [3635/3667] Built NLA.NM04.AnalyticBasics (4.7s)
info: NLA/NM04/AnalyticBasics.lean:123:0: 'NLA.NM04.row_partition_positive' depends on axioms: [propext, Classical.choice, Quot.sound]
info: NLA/NM04/AnalyticBasics.lean:125:0: 'NLA.NM04.potential_continuous' depends on axioms: [propext, Classical.choice, Quot.sound]
info: NLA/NM04/AnalyticBasics.lean:127:0: 'NLA.NM04.potential_line_derivative' depends on axioms: [propext, Classical.choice, Quot.sound]
ℹ [3636/3667] Built NLA.NM04.WeightedExpansion (4.5s)
info: NLA/NM04/WeightedExpansion.lean:110:0: 'NLA.NM04.weighted_principal_minor_expansion' depends on axioms: [propext, Classical.choice, Quot.sound]
ℹ [3637/3667] Built NLA.NM04.DiagonalCovariance (4.6s)
info: NLA/NM04/DiagonalCovariance.lean:105:0: 'NLA.NM04.diagonal_minor_covariance' depends on axioms: [propext, Classical.choice, Quot.sound]
info: NLA/NM04/DiagonalCovariance.lean:106:0: 'NLA.NM04.diagonal_pencil_covariance' depends on axioms: [propext, Classical.choice, Quot.sound]
ℹ [3638/3667] Built NLA.NM04.TransitionCardinality (4.8s)
info: NLA/NM04/TransitionCardinality.lean:68:0: 'NLA.NM04.RaisingSupport.card' depends on axioms: [propext, Classical.choice, Quot.sound]
info: NLA/NM04/TransitionCardinality.lean:69:0: 'NLA.NM04.LoweringSupport.card' depends on axioms: [propext, Classical.choice, Quot.sound]
info: NLA/NM04/TransitionCardinality.lean:70:0: 'NLA.NM04.ColumnExchangeSupport.card' depends on axioms: [propext, Classical.choice, Quot.sound]
info: NLA/NM04/TransitionCardinality.lean:71:0: 'NLA.NM04.RowExchangeSupport.card' depends on axioms: [propext, Classical.choice, Quot.sound]
info: NLA/NM04/TransitionCardinality.lean:72:0: 'NLA.NM04.weight_raising_card' depends on axioms: [propext, Classical.choice, Quot.sound]
info: NLA/NM04/TransitionCardinality.lean:73:0: 'NLA.NM04.weight_lowering_card' depends on axioms: [propext, Classical.choice, Quot.sound]
info: NLA/NM04/TransitionCardinality.lean:74:0: 'NLA.NM04.weight_exchange_card' depends on axioms: [propext, Classical.choice, Quot.sound]
ℹ [3639/3667] Built NLA.NM04.MinorLinearity (4.5s)
info: NLA/NM04/MinorLinearity.lean:91:0: 'NLA.NM04.cofactorForm_zero' depends on axioms: [propext, Classical.choice, Quot.sound]
info: NLA/NM04/MinorLinearity.lean:92:0: 'NLA.NM04.cofactorForm_add' depends on axioms: [propext, Classical.choice, Quot.sound]
info: NLA/NM04/MinorLinearity.lean:93:0: 'NLA.NM04.cofactorForm_smul' depends on axioms: [propext, Classical.choice, Quot.sound]
info: NLA/NM04/MinorLinearity.lean:94:0: 'NLA.NM04.cofactorForm_sum' depends on axioms: [propext, Classical.choice, Quot.sound]
info: NLA/NM04/MinorLinearity.lean:95:0: 'NLA.NM04.raising_smul' depends on axioms: [propext, Classical.choice, Quot.sound]
info: NLA/NM04/MinorLinearity.lean:96:0: 'NLA.NM04.lowering_smul' depends on axioms: [propext, Classical.choice, Quot.sound]
info: NLA/NM04/MinorLinearity.lean:97:0: 'NLA.NM04.columnExchange_smul' depends on axioms: [propext, Classical.choice, Quot.sound]
info: NLA/NM04/MinorLinearity.lean:98:0: 'NLA.NM04.rowExchange_smul' depends on axioms: [propext, Classical.choice, Quot.sound]
ℹ [3640/3667] Built NLA.NM04.MinorBasics (4.7s)
info: NLA/NM04/MinorBasics.lean:89:0: 'NLA.NM04.minor_ordered_det' depends on axioms: [propext, Classical.choice, Quot.sound]
info: NLA/NM04/MinorBasics.lean:91:0: 'NLA.NM04.position_ordered_card' depends on axioms: [propext, Classical.choice, Quot.sound]
info: NLA/NM04/MinorBasics.lean:93:0: 'NLA.NM04.position_sorted_semantics' depends on axioms: [propext, Classical.choice, Quot.sound]
info: NLA/NM04/MinorBasics.lean:95:0: 'NLA.NM04.empty_minor_values' depends on axioms: [propext, Classical.choice, Quot.sound]
ℹ [3641/3667] Built NLA.NM04.RankOneBordered (4.9s)
info: NLA/NM04/RankOneBordered.lean:199:0: 'NLA.NM04.universal_rank_one_update' depends on axioms: [propext, Classical.choice, Quot.sound]
info: NLA/NM04/RankOneBordered.lean:201:0: 'NLA.NM04.universal_bordered_determinant' depends on axioms: [propext, Classical.choice, Quot.sound]
ℹ [3642/3667] Built NLA.NM04.SchurBordered (4.7s)
info: NLA/NM04/SchurBordered.lean:91:0: 'NLA.NM04.schur_bordered_minor' depends on axioms: [propext, Classical.choice, Quot.sound]
ℹ [3643/3667] Built NLA.NM04.TransitionEntries (4.6s)
info: NLA/NM04/TransitionEntries.lean:143:0: 'NLA.NM04.H_diagonal' depends on axioms: [propext, Classical.choice, Quot.sound]
info: NLA/NM04/TransitionEntries.lean:145:0: 'NLA.NM04.H_raising' depends on axioms: [propext, Classical.choice, Quot.sound]
info: NLA/NM04/TransitionEntries.lean:147:0: 'NLA.NM04.H_lowering' depends on axioms: [propext, Classical.choice, Quot.sound]
info: NLA/NM04/TransitionEntries.lean:149:0: 'NLA.NM04.H_column_exchange' depends on axioms: [propext, Classical.choice, Quot.sound]
info: NLA/NM04/TransitionEntries.lean:151:0: 'NLA.NM04.H_row_exchange' depends on axioms: [propext, Classical.choice, Quot.sound]
info: NLA/NM04/TransitionEntries.lean:153:0: 'NLA.NM04.H_other' depends on axioms: [propext, Classical.choice, Quot.sound]
ℹ [3644/3667] Built NLA.NM04.SchurMargins (4.9s)
info: NLA/NM04/SchurMargins.lean:75:0: 'NLA.NM04.schur_margin_identities' depends on axioms: [propext, Classical.choice, Quot.sound]
ℹ [3645/3667] Built NLA.NM04.Stationary (4.3s)
info: NLA/NM04/Stationary.lean:76:0: 'NLA.NM04.potential_minimum_has_margins' depends on axioms: [propext, Classical.choice, Quot.sound]
ℹ [3646/3667] Built NLA.NM04.ColumnExchangeIndices (4.6s)
info: NLA/NM04/ColumnExchangeIndices.lean:129:0: 'NLA.NM04.columnExchangeIndex_support' depends on axioms: [propext, Classical.choice, Quot.sound]
info: NLA/NM04/ColumnExchangeIndices.lean:131:0: 'NLA.NM04.columnExchangeSupport_index' depends on axioms: [propext, Classical.choice, Quot.sound]
info: NLA/NM04/ColumnExchangeIndices.lean:133:0: 'NLA.NM04.columnExchangeIndex_injective' depends on axioms: [propext, Classical.choice, Quot.sound]
info: NLA/NM04/ColumnExchangeIndices.lean:135:0: 'NLA.NM04.columnExchange_eq_index_sum' depends on axioms: [propext, Classical.choice, Quot.sound]
ℹ [3647/3667] Built NLA.NM04.CofactorDirections (4.4s)
info: NLA/NM04/CofactorDirections.lean:41:0: 'NLA.NM04.cofactorForm_outer_sub' depends on axioms: [propext, Classical.choice, Quot.sound]
ℹ [3648/3667] Built NLA.NM04.Coercivity (4.9s)
info: NLA/NM04/Coercivity.lean:126:0: 'NLA.NM04.zero_mean_coercivity' depends on axioms: [propext, Classical.choice, Quot.sound]
ℹ [3649/3667] Built NLA.NM04.BorderOrder (4.0s)
info: NLA/NM04/BorderOrder.lean:110:0: 'NLA.NM04.insertion_front_order' depends on axioms: [propext, Classical.choice, Quot.sound]
info: NLA/NM04/BorderOrder.lean:112:0: 'NLA.NM04.det_snoc_eq_cons' depends on axioms: [propext, Classical.choice, Quot.sound]
info: NLA/NM04/BorderOrder.lean:114:0: 'NLA.NM04.det_front_ordered' depends on axioms: [propext, Classical.choice, Quot.sound]
⚠ [3650/3667] Built NLA.NM04.WeightedTransition (5.3s)
warning: NLA/NM04/WeightedTransition.lean:145:59: Variable name `hn` is not explicitly referenced.

Hint: The binding can be removed (if unused) or named `_` (if used implicitly). Alternatively, prefix the name with `_` to silence this warning:
  [apply] _hn

Note: This linter can be disabled with `set_option linter.unusedVariables false`
info: NLA/NM04/WeightedTransition.lean:193:0: 'NLA.NM04.weighted_transition_action' depends on axioms: [propext, Classical.choice, Quot.sound]
ℹ [3651/3667] Built NLA.NM04.SchurReconstruction (4.3s)
info: NLA/NM04/SchurReconstruction.lean:45:0: 'NLA.NM04.schur_rank_one_reconstruction' depends on axioms: [propext, Classical.choice, Quot.sound]
ℹ [3652/3667] Built NLA.NM04.CofactorSigned (4.5s)
info: NLA/NM04/CofactorSigned.lean:120:0: 'NLA.NM04.cofactor_signed_minor_formula' depends on axioms: [propext, Classical.choice, Quot.sound]
ℹ [3653/3667] Built NLA.NM04.Minimum (4.5s)
info: NLA/NM04/Minimum.lean:95:0: 'NLA.NM04.potential_attains_minimum' depends on axioms: [propext, Classical.choice, Quot.sound]
ℹ [3654/3667] Built NLA.NM04.PencilConsequences (4.8s)
info: NLA/NM04/PencilConsequences.lean:114:0: 'NLA.NM04.weight_empty' depends on axioms: [propext, Classical.choice, Quot.sound]
info: NLA/NM04/PencilConsequences.lean:115:0: 'NLA.NM04.weight_nonzero' depends on axioms: [propext, Classical.choice, Quot.sound]
info: NLA/NM04/PencilConsequences.lean:116:0: 'NLA.NM04.pencil_kernel_of_minor_relation' depends on axioms: [propext, Classical.choice, Quot.sound]
info: NLA/NM04/PencilConsequences.lean:117:0: 'NLA.NM04.transport_scaled_pencil_kernel' depends on axioms: [propext, Classical.choice, Quot.sound]
info: NLA/NM04/PencilConsequences.lean:118:0: 'NLA.NM04.coefficient_sum_of_pencil_kernel' depends on axioms: [propext, Classical.choice, Quot.sound]
ℹ [3655/3667] Built NLA.NM04.MinorTranspose (4.4s)
info: NLA/NM04/MinorTranspose.lean:100:0: 'NLA.NM04.minor_transpose' depends on axioms: [propext, Classical.choice, Quot.sound]
info: NLA/NM04/MinorTranspose.lean:102:0: 'NLA.NM04.cofactorForm_transpose' depends on axioms: [propext, Classical.choice, Quot.sound]
info: NLA/NM04/MinorTranspose.lean:104:0: 'NLA.NM04.columnExchangeCoefficient_transpose' depends on axioms: [propext, Classical.choice, Quot.sound]
info: NLA/NM04/MinorTranspose.lean:106:0: 'NLA.NM04.columnExchange_transpose' depends on axioms: [propext, Classical.choice, Quot.sound]
ℹ [3656/3667] Built NLA.NM04.MinorColumnForms (4.5s)
info: NLA/NM04/MinorColumnForms.lean:134:0: 'NLA.NM04.minorColumnForm_signed' depends on axioms: [propext, Classical.choice, Quot.sound]
info: NLA/NM04/MinorColumnForms.lean:136:0: 'NLA.NM04.minorColumnForm_adjugate' depends on axioms: [propext, Classical.choice, Quot.sound]
info: NLA/NM04/MinorColumnForms.lean:138:0: 'NLA.NM04.minorColumnForm_eq_det_updateCol' depends on axioms: [propext, Classical.choice, Quot.sound]
info: NLA/NM04/MinorColumnForms.lean:140:0: 'NLA.NM04.minorColumnForm_selected' depends on axioms: [propext, Classical.choice, Quot.sound]
info: NLA/NM04/MinorColumnForms.lean:142:0: 'NLA.NM04.minor_laplace_column' depends on axioms: [propext, Classical.choice, Quot.sound]
ℹ [3657/3667] Built NLA.NM04.MinorLowering (4.5s)
info: NLA/NM04/MinorLowering.lean:113:0: 'NLA.NM04.minor_lowering_identity' depends on axioms: [propext, Classical.choice, Quot.sound]
ℹ [3658/3667] Built NLA.NM04.ScalingExistence (4.2s)
info: NLA/NM04/ScalingExistence.lean:54:0: 'NLA.NM04.positive_balanced_scaling_exists' depends on axioms: [propext, Classical.choice, Quot.sound]
ℹ [3659/3667] Built NLA.NM04.SinkhornSemantics (2.8s)
info: NLA/NM04/SinkhornSemantics.lean:32:0: 'NLA.NM04.sinkhorn_semantics' depends on axioms: [propext, Classical.choice, Quot.sound]
ℹ [3660/3667] Built NLA.NM04.BorderedMinors (4.4s)
info: NLA/NM04/BorderedMinors.lean:115:0: 'NLA.NM04.borderedMinor_eq_matrix' depends on axioms: [propext, Classical.choice, Quot.sound]
info: NLA/NM04/BorderedMinors.lean:117:0: 'NLA.NM04.borderedMinor_det_of_row_mem' depends on axioms: [propext, Classical.choice, Quot.sound]
info: NLA/NM04/BorderedMinors.lean:119:0: 'NLA.NM04.borderedMinor_det_of_column_mem' depends on axioms: [propext, Classical.choice, Quot.sound]
info: NLA/NM04/BorderedMinors.lean:121:0: 'NLA.NM04.borderedMinor_det_of_not_mem' depends on axioms: [propext, Classical.choice, Quot.sound]
info: NLA/NM04/BorderedMinors.lean:123:0: 'NLA.NM04.cofactorForm_border_entry' depends on axioms: [propext, Classical.choice, Quot.sound]
ℹ [3661/3667] Built NLA.NM04.MinorColumnExchange (4.4s)
info: NLA/NM04/MinorColumnExchange.lean:150:0: 'NLA.NM04.minorColumnForm_exchange' depends on axioms: [propext, Classical.choice, Quot.sound]
info: NLA/NM04/MinorColumnExchange.lean:152:0: 'NLA.NM04.cofactorForm_column_sum' depends on axioms: [propext, Classical.choice, Quot.sound]
info: NLA/NM04/MinorColumnExchange.lean:154:0: 'NLA.NM04.minor_column_exchange_identity' depends on axioms: [propext, Classical.choice, Quot.sound]
ℹ [3662/3667] Built NLA.NM04.MinorRaising (2.9s)
info: NLA/NM04/MinorRaising.lean:107:0: 'NLA.NM04.cofactorForm_row_column_sum' depends on axioms: [propext, Classical.choice, Quot.sound]
info: NLA/NM04/MinorRaising.lean:109:0: 'NLA.NM04.borderedMinor_sum' depends on axioms: [propext, Classical.choice, Quot.sound]
info: NLA/NM04/MinorRaising.lean:111:0: 'NLA.NM04.minor_raising_identity' depends on axioms: [propext, Classical.choice, Quot.sound]
ℹ [3663/3667] Built NLA.NM04.MinorRowExchange (2.8s)
info: NLA/NM04/MinorRowExchange.lean:44:0: 'NLA.NM04.minor_row_exchange_identity' depends on axioms: [propext, Classical.choice, Quot.sound]
ℹ [3664/3667] Built NLA.NM04.BalancedMinor (2.0s)
info: NLA/NM04/BalancedMinor.lean:88:0: 'NLA.NM04.balanced_minor_relation' depends on axioms: [propext, Classical.choice, Quot.sound]
ℹ [3665/3667] Built NLA.NM04.Canonical (2.6s)
info: NLA/NM04/Canonical.lean:27:0: 'NLA.NM04.balanced_null_vector' depends on axioms: [propext, Classical.choice, Quot.sound]
info: NLA/NM04/Canonical.lean:40:0: 'NLA.NM04.sinkhorn_pencil_singular' depends on axioms: [propext, Classical.choice, Quot.sound]
info: NLA/NM04/Canonical.lean:54:0: 'NLA.NM04.rowland_wu_identity' depends on axioms: [propext, Classical.choice, Quot.sound]
ℹ [3666/3667] Built Solution (2.5s)
info: Solution.lean:14:0: 'NLA.NM04.coercivity_half_certificate' depends on axioms: [propext, Classical.choice, Quot.sound]
info: Solution.lean:16:0: 'NLA.NM04.row_partition_positive' depends on axioms: [propext, Classical.choice, Quot.sound]
info: Solution.lean:18:0: 'NLA.NM04.potential_continuous' depends on axioms: [propext, Classical.choice, Quot.sound]
info: Solution.lean:20:0: 'NLA.NM04.potential_line_derivative' depends on axioms: [propext, Classical.choice, Quot.sound]
info: Solution.lean:22:0: 'NLA.NM04.zero_mean_coercivity' depends on axioms: [propext, Classical.choice, Quot.sound]
info: Solution.lean:24:0: 'NLA.NM04.potential_attains_minimum' depends on axioms: [propext, Classical.choice, Quot.sound]
info: Solution.lean:26:0: 'NLA.NM04.potential_minimum_has_margins' depends on axioms: [propext, Classical.choice, Quot.sound]
info: Solution.lean:28:0: 'NLA.NM04.positive_balanced_scaling_exists' depends on axioms: [propext, Classical.choice, Quot.sound]
info: Solution.lean:30:0: 'NLA.NM04.positive_balanced_scaling_unique' depends on axioms: [propext, Classical.choice, Quot.sound]
info: Solution.lean:32:0: 'NLA.NM04.sinkhorn_semantics' depends on axioms: [propext, Classical.choice, Quot.sound]
info: Solution.lean:34:0: 'NLA.NM04.position_sorted_semantics' depends on axioms: [propext, Classical.choice, Quot.sound]
info: Solution.lean:36:0: 'NLA.NM04.empty_minor_values' depends on axioms: [propext, Classical.choice, Quot.sound]
info: Solution.lean:38:0: 'NLA.NM04.H_diagonal' depends on axioms: [propext, Classical.choice, Quot.sound]
info: Solution.lean:40:0: 'NLA.NM04.H_raising' depends on axioms: [propext, Classical.choice, Quot.sound]
info: Solution.lean:42:0: 'NLA.NM04.H_lowering' depends on axioms: [propext, Classical.choice, Quot.sound]
info: Solution.lean:44:0: 'NLA.NM04.H_column_exchange' depends on axioms: [propext, Classical.choice, Quot.sound]
info: Solution.lean:46:0: 'NLA.NM04.H_row_exchange' depends on axioms: [propext, Classical.choice, Quot.sound]
info: Solution.lean:48:0: 'NLA.NM04.H_other' depends on axioms: [propext, Classical.choice, Quot.sound]
info: Solution.lean:50:0: 'NLA.NM04.weighted_principal_minor_expansion' depends on axioms: [propext, Classical.choice, Quot.sound]
info: Solution.lean:52:0: 'NLA.NM04.cofactor_signed_minor_formula' depends on axioms: [propext, Classical.choice, Quot.sound]
info: Solution.lean:54:0: 'NLA.NM04.universal_rank_one_update' depends on axioms: [propext, Classical.choice, Quot.sound]
info: Solution.lean:56:0: 'NLA.NM04.universal_bordered_determinant' depends on axioms: [propext, Classical.choice, Quot.sound]
info: Solution.lean:58:0: 'NLA.NM04.minor_lowering_identity' depends on axioms: [propext, Classical.choice, Quot.sound]
info: Solution.lean:60:0: 'NLA.NM04.minor_column_exchange_identity' depends on axioms: [propext, Classical.choice, Quot.sound]
info: Solution.lean:62:0: 'NLA.NM04.minor_row_exchange_identity' depends on axioms: [propext, Classical.choice, Quot.sound]
info: Solution.lean:64:0: 'NLA.NM04.minor_raising_identity' depends on axioms: [propext, Classical.choice, Quot.sound]
info: Solution.lean:66:0: 'NLA.NM04.schur_margin_identities' depends on axioms: [propext, Classical.choice, Quot.sound]
info: Solution.lean:68:0: 'NLA.NM04.schur_bordered_minor' depends on axioms: [propext, Classical.choice, Quot.sound]
info: Solution.lean:70:0: 'NLA.NM04.balanced_minor_relation' depends on axioms: [propext, Classical.choice, Quot.sound]
info: Solution.lean:72:0: 'NLA.NM04.weighted_transition_action' depends on axioms: [propext, Classical.choice, Quot.sound]
info: Solution.lean:74:0: 'NLA.NM04.balanced_null_vector' depends on axioms: [propext, Classical.choice, Quot.sound]
info: Solution.lean:76:0: 'NLA.NM04.diagonal_minor_covariance' depends on axioms: [propext, Classical.choice, Quot.sound]
info: Solution.lean:78:0: 'NLA.NM04.diagonal_pencil_covariance' depends on axioms: [propext, Classical.choice, Quot.sound]
info: Solution.lean:80:0: 'NLA.NM04.sinkhorn_pencil_singular' depends on axioms: [propext, Classical.choice, Quot.sound]
info: Solution.lean:82:0: 'NLA.NM04.rowland_wu_identity' depends on axioms: [propext, Classical.choice, Quot.sound]
Build completed successfully (3667 jobs).
Exporting #[Quot, Quot.mk, Quot.lift, Quot.ind, NLA.NM04.coercivity_half_certificate, NLA.NM04.row_partition_positive, NLA.NM04.potential_continuous, NLA.NM04.potential_line_derivative, NLA.NM04.zero_mean_coercivity, NLA.NM04.potential_attains_minimum, NLA.NM04.potential_minimum_has_margins, NLA.NM04.positive_balanced_scaling_exists, NLA.NM04.positive_balanced_scaling_unique, NLA.NM04.sinkhorn_semantics, NLA.NM04.position_sorted_semantics, NLA.NM04.empty_minor_values, NLA.NM04.H_diagonal, NLA.NM04.H_raising, NLA.NM04.H_lowering, NLA.NM04.H_column_exchange, NLA.NM04.H_row_exchange, NLA.NM04.H_other, NLA.NM04.weighted_principal_minor_expansion, NLA.NM04.cofactor_signed_minor_formula, NLA.NM04.universal_rank_one_update, NLA.NM04.universal_bordered_determinant, NLA.NM04.minor_lowering_identity, NLA.NM04.minor_column_exchange_identity, NLA.NM04.minor_row_exchange_identity, NLA.NM04.minor_raising_identity, NLA.NM04.schur_margin_identities, NLA.NM04.schur_bordered_minor, NLA.NM04.balanced_minor_relation, NLA.NM04.weighted_transition_action, NLA.NM04.balanced_null_vector, NLA.NM04.diagonal_minor_covariance, NLA.NM04.diagonal_pencil_covariance, NLA.NM04.sinkhorn_pencil_singular, NLA.NM04.rowland_wu_identity, propext, Quot.sound, Classical.choice, Nat.add, Nat.sub, Nat.mul, Nat.pow, Nat.gcd, Nat.div, Nat.mod, Nat.beq, Nat.ble, Nat.land, Nat.lor, Nat.xor, Nat.shiftLeft, Nat.shiftRight, String.ofList, Char.ofNat, List, eagerReduce, Nat, String, String.mk, Char, optParam, autoParam, semiOutParam, outParam] from Solution
Running Lean default kernel on solution.
Lean default kernel accepts the solution
Your solution is okay!

EXIT_STATUS=0
