✔ [3639/3651] Built NLA.PF02.Definitions (2.0s)
⚠ [3640/3651] Built Challenge (3.1s)
warning: Challenge.lean:14:8: declaration uses `sorry`
warning: Challenge.lean:21:8: declaration uses `sorry`
warning: Challenge.lean:29:8: declaration uses `sorry`
warning: Challenge.lean:33:8: declaration uses `sorry`
warning: Challenge.lean:40:8: declaration uses `sorry`
warning: Challenge.lean:45:8: declaration uses `sorry`
warning: Challenge.lean:51:8: declaration uses `sorry`
warning: Challenge.lean:56:8: declaration uses `sorry`
warning: Challenge.lean:61:8: declaration uses `sorry`
✔ [3642/3651] Built NLA.PF02.Rank (4.7s)
✔ [3643/3651] Built NLA.PF02.Orbits (4.8s)
ℹ [3644/3651] Built NLA.PF02.Action (5.8s)
info: NLA/PF02/Action.lean:74:0: 'NLA.PF02.changeBasis_preserves_factorization' depends on axioms: [propext, Classical.choice, Quot.sound]
info: NLA/PF02/Action.lean:75:0: 'NLA.PF02.changeBasis_congruent' depends on axioms: [propext, Classical.choice, Quot.sound]
info: NLA/PF02/Action.lean:76:0: 'NLA.PF02.congruent_iff_changeBasis' depends on axioms: [propext, Classical.choice, Quot.sound]
ℹ [3645/3651] Built NLA.PF02.Data (9.4s)
info: NLA/PF02/Data.lean:95:0: 'NLA.PF02.thirty_two_pos' depends on axioms: [propext, Classical.choice, Quot.sound]
info: NLA/PF02/Data.lean:96:0: 'NLA.PF02.explicit_factorizations' depends on axioms: [propext, Classical.choice, Quot.sound]
info: NLA/PF02/Data.lean:97:0: 'NLA.PF02.witness_numeric_data' depends on axioms: [propext, Classical.choice, Quot.sound]
ℹ [3646/3651] Built NLA.PF02.Coordinates (3.2s)
info: NLA/PF02/Coordinates.lean:74:0: 'NLA.PF02.trace_coordinate_identity' depends on axioms: [propext, Classical.choice, Quot.sound]
info: NLA/PF02/Coordinates.lean:75:0: 'NLA.PF02.factorization_coordinate_identity' depends on axioms: [propext, Classical.choice, Quot.sound]
info: NLA/PF02/Coordinates.lean:76:0: 'NLA.PF02.congruence_covariance' depends on axioms: [propext, Classical.choice, Quot.sound]
info: NLA/PF02/Coordinates.lean:77:0: 'NLA.PF02.rowCoordinates_congruence' depends on axioms: [propext, Classical.choice, Quot.sound]
ℹ [3647/3651] Built NLA.PF02.CongruencePolynomial (8.4s)
info: NLA/PF02/CongruencePolynomial.lean:38:0: 'NLA.PF02.congruenceCoordinates_det' depends on axioms: [propext, Classical.choice, Quot.sound]
info: NLA/PF02/CongruencePolynomial.lean:39:0: 'NLA.PF02.orientation_congruent' depends on axioms: [propext, Classical.choice, Quot.sound]
ℹ [3648/3651] Built NLA.PF02.Topology (2.0s)
info: NLA/PF02/Topology.lean:81:0: 'NLA.PF02.orbit_quotient_disconnected' depends on axioms: [propext, Classical.choice, Quot.sound]
ℹ [3649/3651] Built NLA.PF02.Proof (2.5s)
info: NLA/PF02/Proof.lean:80:0: 'NLA.PF02.witness_data' depends on axioms: [propext, Classical.choice, Quot.sound]
info: NLA/PF02/Proof.lean:81:0: 'NLA.PF02.witness_factorizations' depends on axioms: [propext, Classical.choice, Quot.sound]
info: NLA/PF02/Proof.lean:82:0: 'NLA.PF02.witness_minimal_rank' depends on axioms: [propext, Classical.choice, Quot.sound]
info: NLA/PF02/Proof.lean:83:0: 'NLA.PF02.orbit_semantics' depends on axioms: [propext, Classical.choice, Quot.sound]
info: NLA/PF02/Proof.lean:84:0: 'NLA.PF02.orientation_nonvanishing' depends on axioms: [propext, Classical.choice, Quot.sound]
info: NLA/PF02/Proof.lean:85:0: 'NLA.PF02.orientation_preserved' depends on axioms: [propext, Classical.choice, Quot.sound]
info: NLA/PF02/Proof.lean:86:0: 'NLA.PF02.quotient_separation' depends on axioms: [propext, Classical.choice, Quot.sound]
info: NLA/PF02/Proof.lean:87:0: 'NLA.PF02.witness_disconnected' depends on axioms: [propext, Classical.choice, Quot.sound]
info: NLA/PF02/Proof.lean:88:0: 'NLA.PF02.canonical_counterexample' depends on axioms: [propext, Classical.choice, Quot.sound]
✔ [3650/3651] Built Solution (2.4s)
Build completed successfully (3651 jobs).
