$ systemd-run --user --quiet --wait --pipe --collect -p 'RestrictAddressFamilies=~AF_UNIX' --working-directory /home/runner/work/_temp/nla-lean-tools/.verification-tmp/nla-fresh-proof-qvcgll7_/project /usr/bin/env -i PATH=/home/runner/.elan/toolchains/leanprover--lean4---v4.33.1/bin:/home/runner/.elan/bin:/home/runner/go/bin:/opt/hostedtoolcache/go/1.27.1/x64/bin:/snap/bin:/home/runner/.local/bin:/opt/pipx_bin:/home/runner/.cargo/bin:/home/runner/.config/composer/vendor/bin:/usr/local/.ghcup/bin:/home/runner/.dotnet/tools:/usr/local/sbin:/usr/local/bin:/usr/sbin:/usr/bin:/sbin:/bin:/usr/games:/usr/local/games:/snap/bin HOME=/home/runner LANG=C.UTF-8 XDG_RUNTIME_DIR=/run/user/1001 DBUS_SESSION_BUS_ADDRESS=unix:path=/run/user/1001/bus GIT_TERMINAL_PROMPT=0 GIT_CONFIG_NOSYSTEM=1 GIT_CONFIG_GLOBAL=/dev/null COMPARATOR_BIN=/home/runner/work/_temp/nla-lean-tools/.tools/comparator/.lake/build/bin/comparator COMPARATOR_LEAN4EXPORT=/home/runner/work/_temp/nla-lean-tools/.tools/lean4export/.lake/build/bin/lean4export COMPARATOR_LANDRUN=/home/runner/work/_temp/nla-lean-tools/scripts/strict_landrun.py XDG_CACHE_HOME=/home/runner/work/_temp/nla-lean-tools/.tools/cache TMPDIR=/home/runner/work/_temp/nla-lean-tools/.verification-tmp lake env /home/runner/work/_temp/nla-lean-tools/.tools/comparator/.lake/build/bin/comparator comparator.json
Building Challenge
✔ [2384/2386] Built NLA.SP04.Definitions (1.8s)
⚠ [2385/2386] Built Challenge (1.3s)
warning: Challenge.lean:15:8: declaration uses `sorry`
warning: Challenge.lean:23:8: declaration uses `sorry`
warning: Challenge.lean:31:8: declaration uses `sorry`
warning: Challenge.lean:40:8: declaration uses `sorry`
warning: Challenge.lean:45:8: declaration uses `sorry`
warning: Challenge.lean:53:8: declaration uses `sorry`
warning: Challenge.lean:59:8: declaration uses `sorry`
warning: Challenge.lean:64:8: declaration uses `sorry`
warning: Challenge.lean:68:8: declaration uses `sorry`
warning: Challenge.lean:74:8: declaration uses `sorry`
warning: Challenge.lean:79:8: declaration uses `sorry`
Build completed successfully (2386 jobs).
Exporting #[Quot, Quot.mk, Quot.lift, Quot.ind, NLA.SP04.numerical_bounds, NLA.SP04.diagonal_stationary_iff, NLA.SP04.diagonal_counterexample, NLA.SP04.diagonal_finite, NLA.SP04.orthogonal_transport, NLA.SP04.spectral_family, NLA.SP04.regular_svd, NLA.SP04.open_family_counterexamples, NLA.SP04.algebraic_avoidance, NLA.SP04.generic_counterexamples, NLA.SP04.canonical_counterexample, propext, Classical.choice, Quot.sound, Nat.add, Nat.sub, Nat.mul, Nat.pow, Nat.gcd, Nat.div, Nat.mod, Nat.beq, Nat.ble, Nat.land, Nat.lor, Nat.xor, Nat.shiftLeft, Nat.shiftRight, String.ofList, Char.ofNat, List, eagerReduce, Nat, String, String.mk, Char, optParam, autoParam, semiOutParam, outParam] from Challenge
Building Solution
✔ [2785/2818] Built LeanCert.Core.Interval (3.5s)
✔ [2786/2818] Built LeanCert.Core.DerivativeIntervals (3.9s)
✔ [2787/2825] Built LeanCert.Contrib.Sinc (5.6s)
✔ [2788/2825] Built LeanCert.Core.Expr (6.2s)
✔ [2789/2825] Built LeanCert.Core.Dyadic (3.9s)
✔ [2790/2825] Built LeanCert.Core.IntervalRat.Basic (7.2s)
✔ [2791/2825] Built LeanCert.Core.Taylor (6.0s)
✔ [2792/2829] Built LeanCert.Tactic.Verification (4.9s)
✔ [2793/2829] Built LeanCert.Core.IntervalRat.LogReduction (3.9s)
✔ [2794/2829] Built LeanCert.Core.Support (2.9s)
✔ [2795/2829] Built LeanCert.Engine.Eval.Result (2.7s)
✔ [2796/2829] Built LeanCert.Meta.Numeral (3.0s)
✔ [2797/2830] Built LeanCert.Tactic.LeanCert.Bridge.Environment (2.0s)
✔ [2798/2830] Built LeanCert.Core.TrigReduction (2.6s)
✔ [2799/2830] Built LeanCert.Tactic.IntervalAuto.Types (2.8s)
✔ [2800/2830] Built LeanCert.Core.IntervalRat.Transcendental (3.9s)
✔ [2801/2830] Built LeanCert.Tactic.NumericalRefinement (420ms)
✔ [2802/2931] Built LeanCert.Tactic.IntervalAuto.Extract (2.6s)
✔ [2854/2935] Built LeanCert.Meta.ToExpr (5.5s)
✔ [2855/2935] Built LeanCert.Tactic.VecUtil (3.3s)
✔ [2857/2935] Built LeanCert.Tactic.IntervalAuto.Norm (4.1s)
✔ [2858/2935] Built LeanCert.Tactic.FinSumExpand (2.1s)
✔ [2859/2939] Built LeanCert.Tactic.LeanCert.Normalize (3.9s)
✔ [2860/3073] Built LeanCert.Tactic.IntervalAuto.Parse (5.4s)
✔ [2861/3073] Built LeanCert.Tactic.FinsetParse (3.2s)
✔ [2862/3073] Built LeanCert.Tactic.BridgeNative (1.5s)
✔ [3517/3601] Built LeanCert.Tactic.LeanCert.Semantic.Domain (1.2s)
✔ [3518/3604] Built LeanCert.Tactic.IntervalAuto.Diagnostic (2.3s)
✔ [3519/3604] Built LeanCert.Validity.Eventual (2.5s)
✔ [3520/3606] Built LeanCert.Core.IntervalRat.Taylor (14s)
✔ [3521/3608] Built LeanCert.Tactic.LeanCert.Semantic.Goal (1.5s)
✔ [3522/3608] Built LeanCert.Tactic.VecSimp (1.2s)
✔ [3523/3609] Built LeanCert.Core.IntervalReal (1.9s)
✔ [3524/3609] Built LeanCert.Core.IntervalRat.TrigReduced (2.3s)
✔ [3525/3609] Built LeanCert.Tactic.Extension.Protocol (2.2s)
✔ [3526/3609] Built LeanCert.Tactic.LeanCert.Semantic.Parse.Comparison (1.1s)
✔ [3527/3609] Built LeanCert.Tactic.EventualBound (3.7s)
✔ [3528/3611] Built LeanCert.Core.IntervalRealEndpoints (4.2s)
✔ [3529/3612] Built LeanCert.Tactic.LeanCert.Diagnostic.Evidence (3.0s)
✔ [3530/3612] Built LeanCert.Engine.Affine.Basic (5.0s)
✔ [3531/3612] Built LeanCert.Core.IntervalDyadic (6.3s)
✔ [3532/3612] Built LeanCert.Tactic.LeanCert.Semantic.Parse.Bound (2.7s)
✔ [3533/3612] Built LeanCert.Tactic.Extension.Registry (3.1s)
✔ [3534/3617] Built LeanCert.Tactic.LeanCert.Config (1.6s)
✔ [3536/3617] Built LeanCert.Engine.Eval.Core (6.5s)
✔ [3537/3619] Built LeanCert.Core.DyadicCell (4.6s)
✔ [3538/3619] Built LeanCert.Engine.Algebra.QPoly (4.4s)
✔ [3539/3625] Built LeanCert.Engine.Affine.Nonlinear (5.0s)
✔ [3540/3636] Built LeanCert.Core.DyadicFrontier (2.4s)
✔ [3541/3636] Built LeanCert.Engine.FloatEval (2.1s)
✔ [3542/3638] Built LeanCert.Engine.Algebra.QPolyIntegral (2.8s)
✔ [3543/3638] Built LeanCert.Engine.Eval.Extended (3.4s)
✔ [3544/3639] Built LeanCert.Tactic.Extension.Command (2.0s)
✔ [3545/3687] Built NLA.SP04.Orthogonal (2.3s)
✔ [3593/3693] Built NLA.SP04.MatrixStationary (2.9s)
✔ [3596/3693] Built LeanCert.Engine.Bounds.Lemmas (2.6s)
✔ [3597/3693] Built LeanCert.Tactic.Extension (2.1s)
✔ [3598/3693] Built NLA.SP04.Generic (1.9s)
✔ [3599/3693] Built NLA.SP04.SpectralIntervals (2.3s)
✔ [3600/3693] Built LeanCert.Engine.IntervalEval (1.8s)
✔ [3601/3693] Built LeanCert.Validity.Bounds.Checked (2.4s)
✔ [3602/3693] Built NLA.SP04.SVD (3.2s)
✔ [3603/3693] Built LeanCert.Engine.Affine.Transcendental (3.4s)
✔ [3604/3693] Built LeanCert.Validity.Bounds.Core (2.7s)
✔ [3605/3693] Built LeanCert.Engine.IntervalEvalDyadic (5.1s)
✔ [3606/3693] Built LeanCert.Engine.Optimization.Box (2.7s)
✔ [3607/3693] Built LeanCert.Engine.RootFinding.Basic (4.3s)
✔ [3608/3693] Built LeanCert.Engine.AD.Basic (3.0s)
✔ [3609/3693] Built LeanCert.Engine.Integrate (5.3s)
✔ [3610/3693] Built NLA.SP04.Spectrum (3.1s)
✔ [3611/3693] Built LeanCert.Engine.TaylorModel.Core (7.6s)
✔ [3612/3693] Built LeanCert.Validity.DyadicBounds (3.0s)
✔ [3613/3693] Built LeanCert.Engine.IntervalEvalAffine (4.9s)
✔ [3614/3693] Built LeanCert.Engine.FinSumDyadic (4.2s)
✔ [3615/3693] Built LeanCert.Engine.Search.Heuristic (2.8s)
✔ [3616/3693] Built LeanCert.Engine.TaylorModel.Integral (2.9s)
✔ [3617/3693] Built LeanCert.Engine.AD.Transcendental (3.5s)
✔ [3618/3693] Built LeanCert.Engine.RootFinding.Bisection (3.9s)
✔ [3619/3693] Built LeanCert.Engine.TaylorModel.Special (2.2s)
✔ [3620/3693] Built LeanCert.Engine.Affine.Environment (4.9s)
✔ [3621/3693] Built LeanCert.Engine.TaylorModel.ExpLog (6.8s)
✔ [3622/3693] Built LeanCert.Engine.WitnessSum (3.6s)
✔ [3623/3693] Built LeanCert.Engine.TaylorModel.Trig (9.0s)
✔ [3624/3693] Built LeanCert.Engine.AD.Eval (2.4s)
✔ [3625/3693] Built LeanCert.Engine.TaylorModel.Hyperbolic (10s)
✔ [3626/3693] Built LeanCert.Engine.AD.Correctness (2.0s)
✔ [3627/3693] Built LeanCert.Engine.TaylorModel.Functions (1.5s)
✔ [3628/3693] Built LeanCert.Engine.AD.Computable (3.1s)
✔ [3629/3693] Built LeanCert.Engine.TaylorModel.Expr (3.5s)
✔ [3630/3693] Built LeanCert.Engine.AD.PartialCorrectness (4.9s)
✔ [3631/3693] Built LeanCert.Engine.AD.DomainChecked (2.1s)
✔ [3632/3693] Built LeanCert.Engine.TaylorModel (1.7s)
✔ [3633/3693] Built LeanCert.Engine.AD.Dyadic (2.2s)
✔ [3634/3693] Built LeanCert.Engine.AD (1.3s)
✔ [3635/3693] Built LeanCert.Validity.Bounds.Smart (2.6s)
✔ [3636/3693] Built LeanCert.Engine.IntervalEvalRefined (3.4s)
✔ [3637/3693] Built LeanCert.Meta.ProveSupported (3.5s)
✔ [3638/3693] Built LeanCert.Engine.Optimize (4.8s)
✔ [3639/3693] Built LeanCert.Validity.Bounds.Bridge (2.8s)
✔ [3640/3693] Built LeanCert.Meta.ProveContinuous (3.7s)
✔ [3641/3693] Built LeanCert.Tactic.IntervalAuto.ProveCommon (4.6s)
✔ [3642/3693] Built LeanCert.Validity.Bounds.Basic (2.4s)
✔ [3643/3693] Built LeanCert.Engine.Optimization.Gradient (5.0s)
✔ [3644/3693] Built LeanCert.Engine.RootFinding.Newton (4.4s)
✔ [3645/3693] Built LeanCert.Tactic.IntervalAuto.Basic (2.5s)
✔ [3646/3693] Built LeanCert.Tactic.LeanCert.Bridge.ReifiedFunction (2.0s)
✔ [3647/3693] Built LeanCert.Validity.Integration (5.1s)
✔ [3648/3693] Built LeanCert.Engine.RootFinding.MVTBounds (6.1s)
✔ [3649/3693] Built LeanCert.Tactic.LeanCert.Semantic.Prepare (4.7s)
✔ [3650/3693] Built LeanCert.Engine.RootFinding.Krawczyk (6.1s)
✔ [3651/3693] Built LeanCert.Tactic.LeanCert.Integral (8.3s)
✔ [3652/3693] Built LeanCert.Engine.RootFinding.Contraction (6.8s)
✔ [3653/3693] Built LeanCert.Tactic.Extension.Execute (7.5s)
✔ [3654/3693] Built LeanCert.Engine.RootFinding.KrawczykCandidate (2.9s)
✔ [3655/3693] Built LeanCert.Validity.Krawczyk (2.5s)
✔ [3656/3693] Built LeanCert.Tactic.LeanCert.Solver.Protocol (4.6s)
✔ [3657/3693] Built LeanCert.Engine.Optimization.Global (17s)
✔ [3658/3693] Built LeanCert.Engine.RootFinding.Main (2.0s)
✔ [3659/3693] Built LeanCert.Tactic.Enclosure (2.7s)
✔ [3660/3693] Built LeanCert.Tactic.LeanCert.Diagnostic.Render (3.1s)
✔ [3661/3693] Built LeanCert.Validity.Types (2.4s)
✔ [3662/3693] Built LeanCert.Engine.Optimization.Guided (2.4s)
✔ [3663/3693] Built LeanCert.Engine.Search.CounterExample (2.2s)
✔ [3664/3693] Built LeanCert.Engine.Optimization.BoundVerify (2.5s)
✔ [3665/3693] Built LeanCert.Validity.Bounds (3.5s)
✔ [3666/3693] Built LeanCert.Discovery.Find (2.6s)
✔ [3667/3693] Built LeanCert.Tactic.IntervalAuto.OptBound (3.1s)
✔ [3668/3693] Built LeanCert.Tactic.IntervalAuto.Multivariate (4.9s)
✔ [3669/3693] Built LeanCert.Tactic.IntervalAuto.RootBound (2.6s)
✔ [3670/3693] Built LeanCert.Tactic.IntervalAuto.Bound (10s)
✔ [3671/3693] Built LeanCert.Tactic.IntervalAuto.Subdiv (3.9s)
✔ [3672/3693] Built LeanCert.Tactic.IntervalAuto.Adaptive (4.3s)
✔ [3673/3693] Built LeanCert.Tactic.IntervalAuto.PointIneq (6.2s)
✔ [3674/3693] Built LeanCert.Tactic.IntervalAuto (1.6s)
✔ [3675/3693] Built LeanCert.Tactic.Refute (2.9s)
✔ [3676/3693] Built LeanCert.Tactic.FinSumWitness (3.9s)
✔ [3677/3693] Built LeanCert.Tactic.FinSumBound (2.9s)
✔ [3678/3693] Built LeanCert.Tactic.Discovery (8.8s)
✔ [3679/3693] Built LeanCert.Tactic.LeanCert.Semantic.Parse (2.1s)
✔ [3680/3693] Built LeanCert.Tactic.Krawczyk (2.2s)
✔ [3681/3693] Built LeanCert.Tactic.LeanCert.Router (5.2s)
✔ [3682/3693] Built LeanCert.Tactic.LeanCert (1.8s)
✔ [3683/3693] Built LeanCert.Tactic (1.8s)
⚠ [3684/3693] Built NLA.SP04.Certificates (2.2s)
warning: NLA/SP04/Certificates.lean:19:4: `Set.mem_setOf` has been deprecated: Use `Set.mem_ofPred` instead
info: NLA/SP04/Certificates.lean:25:0: 'NLA.SP04.scalar_numerical_bounds' depends on axioms: [propext, Classical.choice, Quot.sound]
✔ [3685/3693] Built NLA.SP04.ScalarRoots (2.7s)
⚠ [3686/3693] Built NLA.SP04.ScalarPositive (5.0s)
warning: NLA/SP04/ScalarPositive.lean:66:5: Variable name `hc` is not explicitly referenced.

Hint: The binding can be removed (if unused) or named `_` (if used implicitly). Alternatively, prefix the name with `_` to silence this warning:
  [apply] _hc

Note: This linter can be disabled with `set_option linter.unusedVariables false`
⚠ [3687/3693] Built NLA.SP04.Scalar (2.7s)
warning: NLA/SP04/Scalar.lean:154:27: try 'simp' instead of 'simpa'

Note: This linter can be disabled with `set_option linter.unnecessarySimpa false`
info: NLA/SP04/Scalar.lean:201:0: 'NLA.SP04.scalar_least_unique' depends on axioms: [propext, Classical.choice, Quot.sound]
info: NLA/SP04/Scalar.lean:202:0: 'NLA.SP04.selected_parameter_exists' depends on axioms: [propext, Classical.choice, Quot.sound]
info: NLA/SP04/Scalar.lean:203:0: 'NLA.SP04.scalar_distance_improves' depends on axioms: [propext, Classical.choice, Quot.sound]
ℹ [3688/3693] Built NLA.SP04.Diagonal (2.1s)
info: NLA/SP04/Diagonal.lean:50:0: 'NLA.SP04.selected_unique_least' depends on axioms: [propext, Classical.choice, Quot.sound]
info: NLA/SP04/Diagonal.lean:51:0: 'NLA.SP04.diagonal_counterexample_full' depends on axioms: [propext, Classical.choice, Quot.sound]
⚠ [3689/3693] Built NLA.SP04.Finiteness (18s)
warning: NLA/SP04/Finiteness.lean:109:22: Used `tac1 <;> tac2` where `(tac1; tac2)` would suffice

Note: This linter can be disabled with `set_option linter.unnecessarySeqFocus false`
info: NLA/SP04/Finiteness.lean:188:0: 'NLA.SP04.stationaryEliminant_at_zero' depends on axioms: [propext, Classical.choice, Quot.sound]
info: NLA/SP04/Finiteness.lean:189:0: 'NLA.SP04.scalar_stationary_eliminant' depends on axioms: [propext, Classical.choice, Quot.sound]
info: NLA/SP04/Finiteness.lean:190:0: 'NLA.SP04.diagonal_stationary_finite' depends on axioms: [propext, Classical.choice, Quot.sound]
ℹ [3690/3693] Built NLA.SP04.Witness (2.0s)
info: NLA/SP04/Witness.lean:97:0: 'NLA.SP04.uniqueLeastStationary_orthogonal_iff' depends on axioms: [propext, Classical.choice, Quot.sound]
info: NLA/SP04/Witness.lean:98:0: 'NLA.SP04.stationaryPairs_orthogonal_eq' depends on axioms: [propext, Classical.choice, Quot.sound]
info: NLA/SP04/Witness.lean:99:0: 'NLA.SP04.stationaryPairs_finite_orthogonal_iff' depends on axioms: [propext, Classical.choice, Quot.sound]
info: NLA/SP04/Witness.lean:100:0: 'NLA.SP04.selectionFails_of_admissible_svd' depends on axioms: [propext, Classical.choice, Quot.sound]
ℹ [3691/3693] Built NLA.SP04.Proof (2.0s)
info: NLA/SP04/Proof.lean:92:0: 'NLA.SP04.numerical_bounds' depends on axioms: [propext, Classical.choice, Quot.sound]
info: NLA/SP04/Proof.lean:94:0: 'NLA.SP04.diagonal_stationary_iff' depends on axioms: [propext, Classical.choice, Quot.sound]
info: NLA/SP04/Proof.lean:96:0: 'NLA.SP04.diagonal_counterexample' depends on axioms: [propext, Classical.choice, Quot.sound]
info: NLA/SP04/Proof.lean:98:0: 'NLA.SP04.diagonal_finite' depends on axioms: [propext, Classical.choice, Quot.sound]
info: NLA/SP04/Proof.lean:100:0: 'NLA.SP04.orthogonal_transport' depends on axioms: [propext, Classical.choice, Quot.sound]
info: NLA/SP04/Proof.lean:102:0: 'NLA.SP04.spectral_family' depends on axioms: [propext, Classical.choice, Quot.sound]
info: NLA/SP04/Proof.lean:104:0: 'NLA.SP04.regular_svd' depends on axioms: [propext, Classical.choice, Quot.sound]
info: NLA/SP04/Proof.lean:106:0: 'NLA.SP04.open_family_counterexamples' depends on axioms: [propext, Classical.choice, Quot.sound]
info: NLA/SP04/Proof.lean:108:0: 'NLA.SP04.algebraic_avoidance' depends on axioms: [propext, Classical.choice, Quot.sound]
info: NLA/SP04/Proof.lean:110:0: 'NLA.SP04.generic_counterexamples' depends on axioms: [propext, Classical.choice, Quot.sound]
info: NLA/SP04/Proof.lean:112:0: 'NLA.SP04.canonical_counterexample' depends on axioms: [propext, Classical.choice, Quot.sound]
✔ [3692/3693] Built Solution (1.8s)
Build completed successfully (3693 jobs).
Exporting #[Quot, Quot.mk, Quot.lift, Quot.ind, NLA.SP04.numerical_bounds, NLA.SP04.diagonal_stationary_iff, NLA.SP04.diagonal_counterexample, NLA.SP04.diagonal_finite, NLA.SP04.orthogonal_transport, NLA.SP04.spectral_family, NLA.SP04.regular_svd, NLA.SP04.open_family_counterexamples, NLA.SP04.algebraic_avoidance, NLA.SP04.generic_counterexamples, NLA.SP04.canonical_counterexample, propext, Classical.choice, Quot.sound, Nat.add, Nat.sub, Nat.mul, Nat.pow, Nat.gcd, Nat.div, Nat.mod, Nat.beq, Nat.ble, Nat.land, Nat.lor, Nat.xor, Nat.shiftLeft, Nat.shiftRight, String.ofList, Char.ofNat, List, eagerReduce, Nat, String, String.mk, Char, optParam, autoParam, semiOutParam, outParam] from Solution
Running Lean default kernel on solution.
Lean default kernel accepts the solution
Your solution is okay!

EXIT_STATUS=0
