{
  "scope": "Independent finite checks only; general written proofs reviewed separately.",
  "ac01_seed": {
    "all_ordered_coefficients": 8000,
    "nonzero_by_degree": {
      "0": 66,
      "1": 450
    },
    "rank": 20,
    "core_gram": "Matrix([[0, 0, 0], [0, 0, 0], [0, 0, 0]])",
    "extra_corruptions_rejected": [
      "scaled main row",
      "wrong head degree"
    ]
  },
  "ac01_tree_anchor": {
    "slack": "0.207598537129028079409070580175",
    "three_cubed_comparisons_pass": true
  },
  "ac04_group": [
    {
      "n": 1,
      "source_group_terms": 16,
      "s": 2,
      "t": 0,
      "constant_terms": 6,
      "nonzero_by_degree": {
        "0": 6
      }
    },
    {
      "n": 2,
      "source_group_terms": 256,
      "s": 4,
      "t": 2,
      "constant_terms": 42,
      "nonzero_by_degree": {
        "2": 6,
        "0": 42,
        "1": 36
      }
    },
    {
      "n": 3,
      "source_group_terms": 4096,
      "s": 8,
      "t": 18,
      "constant_terms": 270,
      "nonzero_by_degree": {
        "3": 96,
        "2": 342,
        "0": 270,
        "1": 702
      }
    },
    {
      "n": 4,
      "source_group_terms": 65536,
      "s": 16,
      "t": 110,
      "constant_terms": 1626,
      "nonzero_by_degree": {
        "3": 5544,
        "2": 10410,
        "0": 1626,
        "1": 9360
      }
    },
    {
      "n": 5,
      "source_group_terms": 1048576,
      "s": 32,
      "t": 570,
      "constant_terms": 9486,
      "nonzero_by_degree": {
        "3": 186000,
        "2": 219870,
        "0": 9486,
        "1": 106470
      }
    }
  ],
  "ac04_wrong_padding_rejected": true,
  "ac04_endpoint_bracket": [
    "389691367400556951923/100000000000000000000",
    "97422841850139237981/25000000000000000000"
  ],
  "elapsed_seconds": 1.062817,
  "all_checks_passed": true
}
